219.94.203.142 - - [16/Sep/2018:18:54:13 +0900] "POST /blog/wp-cron.php?doing_wp_cron=1537091653.5341670513153076171875 HTTP/1.0" 502 226 "-" "WordPress/3.5.1; http://www.nishifuna-seitai.com/blog"
126.233.73.211 - - [16/Sep/2018:18:54:13 +0900] "GET /blog/ HTTP/1.1" 200 26829 "https://search.yahoo.co.jp/" "Mozilla/5.0 (iPhone; CPU iPhone OS 11_4_1 like Mac OS X) AppleWebKit/605.1.15 (KHTML, like Gecko) Mobile/15G77 YJApp-IOS jp.co.yahoo.ipn.appli/4.11.4"
126.233.73.211 - - [16/Sep/2018:18:54:14 +0900] "GET /blog/wp-content/plugins/contact-form-7/includes/css/styles.css?ver=3.3.3 HTTP/1.1" 200 887 "http://www.nishifuna-seitai.com/blog/" "Mozilla/5.0 (iPhone; CPU iPhone OS 11_4_1 like Mac OS X) AppleWebKit/605.1.15 (KHTML, like Gecko) Mobile/15G77 YJApp-IOS jp.co.yahoo.ipn.appli/4.11.4"
126.233.73.211 - - [16/Sep/2018:18:54:14 +0900] "GET /blog/wp-content/plugins/contact-form-7/includes/js/jquery.form.min.js?ver=3.25.0-2013.01.18 HTTP/1.1" 200 15158 "http://www.nishifuna-seitai.com/blog/" "Mozilla/5.0 (iPhone; CPU iPhone OS 11_4_1 like Mac OS X) AppleWebKit/605.1.15 (KHTML, like Gecko) Mobile/15G77 YJApp-IOS jp.co.yahoo.ipn.appli/4.11.4"
126.233.73.211 - - [16/Sep/2018:18:54:14 +0900] "GET /blog/wp-content/themes/twentytwelve/style.css?ver=3.5.1 HTTP/1.1" 200 35292 "http://www.nishifuna-seitai.com/blog/" "Mozilla/5.0 (iPhone; CPU iPhone OS 11_4_1 like Mac OS X) AppleWebKit/605.1.15 (KHTML, like Gecko) Mobile/15G77 YJApp-IOS jp.co.yahoo.ipn.appli/4.11.4"
126.233.73.211 - - [16/Sep/2018:18:54:14 +0900] "GET /blog/wp-content/plugins/contact-form-7/includes/js/scripts.js?ver=3.3.3 HTTP/1.1" 200 6933 "http://www.nishifuna-seitai.com/blog/" "Mozilla/5.0 (iPhone; CPU iPhone OS 11_4_1 like Mac OS X) AppleWebKit/605.1.15 (KHTML, like Gecko) Mobile/15G77 YJApp-IOS jp.co.yahoo.ipn.appli/4.11.4"
126.233.73.211 - - [16/Sep/2018:18:54:14 +0900] "GET /blog/wp-content/uploads/2012/12/h2_index2.png HTTP/1.1" 200 394553 "http://www.nishifuna-seitai.com/blog/" "Mozilla/5.0 (iPhone; CPU iPhone OS 11_4_1 like Mac OS X) AppleWebKit/605.1.15 (KHTML, like Gecko) Mobile/15G77 YJApp-IOS jp.co.yahoo.ipn.appli/4.11.4"
126.233.73.211 - - [16/Sep/2018:18:54:14 +0900] "GET /blog/wp-content/themes/twentytwelve/js/navigation.js?ver=1.0 HTTP/1.1" 200 863 "http://www.nishifuna-seitai.com/blog/" "Mozilla/5.0 (iPhone; CPU iPhone OS 11_4_1 like Mac OS X) AppleWebKit/605.1.15 (KHTML, like Gecko) Mobile/15G77 YJApp-IOS jp.co.yahoo.ipn.appli/4.11.4"
126.233.73.211 - - [16/Sep/2018:18:54:14 +0900] "GET /blog/wp-includes/js/jquery/jquery.js?ver=1.8.3 HTTP/1.1" 200 93658 "http://www.nishifuna-seitai.com/blog/" "Mozilla/5.0 (iPhone; CPU iPhone OS 11_4_1 like Mac OS X) AppleWebKit/605.1.15 (KHTML, like Gecko) Mobile/15G77 YJApp-IOS jp.co.yahoo.ipn.appli/4.11.4"
219.94.203.142 - - [16/Sep/2018:18:57:24 +0900] "POST /blog/wp-cron.php?doing_wp_cron=1537091844.9114511013031005859375 HTTP/1.0" 502 226 "-" "WordPress/3.5.1; http://www.nishifuna-seitai.com/blog"
54.36.149.32 - - [16/Sep/2018:18:57:24 +0900] "GET /blog/%E6%9C%AA%E5%88%86%E9%A1%9E/kiji1292/feed/ HTTP/1.1" 200 1078 "-" "Mozilla/5.0 (compatible; AhrefsBot/5.2; +http://ahrefs.com/robot/)"
219.94.203.142 - - [16/Sep/2018:19:02:16 +0900] "POST /blog/wp-cron.php?doing_wp_cron=1537092136.9468839168548583984375 HTTP/1.0" 502 226 "-" "WordPress/3.5.1; http://www.nishifuna-seitai.com/blog"
153.155.81.108 - - [16/Sep/2018:19:02:16 +0900] "GET /blog/%E6%9C%AA%E5%88%86%E9%A1%9E/kiji1357/ HTTP/1.1" 200 17313 "https://www.google.co.jp/" "Mozilla/5.0 (Linux; Android 6.0.1; ASUS_Z00AD Build/MMB29P) AppleWebKit/537.36 (KHTML, like Gecko) Chrome/68.0.3440.91 Mobile Safari/537.36"
153.155.81.108 - - [16/Sep/2018:19:02:17 +0900] "GET /blog/wp-content/plugins/contact-form-7/includes/css/styles.css?ver=3.3.3 HTTP/1.1" 200 887 "http://www.nishifuna-seitai.com/blog/%E6%9C%AA%E5%88%86%E9%A1%9E/kiji1357/" "Mozilla/5.0 (Linux; Android 6.0.1; ASUS_Z00AD Build/MMB29P) AppleWebKit/537.36 (KHTML, like Gecko) Chrome/68.0.3440.91 Mobile Safari/537.36"
153.155.81.108 - - [16/Sep/2018:19:02:17 +0900] "GET /blog/wp-content/themes/twentytwelve/style.css?ver=3.5.1 HTTP/1.1" 200 35292 "http://www.nishifuna-seitai.com/blog/%E6%9C%AA%E5%88%86%E9%A1%9E/kiji1357/" "Mozilla/5.0 (Linux; Android 6.0.1; ASUS_Z00AD Build/MMB29P) AppleWebKit/537.36 (KHTML, like Gecko) Chrome/68.0.3440.91 Mobile Safari/537.36"
153.155.81.108 - - [16/Sep/2018:19:02:17 +0900] "GET /blog/wp-includes/js/jquery/jquery.js?ver=1.8.3 HTTP/1.1" 200 93658 "http://www.nishifuna-seitai.com/blog/%E6%9C%AA%E5%88%86%E9%A1%9E/kiji1357/" "Mozilla/5.0 (Linux; Android 6.0.1; ASUS_Z00AD Build/MMB29P) AppleWebKit/537.36 (KHTML, like Gecko) Chrome/68.0.3440.91 Mobile Safari/537.36"
153.155.81.108 - - [16/Sep/2018:19:02:18 +0900] "GET /blog/wp-content/plugins/contact-form-7/includes/js/jquery.form.min.js?ver=3.25.0-2013.01.18 HTTP/1.1" 200 15158 "http://www.nishifuna-seitai.com/blog/%E6%9C%AA%E5%88%86%E9%A1%9E/kiji1357/" "Mozilla/5.0 (Linux; Android 6.0.1; ASUS_Z00AD Build/MMB29P) AppleWebKit/537.36 (KHTML, like Gecko) Chrome/68.0.3440.91 Mobile Safari/537.36"
153.155.81.108 - - [16/Sep/2018:19:02:18 +0900] "GET /blog/wp-content/plugins/contact-form-7/includes/js/scripts.js?ver=3.3.3 HTTP/1.1" 200 6933 "http://www.nishifuna-seitai.com/blog/%E6%9C%AA%E5%88%86%E9%A1%9E/kiji1357/" "Mozilla/5.0 (Linux; Android 6.0.1; ASUS_Z00AD Build/MMB29P) AppleWebKit/537.36 (KHTML, like Gecko) Chrome/68.0.3440.91 Mobile Safari/537.36"
153.155.81.108 - - [16/Sep/2018:19:02:18 +0900] "GET /blog/wp-content/themes/twentytwelve/js/navigation.js?ver=1.0 HTTP/1.1" 200 863 "http://www.nishifuna-seitai.com/blog/%E6%9C%AA%E5%88%86%E9%A1%9E/kiji1357/" "Mozilla/5.0 (Linux; Android 6.0.1; ASUS_Z00AD Build/MMB29P) AppleWebKit/537.36 (KHTML, like Gecko) Chrome/68.0.3440.91 Mobile Safari/537.36"
153.155.81.108 - - [16/Sep/2018:19:02:17 +0900] "GET /blog/wp-content/uploads/2012/12/h2_index2.png HTTP/1.1" 200 394553 "http://www.nishifuna-seitai.com/blog/%E6%9C%AA%E5%88%86%E9%A1%9E/kiji1357/" "Mozilla/5.0 (Linux; Android 6.0.1; ASUS_Z00AD Build/MMB29P) AppleWebKit/537.36 (KHTML, like Gecko) Chrome/68.0.3440.91 Mobile Safari/537.36"
153.155.81.108 - - [16/Sep/2018:19:02:17 +0900] "GET /blog/wp-content/uploads/2014/12/IMG_0209.jpg HTTP/1.1" 200 1519328 "http://www.nishifuna-seitai.com/blog/%E6%9C%AA%E5%88%86%E9%A1%9E/kiji1357/" "Mozilla/5.0 (Linux; Android 6.0.1; ASUS_Z00AD Build/MMB29P) AppleWebKit/537.36 (KHTML, like Gecko) Chrome/68.0.3440.91 Mobile Safari/537.36"
153.155.81.108 - - [16/Sep/2018:19:02:41 +0900] "GET /favicon.ico HTTP/1.1" 302 219 "http://www.nishifuna-seitai.com/blog/wp-content/uploads/2014/12/IMG_0209.jpg" "Mozilla/5.0 (Linux; Android 6.0.1; ASUS_Z00AD Build/MMB29P) AppleWebKit/537.36 (KHTML, like Gecko) Chrome/68.0.3440.91 Mobile Safari/537.36"
153.155.81.108 - - [16/Sep/2018:19:02:41 +0900] "GET /sp/ HTTP/1.1" 200 7496 "http://www.nishifuna-seitai.com/blog/wp-content/uploads/2014/12/IMG_0209.jpg" "Mozilla/5.0 (Linux; Android 6.0.1; ASUS_Z00AD Build/MMB29P) AppleWebKit/537.36 (KHTML, like Gecko) Chrome/68.0.3440.91 Mobile Safari/537.36"
219.94.203.142 - - [16/Sep/2018:19:06:51 +0900] "POST /blog/wp-cron.php?doing_wp_cron=1537092411.2377669811248779296875 HTTP/1.0" 502 226 "-" "WordPress/3.5.1; http://www.nishifuna-seitai.com/blog"
54.36.148.235 - - [16/Sep/2018:19:06:50 +0900] "GET /blog/%E6%9C%AA%E5%88%86%E9%A1%9E/kiji1339/feed/ HTTP/1.1" 200 1042 "-" "Mozilla/5.0 (compatible; AhrefsBot/5.2; +http://ahrefs.com/robot/)"
46.229.168.130 - - [16/Sep/2018:19:31:29 +0900] "GET /robots.txt HTTP/1.1" 404 2275 "-" "Mozilla/5.0 (compatible; SemrushBot/2~bl; +http://www.semrush.com/bot.html)"
46.229.168.129 - - [16/Sep/2018:19:31:35 +0900] "GET /sitemap.html HTTP/1.1" 200 10476 "-" "Mozilla/5.0 (compatible; SemrushBot/2~bl; +http://www.semrush.com/bot.html)"
46.229.168.135 - - [16/Sep/2018:19:36:27 +0900] "GET /blog/date/2014/08/page/2/ HTTP/1.1" 200 19053 "-" "Mozilla/5.0 (compatible; SemrushBot/2~bl; +http://www.semrush.com/bot.html)"
219.94.203.142 - - [16/Sep/2018:19:36:28 +0900] "POST /blog/wp-cron.php?doing_wp_cron=1537094188.0718328952789306640625 HTTP/1.0" 502 226 "-" "WordPress/3.5.1; http://www.nishifuna-seitai.com/blog"
46.229.168.141 - - [16/Sep/2018:19:37:12 +0900] "GET /blog/%E6%9C%AA%E5%88%86%E9%A1%9E/kiji1499/ HTTP/1.1" 200 18308 "-" "Mozilla/5.0 (compatible; SemrushBot/2~bl; +http://www.semrush.com/bot.html)"
180.76.15.151 - - [16/Sep/2018:19:39:17 +0900] "GET / HTTP/1.1" 200 16214 "-" "Mozilla/5.0 (compatible; Baiduspider/2.0; +http://www.baidu.com/search/spider.html)"
54.36.148.31 - - [16/Sep/2018:19:39:25 +0900] "GET /treatment/normal/ HTTP/1.1" 200 11375 "-" "Mozilla/5.0 (compatible; AhrefsBot/5.2; +http://ahrefs.com/robot/)"
219.94.203.142 - - [16/Sep/2018:19:56:07 +0900] "POST /blog/wp-cron.php?doing_wp_cron=1537095367.2084970474243164062500 HTTP/1.0" 502 226 "-" "WordPress/3.5.1; http://www.nishifuna-seitai.com/blog"
54.36.148.92 - - [16/Sep/2018:19:56:06 +0900] "GET /blog/tag/%E8%88%B9%E6%A9%8B%E3%80%81%E8%86%9D%E3%80%81%E7%97%9B%E3%81%BF/feed/ HTTP/1.1" 200 4818 "-" "Mozilla/5.0 (compatible; AhrefsBot/5.2; +http://ahrefs.com/robot/)"
219.94.203.142 - - [16/Sep/2018:20:00:05 +0900] "POST /blog/wp-cron.php?doing_wp_cron=1537095604.9419341087341308593750 HTTP/1.0" 502 226 "-" "WordPress/3.5.1; http://www.nishifuna-seitai.com/blog"
54.36.148.100 - - [16/Sep/2018:20:00:04 +0900] "GET /blog/%E6%9C%AA%E5%88%86%E9%A1%9E/kiji1158/ HTTP/1.1" 200 17412 "-" "Mozilla/5.0 (compatible; AhrefsBot/5.2; +http://ahrefs.com/robot/)"
153.155.81.108 - - [16/Sep/2018:20:03:04 +0900] "GET /favicon.ico HTTP/1.1" 302 219 "http://www.nishifuna-seitai.com/blog/%E6%9C%AA%E5%88%86%E9%A1%9E/kiji1357/" "Mozilla/5.0 (Linux; Android 6.0.1; ASUS_Z00AD Build/MMB29P) AppleWebKit/537.36 (KHTML, like Gecko) Chrome/68.0.3440.91 Mobile Safari/537.36"
219.94.203.142 - - [16/Sep/2018:20:03:21 +0900] "POST /blog/wp-cron.php?doing_wp_cron=1537095801.3054831027984619140625 HTTP/1.0" 502 226 "-" "WordPress/3.5.1; http://www.nishifuna-seitai.com/blog"
153.155.81.108 - - [16/Sep/2018:20:03:10 +0900] "GET /blog/%e6%9c%aa%e5%88%86%e9%a1%9e/kiji1360/ HTTP/1.1" 200 17133 "http://www.nishifuna-seitai.com/blog/%E6%9C%AA%E5%88%86%E9%A1%9E/kiji1357/" "Mozilla/5.0 (Linux; Android 6.0.1; ASUS_Z00AD Build/MMB29P) AppleWebKit/537.36 (KHTML, like Gecko) Chrome/68.0.3440.91 Mobile Safari/537.36"
153.155.81.108 - - [16/Sep/2018:20:03:22 +0900] "GET /favicon.ico HTTP/1.1" 302 219 "http://www.nishifuna-seitai.com/blog/%e6%9c%aa%e5%88%86%e9%a1%9e/kiji1360/" "Mozilla/5.0 (Linux; Android 6.0.1; ASUS_Z00AD Build/MMB29P) AppleWebKit/537.36 (KHTML, like Gecko) Chrome/68.0.3440.91 Mobile Safari/537.36"
219.94.203.142 - - [16/Sep/2018:20:06:38 +0900] "POST /blog/wp-cron.php?doing_wp_cron=1537095998.3911170959472656250000 HTTP/1.0" 502 226 "-" "WordPress/3.5.1; http://www.nishifuna-seitai.com/blog"
46.229.168.141 - - [16/Sep/2018:20:06:38 +0900] "GET /blog/%E3%82%B9%E3%82%BF%E3%83%83%E3%83%95%E3%82%88%E3%82%8A/kiji658/ HTTP/1.1" 200 18038 "-" "Mozilla/5.0 (compatible; SemrushBot/2~bl; +http://www.semrush.com/bot.html)"
219.94.203.142 - - [16/Sep/2018:20:11:17 +0900] "POST /blog/wp-cron.php?doing_wp_cron=1537096277.4793519973754882812500 HTTP/1.0" 502 226 "-" "WordPress/3.5.1; http://www.nishifuna-seitai.com/blog"
114.145.154.225 - - [16/Sep/2018:20:11:17 +0900] "GET /blog/%E6%9C%AA%E5%88%86%E9%A1%9E/kiji1357/ HTTP/1.1" 200 17313 "https://www.google.co.jp/" "Mozilla/5.0 (Linux; Android 7.1.1; SH-03J Build/S606D) AppleWebKit/537.36 (KHTML, like Gecko) Chrome/68.0.3440.91 Mobile Safari/537.36"
114.145.154.225 - - [16/Sep/2018:20:11:18 +0900] "GET /blog/wp-content/plugins/contact-form-7/includes/css/styles.css?ver=3.3.3 HTTP/1.1" 200 887 "http://www.nishifuna-seitai.com/blog/%E6%9C%AA%E5%88%86%E9%A1%9E/kiji1357/" "Mozilla/5.0 (Linux; Android 7.1.1; SH-03J Build/S606D) AppleWebKit/537.36 (KHTML, like Gecko) Chrome/68.0.3440.91 Mobile Safari/537.36"
114.145.154.225 - - [16/Sep/2018:20:11:18 +0900] "GET /blog/wp-content/themes/twentytwelve/style.css?ver=3.5.1 HTTP/1.1" 200 35292 "http://www.nishifuna-seitai.com/blog/%E6%9C%AA%E5%88%86%E9%A1%9E/kiji1357/" "Mozilla/5.0 (Linux; Android 7.1.1; SH-03J Build/S606D) AppleWebKit/537.36 (KHTML, like Gecko) Chrome/68.0.3440.91 Mobile Safari/537.36"
114.145.154.225 - - [16/Sep/2018:20:11:18 +0900] "GET /blog/wp-includes/js/jquery/jquery.js?ver=1.8.3 HTTP/1.1" 200 93658 "http://www.nishifuna-seitai.com/blog/%E6%9C%AA%E5%88%86%E9%A1%9E/kiji1357/" "Mozilla/5.0 (Linux; Android 7.1.1; SH-03J Build/S606D) AppleWebKit/537.36 (KHTML, like Gecko) Chrome/68.0.3440.91 Mobile Safari/537.36"
114.145.154.225 - - [16/Sep/2018:20:11:18 +0900] "GET /blog/wp-content/plugins/contact-form-7/includes/js/jquery.form.min.js?ver=3.25.0-2013.01.18 HTTP/1.1" 200 15158 "http://www.nishifuna-seitai.com/blog/%E6%9C%AA%E5%88%86%E9%A1%9E/kiji1357/" "Mozilla/5.0 (Linux; Android 7.1.1; SH-03J Build/S606D) AppleWebKit/537.36 (KHTML, like Gecko) Chrome/68.0.3440.91 Mobile Safari/537.36"
114.145.154.225 - - [16/Sep/2018:20:11:18 +0900] "GET /blog/wp-content/plugins/contact-form-7/includes/js/scripts.js?ver=3.3.3 HTTP/1.1" 200 6933 "http://www.nishifuna-seitai.com/blog/%E6%9C%AA%E5%88%86%E9%A1%9E/kiji1357/" "Mozilla/5.0 (Linux; Android 7.1.1; SH-03J Build/S606D) AppleWebKit/537.36 (KHTML, like Gecko) Chrome/68.0.3440.91 Mobile Safari/537.36"
114.145.154.225 - - [16/Sep/2018:20:11:18 +0900] "GET /blog/wp-content/themes/twentytwelve/js/navigation.js?ver=1.0 HTTP/1.1" 200 863 "http://www.nishifuna-seitai.com/blog/%E6%9C%AA%E5%88%86%E9%A1%9E/kiji1357/" "Mozilla/5.0 (Linux; Android 7.1.1; SH-03J Build/S606D) AppleWebKit/537.36 (KHTML, like Gecko) Chrome/68.0.3440.91 Mobile Safari/537.36"
114.145.154.225 - - [16/Sep/2018:20:11:18 +0900] "GET /blog/wp-content/uploads/2012/12/h2_index2.png HTTP/1.1" 200 394553 "http://www.nishifuna-seitai.com/blog/%E6%9C%AA%E5%88%86%E9%A1%9E/kiji1357/" "Mozilla/5.0 (Linux; Android 7.1.1; SH-03J Build/S606D) AppleWebKit/537.36 (KHTML, like Gecko) Chrome/68.0.3440.91 Mobile Safari/537.36"
114.145.154.225 - - [16/Sep/2018:20:11:18 +0900] "GET /blog/wp-content/uploads/2014/12/IMG_0209.jpg HTTP/1.1" 200 1519328 "http://www.nishifuna-seitai.com/blog/%E6%9C%AA%E5%88%86%E9%A1%9E/kiji1357/" "Mozilla/5.0 (Linux; Android 7.1.1; SH-03J Build/S606D) AppleWebKit/537.36 (KHTML, like Gecko) Chrome/68.0.3440.91 Mobile Safari/537.36"
114.145.154.225 - - [16/Sep/2018:20:11:19 +0900] "GET /favicon.ico HTTP/1.1" 302 219 "http://www.nishifuna-seitai.com/blog/%E6%9C%AA%E5%88%86%E9%A1%9E/kiji1357/" "Mozilla/5.0 (Linux; Android 7.1.1; SH-03J Build/S606D) AppleWebKit/537.36 (KHTML, like Gecko) Chrome/68.0.3440.91 Mobile Safari/537.36"
114.145.154.225 - - [16/Sep/2018:20:11:19 +0900] "GET /sp/ HTTP/1.1" 200 7496 "http://www.nishifuna-seitai.com/blog/%E6%9C%AA%E5%88%86%E9%A1%9E/kiji1357/" "Mozilla/5.0 (Linux; Android 7.1.1; SH-03J Build/S606D) AppleWebKit/537.36 (KHTML, like Gecko) Chrome/68.0.3440.91 Mobile Safari/537.36"
114.145.154.225 - - [16/Sep/2018:20:11:29 +0900] "GET /blog/%e6%9c%aa%e5%88%86%e9%a1%9e/kiji1360/ HTTP/1.1" 200 17133 "http://www.nishifuna-seitai.com/blog/%E6%9C%AA%E5%88%86%E9%A1%9E/kiji1357/" "Mozilla/5.0 (Linux; Android 7.1.1; SH-03J Build/S606D) AppleWebKit/537.36 (KHTML, like Gecko) Chrome/68.0.3440.91 Mobile Safari/537.36"
114.145.154.225 - - [16/Sep/2018:20:11:29 +0900] "GET /favicon.ico HTTP/1.1" 302 219 "http://www.nishifuna-seitai.com/blog/%e6%9c%aa%e5%88%86%e9%a1%9e/kiji1360/" "Mozilla/5.0 (Linux; Android 7.1.1; SH-03J Build/S606D) AppleWebKit/537.36 (KHTML, like Gecko) Chrome/68.0.3440.91 Mobile Safari/537.36"
114.145.154.225 - - [16/Sep/2018:20:11:37 +0900] "GET /blog/%e6%9c%aa%e5%88%86%e9%a1%9e/kiji1361/ HTTP/1.1" 200 17262 "http://www.nishifuna-seitai.com/blog/%e6%9c%aa%e5%88%86%e9%a1%9e/kiji1360/" "Mozilla/5.0 (Linux; Android 7.1.1; SH-03J Build/S606D) AppleWebKit/537.36 (KHTML, like Gecko) Chrome/68.0.3440.91 Mobile Safari/537.36"
114.145.154.225 - - [16/Sep/2018:20:11:38 +0900] "GET /favicon.ico HTTP/1.1" 302 219 "http://www.nishifuna-seitai.com/blog/%e6%9c%aa%e5%88%86%e9%a1%9e/kiji1361/" "Mozilla/5.0 (Linux; Android 7.1.1; SH-03J Build/S606D) AppleWebKit/537.36 (KHTML, like Gecko) Chrome/68.0.3440.91 Mobile Safari/537.36"
114.145.154.225 - - [16/Sep/2018:20:11:49 +0900] "GET /blog/%e6%9c%aa%e5%88%86%e9%a1%9e/kiji1365/ HTTP/1.1" 200 17165 "http://www.nishifuna-seitai.com/blog/%e6%9c%aa%e5%88%86%e9%a1%9e/kiji1361/" "Mozilla/5.0 (Linux; Android 7.1.1; SH-03J Build/S606D) AppleWebKit/537.36 (KHTML, like Gecko) Chrome/68.0.3440.91 Mobile Safari/537.36"
114.145.154.225 - - [16/Sep/2018:20:11:50 +0900] "GET /favicon.ico HTTP/1.1" 302 219 "http://www.nishifuna-seitai.com/blog/%e6%9c%aa%e5%88%86%e9%a1%9e/kiji1365/" "Mozilla/5.0 (Linux; Android 7.1.1; SH-03J Build/S606D) AppleWebKit/537.36 (KHTML, like Gecko) Chrome/68.0.3440.91 Mobile Safari/537.36"
114.145.154.225 - - [16/Sep/2018:20:12:06 +0900] "GET /favicon.ico HTTP/1.1" 302 219 "http://www.nishifuna-seitai.com/blog/%e6%9c%aa%e5%88%86%e9%a1%9e/kiji1361/" "Mozilla/5.0 (Linux; Android 7.1.1; SH-03J Build/S606D) AppleWebKit/537.36 (KHTML, like Gecko) Chrome/68.0.3440.91 Mobile Safari/537.36"
114.145.154.225 - - [16/Sep/2018:20:12:07 +0900] "GET /favicon.ico HTTP/1.1" 302 219 "http://www.nishifuna-seitai.com/blog/%e6%9c%aa%e5%88%86%e9%a1%9e/kiji1360/" "Mozilla/5.0 (Linux; Android 7.1.1; SH-03J Build/S606D) AppleWebKit/537.36 (KHTML, like Gecko) Chrome/68.0.3440.91 Mobile Safari/537.36"
114.145.154.225 - - [16/Sep/2018:20:12:07 +0900] "GET /favicon.ico HTTP/1.1" 302 219 "http://www.nishifuna-seitai.com/blog/%E6%9C%AA%E5%88%86%E9%A1%9E/kiji1357/" "Mozilla/5.0 (Linux; Android 7.1.1; SH-03J Build/S606D) AppleWebKit/537.36 (KHTML, like Gecko) Chrome/68.0.3440.91 Mobile Safari/537.36"
54.36.148.147 - - [16/Sep/2018:20:13:46 +0900] "GET /blog/wp-content/uploads/2014/12/IMG_1018.jpg HTTP/1.1" 200 657369 "-" "Mozilla/5.0 (compatible; AhrefsBot/5.2; +http://ahrefs.com/robot/)"
219.94.203.142 - - [16/Sep/2018:20:23:58 +0900] "POST /blog/wp-cron.php?doing_wp_cron=1537097038.8801898956298828125000 HTTP/1.0" 502 226 "-" "WordPress/3.5.1; http://www.nishifuna-seitai.com/blog"
54.36.148.209 - - [16/Sep/2018:20:23:58 +0900] "GET /blog/%E6%9C%AA%E5%88%86%E9%A1%9E/kiji1712/feed/ HTTP/1.1" 200 1033 "-" "Mozilla/5.0 (compatible; AhrefsBot/5.2; +http://ahrefs.com/robot/)"
153.155.81.108 - - [16/Sep/2018:20:34:45 +0900] "GET /favicon.ico HTTP/1.1" 302 219 "http://www.nishifuna-seitai.com/blog/%e6%9c%aa%e5%88%86%e9%a1%9e/kiji1360/" "Mozilla/5.0 (Linux; Android 6.0.1; ASUS_Z00AD Build/MMB29P) AppleWebKit/537.36 (KHTML, like Gecko) Chrome/68.0.3440.91 Mobile Safari/537.36"
46.229.168.137 - - [16/Sep/2018:20:40:23 +0900] "GET /robots.txt HTTP/1.1" 404 2275 "-" "Mozilla/5.0 (compatible; SemrushBot/2~bl; +http://www.semrush.com/bot.html)"
46.229.168.148 - - [16/Sep/2018:20:40:26 +0900] "GET /treatment/bowleg&knock_knee/ HTTP/1.1" 200 11260 "-" "Mozilla/5.0 (compatible; SemrushBot/2~bl; +http://www.semrush.com/bot.html)"
216.244.66.226 - - [16/Sep/2018:20:51:50 +0900] "GET /robots.txt HTTP/1.1" 404 2275 "-" "Mozilla/5.0 (compatible; DotBot/1.1; http://www.opensiteexplorer.org/dotbot, help@moz.com)"
219.94.203.142 - - [16/Sep/2018:20:58:47 +0900] "POST /blog/wp-cron.php?doing_wp_cron=1537099127.1125349998474121093750 HTTP/1.0" 502 226 "-" "WordPress/3.5.1; http://www.nishifuna-seitai.com/blog"
46.229.168.140 - - [16/Sep/2018:20:58:46 +0900] "GET /blog/%E6%9C%AA%E5%88%86%E9%A1%9E/kiji1179/ HTTP/1.1" 200 17267 "-" "Mozilla/5.0 (compatible; SemrushBot/2~bl; +http://www.semrush.com/bot.html)"
54.36.148.10 - - [16/Sep/2018:21:00:24 +0900] "GET /blog/page/42/ HTTP/1.1" 200 26401 "-" "Mozilla/5.0 (compatible; AhrefsBot/5.2; +http://ahrefs.com/robot/)"
219.94.203.142 - - [16/Sep/2018:21:02:46 +0900] "POST /blog/wp-cron.php?doing_wp_cron=1537099366.1565160751342773437500 HTTP/1.0" 502 226 "-" "WordPress/3.5.1; http://www.nishifuna-seitai.com/blog"
46.229.168.129 - - [16/Sep/2018:21:02:45 +0900] "GET /blog/date/2014/10/page/2/ HTTP/1.1" 200 23655 "-" "Mozilla/5.0 (compatible; SemrushBot/2~bl; +http://www.semrush.com/bot.html)"
46.229.168.136 - - [16/Sep/2018:21:03:36 +0900] "GET /blog/date/2013/04/ HTTP/1.1" 200 26997 "-" "Mozilla/5.0 (compatible; SemrushBot/2~bl; +http://www.semrush.com/bot.html)"
219.94.203.142 - - [16/Sep/2018:21:06:17 +0900] "POST /blog/wp-cron.php?doing_wp_cron=1537099577.3422989845275878906250 HTTP/1.0" 502 226 "-" "WordPress/3.5.1; http://www.nishifuna-seitai.com/blog"
1.75.244.101 - - [16/Sep/2018:21:06:17 +0900] "GET /blog/%E6%9C%AA%E5%88%86%E9%A1%9E/kiji1357/ HTTP/1.1" 200 17313 "https://www.google.co.jp/" "Mozilla/5.0 (Linux; Android 7.0; SO-02H Build/32.3.E.0.148) AppleWebKit/537.36 (KHTML, like Gecko) Chrome/68.0.3440.91 Mobile Safari/537.36"
1.75.244.101 - - [16/Sep/2018:21:06:17 +0900] "GET /blog/wp-content/plugins/contact-form-7/includes/css/styles.css?ver=3.3.3 HTTP/1.1" 200 887 "http://www.nishifuna-seitai.com/blog/%E6%9C%AA%E5%88%86%E9%A1%9E/kiji1357/" "Mozilla/5.0 (Linux; Android 7.0; SO-02H Build/32.3.E.0.148) AppleWebKit/537.36 (KHTML, like Gecko) Chrome/68.0.3440.91 Mobile Safari/537.36"
1.75.244.101 - - [16/Sep/2018:21:06:17 +0900] "GET /blog/wp-content/themes/twentytwelve/style.css?ver=3.5.1 HTTP/1.1" 200 35292 "http://www.nishifuna-seitai.com/blog/%E6%9C%AA%E5%88%86%E9%A1%9E/kiji1357/" "Mozilla/5.0 (Linux; Android 7.0; SO-02H Build/32.3.E.0.148) AppleWebKit/537.36 (KHTML, like Gecko) Chrome/68.0.3440.91 Mobile Safari/537.36"
1.75.244.101 - - [16/Sep/2018:21:06:17 +0900] "GET /blog/wp-includes/js/jquery/jquery.js?ver=1.8.3 HTTP/1.1" 200 93658 "http://www.nishifuna-seitai.com/blog/%E6%9C%AA%E5%88%86%E9%A1%9E/kiji1357/" "Mozilla/5.0 (Linux; Android 7.0; SO-02H Build/32.3.E.0.148) AppleWebKit/537.36 (KHTML, like Gecko) Chrome/68.0.3440.91 Mobile Safari/537.36"
1.75.244.101 - - [16/Sep/2018:21:06:17 +0900] "GET /blog/wp-content/uploads/2012/12/h2_index2.png HTTP/1.1" 200 394553 "http://www.nishifuna-seitai.com/blog/%E6%9C%AA%E5%88%86%E9%A1%9E/kiji1357/" "Mozilla/5.0 (Linux; Android 7.0; SO-02H Build/32.3.E.0.148) AppleWebKit/537.36 (KHTML, like Gecko) Chrome/68.0.3440.91 Mobile Safari/537.36"
1.75.244.101 - - [16/Sep/2018:21:06:17 +0900] "GET /blog/wp-content/uploads/2014/12/IMG_0209.jpg HTTP/1.1" 200 1519328 "http://www.nishifuna-seitai.com/blog/%E6%9C%AA%E5%88%86%E9%A1%9E/kiji1357/" "Mozilla/5.0 (Linux; Android 7.0; SO-02H Build/32.3.E.0.148) AppleWebKit/537.36 (KHTML, like Gecko) Chrome/68.0.3440.91 Mobile Safari/537.36"
1.75.244.101 - - [16/Sep/2018:21:06:18 +0900] "GET /blog/wp-content/plugins/contact-form-7/includes/js/jquery.form.min.js?ver=3.25.0-2013.01.18 HTTP/1.1" 200 15158 "http://www.nishifuna-seitai.com/blog/%E6%9C%AA%E5%88%86%E9%A1%9E/kiji1357/" "Mozilla/5.0 (Linux; Android 7.0; SO-02H Build/32.3.E.0.148) AppleWebKit/537.36 (KHTML, like Gecko) Chrome/68.0.3440.91 Mobile Safari/537.36"
1.75.244.101 - - [16/Sep/2018:21:06:18 +0900] "GET /blog/wp-content/plugins/contact-form-7/includes/js/scripts.js?ver=3.3.3 HTTP/1.1" 200 6933 "http://www.nishifuna-seitai.com/blog/%E6%9C%AA%E5%88%86%E9%A1%9E/kiji1357/" "Mozilla/5.0 (Linux; Android 7.0; SO-02H Build/32.3.E.0.148) AppleWebKit/537.36 (KHTML, like Gecko) Chrome/68.0.3440.91 Mobile Safari/537.36"
1.75.244.101 - - [16/Sep/2018:21:06:18 +0900] "GET /blog/wp-content/themes/twentytwelve/js/navigation.js?ver=1.0 HTTP/1.1" 200 863 "http://www.nishifuna-seitai.com/blog/%E6%9C%AA%E5%88%86%E9%A1%9E/kiji1357/" "Mozilla/5.0 (Linux; Android 7.0; SO-02H Build/32.3.E.0.148) AppleWebKit/537.36 (KHTML, like Gecko) Chrome/68.0.3440.91 Mobile Safari/537.36"
1.75.244.101 - - [16/Sep/2018:21:06:18 +0900] "GET /favicon.ico HTTP/1.1" 302 219 "http://www.nishifuna-seitai.com/blog/%E6%9C%AA%E5%88%86%E9%A1%9E/kiji1357/" "Mozilla/5.0 (Linux; Android 7.0; SO-02H Build/32.3.E.0.148) AppleWebKit/537.36 (KHTML, like Gecko) Chrome/68.0.3440.91 Mobile Safari/537.36"
1.75.244.101 - - [16/Sep/2018:21:06:18 +0900] "GET /sp/ HTTP/1.1" 200 7496 "http://www.nishifuna-seitai.com/blog/%E6%9C%AA%E5%88%86%E9%A1%9E/kiji1357/" "Mozilla/5.0 (Linux; Android 7.0; SO-02H Build/32.3.E.0.148) AppleWebKit/537.36 (KHTML, like Gecko) Chrome/68.0.3440.91 Mobile Safari/537.36"
46.229.168.136 - - [16/Sep/2018:21:06:35 +0900] "GET /blog/date/2013/10/page/2/ HTTP/1.1" 200 16511 "-" "Mozilla/5.0 (compatible; SemrushBot/2~bl; +http://www.semrush.com/bot.html)"
219.94.203.142 - - [16/Sep/2018:21:09:33 +0900] "POST /blog/wp-cron.php?doing_wp_cron=1537099773.6419539451599121093750 HTTP/1.0" 502 226 "-" "WordPress/3.5.1; http://www.nishifuna-seitai.com/blog"
46.229.168.149 - - [16/Sep/2018:21:09:33 +0900] "GET /blog/%E6%9C%AA%E5%88%86%E9%A1%9E/kiji1228/ HTTP/1.1" 200 17187 "-" "Mozilla/5.0 (compatible; SemrushBot/2~bl; +http://www.semrush.com/bot.html)"
141.8.183.33 - - [16/Sep/2018:21:18:40 +0900] "GET /robots.txt HTTP/1.1" 404 2275 "-" "Mozilla/5.0 (compatible; YandexBot/3.0; +http://yandex.com/bots)"
141.8.183.33 - - [16/Sep/2018:21:18:44 +0900] "GET / HTTP/1.1" 200 16214 "-" "Mozilla/5.0 (compatible; YandexBot/3.0; +http://yandex.com/bots)"
219.94.203.142 - - [16/Sep/2018:21:19:40 +0900] "POST /blog/wp-cron.php?doing_wp_cron=1537100380.4211590290069580078125 HTTP/1.0" 502 226 "-" "WordPress/3.5.1; http://www.nishifuna-seitai.com/blog"
54.36.148.37 - - [16/Sep/2018:21:19:39 +0900] "GET /blog/%E6%9C%AA%E5%88%86%E9%A1%9E/kiji1164/feed/ HTTP/1.1" 200 1039 "-" "Mozilla/5.0 (compatible; AhrefsBot/5.2; +http://ahrefs.com/robot/)"
5.9.156.121 - - [16/Sep/2018:21:37:15 +0900] "GET /robots.txt HTTP/1.1" 404 2275 "-" "Mozilla/5.0 (compatible; MJ12bot/v1.4.8; http://mj12bot.com/)"
5.9.156.121 - - [16/Sep/2018:21:37:17 +0900] "GET / HTTP/1.1" 200 16214 "-" "Mozilla/5.0 (compatible; MJ12bot/v1.4.8; http://mj12bot.com/)"
219.94.203.142 - - [16/Sep/2018:21:50:17 +0900] "POST /blog/wp-cron.php?doing_wp_cron=1537102217.7245650291442871093750 HTTP/1.0" 502 226 "-" "WordPress/3.5.1; http://www.nishifuna-seitai.com/blog"
54.36.149.70 - - [16/Sep/2018:21:50:17 +0900] "GET /blog/%E6%9C%AA%E5%88%86%E9%A1%9E/kiji1321/ HTTP/1.1" 200 17121 "-" "Mozilla/5.0 (compatible; AhrefsBot/5.2; +http://ahrefs.com/robot/)"
46.229.168.136 - - [16/Sep/2018:21:51:50 +0900] "GET /robots.txt HTTP/1.1" 404 2275 "-" "Mozilla/5.0 (compatible; SemrushBot/2~bl; +http://www.semrush.com/bot.html)"
219.94.203.142 - - [16/Sep/2018:21:51:50 +0900] "POST /blog/wp-cron.php?doing_wp_cron=1537102310.9091370105743408203125 HTTP/1.0" 502 226 "-" "WordPress/3.5.1; http://www.nishifuna-seitai.com/blog"
46.229.168.130 - - [16/Sep/2018:21:51:50 +0900] "GET /blog/%E6%9C%AA%E5%88%86%E9%A1%9E/kiji1231/ HTTP/1.1" 200 17141 "-" "Mozilla/5.0 (compatible; SemrushBot/2~bl; +http://www.semrush.com/bot.html)"
219.94.203.142 - - [16/Sep/2018:21:54:53 +0900] "POST /blog/wp-cron.php?doing_wp_cron=1537102493.2638950347900390625000 HTTP/1.0" 502 226 "-" "WordPress/3.5.1; http://www.nishifuna-seitai.com/blog"
60.140.215.33 - - [16/Sep/2018:21:54:53 +0900] "GET /blog/wp-content/plugins/contact-form-7/includes/css/styles.css?ver=3.3.3 HTTP/1.1" 200 887 "http://www.nishifuna-seitai.com/blog/%E6%9C%AA%E5%88%86%E9%A1%9E/kiji1357/" "Mozilla/5.0 (Linux; Android 7.1.1; 602SO Build/41.2.D.0.249) AppleWebKit/537.36 (KHTML, like Gecko) Chrome/68.0.3440.91 Mobile Safari/537.36"
60.140.215.33 - - [16/Sep/2018:21:54:53 +0900] "GET /blog/wp-content/themes/twentytwelve/style.css?ver=3.5.1 HTTP/1.1" 200 35292 "http://www.nishifuna-seitai.com/blog/%E6%9C%AA%E5%88%86%E9%A1%9E/kiji1357/" "Mozilla/5.0 (Linux; Android 7.1.1; 602SO Build/41.2.D.0.249) AppleWebKit/537.36 (KHTML, like Gecko) Chrome/68.0.3440.91 Mobile Safari/537.36"
60.140.215.33 - - [16/Sep/2018:21:54:53 +0900] "GET /blog/wp-content/uploads/2012/12/h2_index2.png HTTP/1.1" 200 394553 "http://www.nishifuna-seitai.com/blog/%E6%9C%AA%E5%88%86%E9%A1%9E/kiji1357/" "Mozilla/5.0 (Linux; Android 7.1.1; 602SO Build/41.2.D.0.249) AppleWebKit/537.36 (KHTML, like Gecko) Chrome/68.0.3440.91 Mobile Safari/537.36"
60.140.215.33 - - [16/Sep/2018:21:54:52 +0900] "GET /blog/%E6%9C%AA%E5%88%86%E9%A1%9E/kiji1357/ HTTP/1.1" 200 17313 "http://www.google.com/" "Mozilla/5.0 (Linux; Android 7.1.1; 602SO Build/41.2.D.0.249) AppleWebKit/537.36 (KHTML, like Gecko) Chrome/68.0.3440.91 Mobile Safari/537.36"
60.140.215.33 - - [16/Sep/2018:21:54:53 +0900] "GET /blog/wp-content/plugins/contact-form-7/includes/js/jquery.form.min.js?ver=3.25.0-2013.01.18 HTTP/1.1" 200 15158 "http://www.nishifuna-seitai.com/blog/%E6%9C%AA%E5%88%86%E9%A1%9E/kiji1357/" "Mozilla/5.0 (Linux; Android 7.1.1; 602SO Build/41.2.D.0.249) AppleWebKit/537.36 (KHTML, like Gecko) Chrome/68.0.3440.91 Mobile Safari/537.36"
60.140.215.33 - - [16/Sep/2018:21:54:53 +0900] "GET /blog/wp-content/uploads/2014/12/IMG_0209.jpg HTTP/1.1" 200 1519328 "http://www.nishifuna-seitai.com/blog/%E6%9C%AA%E5%88%86%E9%A1%9E/kiji1357/" "Mozilla/5.0 (Linux; Android 7.1.1; 602SO Build/41.2.D.0.249) AppleWebKit/537.36 (KHTML, like Gecko) Chrome/68.0.3440.91 Mobile Safari/537.36"
60.140.215.33 - - [16/Sep/2018:21:54:54 +0900] "GET /blog/wp-content/plugins/contact-form-7/includes/js/scripts.js?ver=3.3.3 HTTP/1.1" 200 6933 "http://www.nishifuna-seitai.com/blog/%E6%9C%AA%E5%88%86%E9%A1%9E/kiji1357/" "Mozilla/5.0 (Linux; Android 7.1.1; 602SO Build/41.2.D.0.249) AppleWebKit/537.36 (KHTML, like Gecko) Chrome/68.0.3440.91 Mobile Safari/537.36"
60.140.215.33 - - [16/Sep/2018:21:54:54 +0900] "GET /blog/wp-content/themes/twentytwelve/js/navigation.js?ver=1.0 HTTP/1.1" 200 863 "http://www.nishifuna-seitai.com/blog/%E6%9C%AA%E5%88%86%E9%A1%9E/kiji1357/" "Mozilla/5.0 (Linux; Android 7.1.1; 602SO Build/41.2.D.0.249) AppleWebKit/537.36 (KHTML, like Gecko) Chrome/68.0.3440.91 Mobile Safari/537.36"
60.140.215.33 - - [16/Sep/2018:21:54:53 +0900] "GET /blog/wp-includes/js/jquery/jquery.js?ver=1.8.3 HTTP/1.1" 200 93658 "http://www.nishifuna-seitai.com/blog/%E6%9C%AA%E5%88%86%E9%A1%9E/kiji1357/" "Mozilla/5.0 (Linux; Android 7.1.1; 602SO Build/41.2.D.0.249) AppleWebKit/537.36 (KHTML, like Gecko) Chrome/68.0.3440.91 Mobile Safari/537.36"
60.140.215.33 - - [16/Sep/2018:21:54:54 +0900] "GET /favicon.ico HTTP/1.1" 302 219 "http://www.nishifuna-seitai.com/blog/%E6%9C%AA%E5%88%86%E9%A1%9E/kiji1357/" "Mozilla/5.0 (Linux; Android 7.1.1; 602SO Build/41.2.D.0.249) AppleWebKit/537.36 (KHTML, like Gecko) Chrome/68.0.3440.91 Mobile Safari/537.36"
60.140.215.33 - - [16/Sep/2018:21:54:54 +0900] "GET /sp/ HTTP/1.1" 200 7496 "http://www.nishifuna-seitai.com/blog/%E6%9C%AA%E5%88%86%E9%A1%9E/kiji1357/" "Mozilla/5.0 (Linux; Android 7.1.1; 602SO Build/41.2.D.0.249) AppleWebKit/537.36 (KHTML, like Gecko) Chrome/68.0.3440.91 Mobile Safari/537.36"
219.94.203.142 - - [16/Sep/2018:22:06:47 +0900] "POST /blog/wp-cron.php?doing_wp_cron=1537103207.8627710342407226562500 HTTP/1.0" 502 226 "-" "WordPress/3.5.1; http://www.nishifuna-seitai.com/blog"
207.46.13.61 - - [16/Sep/2018:22:06:47 +0900] "GET /blog/%e6%9c%aa%e5%88%86%e9%a1%9e/kiji1349/ HTTP/1.1" 200 17476 "-" "Mozilla/5.0 (compatible; bingbot/2.0; +http://www.bing.com/bingbot.htm)"
13.66.139.1 - - [16/Sep/2018:22:29:27 +0900] "GET /robots.txt HTTP/1.1" 404 2275 "-" "Mozilla/5.0 (compatible; bingbot/2.0; +http://www.bing.com/bingbot.htm)"
219.94.203.142 - - [16/Sep/2018:22:29:32 +0900] "POST /blog/wp-cron.php?doing_wp_cron=1537104571.7208290100097656250000 HTTP/1.0" 502 226 "-" "WordPress/3.5.1; http://www.nishifuna-seitai.com/blog"
13.66.139.0 - - [16/Sep/2018:22:29:31 +0900] "GET /blog/%e6%9c%aa%e5%88%86%e9%a1%9e/kiji1977/ HTTP/1.1" 200 17393 "-" "Mozilla/5.0 (compatible; bingbot/2.0; +http://www.bing.com/bingbot.htm)"
46.229.168.147 - - [16/Sep/2018:22:42:07 +0900] "GET /treatment/ HTTP/1.1" 200 9157 "-" "Mozilla/5.0 (compatible; SemrushBot/2~bl; +http://www.semrush.com/bot.html)"
219.94.203.142 - - [16/Sep/2018:23:00:54 +0900] "POST /blog/wp-cron.php?doing_wp_cron=1537106454.5470669269561767578125 HTTP/1.0" 502 226 "-" "WordPress/3.5.1; http://www.nishifuna-seitai.com/blog"
54.36.148.209 - - [16/Sep/2018:23:00:54 +0900] "GET /blog/%E6%9C%AA%E5%88%86%E9%A1%9E/kiji1156/feed/ HTTP/1.1" 200 1051 "-" "Mozilla/5.0 (compatible; AhrefsBot/5.2; +http://ahrefs.com/robot/)"
46.229.168.148 - - [16/Sep/2018:23:06:31 +0900] "GET /robots.txt HTTP/1.1" 404 2275 "-" "Mozilla/5.0 (compatible; SemrushBot/2~bl; +http://www.semrush.com/bot.html)"
219.94.203.142 - - [16/Sep/2018:23:07:15 +0900] "POST /blog/wp-cron.php?doing_wp_cron=1537106835.7666320800781250000000 HTTP/1.0" 502 226 "-" "WordPress/3.5.1; http://www.nishifuna-seitai.com/blog"
46.229.168.129 - - [16/Sep/2018:23:07:15 +0900] "GET /blog/%E6%9C%AA%E5%88%86%E9%A1%9E/kiji1261/ HTTP/1.1" 200 16878 "-" "Mozilla/5.0 (compatible; SemrushBot/2~bl; +http://www.semrush.com/bot.html)"
42.236.103.106 - - [16/Sep/2018:23:07:25 +0900] "GET / HTTP/1.1" 200 16214 "http://www.nishifuna-seitai.com/" "Mozilla/5.0 (Windows NT 6.1; WOW64) AppleWebKit/537.36 (KHTML, like Gecko) Chrome/50.0.2661.102 Safari/537.36; 360Spider"
42.236.103.106 - - [16/Sep/2018:23:07:28 +0900] "GET / HTTP/1.1" 301 240 "http://nishifuna-seitai.com/" "Mozilla/5.0 (Windows NT 6.1; WOW64) AppleWebKit/537.36 (KHTML, like Gecko) Chrome/50.0.2661.102 Safari/537.36; 360Spider"
42.236.103.106 - - [16/Sep/2018:23:07:29 +0900] "GET / HTTP/1.1" 200 16214 "http://www.nishifuna-seitai.com/" "Mozilla/5.0 (Windows NT 6.1; WOW64) AppleWebKit/537.36 (KHTML, like Gecko) Chrome/50.0.2661.102 Safari/537.36; 360Spider"
46.229.168.133 - - [16/Sep/2018:23:08:01 +0900] "GET /blog/%E6%9C%AA%E5%88%86%E9%A1%9E/kiji86/ HTTP/1.1" 200 17536 "-" "Mozilla/5.0 (compatible; SemrushBot/2~bl; +http://www.semrush.com/bot.html)"
219.94.203.142 - - [16/Sep/2018:23:13:34 +0900] "POST /blog/wp-cron.php?doing_wp_cron=1537107214.4876348972320556640625 HTTP/1.0" 502 226 "-" "WordPress/3.5.1; http://www.nishifuna-seitai.com/blog"
46.229.168.141 - - [16/Sep/2018:23:13:34 +0900] "GET /blog/%E6%9C%AA%E5%88%86%E9%A1%9E/kiji1211/ HTTP/1.1" 200 16970 "-" "Mozilla/5.0 (compatible; SemrushBot/2~bl; +http://www.semrush.com/bot.html)"
219.94.203.142 - - [16/Sep/2018:23:16:26 +0900] "POST /blog/wp-cron.php?doing_wp_cron=1537107386.0702819824218750000000 HTTP/1.0" 502 226 "-" "WordPress/3.5.1; http://www.nishifuna-seitai.com/blog"
46.229.168.138 - - [16/Sep/2018:23:16:25 +0900] "GET /blog/%E6%9C%AA%E5%88%86%E9%A1%9E/kiji1756/ HTTP/1.1" 200 18998 "-" "Mozilla/5.0 (compatible; SemrushBot/2~bl; +http://www.semrush.com/bot.html)"
219.94.203.142 - - [16/Sep/2018:23:19:29 +0900] "POST /blog/wp-cron.php?doing_wp_cron=1537107569.7180590629577636718750 HTTP/1.0" 502 226 "-" "WordPress/3.5.1; http://www.nishifuna-seitai.com/blog"
46.229.168.139 - - [16/Sep/2018:23:19:29 +0900] "GET /blog/date/2015/03/page/2/ HTTP/1.1" 200 30555 "-" "Mozilla/5.0 (compatible; SemrushBot/2~bl; +http://www.semrush.com/bot.html)"
219.94.203.142 - - [16/Sep/2018:23:33:28 +0900] "POST /blog/wp-cron.php?doing_wp_cron=1537108407.9745330810546875000000 HTTP/1.0" 502 226 "-" "WordPress/3.5.1; http://www.nishifuna-seitai.com/blog"
46.229.168.141 - - [16/Sep/2018:23:33:27 +0900] "GET /blog/%E3%82%B9%E3%82%BF%E3%83%83%E3%83%95%E3%82%88%E3%82%8A/kiji1051/ HTTP/1.1" 200 17694 "-" "Mozilla/5.0 (compatible; SemrushBot/2~bl; +http://www.semrush.com/bot.html)"
180.76.15.23 - - [16/Sep/2018:23:34:00 +0900] "GET / HTTP/1.1" 301 240 "-" "Mozilla/5.0 (compatible; Baiduspider/2.0; +http://www.baidu.com/search/spider.html)"
180.76.15.147 - - [16/Sep/2018:23:34:00 +0900] "GET / HTTP/1.1" 200 16214 "-" "Mozilla/5.0 (compatible; Baiduspider/2.0; +http://www.baidu.com/search/spider.html)"
219.94.203.142 - - [16/Sep/2018:23:37:45 +0900] "POST /blog/wp-cron.php?doing_wp_cron=1537108665.6810278892517089843750 HTTP/1.0" 502 226 "-" "WordPress/3.5.1; http://www.nishifuna-seitai.com/blog"
54.36.148.66 - - [16/Sep/2018:23:37:45 +0900] "GET /blog/%E6%9C%AA%E5%88%86%E9%A1%9E/kiji1410/ HTTP/1.1" 200 17629 "-" "Mozilla/5.0 (compatible; AhrefsBot/5.2; +http://ahrefs.com/robot/)"
60.101.70.109 - - [16/Sep/2018:23:54:34 +0900] "GET /blog/%E6%9C%AA%E5%88%86%E9%A1%9E/kiji1357/ HTTP/1.1" 200 17313 "https://search.yahoo.co.jp/" "Mozilla/5.0 (iPhone; CPU iPhone OS 11_4_1 like Mac OS X) AppleWebKit/605.1.15 (KHTML, like Gecko) Version/11.0 Mobile/15E148 Safari/604.1"
60.101.70.109 - - [16/Sep/2018:23:54:36 +0900] "GET /blog/wp-content/uploads/2012/12/h2_index2.png HTTP/1.1" 200 394553 "http://www.nishifuna-seitai.com/blog/%E6%9C%AA%E5%88%86%E9%A1%9E/kiji1357/" "Mozilla/5.0 (iPhone; CPU iPhone OS 11_4_1 like Mac OS X) AppleWebKit/605.1.15 (KHTML, like Gecko) Version/11.0 Mobile/15E148 Safari/604.1"
60.101.70.109 - - [16/Sep/2018:23:54:37 +0900] "GET /blog/wp-content/plugins/contact-form-7/includes/js/jquery.form.min.js?ver=3.25.0-2013.01.18 HTTP/1.1" 200 15158 "http://www.nishifuna-seitai.com/blog/%E6%9C%AA%E5%88%86%E9%A1%9E/kiji1357/" "Mozilla/5.0 (iPhone; CPU iPhone OS 11_4_1 like Mac OS X) AppleWebKit/605.1.15 (KHTML, like Gecko) Version/11.0 Mobile/15E148 Safari/604.1"
60.101.70.109 - - [16/Sep/2018:23:54:37 +0900] "GET /blog/wp-content/plugins/contact-form-7/includes/js/scripts.js?ver=3.3.3 HTTP/1.1" 200 6933 "http://www.nishifuna-seitai.com/blog/%E6%9C%AA%E5%88%86%E9%A1%9E/kiji1357/" "Mozilla/5.0 (iPhone; CPU iPhone OS 11_4_1 like Mac OS X) AppleWebKit/605.1.15 (KHTML, like Gecko) Version/11.0 Mobile/15E148 Safari/604.1"
60.101.70.109 - - [16/Sep/2018:23:54:37 +0900] "GET /blog/wp-content/themes/twentytwelve/js/navigation.js?ver=1.0 HTTP/1.1" 200 863 "http://www.nishifuna-seitai.com/blog/%E6%9C%AA%E5%88%86%E9%A1%9E/kiji1357/" "Mozilla/5.0 (iPhone; CPU iPhone OS 11_4_1 like Mac OS X) AppleWebKit/605.1.15 (KHTML, like Gecko) Version/11.0 Mobile/15E148 Safari/604.1"
60.101.70.109 - - [16/Sep/2018:23:54:37 +0900] "GET /blog/wp-content/uploads/2014/12/IMG_0209.jpg HTTP/1.1" 200 1519328 "http://www.nishifuna-seitai.com/blog/%E6%9C%AA%E5%88%86%E9%A1%9E/kiji1357/" "Mozilla/5.0 (iPhone; CPU iPhone OS 11_4_1 like Mac OS X) AppleWebKit/605.1.15 (KHTML, like Gecko) Version/11.0 Mobile/15E148 Safari/604.1"
219.94.203.142 - - [16/Sep/2018:23:54:37 +0900] "POST /blog/wp-cron.php?doing_wp_cron=1537109675.2311038970947265625000 HTTP/1.0" 502 226 "-" "WordPress/3.5.1; http://www.nishifuna-seitai.com/blog"
60.101.70.109 - - [16/Sep/2018:23:54:38 +0900] "GET /blog/wp-content/plugins/contact-form-7/includes/css/styles.css?ver=3.3.3 HTTP/1.1" 200 887 "http://www.nishifuna-seitai.com/blog/%E6%9C%AA%E5%88%86%E9%A1%9E/kiji1357/" "Mozilla/5.0 (iPhone; CPU iPhone OS 11_4_1 like Mac OS X) AppleWebKit/605.1.15 (KHTML, like Gecko) Version/11.0 Mobile/15E148 Safari/604.1"
60.101.70.109 - - [16/Sep/2018:23:54:38 +0900] "GET /blog/wp-content/themes/twentytwelve/style.css?ver=3.5.1 HTTP/1.1" 200 35292 "http://www.nishifuna-seitai.com/blog/%E6%9C%AA%E5%88%86%E9%A1%9E/kiji1357/" "Mozilla/5.0 (iPhone; CPU iPhone OS 11_4_1 like Mac OS X) AppleWebKit/605.1.15 (KHTML, like Gecko) Version/11.0 Mobile/15E148 Safari/604.1"
60.101.70.109 - - [16/Sep/2018:23:54:38 +0900] "GET /blog/wp-includes/js/jquery/jquery.js?ver=1.8.3 HTTP/1.1" 200 93658 "http://www.nishifuna-seitai.com/blog/%E6%9C%AA%E5%88%86%E9%A1%9E/kiji1357/" "Mozilla/5.0 (iPhone; CPU iPhone OS 11_4_1 like Mac OS X) AppleWebKit/605.1.15 (KHTML, like Gecko) Version/11.0 Mobile/15E148 Safari/604.1"
219.94.203.142 - - [16/Sep/2018:23:59:13 +0900] "POST /blog/wp-cron.php?doing_wp_cron=1537109953.4874711036682128906250 HTTP/1.0" 502 226 "-" "WordPress/3.5.1; http://www.nishifuna-seitai.com/blog"
180.76.15.13 - - [16/Sep/2018:23:59:13 +0900] "GET /blog/date/2013/11/ HTTP/1.1" 200 18122 "-" "Mozilla/5.0 (compatible; Baiduspider/2.0; +http://www.baidu.com/search/spider.html)"
153.126.193.223 - - [17/Sep/2018:00:00:05 +0900] "HEAD / HTTP/1.1" 200 - "-" "CakePHP"
142.93.93.56 - - [17/Sep/2018:00:15:21 +0900] "GET /robots.txt HTTP/1.1" 301 250 "-" "Mozilla/5.0 (Windows NT 10.0; WOW64) AppleWebKit/537.36 (KHTML, like Gecko) Chrome/49.0.2623.75 Safari/537.36 OPR/36.0.2130.32"
142.93.93.56 - - [17/Sep/2018:00:15:22 +0900] "GET / HTTP/1.1" 301 240 "-" "Mozilla/5.0 (Windows NT 10.0; WOW64) AppleWebKit/537.36 (KHTML, like Gecko) Chrome/49.0.2623.75 Safari/537.36 OPR/36.0.2130.32"
142.93.93.56 - - [17/Sep/2018:00:15:22 +0900] "GET /xmlrpc.php?rsd HTTP/1.1" 403 2309 "-" "Mozilla/5.0 (Windows NT 10.0; WOW64) AppleWebKit/537.36 (KHTML, like Gecko) Chrome/49.0.2623.75 Safari/537.36 OPR/36.0.2130.32"
219.94.203.142 - - [17/Sep/2018:00:15:22 +0900] "POST /blog/wp-cron.php?doing_wp_cron=1537110922.6492741107940673828125 HTTP/1.0" 502 226 "-" "WordPress/3.5.1; http://www.nishifuna-seitai.com/blog"
142.93.93.56 - - [17/Sep/2018:00:15:22 +0900] "GET /blog/robots.txt HTTP/1.1" 301 - "-" "Mozilla/5.0 (Windows NT 10.0; WOW64) AppleWebKit/537.36 (KHTML, like Gecko) Chrome/49.0.2623.75 Safari/537.36 OPR/36.0.2130.32"
142.93.93.56 - - [17/Sep/2018:00:15:23 +0900] "GET /blog/ HTTP/1.1" 301 - "-" "Mozilla/5.0 (Windows NT 10.0; WOW64) AppleWebKit/537.36 (KHTML, like Gecko) Chrome/49.0.2623.75 Safari/537.36 OPR/36.0.2130.32"
142.93.93.56 - - [17/Sep/2018:00:15:23 +0900] "GET /wordpress/ HTTP/1.1" 301 250 "-" "Mozilla/5.0 (Windows NT 10.0; WOW64) AppleWebKit/537.36 (KHTML, like Gecko) Chrome/49.0.2623.75 Safari/537.36 OPR/36.0.2130.32"
142.93.93.56 - - [17/Sep/2018:00:15:23 +0900] "GET /wp/ HTTP/1.1" 301 243 "-" "Mozilla/5.0 (Windows NT 10.0; WOW64) AppleWebKit/537.36 (KHTML, like Gecko) Chrome/49.0.2623.75 Safari/537.36 OPR/36.0.2130.32"
142.93.93.56 - - [17/Sep/2018:00:15:24 +0900] "GET /robots.txt HTTP/1.1" 301 250 "-" "Mozilla/5.0 (Windows NT 10.0; WOW64) AppleWebKit/537.36 (KHTML, like Gecko) Chrome/49.0.2623.75 Safari/537.36 OPR/36.0.2130.32"
142.93.93.56 - - [17/Sep/2018:00:15:24 +0900] "GET /administrator/index.php HTTP/1.1" 301 263 "-" "Mozilla/5.0 (Windows NT 10.0; WOW64) AppleWebKit/537.36 (KHTML, like Gecko) Chrome/49.0.2623.75 Safari/537.36 OPR/36.0.2130.32"
142.93.93.56 - - [17/Sep/2018:00:15:24 +0900] "GET /blog/robots.txt HTTP/1.1" 301 - "-" "Mozilla/5.0 (Windows NT 10.0; WOW64) AppleWebKit/537.36 (KHTML, like Gecko) Chrome/49.0.2623.75 Safari/537.36 OPR/36.0.2130.32"
142.93.93.56 - - [17/Sep/2018:00:15:25 +0900] "GET /blog/administrator/index.php HTTP/1.1" 301 - "-" "Mozilla/5.0 (Windows NT 10.0; WOW64) AppleWebKit/537.36 (KHTML, like Gecko) Chrome/49.0.2623.75 Safari/537.36 OPR/36.0.2130.32"
142.93.93.56 - - [17/Sep/2018:00:15:25 +0900] "GET /joomla/robots.txt HTTP/1.1" 301 257 "-" "Mozilla/5.0 (Windows NT 10.0; WOW64) AppleWebKit/537.36 (KHTML, like Gecko) Chrome/49.0.2623.75 Safari/537.36 OPR/36.0.2130.32"
142.93.93.56 - - [17/Sep/2018:00:15:25 +0900] "GET /joomla/administrator/index.php HTTP/1.1" 301 270 "-" "Mozilla/5.0 (Windows NT 10.0; WOW64) AppleWebKit/537.36 (KHTML, like Gecko) Chrome/49.0.2623.75 Safari/537.36 OPR/36.0.2130.32"
142.93.93.56 - - [17/Sep/2018:00:15:26 +0900] "GET /index.php?option=com_myblog&task=ajaxupload HTTP/1.1" 301 287 "-" "Mozilla/5.0 (Windows NT 10.0; WOW64) AppleWebKit/537.36 (KHTML, like Gecko) Chrome/49.0.2623.75 Safari/537.36 OPR/36.0.2130.32"
142.93.93.56 - - [17/Sep/2018:00:15:26 +0900] "GET /index.php?option=com_adsmanager&task=upload&tmpl=component HTTP/1.1" 301 306 "-" "Mozilla/5.0 (Windows NT 10.0; WOW64) AppleWebKit/537.36 (KHTML, like Gecko) Chrome/49.0.2623.75 Safari/537.36 OPR/36.0.2130.32"
46.229.168.129 - - [17/Sep/2018:00:17:28 +0900] "GET /robots.txt HTTP/1.1" 404 2275 "-" "Mozilla/5.0 (compatible; SemrushBot/2~bl; +http://www.semrush.com/bot.html)"
219.94.203.142 - - [17/Sep/2018:00:17:29 +0900] "POST /blog/wp-cron.php?doing_wp_cron=1537111049.5790550708770751953125 HTTP/1.0" 502 226 "-" "WordPress/3.5.1; http://www.nishifuna-seitai.com/blog"
46.229.168.129 - - [17/Sep/2018:00:17:29 +0900] "GET /blog/%E6%9C%AA%E5%88%86%E9%A1%9E/kiji1196/ HTTP/1.1" 200 17322 "-" "Mozilla/5.0 (compatible; SemrushBot/2~bl; +http://www.semrush.com/bot.html)"
219.94.203.142 - - [17/Sep/2018:00:24:00 +0900] "POST /blog/wp-cron.php?doing_wp_cron=1537111440.4485950469970703125000 HTTP/1.0" 502 226 "-" "WordPress/3.5.1; http://www.nishifuna-seitai.com/blog"
54.36.148.231 - - [17/Sep/2018:00:24:00 +0900] "GET /blog/%E6%9C%AA%E5%88%86%E9%A1%9E/kiji1443/feed/ HTTP/1.1" 200 1051 "-" "Mozilla/5.0 (compatible; AhrefsBot/5.2; +http://ahrefs.com/robot/)"
219.94.203.142 - - [17/Sep/2018:00:32:29 +0900] "POST /blog/wp-cron.php?doing_wp_cron=1537111949.7942268848419189453125 HTTP/1.0" 502 226 "-" "WordPress/3.5.1; http://www.nishifuna-seitai.com/blog"
46.229.168.143 - - [17/Sep/2018:00:32:29 +0900] "GET /blog/%E6%9C%AA%E5%88%86%E9%A1%9E/kiji1813/ HTTP/1.1" 200 18376 "-" "Mozilla/5.0 (compatible; SemrushBot/2~bl; +http://www.semrush.com/bot.html)"
219.94.203.142 - - [17/Sep/2018:00:48:57 +0900] "POST /blog/wp-cron.php?doing_wp_cron=1537112937.8316791057586669921875 HTTP/1.0" 502 226 "-" "WordPress/3.5.1; http://www.nishifuna-seitai.com/blog"
126.225.69.3 - - [17/Sep/2018:00:48:57 +0900] "GET /blog/%E6%9C%AA%E5%88%86%E9%A1%9E/kiji1123/ HTTP/1.1" 200 17071 "https://search.yahoo.co.jp/" "Mozilla/5.0 (iPhone; CPU iPhone OS 11_2_2 like Mac OS X) AppleWebKit/604.4.7 (KHTML, like Gecko) Version/11.0 Mobile/15C202 Safari/604.1"
126.225.69.3 - - [17/Sep/2018:00:48:58 +0900] "GET /blog/wp-content/plugins/contact-form-7/includes/css/styles.css?ver=3.3.3 HTTP/1.1" 200 887 "http://www.nishifuna-seitai.com/blog/%E6%9C%AA%E5%88%86%E9%A1%9E/kiji1123/" "Mozilla/5.0 (iPhone; CPU iPhone OS 11_2_2 like Mac OS X) AppleWebKit/604.4.7 (KHTML, like Gecko) Version/11.0 Mobile/15C202 Safari/604.1"
126.225.69.3 - - [17/Sep/2018:00:48:58 +0900] "GET /blog/wp-content/plugins/contact-form-7/includes/js/jquery.form.min.js?ver=3.25.0-2013.01.18 HTTP/1.1" 200 15158 "http://www.nishifuna-seitai.com/blog/%E6%9C%AA%E5%88%86%E9%A1%9E/kiji1123/" "Mozilla/5.0 (iPhone; CPU iPhone OS 11_2_2 like Mac OS X) AppleWebKit/604.4.7 (KHTML, like Gecko) Version/11.0 Mobile/15C202 Safari/604.1"
126.225.69.3 - - [17/Sep/2018:00:48:58 +0900] "GET /blog/wp-content/themes/twentytwelve/style.css?ver=3.5.1 HTTP/1.1" 200 35292 "http://www.nishifuna-seitai.com/blog/%E6%9C%AA%E5%88%86%E9%A1%9E/kiji1123/" "Mozilla/5.0 (iPhone; CPU iPhone OS 11_2_2 like Mac OS X) AppleWebKit/604.4.7 (KHTML, like Gecko) Version/11.0 Mobile/15C202 Safari/604.1"
126.225.69.3 - - [17/Sep/2018:00:48:58 +0900] "GET /blog/wp-content/plugins/contact-form-7/includes/js/scripts.js?ver=3.3.3 HTTP/1.1" 200 6933 "http://www.nishifuna-seitai.com/blog/%E6%9C%AA%E5%88%86%E9%A1%9E/kiji1123/" "Mozilla/5.0 (iPhone; CPU iPhone OS 11_2_2 like Mac OS X) AppleWebKit/604.4.7 (KHTML, like Gecko) Version/11.0 Mobile/15C202 Safari/604.1"
126.225.69.3 - - [17/Sep/2018:00:48:58 +0900] "GET /blog/wp-includes/js/jquery/jquery.js?ver=1.8.3 HTTP/1.1" 200 93658 "http://www.nishifuna-seitai.com/blog/%E6%9C%AA%E5%88%86%E9%A1%9E/kiji1123/" "Mozilla/5.0 (iPhone; CPU iPhone OS 11_2_2 like Mac OS X) AppleWebKit/604.4.7 (KHTML, like Gecko) Version/11.0 Mobile/15C202 Safari/604.1"
126.225.69.3 - - [17/Sep/2018:00:48:59 +0900] "GET /blog/wp-content/themes/twentytwelve/js/navigation.js?ver=1.0 HTTP/1.1" 200 863 "http://www.nishifuna-seitai.com/blog/%E6%9C%AA%E5%88%86%E9%A1%9E/kiji1123/" "Mozilla/5.0 (iPhone; CPU iPhone OS 11_2_2 like Mac OS X) AppleWebKit/604.4.7 (KHTML, like Gecko) Version/11.0 Mobile/15C202 Safari/604.1"
126.225.69.3 - - [17/Sep/2018:00:48:58 +0900] "GET /blog/wp-content/uploads/2012/12/h2_index2.png HTTP/1.1" 200 394553 "http://www.nishifuna-seitai.com/blog/%E6%9C%AA%E5%88%86%E9%A1%9E/kiji1123/" "Mozilla/5.0 (iPhone; CPU iPhone OS 11_2_2 like Mac OS X) AppleWebKit/604.4.7 (KHTML, like Gecko) Version/11.0 Mobile/15C202 Safari/604.1"
207.46.13.61 - - [17/Sep/2018:00:50:35 +0900] "GET /blog/%e6%9c%aa%e5%88%86%e9%a1%9e/kiji1813/ HTTP/1.1" 200 18376 "-" "Mozilla/5.0 (compatible; bingbot/2.0; +http://www.bing.com/bingbot.htm)"
219.94.203.142 - - [17/Sep/2018:00:50:59 +0900] "POST /blog/wp-cron.php?doing_wp_cron=1537113059.1130690574645996093750 HTTP/1.0" 502 226 "-" "WordPress/3.5.1; http://www.nishifuna-seitai.com/blog"
54.36.148.139 - - [17/Sep/2018:00:50:58 +0900] "GET /blog/page/12/ HTTP/1.1" 200 27403 "-" "Mozilla/5.0 (compatible; AhrefsBot/5.2; +http://ahrefs.com/robot/)"
219.94.203.142 - - [17/Sep/2018:00:59:11 +0900] "POST /blog/wp-cron.php?doing_wp_cron=1537113551.8487079143524169921875 HTTP/1.0" 502 226 "-" "WordPress/3.5.1; http://www.nishifuna-seitai.com/blog"
54.36.148.181 - - [17/Sep/2018:00:59:11 +0900] "GET /blog/%E3%82%B9%E3%82%BF%E3%83%83%E3%83%95%E3%82%88%E3%82%8A/kiji762/feed/ HTTP/1.1" 200 1082 "-" "Mozilla/5.0 (compatible; AhrefsBot/5.2; +http://ahrefs.com/robot/)"
207.46.13.48 - - [17/Sep/2018:01:02:52 +0900] "GET /price/ HTTP/1.1" 304 - "-" "Mozilla/5.0 (compatible; bingbot/2.0; +http://www.bing.com/bingbot.htm)"
37.9.113.194 - - [17/Sep/2018:01:05:24 +0900] "GET /robots.txt HTTP/1.1" 404 2275 "-" "Mozilla/5.0 (compatible; YandexBot/3.0; +http://yandex.com/bots)"
37.9.113.194 - - [17/Sep/2018:01:05:24 +0900] "GET /robots.txt HTTP/1.1" 301 250 "-" "Mozilla/5.0 (compatible; YandexBot/3.0; +http://yandex.com/bots)"
37.9.113.194 - - [17/Sep/2018:01:05:28 +0900] "GET / HTTP/1.1" 301 240 "-" "Mozilla/5.0 (compatible; YandexBot/3.0; +http://yandex.com/bots)"
37.9.113.194 - - [17/Sep/2018:01:05:28 +0900] "GET / HTTP/1.1" 200 16214 "-" "Mozilla/5.0 (compatible; YandexBot/3.0; +http://yandex.com/bots)"
42.236.10.121 - - [17/Sep/2018:02:00:01 +0900] "GET / HTTP/1.1" 200 16214 "http://www.nishifuna-seitai.com/" "Mozilla/5.0 (Windows NT 6.1; WOW64) AppleWebKit/537.36 (KHTML, like Gecko) Chrome/50.0.2661.102 Safari/537.36; 360Spider"
106.120.173.99 - - [17/Sep/2018:02:19:02 +0900] "GET / HTTP/1.1" 200 16214 "-" "Sogou web spider/4.0(+http://www.sogou.com/docs/help/webmasters.htm#07)"
219.94.203.142 - - [17/Sep/2018:02:30:19 +0900] "POST /blog/wp-cron.php?doing_wp_cron=1537119019.7089710235595703125000 HTTP/1.0" 502 226 "-" "WordPress/3.5.1; http://www.nishifuna-seitai.com/blog"
