5.9.158.195 - - [24/Sep/2018:00:39:38 +0900] "GET /blog/page/2/x-apple-data-detectors:/0/0/page/4/x-apple-data-detectors:/0/0/page/4/x-apple-data-detectors:/0/0/page/11/x-apple-data-detectors:/0/0/page/38/ HTTP/1.1" 200 26317 "-" "Mozilla/5.0 (compatible; MJ12bot/v1.4.8; http://mj12bot.com/)"
5.9.158.195 - - [24/Sep/2018:00:39:41 +0900] "GET /blog/page/2/x-apple-data-detectors:/0/0/page/4/x-apple-data-detectors:/0/0/page/4/x-apple-data-detectors:/0/0/page/11/x-apple-data-detectors:/0/0/page/40/ HTTP/1.1" 200 25417 "-" "Mozilla/5.0 (compatible; MJ12bot/v1.4.8; http://mj12bot.com/)"
5.9.158.195 - - [24/Sep/2018:00:39:44 +0900] "GET /blog/page/2/x-apple-data-detectors:/0/0/page/4/x-apple-data-detectors:/0/0/page/4/x-apple-data-detectors:/0/0/page/11/x-apple-data-detectors:/0/0/page/41/ HTTP/1.1" 200 26308 "-" "Mozilla/5.0 (compatible; MJ12bot/v1.4.8; http://mj12bot.com/)"
5.9.158.195 - - [24/Sep/2018:00:39:47 +0900] "GET /blog/page/2/x-apple-data-detectors:/0/0/page/4/x-apple-data-detectors:/0/0/page/4/x-apple-data-detectors:/0/0/page/11/x-apple-data-detectors:/0/0/page/42/ HTTP/1.1" 200 26870 "-" "Mozilla/5.0 (compatible; MJ12bot/v1.4.8; http://mj12bot.com/)"
216.244.66.226 - - [24/Sep/2018:00:46:56 +0900] "GET /robots.txt HTTP/1.1" 404 2275 "-" "Mozilla/5.0 (compatible; DotBot/1.1; http://www.opensiteexplorer.org/dotbot, help@moz.com)"
40.77.167.89 - - [24/Sep/2018:00:57:43 +0900] "GET /blog/sitemap.xml.gz HTTP/1.1" 200 5301 "-" "Mozilla/5.0 (compatible; bingbot/2.0; +http://www.bing.com/bingbot.htm)"
219.94.203.142 - - [24/Sep/2018:01:16:49 +0900] "POST /blog/wp-cron.php?doing_wp_cron=1537719409.1929180622100830078125 HTTP/1.0" 502 226 "-" "WordPress/3.5.1; http://www.nishifuna-seitai.com/blog"
153.175.91.39 - - [24/Sep/2018:01:16:48 +0900] "GET /blog/%E6%9C%AA%E5%88%86%E9%A1%9E/kiji1357/ HTTP/1.1" 200 17313 "http://www.google.com/" "Mozilla/5.0 (Linux; Android 6.0.1; SO-04G Build/23.5.B.0.396) AppleWebKit/537.36 (KHTML, like Gecko) Chrome/69.0.3497.100 Mobile Safari/537.36"
153.175.91.39 - - [24/Sep/2018:01:16:49 +0900] "GET /blog/wp-content/plugins/contact-form-7/includes/css/styles.css?ver=3.3.3 HTTP/1.1" 200 887 "http://www.nishifuna-seitai.com/blog/%E6%9C%AA%E5%88%86%E9%A1%9E/kiji1357/" "Mozilla/5.0 (Linux; Android 6.0.1; SO-04G Build/23.5.B.0.396) AppleWebKit/537.36 (KHTML, like Gecko) Chrome/69.0.3497.100 Mobile Safari/537.36"
153.175.91.39 - - [24/Sep/2018:01:16:49 +0900] "GET /blog/wp-content/themes/twentytwelve/style.css?ver=3.5.1 HTTP/1.1" 200 35292 "http://www.nishifuna-seitai.com/blog/%E6%9C%AA%E5%88%86%E9%A1%9E/kiji1357/" "Mozilla/5.0 (Linux; Android 6.0.1; SO-04G Build/23.5.B.0.396) AppleWebKit/537.36 (KHTML, like Gecko) Chrome/69.0.3497.100 Mobile Safari/537.36"
153.175.91.39 - - [24/Sep/2018:01:16:50 +0900] "GET /blog/wp-includes/js/jquery/jquery.js?ver=1.8.3 HTTP/1.1" 200 93658 "http://www.nishifuna-seitai.com/blog/%E6%9C%AA%E5%88%86%E9%A1%9E/kiji1357/" "Mozilla/5.0 (Linux; Android 6.0.1; SO-04G Build/23.5.B.0.396) AppleWebKit/537.36 (KHTML, like Gecko) Chrome/69.0.3497.100 Mobile Safari/537.36"
153.175.91.39 - - [24/Sep/2018:01:16:50 +0900] "GET /blog/wp-content/plugins/contact-form-7/includes/js/scripts.js?ver=3.3.3 HTTP/1.1" 200 6933 "http://www.nishifuna-seitai.com/blog/%E6%9C%AA%E5%88%86%E9%A1%9E/kiji1357/" "Mozilla/5.0 (Linux; Android 6.0.1; SO-04G Build/23.5.B.0.396) AppleWebKit/537.36 (KHTML, like Gecko) Chrome/69.0.3497.100 Mobile Safari/537.36"
153.175.91.39 - - [24/Sep/2018:01:16:50 +0900] "GET /blog/wp-content/plugins/contact-form-7/includes/js/jquery.form.min.js?ver=3.25.0-2013.01.18 HTTP/1.1" 200 15158 "http://www.nishifuna-seitai.com/blog/%E6%9C%AA%E5%88%86%E9%A1%9E/kiji1357/" "Mozilla/5.0 (Linux; Android 6.0.1; SO-04G Build/23.5.B.0.396) AppleWebKit/537.36 (KHTML, like Gecko) Chrome/69.0.3497.100 Mobile Safari/537.36"
153.175.91.39 - - [24/Sep/2018:01:16:50 +0900] "GET /blog/wp-content/themes/twentytwelve/js/navigation.js?ver=1.0 HTTP/1.1" 200 863 "http://www.nishifuna-seitai.com/blog/%E6%9C%AA%E5%88%86%E9%A1%9E/kiji1357/" "Mozilla/5.0 (Linux; Android 6.0.1; SO-04G Build/23.5.B.0.396) AppleWebKit/537.36 (KHTML, like Gecko) Chrome/69.0.3497.100 Mobile Safari/537.36"
153.175.91.39 - - [24/Sep/2018:01:16:50 +0900] "GET /blog/wp-content/uploads/2014/12/IMG_0209.jpg HTTP/1.1" 200 1519328 "http://www.nishifuna-seitai.com/blog/%E6%9C%AA%E5%88%86%E9%A1%9E/kiji1357/" "Mozilla/5.0 (Linux; Android 6.0.1; SO-04G Build/23.5.B.0.396) AppleWebKit/537.36 (KHTML, like Gecko) Chrome/69.0.3497.100 Mobile Safari/537.36"
153.175.91.39 - - [24/Sep/2018:01:16:50 +0900] "GET /blog/wp-content/uploads/2012/12/h2_index2.png HTTP/1.1" 200 394553 "http://www.nishifuna-seitai.com/blog/%E6%9C%AA%E5%88%86%E9%A1%9E/kiji1357/" "Mozilla/5.0 (Linux; Android 6.0.1; SO-04G Build/23.5.B.0.396) AppleWebKit/537.36 (KHTML, like Gecko) Chrome/69.0.3497.100 Mobile Safari/537.36"
153.175.91.39 - - [24/Sep/2018:01:16:52 +0900] "GET /favicon.ico HTTP/1.1" 302 219 "http://www.nishifuna-seitai.com/blog/%E6%9C%AA%E5%88%86%E9%A1%9E/kiji1357/" "Mozilla/5.0 (Linux; Android 6.0.1; SO-04G Build/23.5.B.0.396) AppleWebKit/537.36 (KHTML, like Gecko) Chrome/69.0.3497.100 Mobile Safari/537.36"
153.175.91.39 - - [24/Sep/2018:01:16:53 +0900] "GET /sp/ HTTP/1.1" 200 7496 "http://www.nishifuna-seitai.com/blog/%E6%9C%AA%E5%88%86%E9%A1%9E/kiji1357/" "Mozilla/5.0 (Linux; Android 6.0.1; SO-04G Build/23.5.B.0.396) AppleWebKit/537.36 (KHTML, like Gecko) Chrome/69.0.3497.100 Mobile Safari/537.36"
46.229.168.129 - - [24/Sep/2018:01:27:20 +0900] "GET /robots.txt HTTP/1.1" 404 2275 "-" "Mozilla/5.0 (compatible; SemrushBot/2~bl; +http://www.semrush.com/bot.html)"
219.94.203.142 - - [24/Sep/2018:01:27:22 +0900] "POST /blog/wp-cron.php?doing_wp_cron=1537720042.4456439018249511718750 HTTP/1.0" 502 226 "-" "WordPress/3.5.1; http://www.nishifuna-seitai.com/blog"
46.229.168.142 - - [24/Sep/2018:01:27:22 +0900] "GET /blog/date/2017/06/ HTTP/1.1" 200 30650 "-" "Mozilla/5.0 (compatible; SemrushBot/2~bl; +http://www.semrush.com/bot.html)"
219.94.203.142 - - [24/Sep/2018:01:41:27 +0900] "POST /blog/wp-cron.php?doing_wp_cron=1537720887.9433450698852539062500 HTTP/1.0" 502 226 "-" "WordPress/3.5.1; http://www.nishifuna-seitai.com/blog"
54.36.148.121 - - [24/Sep/2018:01:41:27 +0900] "GET /blog/page/52/ HTTP/1.1" 200 27395 "-" "Mozilla/5.0 (compatible; AhrefsBot/5.2; +http://ahrefs.com/robot/)"
219.94.203.142 - - [24/Sep/2018:01:46:48 +0900] "POST /blog/wp-cron.php?doing_wp_cron=1537721208.0912919044494628906250 HTTP/1.0" 502 226 "-" "WordPress/3.5.1; http://www.nishifuna-seitai.com/blog"
54.36.148.59 - - [24/Sep/2018:01:46:47 +0900] "GET /blog/%E3%82%B9%E3%82%BF%E3%83%83%E3%83%95%E3%82%88%E3%82%8A/kiji181/ HTTP/1.1" 200 17650 "-" "Mozilla/5.0 (compatible; AhrefsBot/5.2; +http://ahrefs.com/robot/)"
219.94.203.142 - - [24/Sep/2018:01:48:45 +0900] "POST /blog/wp-cron.php?doing_wp_cron=1537721325.2625610828399658203125 HTTP/1.0" 502 226 "-" "WordPress/3.5.1; http://www.nishifuna-seitai.com/blog"
54.36.148.22 - - [24/Sep/2018:01:48:44 +0900] "GET /blog/date/2015/03/page/2/ HTTP/1.1" 200 30555 "-" "Mozilla/5.0 (compatible; AhrefsBot/5.2; +http://ahrefs.com/robot/)"
173.212.226.74 - - [24/Sep/2018:01:51:40 +0900] "GET /robots.txt HTTP/1.1" 404 2275 "-" "Mozilla/5.0 (compatible; MJ12bot/v1.4.8; http://mj12bot.com/)"
219.94.203.142 - - [24/Sep/2018:01:51:46 +0900] "POST /blog/wp-cron.php?doing_wp_cron=1537721506.6197299957275390625000 HTTP/1.0" 502 226 "-" "WordPress/3.5.1; http://www.nishifuna-seitai.com/blog"
173.212.226.74 - - [24/Sep/2018:01:51:46 +0900] "GET /blog/page/2/x-apple-data-detectors:/0/0/page/4/x-apple-data-detectors:/0/0/page/4/x-apple-data-detectors:/0/0/page/11/x-apple-data-detectors:/0/0/page/43/ HTTP/1.1" 200 25512 "-" "Mozilla/5.0 (compatible; MJ12bot/v1.4.8; http://mj12bot.com/)"
173.212.226.74 - - [24/Sep/2018:01:51:51 +0900] "GET /blog/page/2/x-apple-data-detectors:/0/0/page/4/x-apple-data-detectors:/0/0/page/4/x-apple-data-detectors:/0/0/page/11/x-apple-data-detectors:/0/0/page/44/ HTTP/1.1" 200 26473 "-" "Mozilla/5.0 (compatible; MJ12bot/v1.4.8; http://mj12bot.com/)"
173.212.226.74 - - [24/Sep/2018:01:51:56 +0900] "GET /blog/page/2/x-apple-data-detectors:/0/0/page/4/x-apple-data-detectors:/0/0/page/4/x-apple-data-detectors:/0/0/page/11/x-apple-data-detectors:/0/0/page/45/ HTTP/1.1" 200 26320 "-" "Mozilla/5.0 (compatible; MJ12bot/v1.4.8; http://mj12bot.com/)"
173.212.226.74 - - [24/Sep/2018:01:52:00 +0900] "GET /blog/page/2/x-apple-data-detectors:/0/0/page/4/x-apple-data-detectors:/0/0/page/4/x-apple-data-detectors:/0/0/page/11/x-apple-data-detectors:/0/0/page/46/ HTTP/1.1" 200 26731 "-" "Mozilla/5.0 (compatible; MJ12bot/v1.4.8; http://mj12bot.com/)"
173.212.226.74 - - [24/Sep/2018:01:52:04 +0900] "GET /blog/page/2/x-apple-data-detectors:/0/0/page/4/x-apple-data-detectors:/0/0/page/4/x-apple-data-detectors:/0/0/page/11/x-apple-data-detectors:/0/0/page/47/ HTTP/1.1" 200 27579 "-" "Mozilla/5.0 (compatible; MJ12bot/v1.4.8; http://mj12bot.com/)"
173.212.226.74 - - [24/Sep/2018:01:52:09 +0900] "GET /blog/page/2/x-apple-data-detectors:/0/0/page/4/x-apple-data-detectors:/0/0/page/4/x-apple-data-detectors:/0/0/page/11/x-apple-data-detectors:/0/0/page/48/ HTTP/1.1" 200 27260 "-" "Mozilla/5.0 (compatible; MJ12bot/v1.4.8; http://mj12bot.com/)"
173.212.226.74 - - [24/Sep/2018:01:52:13 +0900] "GET /blog/page/2/x-apple-data-detectors:/0/0/page/4/x-apple-data-detectors:/0/0/page/4/x-apple-data-detectors:/0/0/page/11/x-apple-data-detectors:/0/0/page/8/ HTTP/1.1" 200 27624 "-" "Mozilla/5.0 (compatible; MJ12bot/v1.4.8; http://mj12bot.com/)"
173.212.226.74 - - [24/Sep/2018:01:52:17 +0900] "GET /blog/page/2/x-apple-data-detectors:/0/0/page/4/x-apple-data-detectors:/0/0/page/4/x-apple-data-detectors:/0/0/page/11/x-apple-data-detectors:/0/0/page/9/ HTTP/1.1" 200 27583 "-" "Mozilla/5.0 (compatible; MJ12bot/v1.4.8; http://mj12bot.com/)"
173.212.226.74 - - [24/Sep/2018:01:52:22 +0900] "GET /blog/page/2/x-apple-data-detectors:/0/0/page/4/x-apple-data-detectors:/0/0/page/4/x-apple-data-detectors:/0/0/page/12/x-apple-data-detectors:/0/0/page/12/x-apple-data-detectors:/0/0/page/14/ HTTP/1.1" 200 27408 "-" "Mozilla/5.0 (compatible; MJ12bot/v1.4.8; http://mj12bot.com/)"
173.212.226.74 - - [24/Sep/2018:01:52:27 +0900] "GET /blog/page/2/x-apple-data-detectors:/0/0/page/4/x-apple-data-detectors:/0/0/page/4/x-apple-data-detectors:/0/0/page/12/x-apple-data-detectors:/0/0/page/12/x-apple-data-detectors:/0/0/page/14/x-apple-data-detectors:/0/0/ HTTP/1.1" 200 27265 "-" "Mozilla/5.0 (compatible; MJ12bot/v1.4.8; http://mj12bot.com/)"
173.212.226.74 - - [24/Sep/2018:01:52:31 +0900] "GET /blog/page/2/x-apple-data-detectors:/0/0/page/4/x-apple-data-detectors:/0/0/page/4/x-apple-data-detectors:/0/0/page/12/x-apple-data-detectors:/0/0/page/12/x-apple-data-detectors:/0/0/page/16/ HTTP/1.1" 200 31702 "-" "Mozilla/5.0 (compatible; MJ12bot/v1.4.8; http://mj12bot.com/)"
173.212.226.74 - - [24/Sep/2018:01:52:36 +0900] "GET /blog/page/2/x-apple-data-detectors:/0/0/page/4/x-apple-data-detectors:/0/0/page/4/x-apple-data-detectors:/0/0/page/12/x-apple-data-detectors:/0/0/page/12/x-apple-data-detectors:/0/0/page/16/x-apple-data-detectors:/0/0/ HTTP/1.1" 200 27265 "-" "Mozilla/5.0 (compatible; MJ12bot/v1.4.8; http://mj12bot.com/)"
173.212.226.74 - - [24/Sep/2018:01:52:40 +0900] "GET /blog/page/2/x-apple-data-detectors:/0/0/page/4/x-apple-data-detectors:/0/0/page/4/x-apple-data-detectors:/0/0/page/12/x-apple-data-detectors:/0/0/page/12/x-apple-data-detectors:/0/0/page/17/ HTTP/1.1" 200 33428 "-" "Mozilla/5.0 (compatible; MJ12bot/v1.4.8; http://mj12bot.com/)"
173.212.226.74 - - [24/Sep/2018:01:52:46 +0900] "GET /blog/page/2/x-apple-data-detectors:/0/0/page/4/x-apple-data-detectors:/0/0/page/4/x-apple-data-detectors:/0/0/page/12/x-apple-data-detectors:/0/0/page/12/x-apple-data-detectors:/0/0/page/18/ HTTP/1.1" 200 31568 "-" "Mozilla/5.0 (compatible; MJ12bot/v1.4.8; http://mj12bot.com/)"
219.94.203.142 - - [24/Sep/2018:01:52:51 +0900] "POST /blog/wp-cron.php?doing_wp_cron=1537721571.2223680019378662109375 HTTP/1.0" 502 226 "-" "WordPress/3.5.1; http://www.nishifuna-seitai.com/blog"
173.212.226.74 - - [24/Sep/2018:01:52:50 +0900] "GET /blog/page/2/x-apple-data-detectors:/0/0/page/4/x-apple-data-detectors:/0/0/page/4/x-apple-data-detectors:/0/0/page/12/x-apple-data-detectors:/0/0/page/12/x-apple-data-detectors:/0/0/page/19/ HTTP/1.1" 200 30820 "-" "Mozilla/5.0 (compatible; MJ12bot/v1.4.8; http://mj12bot.com/)"
173.212.226.74 - - [24/Sep/2018:01:52:55 +0900] "GET /blog/page/2/x-apple-data-detectors:/0/0/page/4/x-apple-data-detectors:/0/0/page/4/x-apple-data-detectors:/0/0/page/12/x-apple-data-detectors:/0/0/page/12/x-apple-data-detectors:/0/0/page/20/ HTTP/1.1" 200 32131 "-" "Mozilla/5.0 (compatible; MJ12bot/v1.4.8; http://mj12bot.com/)"
173.212.226.74 - - [24/Sep/2018:01:52:58 +0900] "GET /blog/page/2/x-apple-data-detectors:/0/0/page/4/x-apple-data-detectors:/0/0/page/4/x-apple-data-detectors:/0/0/page/12/x-apple-data-detectors:/0/0/page/12/x-apple-data-detectors:/0/0/page/21/ HTTP/1.1" 200 30730 "-" "Mozilla/5.0 (compatible; MJ12bot/v1.4.8; http://mj12bot.com/)"
173.212.226.74 - - [24/Sep/2018:01:53:04 +0900] "GET /blog/page/2/x-apple-data-detectors:/0/0/page/4/x-apple-data-detectors:/0/0/page/4/x-apple-data-detectors:/0/0/page/12/x-apple-data-detectors:/0/0/page/12/x-apple-data-detectors:/0/0/page/22/ HTTP/1.1" 200 29228 "-" "Mozilla/5.0 (compatible; MJ12bot/v1.4.8; http://mj12bot.com/)"
173.212.226.74 - - [24/Sep/2018:01:53:08 +0900] "GET /blog/page/2/x-apple-data-detectors:/0/0/page/4/x-apple-data-detectors:/0/0/page/4/x-apple-data-detectors:/0/0/page/12/x-apple-data-detectors:/0/0/page/12/x-apple-data-detectors:/0/0/page/23/ HTTP/1.1" 200 27994 "-" "Mozilla/5.0 (compatible; MJ12bot/v1.4.8; http://mj12bot.com/)"
173.212.226.74 - - [24/Sep/2018:01:53:12 +0900] "GET /blog/page/2/x-apple-data-detectors:/0/0/page/4/x-apple-data-detectors:/0/0/page/4/x-apple-data-detectors:/0/0/page/12/x-apple-data-detectors:/0/0/page/12/x-apple-data-detectors:/0/0/page/24/ HTTP/1.1" 200 28117 "-" "Mozilla/5.0 (compatible; MJ12bot/v1.4.8; http://mj12bot.com/)"
173.212.226.74 - - [24/Sep/2018:01:53:20 +0900] "GET /blog/page/2/x-apple-data-detectors:/0/0/page/4/x-apple-data-detectors:/0/0/page/4/x-apple-data-detectors:/0/0/page/12/x-apple-data-detectors:/0/0/page/26/ HTTP/1.1" 200 28625 "-" "Mozilla/5.0 (compatible; MJ12bot/v1.4.8; http://mj12bot.com/)"
173.212.226.74 - - [24/Sep/2018:01:53:25 +0900] "GET /blog/page/2/x-apple-data-detectors:/0/0/page/4/x-apple-data-detectors:/0/0/page/4/x-apple-data-detectors:/0/0/page/12/x-apple-data-detectors:/0/0/page/28/ HTTP/1.1" 200 26586 "-" "Mozilla/5.0 (compatible; MJ12bot/v1.4.8; http://mj12bot.com/)"
173.212.226.74 - - [24/Sep/2018:01:53:29 +0900] "GET /blog/page/2/x-apple-data-detectors:/0/0/page/4/x-apple-data-detectors:/0/0/page/4/x-apple-data-detectors:/0/0/page/12/x-apple-data-detectors:/0/0/page/29/ HTTP/1.1" 200 25779 "-" "Mozilla/5.0 (compatible; MJ12bot/v1.4.8; http://mj12bot.com/)"
173.212.226.74 - - [24/Sep/2018:01:53:34 +0900] "GET /blog/page/2/x-apple-data-detectors:/0/0/page/4/x-apple-data-detectors:/0/0/page/4/x-apple-data-detectors:/0/0/page/12/x-apple-data-detectors:/0/0/page/30/ HTTP/1.1" 200 26536 "-" "Mozilla/5.0 (compatible; MJ12bot/v1.4.8; http://mj12bot.com/)"
173.212.226.74 - - [24/Sep/2018:01:53:39 +0900] "GET /blog/page/2/x-apple-data-detectors:/0/0/page/4/x-apple-data-detectors:/0/0/page/4/x-apple-data-detectors:/0/0/page/12/x-apple-data-detectors:/0/0/page/31/ HTTP/1.1" 200 26607 "-" "Mozilla/5.0 (compatible; MJ12bot/v1.4.8; http://mj12bot.com/)"
173.212.226.74 - - [24/Sep/2018:01:53:43 +0900] "GET /blog/page/2/x-apple-data-detectors:/0/0/page/4/x-apple-data-detectors:/0/0/page/4/x-apple-data-detectors:/0/0/page/12/x-apple-data-detectors:/0/0/page/32/ HTTP/1.1" 200 25720 "-" "Mozilla/5.0 (compatible; MJ12bot/v1.4.8; http://mj12bot.com/)"
173.212.226.74 - - [24/Sep/2018:01:53:47 +0900] "GET /blog/page/2/x-apple-data-detectors:/0/0/page/4/x-apple-data-detectors:/0/0/page/4/x-apple-data-detectors:/0/0/page/12/x-apple-data-detectors:/0/0/page/33/ HTTP/1.1" 200 25160 "-" "Mozilla/5.0 (compatible; MJ12bot/v1.4.8; http://mj12bot.com/)"
173.212.226.74 - - [24/Sep/2018:01:53:52 +0900] "GET /blog/page/2/x-apple-data-detectors:/0/0/page/4/x-apple-data-detectors:/0/0/page/4/x-apple-data-detectors:/0/0/page/12/x-apple-data-detectors:/0/0/page/34/ HTTP/1.1" 200 26160 "-" "Mozilla/5.0 (compatible; MJ12bot/v1.4.8; http://mj12bot.com/)"
173.212.226.74 - - [24/Sep/2018:01:53:55 +0900] "GET /blog/page/2/x-apple-data-detectors:/0/0/page/4/x-apple-data-detectors:/0/0/page/4/x-apple-data-detectors:/0/0/page/12/x-apple-data-detectors:/0/0/page/35/ HTTP/1.1" 200 26102 "-" "Mozilla/5.0 (compatible; MJ12bot/v1.4.8; http://mj12bot.com/)"
173.212.226.74 - - [24/Sep/2018:01:54:00 +0900] "GET /blog/page/2/x-apple-data-detectors:/0/0/page/4/x-apple-data-detectors:/0/0/page/4/x-apple-data-detectors:/0/0/page/12/x-apple-data-detectors:/0/0/page/36/ HTTP/1.1" 200 26150 "-" "Mozilla/5.0 (compatible; MJ12bot/v1.4.8; http://mj12bot.com/)"
173.212.226.74 - - [24/Sep/2018:01:54:05 +0900] "GET /blog/page/2/x-apple-data-detectors:/0/0/page/4/x-apple-data-detectors:/0/0/page/4/x-apple-data-detectors:/0/0/page/7/ HTTP/1.1" 200 25895 "-" "Mozilla/5.0 (compatible; MJ12bot/v1.4.8; http://mj12bot.com/)"
173.212.226.74 - - [24/Sep/2018:01:54:11 +0900] "GET /blog/page/2/x-apple-data-detectors:/0/0/page/4/x-apple-data-detectors:/0/0/page/4/x-apple-data-detectors:/0/0/page/9/ HTTP/1.1" 200 27475 "-" "Mozilla/5.0 (compatible; MJ12bot/v1.4.8; http://mj12bot.com/)"
173.212.226.74 - - [24/Sep/2018:01:54:16 +0900] "GET /blog/page/2/x-apple-data-detectors:/0/0/page/4/x-apple-data-detectors:/0/0/page/48/ HTTP/1.1" 200 27047 "-" "Mozilla/5.0 (compatible; MJ12bot/v1.4.8; http://mj12bot.com/)"
173.212.226.74 - - [24/Sep/2018:01:54:20 +0900] "GET /blog/page/2/x-apple-data-detectors:/0/0/page/4/x-apple-data-detectors:/0/0/page/5/x-apple-data-detectors:/0/0/page/10/x-apple-data-detectors:/0/0/page/10/x-apple-data-detectors:/0/0/page/5/ HTTP/1.1" 200 31867 "-" "Mozilla/5.0 (compatible; MJ12bot/v1.4.8; http://mj12bot.com/)"
173.212.226.74 - - [24/Sep/2018:01:54:25 +0900] "GET /blog/page/2/x-apple-data-detectors:/0/0/page/4/x-apple-data-detectors:/0/0/page/5/x-apple-data-detectors:/0/0/page/10/x-apple-data-detectors:/0/0/page/11/x-apple-data-detectors:/0/0/page/40/ HTTP/1.1" 200 25525 "-" "Mozilla/5.0 (compatible; MJ12bot/v1.4.8; http://mj12bot.com/)"
173.212.226.74 - - [24/Sep/2018:01:54:30 +0900] "GET /blog/page/2/x-apple-data-detectors:/0/0/page/4/x-apple-data-detectors:/0/0/page/5/x-apple-data-detectors:/0/0/page/10/x-apple-data-detectors:/0/0/page/11/x-apple-data-detectors:/0/0/page/42/ HTTP/1.1" 200 26978 "-" "Mozilla/5.0 (compatible; MJ12bot/v1.4.8; http://mj12bot.com/)"
173.212.226.74 - - [24/Sep/2018:01:54:34 +0900] "GET /blog/page/2/x-apple-data-detectors:/0/0/page/4/x-apple-data-detectors:/0/0/page/5/x-apple-data-detectors:/0/0/page/10/x-apple-data-detectors:/0/0/page/11/x-apple-data-detectors:/0/0/page/43/ HTTP/1.1" 200 25620 "-" "Mozilla/5.0 (compatible; MJ12bot/v1.4.8; http://mj12bot.com/)"
173.212.226.74 - - [24/Sep/2018:01:54:40 +0900] "GET /blog/page/2/x-apple-data-detectors:/0/0/page/4/x-apple-data-detectors:/0/0/page/5/x-apple-data-detectors:/0/0/page/10/x-apple-data-detectors:/0/0/page/11/x-apple-data-detectors:/0/0/page/44/ HTTP/1.1" 200 26581 "-" "Mozilla/5.0 (compatible; MJ12bot/v1.4.8; http://mj12bot.com/)"
219.94.203.142 - - [24/Sep/2018:01:54:44 +0900] "POST /blog/wp-cron.php?doing_wp_cron=1537721684.1060938835144042968750 HTTP/1.0" 502 226 "-" "WordPress/3.5.1; http://www.nishifuna-seitai.com/blog"
173.212.226.74 - - [24/Sep/2018:01:54:43 +0900] "GET /blog/page/2/x-apple-data-detectors:/0/0/page/4/x-apple-data-detectors:/0/0/page/5/x-apple-data-detectors:/0/0/page/10/x-apple-data-detectors:/0/0/page/11/x-apple-data-detectors:/0/0/page/45/ HTTP/1.1" 200 26428 "-" "Mozilla/5.0 (compatible; MJ12bot/v1.4.8; http://mj12bot.com/)"
173.212.226.74 - - [24/Sep/2018:01:54:48 +0900] "GET /blog/page/2/x-apple-data-detectors:/0/0/page/4/x-apple-data-detectors:/0/0/page/5/x-apple-data-detectors:/0/0/page/10/x-apple-data-detectors:/0/0/page/11/x-apple-data-detectors:/0/0/page/46/ HTTP/1.1" 200 26839 "-" "Mozilla/5.0 (compatible; MJ12bot/v1.4.8; http://mj12bot.com/)"
173.212.226.74 - - [24/Sep/2018:01:54:54 +0900] "GET /blog/page/2/x-apple-data-detectors:/0/0/page/4/x-apple-data-detectors:/0/0/page/5/x-apple-data-detectors:/0/0/page/10/x-apple-data-detectors:/0/0/page/11/x-apple-data-detectors:/0/0/page/47/ HTTP/1.1" 200 27687 "-" "Mozilla/5.0 (compatible; MJ12bot/v1.4.8; http://mj12bot.com/)"
173.212.226.74 - - [24/Sep/2018:01:54:58 +0900] "GET /blog/page/2/x-apple-data-detectors:/0/0/page/4/x-apple-data-detectors:/0/0/page/5/x-apple-data-detectors:/0/0/page/10/x-apple-data-detectors:/0/0/page/11/x-apple-data-detectors:/0/0/page/48/ HTTP/1.1" 200 27368 "-" "Mozilla/5.0 (compatible; MJ12bot/v1.4.8; http://mj12bot.com/)"
173.212.226.74 - - [24/Sep/2018:01:55:02 +0900] "GET /blog/page/2/x-apple-data-detectors:/0/0/page/4/x-apple-data-detectors:/0/0/page/5/x-apple-data-detectors:/0/0/page/10/x-apple-data-detectors:/0/0/page/11/x-apple-data-detectors:/0/0/page/49/ HTTP/1.1" 200 27170 "-" "Mozilla/5.0 (compatible; MJ12bot/v1.4.8; http://mj12bot.com/)"
173.212.226.74 - - [24/Sep/2018:01:55:07 +0900] "GET /blog/page/2/x-apple-data-detectors:/0/0/page/4/x-apple-data-detectors:/0/0/page/5/x-apple-data-detectors:/0/0/page/10/x-apple-data-detectors:/0/0/page/11/x-apple-data-detectors:/0/0/page/50/ HTTP/1.1" 200 27801 "-" "Mozilla/5.0 (compatible; MJ12bot/v1.4.8; http://mj12bot.com/)"
173.212.226.74 - - [24/Sep/2018:01:55:12 +0900] "GET /blog/page/2/x-apple-data-detectors:/0/0/page/4/x-apple-data-detectors:/0/0/page/5/x-apple-data-detectors:/0/0/page/10/x-apple-data-detectors:/0/0/page/11/x-apple-data-detectors:/0/0/page/51/ HTTP/1.1" 200 28712 "-" "Mozilla/5.0 (compatible; MJ12bot/v1.4.8; http://mj12bot.com/)"
173.212.226.74 - - [24/Sep/2018:01:55:17 +0900] "GET /blog/page/2/x-apple-data-detectors:/0/0/page/4/x-apple-data-detectors:/0/0/page/5/x-apple-data-detectors:/0/0/page/10/x-apple-data-detectors:/0/0/page/12/x-apple-data-detectors:/0/0/page/20/ HTTP/1.1" 200 32131 "-" "Mozilla/5.0 (compatible; MJ12bot/v1.4.8; http://mj12bot.com/)"
173.212.226.74 - - [24/Sep/2018:01:55:22 +0900] "GET /blog/page/2/x-apple-data-detectors:/0/0/page/4/x-apple-data-detectors:/0/0/page/5/x-apple-data-detectors:/0/0/page/10/x-apple-data-detectors:/0/0/page/12/x-apple-data-detectors:/0/0/page/22/ HTTP/1.1" 200 29228 "-" "Mozilla/5.0 (compatible; MJ12bot/v1.4.8; http://mj12bot.com/)"
173.212.226.74 - - [24/Sep/2018:01:55:27 +0900] "GET /blog/page/2/x-apple-data-detectors:/0/0/page/4/x-apple-data-detectors:/0/0/page/5/x-apple-data-detectors:/0/0/page/10/x-apple-data-detectors:/0/0/page/12/x-apple-data-detectors:/0/0/page/23/ HTTP/1.1" 200 27994 "-" "Mozilla/5.0 (compatible; MJ12bot/v1.4.8; http://mj12bot.com/)"
173.212.226.74 - - [24/Sep/2018:01:55:32 +0900] "GET /blog/page/2/x-apple-data-detectors:/0/0/page/4/x-apple-data-detectors:/0/0/page/5/x-apple-data-detectors:/0/0/page/10/x-apple-data-detectors:/0/0/page/12/x-apple-data-detectors:/0/0/page/24/ HTTP/1.1" 200 28117 "-" "Mozilla/5.0 (compatible; MJ12bot/v1.4.8; http://mj12bot.com/)"
173.212.226.74 - - [24/Sep/2018:01:55:38 +0900] "GET /blog/page/2/x-apple-data-detectors:/0/0/page/4/x-apple-data-detectors:/0/0/page/5/x-apple-data-detectors:/0/0/page/10/x-apple-data-detectors:/0/0/page/12/x-apple-data-detectors:/0/0/page/25/ HTTP/1.1" 200 27738 "-" "Mozilla/5.0 (compatible; MJ12bot/v1.4.8; http://mj12bot.com/)"
173.212.226.74 - - [24/Sep/2018:01:55:42 +0900] "GET /blog/page/2/x-apple-data-detectors:/0/0/page/4/x-apple-data-detectors:/0/0/page/5/x-apple-data-detectors:/0/0/page/10/x-apple-data-detectors:/0/0/page/12/x-apple-data-detectors:/0/0/page/26/ HTTP/1.1" 200 28733 "-" "Mozilla/5.0 (compatible; MJ12bot/v1.4.8; http://mj12bot.com/)"
173.212.226.74 - - [24/Sep/2018:01:55:46 +0900] "GET /blog/page/2/x-apple-data-detectors:/0/0/page/4/x-apple-data-detectors:/0/0/page/5/x-apple-data-detectors:/0/0/page/10/x-apple-data-detectors:/0/0/page/12/x-apple-data-detectors:/0/0/page/27/ HTTP/1.1" 200 26407 "-" "Mozilla/5.0 (compatible; MJ12bot/v1.4.8; http://mj12bot.com/)"
173.212.226.74 - - [24/Sep/2018:01:55:50 +0900] "GET /blog/page/2/x-apple-data-detectors:/0/0/page/4/x-apple-data-detectors:/0/0/page/5/x-apple-data-detectors:/0/0/page/10/x-apple-data-detectors:/0/0/page/12/x-apple-data-detectors:/0/0/page/28/ HTTP/1.1" 200 26694 "-" "Mozilla/5.0 (compatible; MJ12bot/v1.4.8; http://mj12bot.com/)"
173.212.226.74 - - [24/Sep/2018:01:55:55 +0900] "GET /blog/page/2/x-apple-data-detectors:/0/0/page/4/x-apple-data-detectors:/0/0/page/5/x-apple-data-detectors:/0/0/page/10/x-apple-data-detectors:/0/0/page/12/x-apple-data-detectors:/0/0/page/29/ HTTP/1.1" 200 25887 "-" "Mozilla/5.0 (compatible; MJ12bot/v1.4.8; http://mj12bot.com/)"
173.212.226.74 - - [24/Sep/2018:01:55:59 +0900] "GET /blog/page/2/x-apple-data-detectors:/0/0/page/4/x-apple-data-detectors:/0/0/page/5/x-apple-data-detectors:/0/0/page/10/x-apple-data-detectors:/0/0/page/12/x-apple-data-detectors:/0/0/page/30/ HTTP/1.1" 200 26644 "-" "Mozilla/5.0 (compatible; MJ12bot/v1.4.8; http://mj12bot.com/)"
173.212.226.74 - - [24/Sep/2018:01:56:03 +0900] "GET /blog/page/2/x-apple-data-detectors:/0/0/page/4/x-apple-data-detectors:/0/0/page/5/x-apple-data-detectors:/0/0/page/10/x-apple-data-detectors:/0/0/page/12/x-apple-data-detectors:/0/0/page/31/ HTTP/1.1" 200 26715 "-" "Mozilla/5.0 (compatible; MJ12bot/v1.4.8; http://mj12bot.com/)"
173.212.226.74 - - [24/Sep/2018:01:56:08 +0900] "GET /blog/page/2/x-apple-data-detectors:/0/0/page/4/x-apple-data-detectors:/0/0/page/5/x-apple-data-detectors:/0/0/page/10/x-apple-data-detectors:/0/0/page/5/ HTTP/1.1" 200 31759 "-" "Mozilla/5.0 (compatible; MJ12bot/v1.4.8; http://mj12bot.com/)"
173.212.226.74 - - [24/Sep/2018:01:56:13 +0900] "GET /blog/page/2/x-apple-data-detectors:/0/0/page/4/x-apple-data-detectors:/0/0/page/5/x-apple-data-detectors:/0/0/page/5/x-apple-data-detectors:/0/0/page/10/x-apple-data-detectors:/0/0/page/10/ HTTP/1.1" 200 26832 "-" "Mozilla/5.0 (compatible; MJ12bot/v1.4.8; http://mj12bot.com/)"
173.212.226.74 - - [24/Sep/2018:01:56:20 +0900] "GET /blog/page/2/x-apple-data-detectors:/0/0/page/4/x-apple-data-detectors:/0/0/page/5/x-apple-data-detectors:/0/0/page/5/x-apple-data-detectors:/0/0/page/10/x-apple-data-detectors:/0/0/page/11/ HTTP/1.1" 200 28294 "-" "Mozilla/5.0 (compatible; MJ12bot/v1.4.8; http://mj12bot.com/)"
173.212.226.74 - - [24/Sep/2018:01:56:23 +0900] "GET /blog/page/2/x-apple-data-detectors:/0/0/page/4/x-apple-data-detectors:/0/0/page/5/x-apple-data-detectors:/0/0/page/5/x-apple-data-detectors:/0/0/page/10/x-apple-data-detectors:/0/0/page/12/ HTTP/1.1" 200 27977 "-" "Mozilla/5.0 (compatible; MJ12bot/v1.4.8; http://mj12bot.com/)"
173.212.226.74 - - [24/Sep/2018:01:56:27 +0900] "GET /blog/page/2/x-apple-data-detectors:/0/0/page/4/x-apple-data-detectors:/0/0/page/5/x-apple-data-detectors:/0/0/page/5/x-apple-data-detectors:/0/0/page/10/x-apple-data-detectors:/0/0/page/12/x-apple-data-detectors:/0/0/ HTTP/1.1" 200 27263 "-" "Mozilla/5.0 (compatible; MJ12bot/v1.4.8; http://mj12bot.com/)"
173.212.226.74 - - [24/Sep/2018:01:56:32 +0900] "GET /blog/page/2/x-apple-data-detectors:/0/0/page/4/x-apple-data-detectors:/0/0/page/5/x-apple-data-detectors:/0/0/page/5/x-apple-data-detectors:/0/0/page/10/x-apple-data-detectors:/0/0/page/13/ HTTP/1.1" 200 27258 "-" "Mozilla/5.0 (compatible; MJ12bot/v1.4.8; http://mj12bot.com/)"
173.212.226.74 - - [24/Sep/2018:01:56:38 +0900] "GET /blog/page/2/x-apple-data-detectors:/0/0/page/4/x-apple-data-detectors:/0/0/page/5/x-apple-data-detectors:/0/0/page/5/x-apple-data-detectors:/0/0/page/10/x-apple-data-detectors:/0/0/page/13/x-apple-data-detectors:/0/0/ HTTP/1.1" 200 27263 "-" "Mozilla/5.0 (compatible; MJ12bot/v1.4.8; http://mj12bot.com/)"
219.94.203.142 - - [24/Sep/2018:01:56:42 +0900] "POST /blog/wp-cron.php?doing_wp_cron=1537721802.9560489654541015625000 HTTP/1.0" 502 226 "-" "WordPress/3.5.1; http://www.nishifuna-seitai.com/blog"
173.212.226.74 - - [24/Sep/2018:01:56:42 +0900] "GET /blog/page/2/x-apple-data-detectors:/0/0/page/4/x-apple-data-detectors:/0/0/page/5/x-apple-data-detectors:/0/0/page/5/x-apple-data-detectors:/0/0/page/10/x-apple-data-detectors:/0/0/page/7/ HTTP/1.1" 200 26108 "-" "Mozilla/5.0 (compatible; MJ12bot/v1.4.8; http://mj12bot.com/)"
173.212.226.74 - - [24/Sep/2018:01:56:47 +0900] "GET /blog/page/2/x-apple-data-detectors:/0/0/page/4/x-apple-data-detectors:/0/0/page/5/x-apple-data-detectors:/0/0/page/5/x-apple-data-detectors:/0/0/page/10/x-apple-data-detectors:/0/0/page/9/ HTTP/1.1" 200 27688 "-" "Mozilla/5.0 (compatible; MJ12bot/v1.4.8; http://mj12bot.com/)"
173.212.226.74 - - [24/Sep/2018:01:56:55 +0900] "GET /blog/page/2/x-apple-data-detectors:/0/0/page/4/x-apple-data-detectors:/0/0/page/5/x-apple-data-detectors:/0/0/page/5/x-apple-data-detectors:/0/0/page/11/x-apple-data-detectors:/0/0/page/10/ HTTP/1.1" 200 26832 "-" "Mozilla/5.0 (compatible; MJ12bot/v1.4.8; http://mj12bot.com/)"
173.212.226.74 - - [24/Sep/2018:01:57:00 +0900] "GET /blog/page/2/x-apple-data-detectors:/0/0/page/4/x-apple-data-detectors:/0/0/page/5/x-apple-data-detectors:/0/0/page/5/x-apple-data-detectors:/0/0/page/11/x-apple-data-detectors:/0/0/page/9/ HTTP/1.1" 200 27688 "-" "Mozilla/5.0 (compatible; MJ12bot/v1.4.8; http://mj12bot.com/)"
173.212.226.74 - - [24/Sep/2018:01:57:04 +0900] "GET /blog/page/2/x-apple-data-detectors:/0/0/page/4/x-apple-data-detectors:/0/0/page/5/x-apple-data-detectors:/0/0/page/5/x-apple-data-detectors:/0/0/page/32/ HTTP/1.1" 200 25717 "-" "Mozilla/5.0 (compatible; MJ12bot/v1.4.8; http://mj12bot.com/)"
173.212.226.74 - - [24/Sep/2018:01:57:08 +0900] "GET /blog/page/2/x-apple-data-detectors:/0/0/page/4/x-apple-data-detectors:/0/0/page/5/x-apple-data-detectors:/0/0/page/5/x-apple-data-detectors:/0/0/page/6/x-apple-data-detectors:/0/0/page/11/ HTTP/1.1" 200 28291 "-" "Mozilla/5.0 (compatible; MJ12bot/v1.4.8; http://mj12bot.com/)"
173.212.226.74 - - [24/Sep/2018:01:57:13 +0900] "GET /blog/page/2/x-apple-data-detectors:/0/0/page/4/x-apple-data-detectors:/0/0/page/5/x-apple-data-detectors:/0/0/page/5/x-apple-data-detectors:/0/0/page/6/x-apple-data-detectors:/0/0/page/4/ HTTP/1.1" 200 32036 "-" "Mozilla/5.0 (compatible; MJ12bot/v1.4.8; http://mj12bot.com/)"
173.212.226.74 - - [24/Sep/2018:01:57:18 +0900] "GET /blog/page/2/x-apple-data-detectors:/0/0/page/4/x-apple-data-detectors:/0/0/page/5/x-apple-data-detectors:/0/0/page/5/x-apple-data-detectors:/0/0/page/7/x-apple-data-detectors:/0/0/page/10/ HTTP/1.1" 200 26829 "-" "Mozilla/5.0 (compatible; MJ12bot/v1.4.8; http://mj12bot.com/)"
173.212.226.74 - - [24/Sep/2018:01:57:23 +0900] "GET /blog/page/2/x-apple-data-detectors:/0/0/page/4/x-apple-data-detectors:/0/0/page/5/x-apple-data-detectors:/0/0/page/5/x-apple-data-detectors:/0/0/page/7/x-apple-data-detectors:/0/0/page/11/ HTTP/1.1" 200 28291 "-" "Mozilla/5.0 (compatible; MJ12bot/v1.4.8; http://mj12bot.com/)"
173.212.226.74 - - [24/Sep/2018:01:57:29 +0900] "GET /blog/page/2/x-apple-data-detectors:/0/0/page/4/x-apple-data-detectors:/0/0/page/5/x-apple-data-detectors:/0/0/page/5/x-apple-data-detectors:/0/0/page/7/x-apple-data-detectors:/0/0/page/12/ HTTP/1.1" 200 27974 "-" "Mozilla/5.0 (compatible; MJ12bot/v1.4.8; http://mj12bot.com/)"
173.212.226.74 - - [24/Sep/2018:01:57:35 +0900] "GET /blog/page/2/x-apple-data-detectors:/0/0/page/4/x-apple-data-detectors:/0/0/page/5/x-apple-data-detectors:/0/0/page/5/x-apple-data-detectors:/0/0/page/7/x-apple-data-detectors:/0/0/page/12/x-apple-data-detectors:/0/0/ HTTP/1.1" 200 27261 "-" "Mozilla/5.0 (compatible; MJ12bot/v1.4.8; http://mj12bot.com/)"
173.212.226.74 - - [24/Sep/2018:01:57:43 +0900] "GET /blog/page/2/x-apple-data-detectors:/0/0/page/4/x-apple-data-detectors:/0/0/page/5/x-apple-data-detectors:/0/0/page/5/x-apple-data-detectors:/0/0/page/7/x-apple-data-detectors:/0/0/page/12/x-apple-data-detectors:/0/0/page/2/ HTTP/1.1" 200 28902 "-" "Mozilla/5.0 (compatible; MJ12bot/v1.4.8; http://mj12bot.com/)"
173.212.226.74 - - [24/Sep/2018:01:57:54 +0900] "GET /blog/page/2/x-apple-data-detectors:/0/0/page/4/x-apple-data-detectors:/0/0/page/5/x-apple-data-detectors:/0/0/page/5/x-apple-data-detectors:/0/0/page/7/x-apple-data-detectors:/0/0/page/12/x-apple-data-detectors:/0/0/page/3/ HTTP/1.1" 200 30268 "-" "Mozilla/5.0 (compatible; MJ12bot/v1.4.8; http://mj12bot.com/)"
173.212.226.74 - - [24/Sep/2018:01:58:06 +0900] "GET /blog/page/2/x-apple-data-detectors:/0/0/page/4/x-apple-data-detectors:/0/0/page/5/x-apple-data-detectors:/0/0/page/5/x-apple-data-detectors:/0/0/page/7/x-apple-data-detectors:/0/0/page/12/x-apple-data-detectors:/0/0/page/4/ HTTP/1.1" 200 32144 "-" "Mozilla/5.0 (compatible; MJ12bot/v1.4.8; http://mj12bot.com/)"
144.76.29.84 - - [24/Sep/2018:01:58:08 +0900] "GET /robots.txt HTTP/1.1" 404 2275 "-" "Mozilla/5.0 (compatible; MJ12bot/v1.4.8; http://mj12bot.com/)"
5.9.70.72 - - [24/Sep/2018:01:58:10 +0900] "GET /robots.txt HTTP/1.1" 404 2275 "-" "Mozilla/5.0 (compatible; MJ12bot/v1.4.8; http://mj12bot.com/)"
144.76.29.84 - - [24/Sep/2018:01:58:10 +0900] "GET /blog/page/7/x-apple-data-detectors:/0/0/page/10/x-apple-data-detectors:/0/0/page/11/x-apple-data-detectors:/0/0/page/13/x-apple-data-detectors://0/0 HTTP/1.1" 301 - "-" "Mozilla/5.0 (compatible; MJ12bot/v1.4.8; http://mj12bot.com/)"
5.9.70.72 - - [24/Sep/2018:01:58:12 +0900] "GET /blog/page/3/x-apple-data-detectors:/0/0/page/11/x-apple-data-detectors:/0/0/page/12/x-apple-data-detectors:/0/0/page/2/ HTTP/1.1" 200 28590 "-" "Mozilla/5.0 (compatible; MJ12bot/v1.4.8; http://mj12bot.com/)"
144.76.29.84 - - [24/Sep/2018:01:58:12 +0900] "GET /blog/page/7/x-apple-data-detectors:/0/0/page/10/x-apple-data-detectors:/0/0/page/11/x-apple-data-detectors:/0/0/page/13/x-apple-data-detectors:/0/0/ HTTP/1.1" 200 27125 "-" "Mozilla/5.0 (compatible; MJ12bot/v1.4.8; http://mj12bot.com/)"
144.76.29.84 - - [24/Sep/2018:01:58:15 +0900] "GET /blog/page/7/x-apple-data-detectors:/0/0/page/10/x-apple-data-detectors:/0/0/page/11/x-apple-data-detectors:/0/0/page/13/x-apple-data-detectors:/0/0/ HTTP/1.1" 200 27125 "-" "Mozilla/5.0 (compatible; MJ12bot/v1.4.8; http://mj12bot.com/)"
5.9.70.72 - - [24/Sep/2018:01:58:15 +0900] "GET /blog/page/3/x-apple-data-detectors:/0/0/page/11/x-apple-data-detectors:/0/0/page/12/x-apple-data-detectors:/0/0/page/3/ HTTP/1.1" 200 29956 "-" "Mozilla/5.0 (compatible; MJ12bot/v1.4.8; http://mj12bot.com/)"
5.9.70.72 - - [24/Sep/2018:01:58:18 +0900] "GET /blog/page/3/x-apple-data-detectors:/0/0/page/11/x-apple-data-detectors:/0/0/page/12/x-apple-data-detectors:/0/0/page/4/ HTTP/1.1" 200 31832 "-" "Mozilla/5.0 (compatible; MJ12bot/v1.4.8; http://mj12bot.com/)"
144.76.29.84 - - [24/Sep/2018:01:58:18 +0900] "GET /blog/page/7/x-apple-data-detectors:/0/0/page/10/x-apple-data-detectors:/0/0/page/11/x-apple-data-detectors:/0/0/page/14/ HTTP/1.1" 200 27198 "-" "Mozilla/5.0 (compatible; MJ12bot/v1.4.8; http://mj12bot.com/)"
5.9.70.72 - - [24/Sep/2018:01:58:21 +0900] "GET /blog/page/3/x-apple-data-detectors:/0/0/page/11/x-apple-data-detectors:/0/0/page/12/x-apple-data-detectors:/0/0/page/5/ HTTP/1.1" 200 31657 "-" "Mozilla/5.0 (compatible; MJ12bot/v1.4.8; http://mj12bot.com/)"
173.212.226.74 - - [24/Sep/2018:01:58:21 +0900] "GET /blog/page/2/x-apple-data-detectors:/0/0/page/4/x-apple-data-detectors:/0/0/page/5/x-apple-data-detectors:/0/0/page/5/x-apple-data-detectors:/0/0/page/7/x-apple-data-detectors:/0/0/page/12/x-apple-data-detectors:/0/0/page/5/ HTTP/1.1" 200 31969 "-" "Mozilla/5.0 (compatible; MJ12bot/v1.4.8; http://mj12bot.com/)"
144.76.29.84 - - [24/Sep/2018:01:58:21 +0900] "GET /blog/page/7/x-apple-data-detectors:/0/0/page/10/x-apple-data-detectors:/0/0/page/11/x-apple-data-detectors:/0/0/page/15/ HTTP/1.1" 200 30908 "-" "Mozilla/5.0 (compatible; MJ12bot/v1.4.8; http://mj12bot.com/)"
5.9.70.72 - - [24/Sep/2018:01:58:24 +0900] "GET /blog/page/3/x-apple-data-detectors:/0/0/page/11/x-apple-data-detectors:/0/0/page/13/ HTTP/1.1" 200 26943 "-" "Mozilla/5.0 (compatible; MJ12bot/v1.4.8; http://mj12bot.com/)"
144.76.29.84 - - [24/Sep/2018:01:58:24 +0900] "GET /blog/page/7/x-apple-data-detectors:/0/0/page/10/x-apple-data-detectors:/0/0/page/11/x-apple-data-detectors:/0/0/page/17/ HTTP/1.1" 200 33218 "-" "Mozilla/5.0 (compatible; MJ12bot/v1.4.8; http://mj12bot.com/)"
5.9.70.72 - - [24/Sep/2018:01:58:27 +0900] "GET /blog/page/3/x-apple-data-detectors:/0/0/page/11/x-apple-data-detectors:/0/0/page/13/x-apple-data-detectors://0/0 HTTP/1.1" 301 - "-" "Mozilla/5.0 (compatible; MJ12bot/v1.4.8; http://mj12bot.com/)"
144.76.29.84 - - [24/Sep/2018:01:58:28 +0900] "GET /blog/page/7/x-apple-data-detectors:/0/0/page/10/x-apple-data-detectors:/0/0/page/11/x-apple-data-detectors:/0/0/page/19/ HTTP/1.1" 200 30610 "-" "Mozilla/5.0 (compatible; MJ12bot/v1.4.8; http://mj12bot.com/)"
5.9.70.72 - - [24/Sep/2018:01:58:30 +0900] "GET /blog/page/3/x-apple-data-detectors:/0/0/page/11/x-apple-data-detectors:/0/0/page/13/x-apple-data-detectors:/0/0/ HTTP/1.1" 200 27053 "-" "Mozilla/5.0 (compatible; MJ12bot/v1.4.8; http://mj12bot.com/)"
144.76.29.84 - - [24/Sep/2018:01:58:31 +0900] "GET /blog/page/7/x-apple-data-detectors:/0/0/page/11/x-apple-data-detectors:/0/0/page/10/ HTTP/1.1" 200 26517 "-" "Mozilla/5.0 (compatible; MJ12bot/v1.4.8; http://mj12bot.com/)"
173.212.226.74 - - [24/Sep/2018:01:58:31 +0900] "GET /blog/page/2/x-apple-data-detectors:/0/0/page/4/x-apple-data-detectors:/0/0/page/5/x-apple-data-detectors:/0/0/page/5/x-apple-data-detectors:/0/0/page/7/x-apple-data-detectors:/0/0/page/13/ HTTP/1.1" 200 27255 "-" "Mozilla/5.0 (compatible; MJ12bot/v1.4.8; http://mj12bot.com/)"
5.9.70.72 - - [24/Sep/2018:01:58:33 +0900] "GET /blog/page/3/x-apple-data-detectors:/0/0/page/11/x-apple-data-detectors:/0/0/page/13/x-apple-data-detectors:/0/0/ HTTP/1.1" 200 27053 "-" "Mozilla/5.0 (compatible; MJ12bot/v1.4.8; http://mj12bot.com/)"
144.76.29.84 - - [24/Sep/2018:01:58:34 +0900] "GET /blog/page/7/x-apple-data-detectors:/0/0/page/11/x-apple-data-detectors:/0/0/page/12/ HTTP/1.1" 200 27662 "-" "Mozilla/5.0 (compatible; MJ12bot/v1.4.8; http://mj12bot.com/)"
5.9.70.72 - - [24/Sep/2018:01:58:36 +0900] "GET /blog/page/3/x-apple-data-detectors:/0/0/page/11/x-apple-data-detectors:/0/0/page/14/ HTTP/1.1" 200 27090 "-" "Mozilla/5.0 (compatible; MJ12bot/v1.4.8; http://mj12bot.com/)"
144.76.29.84 - - [24/Sep/2018:01:58:38 +0900] "GET /blog/page/7/x-apple-data-detectors:/0/0/page/11/x-apple-data-detectors:/0/0/page/12/x-apple-data-detectors://0/0 HTTP/1.1" 301 - "-" "Mozilla/5.0 (compatible; MJ12bot/v1.4.8; http://mj12bot.com/)"
5.9.70.72 - - [24/Sep/2018:01:58:39 +0900] "GET /blog/page/3/x-apple-data-detectors:/0/0/page/11/x-apple-data-detectors:/0/0/page/15/ HTTP/1.1" 200 30800 "-" "Mozilla/5.0 (compatible; MJ12bot/v1.4.8; http://mj12bot.com/)"
144.76.29.84 - - [24/Sep/2018:01:58:40 +0900] "GET /blog/page/7/x-apple-data-detectors:/0/0/page/11/x-apple-data-detectors:/0/0/page/12/x-apple-data-detectors:/0/0/ HTTP/1.1" 200 27053 "-" "Mozilla/5.0 (compatible; MJ12bot/v1.4.8; http://mj12bot.com/)"
219.94.203.142 - - [24/Sep/2018:01:58:42 +0900] "POST /blog/wp-cron.php?doing_wp_cron=1537721922.7546930313110351562500 HTTP/1.0" 502 226 "-" "WordPress/3.5.1; http://www.nishifuna-seitai.com/blog"
5.9.70.72 - - [24/Sep/2018:01:58:42 +0900] "GET /blog/page/3/x-apple-data-detectors:/0/0/page/11/x-apple-data-detectors:/0/0/page/16/ HTTP/1.1" 200 31384 "-" "Mozilla/5.0 (compatible; MJ12bot/v1.4.8; http://mj12bot.com/)"
173.212.226.74 - - [24/Sep/2018:01:58:42 +0900] "GET /blog/page/2/x-apple-data-detectors:/0/0/page/4/x-apple-data-detectors:/0/0/page/5/x-apple-data-detectors:/0/0/page/5/x-apple-data-detectors:/0/0/page/7/x-apple-data-detectors:/0/0/page/14/ HTTP/1.1" 200 27402 "-" "Mozilla/5.0 (compatible; MJ12bot/v1.4.8; http://mj12bot.com/)"
144.76.29.84 - - [24/Sep/2018:01:58:43 +0900] "GET /blog/page/7/x-apple-data-detectors:/0/0/page/11/x-apple-data-detectors:/0/0/page/12/x-apple-data-detectors:/0/0/ HTTP/1.1" 200 27053 "-" "Mozilla/5.0 (compatible; MJ12bot/v1.4.8; http://mj12bot.com/)"
5.9.70.72 - - [24/Sep/2018:01:58:45 +0900] "GET /blog/page/3/x-apple-data-detectors:/0/0/page/11/x-apple-data-detectors:/0/0/page/16/x-apple-data-detectors://0/0 HTTP/1.1" 301 - "-" "Mozilla/5.0 (compatible; MJ12bot/v1.4.8; http://mj12bot.com/)"
144.76.29.84 - - [24/Sep/2018:01:58:46 +0900] "GET /blog/page/7/x-apple-data-detectors:/0/0/page/11/x-apple-data-detectors:/0/0/page/12/x-apple-data-detectors:/0/0/page/2/ HTTP/1.1" 200 28590 "-" "Mozilla/5.0 (compatible; MJ12bot/v1.4.8; http://mj12bot.com/)"
5.9.70.72 - - [24/Sep/2018:01:58:48 +0900] "GET /blog/page/3/x-apple-data-detectors:/0/0/page/11/x-apple-data-detectors:/0/0/page/16/x-apple-data-detectors:/0/0/ HTTP/1.1" 200 27053 "-" "Mozilla/5.0 (compatible; MJ12bot/v1.4.8; http://mj12bot.com/)"
144.76.29.84 - - [24/Sep/2018:01:58:50 +0900] "GET /blog/page/7/x-apple-data-detectors:/0/0/page/11/x-apple-data-detectors:/0/0/page/12/x-apple-data-detectors:/0/0/page/4/ HTTP/1.1" 200 31832 "-" "Mozilla/5.0 (compatible; MJ12bot/v1.4.8; http://mj12bot.com/)"
5.9.70.72 - - [24/Sep/2018:01:58:51 +0900] "GET /blog/page/3/x-apple-data-detectors:/0/0/page/11/x-apple-data-detectors:/0/0/page/16/x-apple-data-detectors:/0/0/ HTTP/1.1" 200 27053 "-" "Mozilla/5.0 (compatible; MJ12bot/v1.4.8; http://mj12bot.com/)"
173.212.226.74 - - [24/Sep/2018:01:58:52 +0900] "GET /blog/page/2/x-apple-data-detectors:/0/0/page/4/x-apple-data-detectors:/0/0/page/5/x-apple-data-detectors:/0/0/page/5/x-apple-data-detectors:/0/0/page/7/x-apple-data-detectors:/0/0/page/15/ HTTP/1.1" 200 31112 "-" "Mozilla/5.0 (compatible; MJ12bot/v1.4.8; http://mj12bot.com/)"
144.76.29.84 - - [24/Sep/2018:01:58:53 +0900] "GET /blog/page/7/x-apple-data-detectors:/0/0/page/11/x-apple-data-detectors:/0/0/page/14/ HTTP/1.1" 200 27090 "-" "Mozilla/5.0 (compatible; MJ12bot/v1.4.8; http://mj12bot.com/)"
5.9.70.72 - - [24/Sep/2018:01:58:54 +0900] "GET /blog/page/3/x-apple-data-detectors:/0/0/page/11/x-apple-data-detectors:/0/0/page/17/ HTTP/1.1" 200 33110 "-" "Mozilla/5.0 (compatible; MJ12bot/v1.4.8; http://mj12bot.com/)"
144.76.29.84 - - [24/Sep/2018:01:58:56 +0900] "GET /blog/page/7/x-apple-data-detectors:/0/0/page/11/x-apple-data-detectors:/0/0/page/16/ HTTP/1.1" 200 31384 "-" "Mozilla/5.0 (compatible; MJ12bot/v1.4.8; http://mj12bot.com/)"
5.9.70.72 - - [24/Sep/2018:01:58:57 +0900] "GET /blog/page/3/x-apple-data-detectors:/0/0/page/11/x-apple-data-detectors:/0/0/page/3/ HTTP/1.1" 200 29848 "-" "Mozilla/5.0 (compatible; MJ12bot/v1.4.8; http://mj12bot.com/)"
144.76.29.84 - - [24/Sep/2018:01:58:59 +0900] "GET /blog/page/7/x-apple-data-detectors:/0/0/page/11/x-apple-data-detectors:/0/0/page/5/ HTTP/1.1" 200 31549 "-" "Mozilla/5.0 (compatible; MJ12bot/v1.4.8; http://mj12bot.com/)"
5.9.70.72 - - [24/Sep/2018:01:59:00 +0900] "GET /blog/page/3/x-apple-data-detectors:/0/0/page/11/x-apple-data-detectors:/0/0/page/4/ HTTP/1.1" 200 31724 "-" "Mozilla/5.0 (compatible; MJ12bot/v1.4.8; http://mj12bot.com/)"
144.76.29.84 - - [24/Sep/2018:01:59:02 +0900] "GET /blog/page/7/x-apple-data-detectors:/0/0/page/11/x-apple-data-detectors:/0/0/page/6/ HTTP/1.1" 200 30361 "-" "Mozilla/5.0 (compatible; MJ12bot/v1.4.8; http://mj12bot.com/)"
173.212.226.74 - - [24/Sep/2018:01:59:02 +0900] "GET /blog/page/2/x-apple-data-detectors:/0/0/page/4/x-apple-data-detectors:/0/0/page/5/x-apple-data-detectors:/0/0/page/5/x-apple-data-detectors:/0/0/page/7/x-apple-data-detectors:/0/0/page/16/ HTTP/1.1" 200 31696 "-" "Mozilla/5.0 (compatible; MJ12bot/v1.4.8; http://mj12bot.com/)"
5.9.70.72 - - [24/Sep/2018:01:59:03 +0900] "GET /blog/page/3/x-apple-data-detectors:/0/0/page/11/x-apple-data-detectors:/0/0/page/8/ HTTP/1.1" 200 27414 "-" "Mozilla/5.0 (compatible; MJ12bot/v1.4.8; http://mj12bot.com/)"
144.76.29.84 - - [24/Sep/2018:01:59:05 +0900] "GET /blog/page/7/x-apple-data-detectors:/0/0/page/11/x-apple-data-detectors:/0/0/page/8/ HTTP/1.1" 200 27414 "-" "Mozilla/5.0 (compatible; MJ12bot/v1.4.8; http://mj12bot.com/)"
5.9.70.72 - - [24/Sep/2018:01:59:06 +0900] "GET /blog/page/3/x-apple-data-detectors:/0/0/page/11/x-apple-data-detectors:/0/0/page/9/ HTTP/1.1" 200 27373 "-" "Mozilla/5.0 (compatible; MJ12bot/v1.4.8; http://mj12bot.com/)"
144.76.29.84 - - [24/Sep/2018:01:59:08 +0900] "GET /blog/page/7/x-apple-data-detectors:/0/0/page/11/x-apple-data-detectors:/0/0/page/9/ HTTP/1.1" 200 27373 "-" "Mozilla/5.0 (compatible; MJ12bot/v1.4.8; http://mj12bot.com/)"
5.9.70.72 - - [24/Sep/2018:01:59:09 +0900] "GET /blog/page/3/x-apple-data-detectors:/0/0/page/12/x-apple-data-detectors:/0/0/page/12/x-apple-data-detectors://0/0 HTTP/1.1" 301 - "-" "Mozilla/5.0 (compatible; MJ12bot/v1.4.8; http://mj12bot.com/)"
144.76.29.84 - - [24/Sep/2018:01:59:12 +0900] "GET /blog/page/8/x-apple-data-detectors:/0/0/page/10/x-apple-data-detectors:/0/0/page/12/x-apple-data-detectors:/0/0/page/12/x-apple-data-detectors://0/0 HTTP/1.1" 301 - "-" "Mozilla/5.0 (compatible; MJ12bot/v1.4.8; http://mj12bot.com/)"
5.9.70.72 - - [24/Sep/2018:01:59:12 +0900] "GET /blog/page/3/x-apple-data-detectors:/0/0/page/12/x-apple-data-detectors:/0/0/page/12/x-apple-data-detectors:/0/0/ HTTP/1.1" 200 27053 "-" "Mozilla/5.0 (compatible; MJ12bot/v1.4.8; http://mj12bot.com/)"
173.212.226.74 - - [24/Sep/2018:01:59:13 +0900] "GET /blog/page/2/x-apple-data-detectors:/0/0/page/4/x-apple-data-detectors:/0/0/page/5/x-apple-data-detectors:/0/0/page/5/x-apple-data-detectors:/0/0/page/7/x-apple-data-detectors:/0/0/page/17/ HTTP/1.1" 200 33422 "-" "Mozilla/5.0 (compatible; MJ12bot/v1.4.8; http://mj12bot.com/)"
144.76.29.84 - - [24/Sep/2018:01:59:14 +0900] "GET /blog/page/8/x-apple-data-detectors:/0/0/page/10/x-apple-data-detectors:/0/0/page/12/x-apple-data-detectors:/0/0/page/12/x-apple-data-detectors:/0/0/ HTTP/1.1" 200 27125 "-" "Mozilla/5.0 (compatible; MJ12bot/v1.4.8; http://mj12bot.com/)"
5.9.70.72 - - [24/Sep/2018:01:59:15 +0900] "GET /blog/page/3/x-apple-data-detectors:/0/0/page/12/x-apple-data-detectors:/0/0/page/12/x-apple-data-detectors:/0/0/ HTTP/1.1" 200 27053 "-" "Mozilla/5.0 (compatible; MJ12bot/v1.4.8; http://mj12bot.com/)"
192.151.145.178 - - [24/Sep/2018:01:59:18 +0900] "GET /robots.txt HTTP/1.1" 404 2275 "-" "Mozilla/5.0 (compatible; MJ12bot/v1.4.8; http://mj12bot.com/)"
144.76.29.84 - - [24/Sep/2018:01:59:17 +0900] "GET /blog/page/8/x-apple-data-detectors:/0/0/page/10/x-apple-data-detectors:/0/0/page/12/x-apple-data-detectors:/0/0/page/12/x-apple-data-detectors:/0/0/ HTTP/1.1" 200 27125 "-" "Mozilla/5.0 (compatible; MJ12bot/v1.4.8; http://mj12bot.com/)"
5.9.70.72 - - [24/Sep/2018:01:59:18 +0900] "GET /blog/page/3/x-apple-data-detectors:/0/0/page/12/x-apple-data-detectors:/0/0/page/12/x-apple-data-detectors:/0/0/page/10/ HTTP/1.1" 200 26625 "-" "Mozilla/5.0 (compatible; MJ12bot/v1.4.8; http://mj12bot.com/)"
192.151.145.178 - - [24/Sep/2018:01:59:21 +0900] "GET /blog/%E6%9C%AA%E5%88%86%E9%A1%9E/kiji1488/x-apple-data-detectors:/0/0/page/3/x-apple-data-detectors:/0/0/page/12/x-apple-data-detectors:/0/0/page/12/x-apple-data-detectors:/0/0/page/16/x-apple-data-detectors://0/0 HTTP/1.1" 301 - "-" "Mozilla/5.0 (compatible; MJ12bot/v1.4.8; http://mj12bot.com/)"
5.9.70.72 - - [24/Sep/2018:01:59:21 +0900] "GET /blog/page/3/x-apple-data-detectors:/0/0/page/12/x-apple-data-detectors:/0/0/page/12/x-apple-data-detectors:/0/0/page/2/ HTTP/1.1" 200 28590 "-" "Mozilla/5.0 (compatible; MJ12bot/v1.4.8; http://mj12bot.com/)"
144.76.29.84 - - [24/Sep/2018:01:59:21 +0900] "GET /blog/page/8/x-apple-data-detectors:/0/0/page/42/ HTTP/1.1" 200 26552 "-" "Mozilla/5.0 (compatible; MJ12bot/v1.4.8; http://mj12bot.com/)"
192.151.145.178 - - [24/Sep/2018:01:59:23 +0900] "GET /blog/%E6%9C%AA%E5%88%86%E9%A1%9E/kiji1488/x-apple-data-detectors:/0/0/page/3/x-apple-data-detectors:/0/0/page/12/x-apple-data-detectors:/0/0/page/12/x-apple-data-detectors:/0/0/page/16/x-apple-data-detectors:/0/0/ HTTP/1.1" 200 27255 "-" "Mozilla/5.0 (compatible; MJ12bot/v1.4.8; http://mj12bot.com/)"
5.9.70.72 - - [24/Sep/2018:01:59:24 +0900] "GET /blog/page/3/x-apple-data-detectors:/0/0/page/12/x-apple-data-detectors:/0/0/page/12/x-apple-data-detectors:/0/0/page/3/ HTTP/1.1" 200 29956 "-" "Mozilla/5.0 (compatible; MJ12bot/v1.4.8; http://mj12bot.com/)"
144.76.29.84 - - [24/Sep/2018:01:59:25 +0900] "GET /blog/page/8/x-apple-data-detectors:/0/0/page/44/ HTTP/1.1" 200 26155 "-" "Mozilla/5.0 (compatible; MJ12bot/v1.4.8; http://mj12bot.com/)"
173.212.226.74 - - [24/Sep/2018:01:59:26 +0900] "GET /blog/page/2/x-apple-data-detectors:/0/0/page/4/x-apple-data-detectors:/0/0/page/5/x-apple-data-detectors:/0/0/page/5/x-apple-data-detectors:/0/0/page/7/x-apple-data-detectors:/0/0/page/7/ HTTP/1.1" 200 26105 "-" "Mozilla/5.0 (compatible; MJ12bot/v1.4.8; http://mj12bot.com/)"
192.151.145.178 - - [24/Sep/2018:01:59:27 +0900] "GET /blog/%E6%9C%AA%E5%88%86%E9%A1%9E/kiji1488/x-apple-data-detectors:/0/0/page/3/x-apple-data-detectors:/0/0/page/12/x-apple-data-detectors:/0/0/page/12/x-apple-data-detectors:/0/0/page/39/ HTTP/1.1" 200 26132 "-" "Mozilla/5.0 (compatible; MJ12bot/v1.4.8; http://mj12bot.com/)"
5.9.70.72 - - [24/Sep/2018:01:59:27 +0900] "GET /blog/page/3/x-apple-data-detectors:/0/0/page/12/x-apple-data-detectors:/0/0/page/12/x-apple-data-detectors:/0/0/page/4/ HTTP/1.1" 200 31832 "-" "Mozilla/5.0 (compatible; MJ12bot/v1.4.8; http://mj12bot.com/)"
144.76.29.84 - - [24/Sep/2018:01:59:28 +0900] "GET /blog/page/8/x-apple-data-detectors:/0/0/page/45/ HTTP/1.1" 200 26002 "-" "Mozilla/5.0 (compatible; MJ12bot/v1.4.8; http://mj12bot.com/)"
192.151.145.178 - - [24/Sep/2018:01:59:30 +0900] "GET /blog/%E6%9C%AA%E5%88%86%E9%A1%9E/kiji1488/x-apple-data-detectors:/0/0/page/3/x-apple-data-detectors:/0/0/page/16/x-apple-data-detectors://0/0 HTTP/1.1" 301 - "-" "Mozilla/5.0 (compatible; MJ12bot/v1.4.8; http://mj12bot.com/)"
