113.158.238.142 - - [23/Sep/2018:17:31:07 +0900] "GET /blog/wp-content/themes/twentytwelve/js/navigation.js?ver=1.0 HTTP/1.1" 200 863 "http://www.nishifuna-seitai.com/blog/%E6%9C%AA%E5%88%86%E9%A1%9E/kiji1342/" "Mozilla/5.0 (iPhone; CPU iPhone OS 11_2_5 like Mac OS X) AppleWebKit/604.5.6 (KHTML, like Gecko) Version/11.0 Mobile/15D60 Safari/604.1"
113.158.238.142 - - [23/Sep/2018:17:31:07 +0900] "GET /blog/wp-content/themes/twentytwelve/style.css?ver=3.5.1 HTTP/1.1" 200 35292 "http://www.nishifuna-seitai.com/blog/%E6%9C%AA%E5%88%86%E9%A1%9E/kiji1342/" "Mozilla/5.0 (iPhone; CPU iPhone OS 11_2_5 like Mac OS X) AppleWebKit/604.5.6 (KHTML, like Gecko) Version/11.0 Mobile/15D60 Safari/604.1"
113.158.238.142 - - [23/Sep/2018:17:31:07 +0900] "GET /blog/wp-content/uploads/2014/12/IMG_1018.jpg HTTP/1.1" 200 657369 "http://www.nishifuna-seitai.com/blog/%E6%9C%AA%E5%88%86%E9%A1%9E/kiji1342/" "Mozilla/5.0 (iPhone; CPU iPhone OS 11_2_5 like Mac OS X) AppleWebKit/604.5.6 (KHTML, like Gecko) Version/11.0 Mobile/15D60 Safari/604.1"
113.158.238.142 - - [23/Sep/2018:17:31:07 +0900] "GET /blog/wp-content/uploads/2012/12/h2_index2.png HTTP/1.1" 200 394553 "http://www.nishifuna-seitai.com/blog/%E6%9C%AA%E5%88%86%E9%A1%9E/kiji1342/" "Mozilla/5.0 (iPhone; CPU iPhone OS 11_2_5 like Mac OS X) AppleWebKit/604.5.6 (KHTML, like Gecko) Version/11.0 Mobile/15D60 Safari/604.1"
113.158.238.142 - - [23/Sep/2018:17:31:14 +0900] "GET /blog/%e6%9c%aa%e5%88%86%e9%a1%9e/kiji1341/ HTTP/1.1" 200 17196 "http://www.nishifuna-seitai.com/blog/%E6%9C%AA%E5%88%86%E9%A1%9E/kiji1342/" "Mozilla/5.0 (iPhone; CPU iPhone OS 11_2_5 like Mac OS X) AppleWebKit/604.5.6 (KHTML, like Gecko) Version/11.0 Mobile/15D60 Safari/604.1"
46.229.168.149 - - [23/Sep/2018:17:31:25 +0900] "GET /blog/%E6%9C%AA%E5%88%86%E9%A1%9E/kiji1756/ HTTP/1.1" 200 18998 "-" "Mozilla/5.0 (compatible; SemrushBot/2~bl; +http://www.semrush.com/bot.html)"
54.36.148.79 - - [23/Sep/2018:17:32:12 +0900] "GET /blog/%E6%9C%AA%E5%88%86%E9%A1%9E/kiji1393/ HTTP/1.1" 200 17628 "-" "Mozilla/5.0 (compatible; AhrefsBot/5.2; +http://ahrefs.com/robot/)"
219.94.203.142 - - [23/Sep/2018:17:33:23 +0900] "POST /blog/wp-cron.php?doing_wp_cron=1537691602.9887120723724365234375 HTTP/1.0" 502 226 "-" "WordPress/3.5.1; http://www.nishifuna-seitai.com/blog"
46.229.168.133 - - [23/Sep/2018:17:33:22 +0900] "GET /blog/date/2015/03/page/2/ HTTP/1.1" 200 30555 "-" "Mozilla/5.0 (compatible; SemrushBot/2~bl; +http://www.semrush.com/bot.html)"
219.94.203.142 - - [23/Sep/2018:17:37:46 +0900] "POST /blog/wp-cron.php?doing_wp_cron=1537691866.3026280403137207031250 HTTP/1.0" 502 226 "-" "WordPress/3.5.1; http://www.nishifuna-seitai.com/blog"
46.229.168.132 - - [23/Sep/2018:17:37:46 +0900] "GET /blog/%E6%9C%AA%E5%88%86%E9%A1%9E/kiji86/ HTTP/1.1" 200 17536 "-" "Mozilla/5.0 (compatible; SemrushBot/2~bl; +http://www.semrush.com/bot.html)"
219.94.203.142 - - [23/Sep/2018:17:45:22 +0900] "POST /blog/wp-cron.php?doing_wp_cron=1537692322.2691659927368164062500 HTTP/1.0" 502 226 "-" "WordPress/3.5.1; http://www.nishifuna-seitai.com/blog"
46.229.168.129 - - [23/Sep/2018:17:45:21 +0900] "GET /blog/%E3%82%B9%E3%82%BF%E3%83%83%E3%83%95%E3%82%88%E3%82%8A/kiji1051/ HTTP/1.1" 200 17694 "-" "Mozilla/5.0 (compatible; SemrushBot/2~bl; +http://www.semrush.com/bot.html)"
40.77.167.89 - - [23/Sep/2018:17:45:40 +0900] "GET /blog/%E6%9C%AA%E5%88%86%E9%A1%9E/kiji1264/ HTTP/1.1" 200 16983 "-" "Mozilla/5.0 (compatible; bingbot/2.0; +http://www.bing.com/bingbot.htm)"
40.77.167.89 - - [23/Sep/2018:17:45:41 +0900] "GET /blog/%E6%9C%AA%E5%88%86%E9%A1%9E/kiji1341/ HTTP/1.1" 200 17196 "-" "Mozilla/5.0 (compatible; bingbot/2.0; +http://www.bing.com/bingbot.htm)"
40.77.167.89 - - [23/Sep/2018:17:45:42 +0900] "GET /blog/%E6%9C%AA%E5%88%86%E9%A1%9E/kiji1394/ HTTP/1.1" 200 17300 "-" "Mozilla/5.0 (compatible; bingbot/2.0; +http://www.bing.com/bingbot.htm)"
40.77.167.89 - - [23/Sep/2018:17:45:43 +0900] "GET /blog/%E6%9C%AA%E5%88%86%E9%A1%9E/kiji1406/ HTTP/1.1" 200 17863 "-" "Mozilla/5.0 (compatible; bingbot/2.0; +http://www.bing.com/bingbot.htm)"
40.77.167.89 - - [23/Sep/2018:17:45:43 +0900] "GET /blog/%e6%9c%aa%e5%88%86%e9%a1%9e/kiji1100/ HTTP/1.1" 200 17242 "-" "Mozilla/5.0 (compatible; bingbot/2.0; +http://www.bing.com/bingbot.htm)"
40.77.167.89 - - [23/Sep/2018:17:45:44 +0900] "GET /blog/%e6%9c%aa%e5%88%86%e9%a1%9e/kiji1139/ HTTP/1.1" 200 16754 "-" "Mozilla/5.0 (compatible; bingbot/2.0; +http://www.bing.com/bingbot.htm)"
40.77.167.89 - - [23/Sep/2018:17:45:45 +0900] "GET /blog/%e6%9c%aa%e5%88%86%e9%a1%9e/kiji1861/ HTTP/1.1" 200 18973 "-" "Mozilla/5.0 (compatible; bingbot/2.0; +http://www.bing.com/bingbot.htm)"
40.77.167.89 - - [23/Sep/2018:17:45:46 +0900] "GET /blog/page/3/ HTTP/1.1" 200 29590 "-" "Mozilla/5.0 (compatible; bingbot/2.0; +http://www.bing.com/bingbot.htm)"
40.77.167.89 - - [23/Sep/2018:17:45:47 +0900] "GET /blog/page/35/ HTTP/1.1" 200 25633 "-" "Mozilla/5.0 (compatible; bingbot/2.0; +http://www.bing.com/bingbot.htm)"
40.77.167.89 - - [23/Sep/2018:17:45:48 +0900] "GET /blog/%e3%82%b9%e3%82%bf%e3%83%83%e3%83%95%e3%82%88%e3%82%8a/kiji1059/feed/ HTTP/1.1" 200 1084 "-" "Mozilla/5.0 (compatible; bingbot/2.0; +http://www.bing.com/bingbot.htm)"
40.77.167.89 - - [23/Sep/2018:17:45:49 +0900] "GET /blog/date/2017/06/ HTTP/1.1" 200 30650 "-" "Mozilla/5.0 (compatible; bingbot/2.0; +http://www.bing.com/bingbot.htm)"
40.77.167.89 - - [23/Sep/2018:17:45:50 +0900] "GET /blog/date/2017/11/ HTTP/1.1" 200 16315 "-" "Mozilla/5.0 (compatible; bingbot/2.0; +http://www.bing.com/bingbot.htm)"
40.77.167.89 - - [23/Sep/2018:17:45:51 +0900] "GET / HTTP/1.1" 200 16214 "-" "Mozilla/5.0 (compatible; bingbot/2.0; +http://www.bing.com/bingbot.htm)"
40.77.167.89 - - [23/Sep/2018:17:45:51 +0900] "GET /blog/%E6%9C%AA%E5%88%86%E9%A1%9E/kiji1171/ HTTP/1.1" 200 17284 "-" "Mozilla/5.0 (compatible; bingbot/2.0; +http://www.bing.com/bingbot.htm)"
157.55.39.114 - - [23/Sep/2018:17:45:53 +0900] "GET /blog/%E6%9C%AA%E5%88%86%E9%A1%9E/kiji1224/ HTTP/1.1" 200 17104 "-" "Mozilla/5.0 (compatible; bingbot/2.0; +http://www.bing.com/bingbot.htm)"
157.55.39.114 - - [23/Sep/2018:17:45:54 +0900] "GET /blog/%E6%9C%AA%E5%88%86%E9%A1%9E/kiji1333/ HTTP/1.1" 200 17354 "-" "Mozilla/5.0 (compatible; bingbot/2.0; +http://www.bing.com/bingbot.htm)"
157.55.39.114 - - [23/Sep/2018:17:45:54 +0900] "GET /blog/%E6%9C%AA%E5%88%86%E9%A1%9E/kiji1349/ HTTP/1.1" 200 17476 "-" "Mozilla/5.0 (compatible; bingbot/2.0; +http://www.bing.com/bingbot.htm)"
157.55.39.114 - - [23/Sep/2018:17:45:55 +0900] "GET /blog/%E6%9C%AA%E5%88%86%E9%A1%9E/kiji1556/ HTTP/1.1" 200 17220 "-" "Mozilla/5.0 (compatible; bingbot/2.0; +http://www.bing.com/bingbot.htm)"
157.55.39.114 - - [23/Sep/2018:17:45:56 +0900] "GET /blog/%e6%9c%aa%e5%88%86%e9%a1%9e/kiji1104/ HTTP/1.1" 200 16958 "-" "Mozilla/5.0 (compatible; bingbot/2.0; +http://www.bing.com/bingbot.htm)"
157.55.39.114 - - [23/Sep/2018:17:45:57 +0900] "GET /blog/%e6%9c%aa%e5%88%86%e9%a1%9e/kiji1725/ HTTP/1.1" 200 17944 "-" "Mozilla/5.0 (compatible; bingbot/2.0; +http://www.bing.com/bingbot.htm)"
157.55.39.114 - - [23/Sep/2018:17:45:57 +0900] "GET /blog/%e6%9c%aa%e5%88%86%e9%a1%9e/kiji1895/ HTTP/1.1" 200 18034 "-" "Mozilla/5.0 (compatible; bingbot/2.0; +http://www.bing.com/bingbot.htm)"
157.55.39.114 - - [23/Sep/2018:17:45:58 +0900] "GET /blog/%e6%9c%aa%e5%88%86%e9%a1%9e/kiji1962/ HTTP/1.1" 200 17592 "-" "Mozilla/5.0 (compatible; bingbot/2.0; +http://www.bing.com/bingbot.htm)"
157.55.39.114 - - [23/Sep/2018:17:45:58 +0900] "GET /blog/page/18/ HTTP/1.1" 200 30991 "-" "Mozilla/5.0 (compatible; bingbot/2.0; +http://www.bing.com/bingbot.htm)"
157.55.39.114 - - [23/Sep/2018:17:45:59 +0900] "GET /blog/page/31/ HTTP/1.1" 200 26138 "-" "Mozilla/5.0 (compatible; bingbot/2.0; +http://www.bing.com/bingbot.htm)"
157.55.39.114 - - [23/Sep/2018:17:46:00 +0900] "GET /blog/page/36/ HTTP/1.1" 200 25681 "-" "Mozilla/5.0 (compatible; bingbot/2.0; +http://www.bing.com/bingbot.htm)"
157.55.39.114 - - [23/Sep/2018:17:46:01 +0900] "GET /blog/date/2017/05/ HTTP/1.1" 200 23666 "-" "Mozilla/5.0 (compatible; bingbot/2.0; +http://www.bing.com/bingbot.htm)"
157.55.39.114 - - [23/Sep/2018:17:46:02 +0900] "GET /blog/date/2017/09/ HTTP/1.1" 200 17341 "-" "Mozilla/5.0 (compatible; bingbot/2.0; +http://www.bing.com/bingbot.htm)"
157.55.39.114 - - [23/Sep/2018:17:46:07 +0900] "GET /staff/ HTTP/1.1" 200 8713 "-" "Mozilla/5.0 (compatible; bingbot/2.0; +http://www.bing.com/bingbot.htm)"
157.55.39.114 - - [23/Sep/2018:17:46:08 +0900] "GET /blog/%E6%9C%AA%E5%88%86%E9%A1%9E/kiji1150/ HTTP/1.1" 200 17700 "-" "Mozilla/5.0 (compatible; bingbot/2.0; +http://www.bing.com/bingbot.htm)"
157.55.39.114 - - [23/Sep/2018:17:46:09 +0900] "GET /blog/%e6%9c%aa%e5%88%86%e9%a1%9e/kiji1931/ HTTP/1.1" 200 17978 "-" "Mozilla/5.0 (compatible; bingbot/2.0; +http://www.bing.com/bingbot.htm)"
157.55.39.114 - - [23/Sep/2018:17:46:09 +0900] "GET /blog/%E6%9C%AA%E5%88%86%E9%A1%9E/kiji1211/ HTTP/1.1" 200 16970 "-" "Mozilla/5.0 (compatible; bingbot/2.0; +http://www.bing.com/bingbot.htm)"
40.77.167.75 - - [23/Sep/2018:17:46:11 +0900] "GET /blog/%E6%9C%AA%E5%88%86%E9%A1%9E/kiji1404/ HTTP/1.1" 200 17472 "-" "Mozilla/5.0 (compatible; bingbot/2.0; +http://www.bing.com/bingbot.htm)"
40.77.167.75 - - [23/Sep/2018:17:46:12 +0900] "GET /blog/%E6%9C%AA%E5%88%86%E9%A1%9E/kiji1638/ HTTP/1.1" 200 16509 "-" "Mozilla/5.0 (compatible; bingbot/2.0; +http://www.bing.com/bingbot.htm)"
40.77.167.75 - - [23/Sep/2018:17:46:13 +0900] "GET /blog/%E6%9C%AA%E5%88%86%E9%A1%9E/kiji21/ HTTP/1.1" 200 16943 "-" "Mozilla/5.0 (compatible; bingbot/2.0; +http://www.bing.com/bingbot.htm)"
40.77.167.75 - - [23/Sep/2018:17:46:14 +0900] "GET /blog/%e3%82%b9%e3%82%bf%e3%83%83%e3%83%95%e3%82%88%e3%82%8a/kiji762/ HTTP/1.1" 200 17659 "-" "Mozilla/5.0 (compatible; bingbot/2.0; +http://www.bing.com/bingbot.htm)"
40.77.167.75 - - [23/Sep/2018:17:46:14 +0900] "GET /blog/%e3%82%b9%e3%82%bf%e3%83%83%e3%83%95%e3%82%88%e3%82%8a/kiji77/ HTTP/1.1" 200 17650 "-" "Mozilla/5.0 (compatible; bingbot/2.0; +http://www.bing.com/bingbot.htm)"
40.77.167.75 - - [23/Sep/2018:17:46:15 +0900] "GET /blog/%e3%82%b9%e3%82%bf%e3%83%83%e3%83%95%e3%82%88%e3%82%8a/kiji97/ HTTP/1.1" 200 17659 "-" "Mozilla/5.0 (compatible; bingbot/2.0; +http://www.bing.com/bingbot.htm)"
40.77.167.75 - - [23/Sep/2018:17:46:16 +0900] "GET /blog/%e6%9c%aa%e5%88%86%e9%a1%9e/kiji1120/ HTTP/1.1" 200 17121 "-" "Mozilla/5.0 (compatible; bingbot/2.0; +http://www.bing.com/bingbot.htm)"
40.77.167.75 - - [23/Sep/2018:17:46:17 +0900] "GET /blog/%e6%9c%aa%e5%88%86%e9%a1%9e/kiji1404/ HTTP/1.1" 200 17472 "-" "Mozilla/5.0 (compatible; bingbot/2.0; +http://www.bing.com/bingbot.htm)"
40.77.167.75 - - [23/Sep/2018:17:46:18 +0900] "GET /blog/%e6%9c%aa%e5%88%86%e9%a1%9e/kiji1098/ HTTP/1.1" 200 17163 "-" "Mozilla/5.0 (compatible; bingbot/2.0; +http://www.bing.com/bingbot.htm)"
40.77.167.75 - - [23/Sep/2018:17:46:19 +0900] "GET /blog/page/30/ HTTP/1.1" 200 26067 "-" "Mozilla/5.0 (compatible; bingbot/2.0; +http://www.bing.com/bingbot.htm)"
40.77.167.75 - - [23/Sep/2018:17:46:20 +0900] "GET /blog/page/37/ HTTP/1.1" 200 25723 "-" "Mozilla/5.0 (compatible; bingbot/2.0; +http://www.bing.com/bingbot.htm)"
40.77.167.75 - - [23/Sep/2018:17:46:21 +0900] "GET /blog/date/2017/03/ HTTP/1.1" 200 17448 "-" "Mozilla/5.0 (compatible; bingbot/2.0; +http://www.bing.com/bingbot.htm)"
40.77.167.75 - - [23/Sep/2018:17:46:22 +0900] "GET /blog/date/2017/04/ HTTP/1.1" 200 20199 "-" "Mozilla/5.0 (compatible; bingbot/2.0; +http://www.bing.com/bingbot.htm)"
40.77.167.75 - - [23/Sep/2018:17:46:22 +0900] "GET /blog/category/%e6%9c%aa%e5%88%86%e9%a1%9e/page/19/ HTTP/1.1" 200 30679 "-" "Mozilla/5.0 (compatible; bingbot/2.0; +http://www.bing.com/bingbot.htm)"
40.77.167.75 - - [23/Sep/2018:17:46:23 +0900] "GET /blog/%E3%82%B9%E3%82%BF%E3%83%83%E3%83%95%E3%82%88%E3%82%8A/kiji935/ HTTP/1.1" 200 17897 "-" "Mozilla/5.0 (compatible; bingbot/2.0; +http://www.bing.com/bingbot.htm)"
40.77.167.75 - - [23/Sep/2018:17:46:24 +0900] "GET /link/ HTTP/1.1" 200 7882 "-" "Mozilla/5.0 (compatible; bingbot/2.0; +http://www.bing.com/bingbot.htm)"
157.55.39.115 - - [23/Sep/2018:17:46:27 +0900] "GET /blog/%E6%9C%AA%E5%88%86%E9%A1%9E/kiji1407/ HTTP/1.1" 200 17613 "-" "Mozilla/5.0 (compatible; bingbot/2.0; +http://www.bing.com/bingbot.htm)"
157.55.39.115 - - [23/Sep/2018:17:46:28 +0900] "GET /blog/%E6%9C%AA%E5%88%86%E9%A1%9E/kiji86/ HTTP/1.1" 200 17536 "-" "Mozilla/5.0 (compatible; bingbot/2.0; +http://www.bing.com/bingbot.htm)"
157.55.39.115 - - [23/Sep/2018:17:46:28 +0900] "GET /blog/%e3%82%b9%e3%82%bf%e3%83%83%e3%83%95%e3%82%88%e3%82%8a/kiji83/ HTTP/1.1" 200 17743 "-" "Mozilla/5.0 (compatible; bingbot/2.0; +http://www.bing.com/bingbot.htm)"
157.55.39.115 - - [23/Sep/2018:17:46:29 +0900] "GET /blog/%e6%9c%aa%e5%88%86%e9%a1%9e/kiji1101/ HTTP/1.1" 200 17103 "-" "Mozilla/5.0 (compatible; bingbot/2.0; +http://www.bing.com/bingbot.htm)"
157.55.39.115 - - [23/Sep/2018:17:46:30 +0900] "GET /blog/%e6%9c%aa%e5%88%86%e9%a1%9e/kiji1106/ HTTP/1.1" 200 17380 "-" "Mozilla/5.0 (compatible; bingbot/2.0; +http://www.bing.com/bingbot.htm)"
157.55.39.115 - - [23/Sep/2018:17:46:31 +0900] "GET /blog/%e6%9c%aa%e5%88%86%e9%a1%9e/kiji1970/ HTTP/1.1" 200 17327 "-" "Mozilla/5.0 (compatible; bingbot/2.0; +http://www.bing.com/bingbot.htm)"
157.55.39.115 - - [23/Sep/2018:17:46:32 +0900] "GET /blog/page/2/ HTTP/1.1" 200 28224 "-" "Mozilla/5.0 (compatible; bingbot/2.0; +http://www.bing.com/bingbot.htm)"
157.55.39.115 - - [23/Sep/2018:17:46:33 +0900] "GET /blog/page/34/ HTTP/1.1" 200 25691 "-" "Mozilla/5.0 (compatible; bingbot/2.0; +http://www.bing.com/bingbot.htm)"
157.55.39.115 - - [23/Sep/2018:17:46:34 +0900] "GET /blog/page/38/ HTTP/1.1" 200 25848 "-" "Mozilla/5.0 (compatible; bingbot/2.0; +http://www.bing.com/bingbot.htm)"
157.55.39.115 - - [23/Sep/2018:17:46:35 +0900] "GET /blog/page/42/ HTTP/1.1" 200 26401 "-" "Mozilla/5.0 (compatible; bingbot/2.0; +http://www.bing.com/bingbot.htm)"
157.55.39.115 - - [23/Sep/2018:17:46:35 +0900] "GET /blog/%e3%82%b9%e3%82%bf%e3%83%83%e3%83%95%e3%82%88%e3%82%8a/kiji935/feed/ HTTP/1.1" 200 1107 "-" "Mozilla/5.0 (compatible; bingbot/2.0; +http://www.bing.com/bingbot.htm)"
157.55.39.115 - - [23/Sep/2018:17:46:36 +0900] "GET /blog/date/2017/07/ HTTP/1.1" 200 20791 "-" "Mozilla/5.0 (compatible; bingbot/2.0; +http://www.bing.com/bingbot.htm)"
157.55.39.115 - - [23/Sep/2018:17:46:37 +0900] "GET /blog/date/2014/12/ HTTP/1.1" 200 25605 "-" "Mozilla/5.0 (compatible; bingbot/2.0; +http://www.bing.com/bingbot.htm)"
157.55.39.115 - - [23/Sep/2018:17:46:38 +0900] "GET /price/ HTTP/1.1" 200 9116 "-" "Mozilla/5.0 (compatible; bingbot/2.0; +http://www.bing.com/bingbot.htm)"
157.55.39.115 - - [23/Sep/2018:17:46:38 +0900] "GET /sitemap.html HTTP/1.1" 200 10476 "-" "Mozilla/5.0 (compatible; bingbot/2.0; +http://www.bing.com/bingbot.htm)"
219.94.203.142 - - [23/Sep/2018:17:51:27 +0900] "POST /blog/wp-cron.php?doing_wp_cron=1537692687.1514968872070312500000 HTTP/1.0" 502 226 "-" "WordPress/3.5.1; http://www.nishifuna-seitai.com/blog"
54.36.148.245 - - [23/Sep/2018:17:51:26 +0900] "GET /blog/date/2016/07/ HTTP/1.1" 404 6713 "-" "Mozilla/5.0 (compatible; AhrefsBot/5.2; +http://ahrefs.com/robot/)"
219.94.203.142 - - [23/Sep/2018:17:55:03 +0900] "POST /blog/wp-cron.php?doing_wp_cron=1537692903.3657720088958740234375 HTTP/1.0" 502 226 "-" "WordPress/3.5.1; http://www.nishifuna-seitai.com/blog"
203.133.228.128 - - [23/Sep/2018:17:55:02 +0900] "GET /blog/%E6%9C%AA%E5%88%86%E9%A1%9E/kiji1342/ HTTP/1.1" 200 17412 "http://www.google.co.jp/url?sa=t&rct=j&q=&esrc=s&source=web&cd=1&ved=2ahUKEwjCgZy24NDdAhVHbbwKHQOADzQQFjAAegQIAhAB&url=http%3A%2F%2Fwww.nishifuna-seitai.com%2Fblog%2F%25E6%259C%25AA%25E5%2588%2586%25E9%25A1%259E%2Fkiji1342%2F&usg=AOvVaw3hLsY-HLYT41-M_SV1nn7R" "Mozilla/5.0 (Windows NT 6.1; Trident/7.0; rv:11.0) like Gecko"
203.133.228.128 - - [23/Sep/2018:17:55:04 +0900] "GET /blog/wp-content/plugins/contact-form-7/includes/css/styles.css?ver=3.3.3 HTTP/1.1" 200 887 "http://www.nishifuna-seitai.com/blog/%E6%9C%AA%E5%88%86%E9%A1%9E/kiji1342/" "Mozilla/5.0 (Windows NT 6.1; Trident/7.0; rv:11.0) like Gecko"
203.133.228.128 - - [23/Sep/2018:17:55:04 +0900] "GET /blog/wp-content/themes/twentytwelve/style.css?ver=3.5.1 HTTP/1.1" 200 35292 "http://www.nishifuna-seitai.com/blog/%E6%9C%AA%E5%88%86%E9%A1%9E/kiji1342/" "Mozilla/5.0 (Windows NT 6.1; Trident/7.0; rv:11.0) like Gecko"
203.133.228.128 - - [23/Sep/2018:17:55:04 +0900] "GET /blog/wp-content/plugins/contact-form-7/includes/js/scripts.js?ver=3.3.3 HTTP/1.1" 200 6933 "http://www.nishifuna-seitai.com/blog/%E6%9C%AA%E5%88%86%E9%A1%9E/kiji1342/" "Mozilla/5.0 (Windows NT 6.1; Trident/7.0; rv:11.0) like Gecko"
203.133.228.128 - - [23/Sep/2018:17:55:04 +0900] "GET /blog/wp-content/plugins/contact-form-7/includes/js/jquery.form.min.js?ver=3.25.0-2013.01.18 HTTP/1.1" 200 15158 "http://www.nishifuna-seitai.com/blog/%E6%9C%AA%E5%88%86%E9%A1%9E/kiji1342/" "Mozilla/5.0 (Windows NT 6.1; Trident/7.0; rv:11.0) like Gecko"
203.133.228.128 - - [23/Sep/2018:17:55:04 +0900] "GET /blog/wp-content/themes/twentytwelve/js/navigation.js?ver=1.0 HTTP/1.1" 200 863 "http://www.nishifuna-seitai.com/blog/%E6%9C%AA%E5%88%86%E9%A1%9E/kiji1342/" "Mozilla/5.0 (Windows NT 6.1; Trident/7.0; rv:11.0) like Gecko"
203.133.228.128 - - [23/Sep/2018:17:55:04 +0900] "GET /blog/wp-includes/js/jquery/jquery.js?ver=1.8.3 HTTP/1.1" 200 93658 "http://www.nishifuna-seitai.com/blog/%E6%9C%AA%E5%88%86%E9%A1%9E/kiji1342/" "Mozilla/5.0 (Windows NT 6.1; Trident/7.0; rv:11.0) like Gecko"
203.133.228.128 - - [23/Sep/2018:17:55:04 +0900] "GET /blog/wp-content/uploads/2012/12/h2_index2.png HTTP/1.1" 200 394553 "http://www.nishifuna-seitai.com/blog/%E6%9C%AA%E5%88%86%E9%A1%9E/kiji1342/" "Mozilla/5.0 (Windows NT 6.1; Trident/7.0; rv:11.0) like Gecko"
203.133.228.128 - - [23/Sep/2018:17:55:04 +0900] "GET /blog/wp-content/uploads/2014/12/IMG_1018.jpg HTTP/1.1" 200 657369 "http://www.nishifuna-seitai.com/blog/%E6%9C%AA%E5%88%86%E9%A1%9E/kiji1342/" "Mozilla/5.0 (Windows NT 6.1; Trident/7.0; rv:11.0) like Gecko"
203.133.228.128 - - [23/Sep/2018:17:55:09 +0900] "GET /favicon.ico HTTP/1.1" 200 1150 "-" "Mozilla/5.0 (Windows NT 6.1; Trident/7.0; rv:11.0) like Gecko"
52.91.61.38 - - [23/Sep/2018:17:56:06 +0900] "GET /blog/%E6%9C%AA%E5%88%86%E9%A1%9E/kiji1342/ HTTP/1.1" 200 17412 "-" "Mozilla/4.0 (compatible; MSIE 8.0; Windows NT 5.1; Trident/4.0)"
219.94.203.142 - - [23/Sep/2018:18:02:15 +0900] "POST /blog/wp-cron.php?doing_wp_cron=1537693335.1780478954315185546875 HTTP/1.0" 502 226 "-" "WordPress/3.5.1; http://www.nishifuna-seitai.com/blog"
40.77.167.89 - - [23/Sep/2018:18:02:14 +0900] "GET /blog/date/2013/03/ HTTP/1.1" 200 27443 "-" "Mozilla/5.0 (compatible; bingbot/2.0; +http://www.bing.com/bingbot.htm)"
40.77.167.75 - - [23/Sep/2018:18:19:06 +0900] "GET /link/ HTTP/1.1" 200 7882 "-" "Mozilla/5.0 (compatible; bingbot/2.0; +http://www.bing.com/bingbot.htm)"
216.244.66.226 - - [23/Sep/2018:18:23:06 +0900] "GET /robots.txt HTTP/1.1" 404 2275 "-" "Mozilla/5.0 (compatible; DotBot/1.1; http://www.opensiteexplorer.org/dotbot, help@moz.com)"
219.94.203.142 - - [23/Sep/2018:18:27:58 +0900] "POST /blog/wp-cron.php?doing_wp_cron=1537694878.5887849330902099609375 HTTP/1.0" 502 226 "-" "WordPress/3.5.1; http://www.nishifuna-seitai.com/blog"
54.36.148.201 - - [23/Sep/2018:18:27:58 +0900] "GET /blog/%E6%9C%AA%E5%88%86%E9%A1%9E/kiji1423/feed/ HTTP/1.1" 200 1054 "-" "Mozilla/5.0 (compatible; AhrefsBot/5.2; +http://ahrefs.com/robot/)"
46.229.168.149 - - [23/Sep/2018:18:28:52 +0900] "GET /robots.txt HTTP/1.1" 404 2275 "-" "Mozilla/5.0 (compatible; SemrushBot/2~bl; +http://www.semrush.com/bot.html)"
46.229.168.130 - - [23/Sep/2018:18:28:53 +0900] "GET /blog/%E6%9C%AA%E5%88%86%E9%A1%9E/kiji1261/ HTTP/1.1" 200 16878 "-" "Mozilla/5.0 (compatible; SemrushBot/2~bl; +http://www.semrush.com/bot.html)"
219.94.203.142 - - [23/Sep/2018:18:30:42 +0900] "POST /blog/wp-cron.php?doing_wp_cron=1537695042.9309990406036376953125 HTTP/1.0" 502 226 "-" "WordPress/3.5.1; http://www.nishifuna-seitai.com/blog"
54.36.148.153 - - [23/Sep/2018:18:30:42 +0900] "GET /blog/date/2018/04/ HTTP/1.1" 200 24679 "-" "Mozilla/5.0 (compatible; AhrefsBot/5.2; +http://ahrefs.com/robot/)"
54.36.148.122 - - [23/Sep/2018:18:31:30 +0900] "GET /blog/date/2013/11/ HTTP/1.1" 200 18122 "-" "Mozilla/5.0 (compatible; AhrefsBot/5.2; +http://ahrefs.com/robot/)"
157.55.39.115 - - [23/Sep/2018:18:31:54 +0900] "GET /blog/date/2013/02/ HTTP/1.1" 200 26860 "-" "Mozilla/5.0 (compatible; bingbot/2.0; +http://www.bing.com/bingbot.htm)"
219.94.203.142 - - [23/Sep/2018:19:02:52 +0900] "POST /blog/wp-cron.php?doing_wp_cron=1537696972.4870200157165527343750 HTTP/1.0" 502 226 "-" "WordPress/3.5.1; http://www.nishifuna-seitai.com/blog"
46.229.168.132 - - [23/Sep/2018:19:02:51 +0900] "GET /blog/%E6%9C%AA%E5%88%86%E9%A1%9E/kiji1196/ HTTP/1.1" 200 17322 "-" "Mozilla/5.0 (compatible; SemrushBot/2~bl; +http://www.semrush.com/bot.html)"
219.94.203.142 - - [23/Sep/2018:19:09:18 +0900] "POST /blog/wp-cron.php?doing_wp_cron=1537697358.3507208824157714843750 HTTP/1.0" 502 226 "-" "WordPress/3.5.1; http://www.nishifuna-seitai.com/blog"
66.249.69.115 - - [23/Sep/2018:19:09:18 +0900] "GET /blog/%E3%82%B9%E3%82%BF%E3%83%83%E3%83%95%E3%82%88%E3%82%8A/kiji1081/ HTTP/1.1" 200 17737 "-" "Mozilla/5.0 (compatible; Googlebot/2.1; +http://www.google.com/bot.html)"
46.229.168.134 - - [23/Sep/2018:19:31:33 +0900] "GET /robots.txt HTTP/1.1" 404 2275 "-" "Mozilla/5.0 (compatible; SemrushBot/2~bl; +http://www.semrush.com/bot.html)"
219.94.203.142 - - [23/Sep/2018:19:31:34 +0900] "POST /blog/wp-cron.php?doing_wp_cron=1537698694.7051579952239990234375 HTTP/1.0" 502 226 "-" "WordPress/3.5.1; http://www.nishifuna-seitai.com/blog"
46.229.168.143 - - [23/Sep/2018:19:31:34 +0900] "GET /blog/%E6%9C%AA%E5%88%86%E9%A1%9E/kiji1813/ HTTP/1.1" 200 18376 "-" "Mozilla/5.0 (compatible; SemrushBot/2~bl; +http://www.semrush.com/bot.html)"
180.76.15.28 - - [23/Sep/2018:19:37:27 +0900] "GET / HTTP/1.1" 200 16214 "-" "Mozilla/5.0 (compatible; Baiduspider/2.0; +http://www.baidu.com/search/spider.html)"
219.94.203.142 - - [23/Sep/2018:19:39:31 +0900] "POST /blog/wp-cron.php?doing_wp_cron=1537699171.0896220207214355468750 HTTP/1.0" 502 226 "-" "WordPress/3.5.1; http://www.nishifuna-seitai.com/blog"
157.55.39.114 - - [23/Sep/2018:19:39:30 +0900] "GET /blog/%e3%82%b9%e3%82%bf%e3%83%83%e3%83%95%e3%82%88%e3%82%8a/kiji272/ HTTP/1.1" 200 17833 "-" "Mozilla/5.0 (compatible; bingbot/2.0; +http://www.bing.com/bingbot.htm)"
157.55.39.114 - - [23/Sep/2018:19:39:35 +0900] "GET /blog/wp-content/plugins/contact-form-7/includes/js/jquery.form.min.js?ver=3.25.0-2013.01.18 HTTP/1.1" 200 15158 "-" "Mozilla/5.0 (compatible; bingbot/2.0; +http://www.bing.com/bingbot.htm)"
157.55.39.115 - - [23/Sep/2018:19:39:46 +0900] "GET /blog/wp-content/themes/twentytwelve/js/navigation.js?ver=1.0 HTTP/1.1" 200 863 "-" "Mozilla/5.0 (compatible; bingbot/2.0; +http://www.bing.com/bingbot.htm)"
219.94.203.142 - - [23/Sep/2018:19:46:31 +0900] "POST /blog/wp-cron.php?doing_wp_cron=1537699591.4123339653015136718750 HTTP/1.0" 502 226 "-" "WordPress/3.5.1; http://www.nishifuna-seitai.com/blog"
157.55.39.115 - - [23/Sep/2018:19:46:31 +0900] "GET /blog/%e6%9c%aa%e5%88%86%e9%a1%9e/kiji1923/ HTTP/1.1" 200 17326 "-" "Mozilla/5.0 (compatible; bingbot/2.0; +http://www.bing.com/bingbot.htm)"
112.139.69.64 - - [23/Sep/2018:19:47:16 +0900] "GET /blog/%E6%9C%AA%E5%88%86%E9%A1%9E/kiji1342/ HTTP/1.1" 200 17412 "https://www.google.co.jp/" "Mozilla/5.0 (iPad; CPU OS 11_4_1 like Mac OS X) AppleWebKit/605.1.15 (KHTML, like Gecko) Version/11.0 Mobile/15E148 Safari/604.1"
112.139.69.64 - - [23/Sep/2018:19:47:17 +0900] "GET /blog/wp-content/plugins/contact-form-7/includes/css/styles.css?ver=3.3.3 HTTP/1.1" 200 887 "http://www.nishifuna-seitai.com/blog/%E6%9C%AA%E5%88%86%E9%A1%9E/kiji1342/" "Mozilla/5.0 (iPad; CPU OS 11_4_1 like Mac OS X) AppleWebKit/605.1.15 (KHTML, like Gecko) Version/11.0 Mobile/15E148 Safari/604.1"
112.139.69.64 - - [23/Sep/2018:19:47:17 +0900] "GET /blog/wp-content/plugins/contact-form-7/includes/js/jquery.form.min.js?ver=3.25.0-2013.01.18 HTTP/1.1" 200 15158 "http://www.nishifuna-seitai.com/blog/%E6%9C%AA%E5%88%86%E9%A1%9E/kiji1342/" "Mozilla/5.0 (iPad; CPU OS 11_4_1 like Mac OS X) AppleWebKit/605.1.15 (KHTML, like Gecko) Version/11.0 Mobile/15E148 Safari/604.1"
112.139.69.64 - - [23/Sep/2018:19:47:17 +0900] "GET /blog/wp-content/plugins/contact-form-7/includes/js/scripts.js?ver=3.3.3 HTTP/1.1" 200 6933 "http://www.nishifuna-seitai.com/blog/%E6%9C%AA%E5%88%86%E9%A1%9E/kiji1342/" "Mozilla/5.0 (iPad; CPU OS 11_4_1 like Mac OS X) AppleWebKit/605.1.15 (KHTML, like Gecko) Version/11.0 Mobile/15E148 Safari/604.1"
112.139.69.64 - - [23/Sep/2018:19:47:17 +0900] "GET /blog/wp-content/themes/twentytwelve/js/navigation.js?ver=1.0 HTTP/1.1" 200 863 "http://www.nishifuna-seitai.com/blog/%E6%9C%AA%E5%88%86%E9%A1%9E/kiji1342/" "Mozilla/5.0 (iPad; CPU OS 11_4_1 like Mac OS X) AppleWebKit/605.1.15 (KHTML, like Gecko) Version/11.0 Mobile/15E148 Safari/604.1"
112.139.69.64 - - [23/Sep/2018:19:47:17 +0900] "GET /blog/wp-content/themes/twentytwelve/style.css?ver=3.5.1 HTTP/1.1" 200 35292 "http://www.nishifuna-seitai.com/blog/%E6%9C%AA%E5%88%86%E9%A1%9E/kiji1342/" "Mozilla/5.0 (iPad; CPU OS 11_4_1 like Mac OS X) AppleWebKit/605.1.15 (KHTML, like Gecko) Version/11.0 Mobile/15E148 Safari/604.1"
112.139.69.64 - - [23/Sep/2018:19:47:17 +0900] "GET /blog/wp-includes/js/jquery/jquery.js?ver=1.8.3 HTTP/1.1" 200 93658 "http://www.nishifuna-seitai.com/blog/%E6%9C%AA%E5%88%86%E9%A1%9E/kiji1342/" "Mozilla/5.0 (iPad; CPU OS 11_4_1 like Mac OS X) AppleWebKit/605.1.15 (KHTML, like Gecko) Version/11.0 Mobile/15E148 Safari/604.1"
112.139.69.64 - - [23/Sep/2018:19:47:17 +0900] "GET /blog/wp-content/uploads/2014/12/IMG_1018.jpg HTTP/1.1" 200 657369 "http://www.nishifuna-seitai.com/blog/%E6%9C%AA%E5%88%86%E9%A1%9E/kiji1342/" "Mozilla/5.0 (iPad; CPU OS 11_4_1 like Mac OS X) AppleWebKit/605.1.15 (KHTML, like Gecko) Version/11.0 Mobile/15E148 Safari/604.1"
112.139.69.64 - - [23/Sep/2018:19:47:18 +0900] "GET /blog/wp-content/uploads/2012/12/h2_index2.png HTTP/1.1" 200 394553 "http://www.nishifuna-seitai.com/blog/%E6%9C%AA%E5%88%86%E9%A1%9E/kiji1342/" "Mozilla/5.0 (iPad; CPU OS 11_4_1 like Mac OS X) AppleWebKit/605.1.15 (KHTML, like Gecko) Version/11.0 Mobile/15E148 Safari/604.1"
112.139.69.64 - - [23/Sep/2018:19:47:31 +0900] "GET /blog/%e6%9c%aa%e5%88%86%e9%a1%9e/kiji1349/ HTTP/1.1" 200 17476 "http://www.nishifuna-seitai.com/blog/%E6%9C%AA%E5%88%86%E9%A1%9E/kiji1342/" "Mozilla/5.0 (iPad; CPU OS 11_4_1 like Mac OS X) AppleWebKit/605.1.15 (KHTML, like Gecko) Version/11.0 Mobile/15E148 Safari/604.1"
112.139.69.64 - - [23/Sep/2018:19:47:31 +0900] "GET /blog/wp-content/uploads/2014/12/IMG_0213.jpg HTTP/1.1" 200 987962 "http://www.nishifuna-seitai.com/blog/%e6%9c%aa%e5%88%86%e9%a1%9e/kiji1349/" "Mozilla/5.0 (iPad; CPU OS 11_4_1 like Mac OS X) AppleWebKit/605.1.15 (KHTML, like Gecko) Version/11.0 Mobile/15E148 Safari/604.1"
219.94.203.142 - - [23/Sep/2018:19:47:43 +0900] "POST /blog/wp-cron.php?doing_wp_cron=1537699663.8337700366973876953125 HTTP/1.0" 502 226 "-" "WordPress/3.5.1; http://www.nishifuna-seitai.com/blog"
112.139.69.64 - - [23/Sep/2018:19:47:43 +0900] "GET /blog/%E6%9C%AA%E5%88%86%E9%A1%9E/kiji1349/ HTTP/1.1" 200 17476 "https://www.google.co.jp/" "Mozilla/5.0 (iPad; CPU OS 11_4_1 like Mac OS X) AppleWebKit/605.1.15 (KHTML, like Gecko) Version/11.0 Mobile/15E148 Safari/604.1"
219.94.203.142 - - [23/Sep/2018:19:57:03 +0900] "POST /blog/wp-cron.php?doing_wp_cron=1537700223.2260849475860595703125 HTTP/1.0" 502 226 "-" "WordPress/3.5.1; http://www.nishifuna-seitai.com/blog"
46.229.168.145 - - [23/Sep/2018:19:57:02 +0900] "GET /blog/%E6%9C%AA%E5%88%86%E9%A1%9E/kiji1199/ HTTP/1.1" 200 17139 "-" "Mozilla/5.0 (compatible; SemrushBot/2~bl; +http://www.semrush.com/bot.html)"
46.229.168.141 - - [23/Sep/2018:20:16:51 +0900] "GET /blog/%E6%9C%AA%E5%88%86%E9%A1%9E/kiji1158/ HTTP/1.1" 200 17412 "-" "Mozilla/5.0 (compatible; SemrushBot/2~bl; +http://www.semrush.com/bot.html)"
219.94.203.142 - - [23/Sep/2018:20:16:53 +0900] "POST /blog/wp-cron.php?doing_wp_cron=1537701412.1751079559326171875000 HTTP/1.0" 502 226 "-" "WordPress/3.5.1; http://www.nishifuna-seitai.com/blog"
219.94.203.142 - - [23/Sep/2018:20:27:10 +0900] "POST /blog/wp-cron.php?doing_wp_cron=1537702030.8575310707092285156250 HTTP/1.0" 502 226 "-" "WordPress/3.5.1; http://www.nishifuna-seitai.com/blog"
126.233.229.8 - - [23/Sep/2018:20:27:10 +0900] "GET /blog/%E6%9C%AA%E5%88%86%E9%A1%9E/kiji1357/ HTTP/1.1" 200 17313 "https://search.yahoo.co.jp/" "Mozilla/5.0 (iPhone; CPU iPhone OS 11_2_6 like Mac OS X) AppleWebKit/604.5.6 (KHTML, like Gecko) Version/11.0 Mobile/15D100 Safari/604.1"
126.233.229.8 - - [23/Sep/2018:20:27:11 +0900] "GET /blog/wp-content/plugins/contact-form-7/includes/css/styles.css?ver=3.3.3 HTTP/1.1" 200 887 "http://www.nishifuna-seitai.com/blog/%E6%9C%AA%E5%88%86%E9%A1%9E/kiji1357/" "Mozilla/5.0 (iPhone; CPU iPhone OS 11_2_6 like Mac OS X) AppleWebKit/604.5.6 (KHTML, like Gecko) Version/11.0 Mobile/15D100 Safari/604.1"
126.233.229.8 - - [23/Sep/2018:20:27:11 +0900] "GET /blog/wp-content/plugins/contact-form-7/includes/js/jquery.form.min.js?ver=3.25.0-2013.01.18 HTTP/1.1" 200 15158 "http://www.nishifuna-seitai.com/blog/%E6%9C%AA%E5%88%86%E9%A1%9E/kiji1357/" "Mozilla/5.0 (iPhone; CPU iPhone OS 11_2_6 like Mac OS X) AppleWebKit/604.5.6 (KHTML, like Gecko) Version/11.0 Mobile/15D100 Safari/604.1"
126.233.229.8 - - [23/Sep/2018:20:27:11 +0900] "GET /blog/wp-content/plugins/contact-form-7/includes/js/scripts.js?ver=3.3.3 HTTP/1.1" 200 6933 "http://www.nishifuna-seitai.com/blog/%E6%9C%AA%E5%88%86%E9%A1%9E/kiji1357/" "Mozilla/5.0 (iPhone; CPU iPhone OS 11_2_6 like Mac OS X) AppleWebKit/604.5.6 (KHTML, like Gecko) Version/11.0 Mobile/15D100 Safari/604.1"
126.233.229.8 - - [23/Sep/2018:20:27:11 +0900] "GET /blog/wp-content/themes/twentytwelve/style.css?ver=3.5.1 HTTP/1.1" 200 35292 "http://www.nishifuna-seitai.com/blog/%E6%9C%AA%E5%88%86%E9%A1%9E/kiji1357/" "Mozilla/5.0 (iPhone; CPU iPhone OS 11_2_6 like Mac OS X) AppleWebKit/604.5.6 (KHTML, like Gecko) Version/11.0 Mobile/15D100 Safari/604.1"
126.233.229.8 - - [23/Sep/2018:20:27:11 +0900] "GET /blog/wp-content/themes/twentytwelve/js/navigation.js?ver=1.0 HTTP/1.1" 200 863 "http://www.nishifuna-seitai.com/blog/%E6%9C%AA%E5%88%86%E9%A1%9E/kiji1357/" "Mozilla/5.0 (iPhone; CPU iPhone OS 11_2_6 like Mac OS X) AppleWebKit/604.5.6 (KHTML, like Gecko) Version/11.0 Mobile/15D100 Safari/604.1"
126.233.229.8 - - [23/Sep/2018:20:27:11 +0900] "GET /blog/wp-includes/js/jquery/jquery.js?ver=1.8.3 HTTP/1.1" 200 93658 "http://www.nishifuna-seitai.com/blog/%E6%9C%AA%E5%88%86%E9%A1%9E/kiji1357/" "Mozilla/5.0 (iPhone; CPU iPhone OS 11_2_6 like Mac OS X) AppleWebKit/604.5.6 (KHTML, like Gecko) Version/11.0 Mobile/15D100 Safari/604.1"
126.233.229.8 - - [23/Sep/2018:20:27:11 +0900] "GET /blog/wp-content/uploads/2012/12/h2_index2.png HTTP/1.1" 200 394553 "http://www.nishifuna-seitai.com/blog/%E6%9C%AA%E5%88%86%E9%A1%9E/kiji1357/" "Mozilla/5.0 (iPhone; CPU iPhone OS 11_2_6 like Mac OS X) AppleWebKit/604.5.6 (KHTML, like Gecko) Version/11.0 Mobile/15D100 Safari/604.1"
126.233.229.8 - - [23/Sep/2018:20:27:11 +0900] "GET /blog/wp-content/uploads/2014/12/IMG_0209.jpg HTTP/1.1" 200 1519328 "http://www.nishifuna-seitai.com/blog/%E6%9C%AA%E5%88%86%E9%A1%9E/kiji1357/" "Mozilla/5.0 (iPhone; CPU iPhone OS 11_2_6 like Mac OS X) AppleWebKit/604.5.6 (KHTML, like Gecko) Version/11.0 Mobile/15D100 Safari/604.1"
46.229.168.143 - - [23/Sep/2018:20:42:56 +0900] "GET /robots.txt HTTP/1.1" 404 2275 "-" "Mozilla/5.0 (compatible; SemrushBot/2~bl; +http://www.semrush.com/bot.html)"
219.94.203.142 - - [23/Sep/2018:20:43:02 +0900] "POST /blog/wp-cron.php?doing_wp_cron=1537702982.7327010631561279296875 HTTP/1.0" 502 226 "-" "WordPress/3.5.1; http://www.nishifuna-seitai.com/blog"
46.229.168.133 - - [23/Sep/2018:20:43:02 +0900] "GET /blog/%E3%82%B9%E3%82%BF%E3%83%83%E3%83%95%E3%82%88%E3%82%8A/kiji1051/ HTTP/1.1" 200 17694 "-" "Mozilla/5.0 (compatible; SemrushBot/2~bl; +http://www.semrush.com/bot.html)"
219.94.203.142 - - [23/Sep/2018:20:47:44 +0900] "POST /blog/wp-cron.php?doing_wp_cron=1537703264.2355079650878906250000 HTTP/1.0" 502 226 "-" "WordPress/3.5.1; http://www.nishifuna-seitai.com/blog"
46.229.168.131 - - [23/Sep/2018:20:47:43 +0900] "GET /blog/%E6%9C%AA%E5%88%86%E9%A1%9E/kiji1377/ HTTP/1.1" 200 17766 "-" "Mozilla/5.0 (compatible; SemrushBot/2~bl; +http://www.semrush.com/bot.html)"
37.9.113.194 - - [23/Sep/2018:20:51:34 +0900] "GET /robots.txt HTTP/1.1" 404 2275 "-" "Mozilla/5.0 (compatible; YandexBot/3.0; +http://yandex.com/bots)"
37.9.113.194 - - [23/Sep/2018:20:51:38 +0900] "GET / HTTP/1.1" 200 16214 "-" "Mozilla/5.0 (compatible; YandexBot/3.0; +http://yandex.com/bots)"
46.229.168.144 - - [23/Sep/2018:20:52:46 +0900] "GET /blog/date/2017/11/ HTTP/1.1" 200 16315 "-" "Mozilla/5.0 (compatible; SemrushBot/2~bl; +http://www.semrush.com/bot.html)"
219.94.203.142 - - [23/Sep/2018:20:52:49 +0900] "POST /blog/wp-cron.php?doing_wp_cron=1537703567.2705121040344238281250 HTTP/1.0" 502 226 "-" "WordPress/3.5.1; http://www.nishifuna-seitai.com/blog"
42.236.99.218 - - [23/Sep/2018:21:07:15 +0900] "GET / HTTP/1.1" 301 240 "http://nishifuna-seitai.com/" "Mozilla/5.0 (Windows NT 6.1; WOW64) AppleWebKit/537.36 (KHTML, like Gecko) Chrome/50.0.2661.102 Safari/537.36; 360Spider"
42.236.99.218 - - [23/Sep/2018:21:07:16 +0900] "GET / HTTP/1.1" 200 16214 "http://www.nishifuna-seitai.com/" "Mozilla/5.0 (Windows NT 6.1; WOW64) AppleWebKit/537.36 (KHTML, like Gecko) Chrome/50.0.2661.102 Safari/537.36; 360Spider"
42.236.99.9 - - [23/Sep/2018:21:08:50 +0900] "GET / HTTP/1.1" 200 16214 "http://www.nishifuna-seitai.com/" "Mozilla/5.0 (Windows NT 6.1; WOW64) AppleWebKit/537.36 (KHTML, like Gecko) Chrome/50.0.2661.102 Safari/537.36; 360Spider"
219.94.203.142 - - [23/Sep/2018:21:09:37 +0900] "POST /blog/wp-cron.php?doing_wp_cron=1537704577.0492410659790039062500 HTTP/1.0" 502 226 "-" "WordPress/3.5.1; http://www.nishifuna-seitai.com/blog"
46.229.168.129 - - [23/Sep/2018:21:09:36 +0900] "GET /blog/%E6%9C%AA%E5%88%86%E9%A1%9E/kiji1522/ HTTP/1.1" 200 18801 "-" "Mozilla/5.0 (compatible; SemrushBot/2~bl; +http://www.semrush.com/bot.html)"
219.94.203.142 - - [23/Sep/2018:21:23:09 +0900] "POST /blog/wp-cron.php?doing_wp_cron=1537705389.0519340038299560546875 HTTP/1.0" 502 226 "-" "WordPress/3.5.1; http://www.nishifuna-seitai.com/blog"
157.55.39.114 - - [23/Sep/2018:21:23:08 +0900] "GET /blog/%E6%9C%AA%E5%88%86%E9%A1%9E/kiji1349/ HTTP/1.1" 200 17476 "-" "Mozilla/5.0 (compatible; bingbot/2.0; +http://www.bing.com/bingbot.htm)"
219.94.203.142 - - [23/Sep/2018:21:34:44 +0900] "POST /blog/wp-cron.php?doing_wp_cron=1537706084.1917510032653808593750 HTTP/1.0" 502 226 "-" "WordPress/3.5.1; http://www.nishifuna-seitai.com/blog"
46.229.168.146 - - [23/Sep/2018:21:34:43 +0900] "GET /blog/%E6%9C%AA%E5%88%86%E9%A1%9E/kiji1156/ HTTP/1.1" 200 17492 "-" "Mozilla/5.0 (compatible; SemrushBot/2~bl; +http://www.semrush.com/bot.html)"
17.58.97.174 - - [23/Sep/2018:21:37:07 +0900] "GET /robots.txt HTTP/1.1" 404 2275 "-" "Mozilla/5.0 (Macintosh; Intel Mac OS X 10_10_1) AppleWebKit/600.2.5 (KHTML, like Gecko) Version/8.0.2 Safari/600.2.5 (Applebot/0.1; +http://www.apple.com/go/applebot)"
17.58.97.174 - - [23/Sep/2018:21:37:08 +0900] "GET /link/ HTTP/1.1" 200 7882 "-" "Mozilla/5.0 (Macintosh; Intel Mac OS X 10_10_1) AppleWebKit/600.2.5 (KHTML, like Gecko) Version/8.0.2 Safari/600.2.5 (Applebot/0.1; +http://www.apple.com/go/applebot)"
219.94.203.142 - - [23/Sep/2018:21:51:47 +0900] "POST /blog/wp-cron.php?doing_wp_cron=1537707107.4144210815429687500000 HTTP/1.0" 502 226 "-" "WordPress/3.5.1; http://www.nishifuna-seitai.com/blog"
157.55.39.115 - - [23/Sep/2018:21:51:47 +0900] "GET /blog/author/admin/page/18/ HTTP/1.1" 200 31880 "-" "Mozilla/5.0 (compatible; bingbot/2.0; +http://www.bing.com/bingbot.htm)"
157.55.39.52 - - [23/Sep/2018:21:53:05 +0900] "GET /robots.txt HTTP/1.1" 404 2275 "-" "Mozilla/5.0 (compatible; bingbot/2.0; +http://www.bing.com/bingbot.htm)"
219.94.203.142 - - [23/Sep/2018:21:54:00 +0900] "POST /blog/wp-cron.php?doing_wp_cron=1537707240.0740759372711181640625 HTTP/1.0" 502 226 "-" "WordPress/3.5.1; http://www.nishifuna-seitai.com/blog"
157.55.39.114 - - [23/Sep/2018:21:53:59 +0900] "GET /blog/%e6%9c%aa%e5%88%86%e9%a1%9e/kiji1962/ HTTP/1.1" 200 17592 "-" "Mozilla/5.0 (compatible; bingbot/2.0; +http://www.bing.com/bingbot.htm)"
219.94.203.142 - - [23/Sep/2018:21:56:01 +0900] "POST /blog/wp-cron.php?doing_wp_cron=1537707361.2094728946685791015625 HTTP/1.0" 502 226 "-" "WordPress/3.5.1; http://www.nishifuna-seitai.com/blog"
66.249.69.113 - - [23/Sep/2018:21:56:00 +0900] "GET /blog/%E3%82%B9%E3%82%BF%E3%83%83%E3%83%95%E3%82%88%E3%82%8A/kiji97/ HTTP/1.1" 200 17659 "-" "Mozilla/5.0 (compatible; Googlebot/2.1; +http://www.google.com/bot.html)"
46.229.168.131 - - [23/Sep/2018:22:19:59 +0900] "GET /robots.txt HTTP/1.1" 404 2275 "-" "Mozilla/5.0 (compatible; SemrushBot/2~bl; +http://www.semrush.com/bot.html)"
219.94.203.142 - - [23/Sep/2018:22:20:01 +0900] "POST /blog/wp-cron.php?doing_wp_cron=1537708801.4082520008087158203125 HTTP/1.0" 502 226 "-" "WordPress/3.5.1; http://www.nishifuna-seitai.com/blog"
46.229.168.140 - - [23/Sep/2018:22:20:01 +0900] "GET /blog/%E6%9C%AA%E5%88%86%E9%A1%9E/kiji1519/ HTTP/1.1" 200 18049 "-" "Mozilla/5.0 (compatible; SemrushBot/2~bl; +http://www.semrush.com/bot.html)"
219.94.203.142 - - [23/Sep/2018:22:25:51 +0900] "POST /blog/wp-cron.php?doing_wp_cron=1537709150.9679729938507080078125 HTTP/1.0" 502 226 "-" "WordPress/3.5.1; http://www.nishifuna-seitai.com/blog"
46.229.168.142 - - [23/Sep/2018:22:25:50 +0900] "GET /blog/%E6%9C%AA%E5%88%86%E9%A1%9E/kiji1645/ HTTP/1.1" 200 17565 "-" "Mozilla/5.0 (compatible; SemrushBot/2~bl; +http://www.semrush.com/bot.html)"
219.94.203.142 - - [23/Sep/2018:22:45:12 +0900] "POST /blog/wp-cron.php?doing_wp_cron=1537710311.6902620792388916015625 HTTP/1.0" 502 226 "-" "WordPress/3.5.1; http://www.nishifuna-seitai.com/blog"
40.77.167.89 - - [23/Sep/2018:22:45:11 +0900] "GET /blog/%e6%9c%aa%e5%88%86%e9%a1%9e/kiji1384/ HTTP/1.1" 200 17863 "-" "Mozilla/5.0 (compatible; bingbot/2.0; +http://www.bing.com/bingbot.htm)"
46.229.168.140 - - [23/Sep/2018:23:05:02 +0900] "GET /contact/privacy.html HTTP/1.1" 200 9855 "-" "Mozilla/5.0 (compatible; SemrushBot/2~bl; +http://www.semrush.com/bot.html)"
202.46.53.55 - - [23/Sep/2018:23:36:06 +0900] "GET / HTTP/1.1" 301 240 "-" "Mozilla/5.0 (Windows NT 10.0; WOW64) AppleWebKit/537.36 (KHTML, like Gecko) Chrome/45.0.2454.93 Safari/537.36"
180.76.15.144 - - [23/Sep/2018:23:36:07 +0900] "GET /robots.txt HTTP/1.1" 404 2275 "-" "Mozilla/5.0 (Windows NT 5.1; rv:6.0.2) Gecko/20100101 Firefox/6.0.2"
202.46.50.99 - - [23/Sep/2018:23:36:06 +0900] "GET / HTTP/1.1" 200 16214 "-" "Mozilla/5.0 (Windows NT 10.0; WOW64) AppleWebKit/537.36 (KHTML, like Gecko) Chrome/45.0.2454.93 Safari/537.36"
66.249.69.113 - - [23/Sep/2018:23:43:53 +0900] "GET /robots.txt HTTP/1.1" 404 2275 "-" "Mozilla/5.0 (compatible; Googlebot/2.1; +http://www.google.com/bot.html)"
219.94.203.142 - - [23/Sep/2018:23:43:54 +0900] "POST /blog/wp-cron.php?doing_wp_cron=1537713834.0514850616455078125000 HTTP/1.0" 502 226 "-" "WordPress/3.5.1; http://www.nishifuna-seitai.com/blog"
66.249.69.117 - - [23/Sep/2018:23:43:53 +0900] "GET /blog/page/38/ HTTP/1.1" 200 25848 "-" "Mozilla/5.0 (compatible; Googlebot/2.1; +http://www.google.com/bot.html)"
193.169.252.142 - - [23/Sep/2018:23:47:09 +0900] "GET /wp-login.php HTTP/1.1" 403 2863 "http://nishifuna-seitai.com/wp-login.php" "Mozilla/4.0 (compatible; MSIE 9.0; Windows NT 6.1; 125LA; .NET CLR 2.0.50727; .NET CLR 3.0.04506.648; .NET CLR 3.5.21022)"
193.169.252.142 - - [23/Sep/2018:23:47:09 +0900] "GET /wp-login.php HTTP/1.1" 403 2863 "http://nishifuna-seitai.com/wp-login.php" "Mozilla/4.0 (compatible; MSIE 9.0; Windows NT 6.1; 125LA; .NET CLR 2.0.50727; .NET CLR 3.0.04506.648; .NET CLR 3.5.21022)"
46.229.168.142 - - [23/Sep/2018:23:51:51 +0900] "GET /robots.txt HTTP/1.1" 404 2275 "-" "Mozilla/5.0 (compatible; SemrushBot/2~bl; +http://www.semrush.com/bot.html)"
219.94.203.142 - - [23/Sep/2018:23:51:55 +0900] "POST /blog/wp-cron.php?doing_wp_cron=1537714315.5194120407104492187500 HTTP/1.0" 502 226 "-" "WordPress/3.5.1; http://www.nishifuna-seitai.com/blog"
46.229.168.148 - - [23/Sep/2018:23:51:55 +0900] "GET /blog/author/admin/ HTTP/1.1" 200 27544 "-" "Mozilla/5.0 (compatible; SemrushBot/2~bl; +http://www.semrush.com/bot.html)"
114.19.134.117 - - [23/Sep/2018:23:54:29 +0900] "GET /sp/price.html HTTP/1.1" 304 - "-" "Mozilla/5.0 (Linux; Android 8.0.0; SO-04J Build/47.1.F.0.0) AppleWebKit/537.36 (KHTML, like Gecko) Chrome/69.0.3497.100 Mobile Safari/537.36"
114.19.134.117 - - [23/Sep/2018:23:54:29 +0900] "GET /sp/style.css HTTP/1.1" 304 - "http://www.nishifuna-seitai.com/sp/price.html" "Mozilla/5.0 (Linux; Android 8.0.0; SO-04J Build/47.1.F.0.0) AppleWebKit/537.36 (KHTML, like Gecko) Chrome/69.0.3497.100 Mobile Safari/537.36"
114.19.134.117 - - [23/Sep/2018:23:54:29 +0900] "GET /sp/img/logo.gif HTTP/1.1" 304 - "http://www.nishifuna-seitai.com/sp/price.html" "Mozilla/5.0 (Linux; Android 8.0.0; SO-04J Build/47.1.F.0.0) AppleWebKit/537.36 (KHTML, like Gecko) Chrome/69.0.3497.100 Mobile Safari/537.36"
114.19.134.117 - - [23/Sep/2018:23:54:29 +0900] "GET /sp/img/logo2.gif HTTP/1.1" 304 - "http://www.nishifuna-seitai.com/sp/price.html" "Mozilla/5.0 (Linux; Android 8.0.0; SO-04J Build/47.1.F.0.0) AppleWebKit/537.36 (KHTML, like Gecko) Chrome/69.0.3497.100 Mobile Safari/537.36"
114.19.134.117 - - [23/Sep/2018:23:54:29 +0900] "GET /sp/img/nav_bg.gif HTTP/1.1" 304 - "http://www.nishifuna-seitai.com/sp/style.css" "Mozilla/5.0 (Linux; Android 8.0.0; SO-04J Build/47.1.F.0.0) AppleWebKit/537.36 (KHTML, like Gecko) Chrome/69.0.3497.100 Mobile Safari/537.36"
114.19.134.117 - - [23/Sep/2018:23:54:29 +0900] "GET /sp/img/h_bg_gray.gif HTTP/1.1" 304 - "http://www.nishifuna-seitai.com/sp/style.css" "Mozilla/5.0 (Linux; Android 8.0.0; SO-04J Build/47.1.F.0.0) AppleWebKit/537.36 (KHTML, like Gecko) Chrome/69.0.3497.100 Mobile Safari/537.36"
114.19.134.117 - - [23/Sep/2018:23:54:29 +0900] "GET /sp/img/h_bg.gif HTTP/1.1" 304 - "http://www.nishifuna-seitai.com/sp/style.css" "Mozilla/5.0 (Linux; Android 8.0.0; SO-04J Build/47.1.F.0.0) AppleWebKit/537.36 (KHTML, like Gecko) Chrome/69.0.3497.100 Mobile Safari/537.36"
114.19.134.117 - - [23/Sep/2018:23:54:29 +0900] "GET /sp/img/header_price.png HTTP/1.1" 200 44237 "http://www.nishifuna-seitai.com/sp/price.html" "Mozilla/5.0 (Linux; Android 8.0.0; SO-04J Build/47.1.F.0.0) AppleWebKit/537.36 (KHTML, like Gecko) Chrome/69.0.3497.100 Mobile Safari/537.36"
114.19.134.117 - - [23/Sep/2018:23:54:29 +0900] "GET /sp/img/coupon.jpg HTTP/1.1" 200 109242 "http://www.nishifuna-seitai.com/sp/price.html" "Mozilla/5.0 (Linux; Android 8.0.0; SO-04J Build/47.1.F.0.0) AppleWebKit/537.36 (KHTML, like Gecko) Chrome/69.0.3497.100 Mobile Safari/537.36"
114.19.134.117 - - [23/Sep/2018:23:54:29 +0900] "GET /favicon.ico HTTP/1.1" 302 219 "http://www.nishifuna-seitai.com/sp/price.html" "Mozilla/5.0 (Linux; Android 8.0.0; SO-04J Build/47.1.F.0.0) AppleWebKit/537.36 (KHTML, like Gecko) Chrome/69.0.3497.100 Mobile Safari/537.36"
114.19.134.117 - - [23/Sep/2018:23:54:29 +0900] "GET /sp/ HTTP/1.1" 304 - "http://www.nishifuna-seitai.com/sp/price.html" "Mozilla/5.0 (Linux; Android 8.0.0; SO-04J Build/47.1.F.0.0) AppleWebKit/537.36 (KHTML, like Gecko) Chrome/69.0.3497.100 Mobile Safari/537.36"
219.94.203.142 - - [23/Sep/2018:23:56:08 +0900] "POST /blog/wp-cron.php?doing_wp_cron=1537714568.0763800144195556640625 HTTP/1.0" 502 226 "-" "WordPress/3.5.1; http://www.nishifuna-seitai.com/blog"
157.55.39.115 - - [23/Sep/2018:23:56:07 +0900] "GET /blog/%e6%9c%aa%e5%88%86%e9%a1%9e/kiji1407/ HTTP/1.1" 200 17613 "-" "Mozilla/5.0 (compatible; bingbot/2.0; +http://www.bing.com/bingbot.htm)"
40.77.189.78 - - [23/Sep/2018:23:56:10 +0900] "GET /blog/wp-content/plugins/contact-form-7/includes/css/styles.css?ver=3.3.3 HTTP/1.1" 200 887 "http://www.nishifuna-seitai.com/blog/%e6%9c%aa%e5%88%86%e9%a1%9e/kiji1407/" "Mozilla/5.0 (Windows NT 6.1; WOW64) AppleWebKit/534+ (KHTML, like Gecko) BingPreview/1.0b"
40.77.189.78 - - [23/Sep/2018:23:56:10 +0900] "GET /blog/wp-content/themes/twentytwelve/style.css?ver=3.5.1 HTTP/1.1" 200 35292 "http://www.nishifuna-seitai.com/blog/%e6%9c%aa%e5%88%86%e9%a1%9e/kiji1407/" "Mozilla/5.0 (Windows NT 6.1; WOW64) AppleWebKit/534+ (KHTML, like Gecko) BingPreview/1.0b"
40.77.189.78 - - [23/Sep/2018:23:56:10 +0900] "GET /blog/wp-includes/js/jquery/jquery.js?ver=1.8.3 HTTP/1.1" 200 93658 "http://www.nishifuna-seitai.com/blog/%e6%9c%aa%e5%88%86%e9%a1%9e/kiji1407/" "Mozilla/5.0 (Windows NT 6.1; WOW64) AppleWebKit/534+ (KHTML, like Gecko) BingPreview/1.0b"
40.77.189.78 - - [23/Sep/2018:23:56:15 +0900] "GET /blog/wp-content/plugins/contact-form-7/includes/js/jquery.form.min.js?ver=3.25.0-2013.01.18 HTTP/1.1" 200 15158 "http://www.nishifuna-seitai.com/blog/%e6%9c%aa%e5%88%86%e9%a1%9e/kiji1407/" "Mozilla/5.0 (Windows NT 6.1; WOW64) AppleWebKit/534+ (KHTML, like Gecko) BingPreview/1.0b"
40.77.189.78 - - [23/Sep/2018:23:56:15 +0900] "GET /blog/wp-content/plugins/contact-form-7/includes/js/scripts.js?ver=3.3.3 HTTP/1.1" 200 6933 "http://www.nishifuna-seitai.com/blog/%e6%9c%aa%e5%88%86%e9%a1%9e/kiji1407/" "Mozilla/5.0 (Windows NT 6.1; WOW64) AppleWebKit/534+ (KHTML, like Gecko) BingPreview/1.0b"
40.77.189.78 - - [23/Sep/2018:23:56:16 +0900] "GET /blog/wp-content/themes/twentytwelve/js/navigation.js?ver=1.0 HTTP/1.1" 200 863 "http://www.nishifuna-seitai.com/blog/%e6%9c%aa%e5%88%86%e9%a1%9e/kiji1407/" "Mozilla/5.0 (Windows NT 6.1; WOW64) AppleWebKit/534+ (KHTML, like Gecko) BingPreview/1.0b"
40.77.189.78 - - [23/Sep/2018:23:56:15 +0900] "GET /blog/wp-content/uploads/2012/12/h2_index2.png HTTP/1.1" 200 394553 "http://www.nishifuna-seitai.com/blog/%e6%9c%aa%e5%88%86%e9%a1%9e/kiji1407/" "Mozilla/5.0 (Windows NT 6.1; WOW64) AppleWebKit/534+ (KHTML, like Gecko) BingPreview/1.0b"
219.94.203.142 - - [23/Sep/2018:23:57:16 +0900] "POST /blog/wp-cron.php?doing_wp_cron=1537714636.0231719017028808593750 HTTP/1.0" 502 226 "-" "WordPress/3.5.1; http://www.nishifuna-seitai.com/blog"
182.250.242.67 - - [23/Sep/2018:23:57:15 +0900] "GET /blog/%E6%9C%AA%E5%88%86%E9%A1%9E/kiji1357/ HTTP/1.1" 200 17313 "https://www.google.co.jp/" "Mozilla/5.0 (iPhone; CPU iPhone OS 11_4_1 like Mac OS X) AppleWebKit/605.1.15 (KHTML, like Gecko) Version/11.0 Mobile/15E148 Safari/604.1"
182.250.242.67 - - [23/Sep/2018:23:57:16 +0900] "GET /blog/wp-content/plugins/contact-form-7/includes/css/styles.css?ver=3.3.3 HTTP/1.1" 200 887 "http://www.nishifuna-seitai.com/blog/%E6%9C%AA%E5%88%86%E9%A1%9E/kiji1357/" "Mozilla/5.0 (iPhone; CPU iPhone OS 11_4_1 like Mac OS X) AppleWebKit/605.1.15 (KHTML, like Gecko) Version/11.0 Mobile/15E148 Safari/604.1"
182.250.242.67 - - [23/Sep/2018:23:57:16 +0900] "GET /blog/wp-content/themes/twentytwelve/style.css?ver=3.5.1 HTTP/1.1" 200 35292 "http://www.nishifuna-seitai.com/blog/%E6%9C%AA%E5%88%86%E9%A1%9E/kiji1357/" "Mozilla/5.0 (iPhone; CPU iPhone OS 11_4_1 like Mac OS X) AppleWebKit/605.1.15 (KHTML, like Gecko) Version/11.0 Mobile/15E148 Safari/604.1"
182.250.242.67 - - [23/Sep/2018:23:57:16 +0900] "GET /blog/wp-includes/js/jquery/jquery.js?ver=1.8.3 HTTP/1.1" 200 93658 "http://www.nishifuna-seitai.com/blog/%E6%9C%AA%E5%88%86%E9%A1%9E/kiji1357/" "Mozilla/5.0 (iPhone; CPU iPhone OS 11_4_1 like Mac OS X) AppleWebKit/605.1.15 (KHTML, like Gecko) Version/11.0 Mobile/15E148 Safari/604.1"
182.250.242.67 - - [23/Sep/2018:23:57:16 +0900] "GET /blog/wp-content/plugins/contact-form-7/includes/js/jquery.form.min.js?ver=3.25.0-2013.01.18 HTTP/1.1" 200 15158 "http://www.nishifuna-seitai.com/blog/%E6%9C%AA%E5%88%86%E9%A1%9E/kiji1357/" "Mozilla/5.0 (iPhone; CPU iPhone OS 11_4_1 like Mac OS X) AppleWebKit/605.1.15 (KHTML, like Gecko) Version/11.0 Mobile/15E148 Safari/604.1"
182.250.242.67 - - [23/Sep/2018:23:57:16 +0900] "GET /blog/wp-content/uploads/2012/12/h2_index2.png HTTP/1.1" 200 394553 "http://www.nishifuna-seitai.com/blog/%E6%9C%AA%E5%88%86%E9%A1%9E/kiji1357/" "Mozilla/5.0 (iPhone; CPU iPhone OS 11_4_1 like Mac OS X) AppleWebKit/605.1.15 (KHTML, like Gecko) Version/11.0 Mobile/15E148 Safari/604.1"
182.250.242.67 - - [23/Sep/2018:23:57:16 +0900] "GET /blog/wp-content/plugins/contact-form-7/includes/js/scripts.js?ver=3.3.3 HTTP/1.1" 200 6933 "http://www.nishifuna-seitai.com/blog/%E6%9C%AA%E5%88%86%E9%A1%9E/kiji1357/" "Mozilla/5.0 (iPhone; CPU iPhone OS 11_4_1 like Mac OS X) AppleWebKit/605.1.15 (KHTML, like Gecko) Version/11.0 Mobile/15E148 Safari/604.1"
182.250.242.67 - - [23/Sep/2018:23:57:16 +0900] "GET /blog/wp-content/themes/twentytwelve/js/navigation.js?ver=1.0 HTTP/1.1" 200 863 "http://www.nishifuna-seitai.com/blog/%E6%9C%AA%E5%88%86%E9%A1%9E/kiji1357/" "Mozilla/5.0 (iPhone; CPU iPhone OS 11_4_1 like Mac OS X) AppleWebKit/605.1.15 (KHTML, like Gecko) Version/11.0 Mobile/15E148 Safari/604.1"
182.250.242.67 - - [23/Sep/2018:23:57:16 +0900] "GET /blog/wp-content/uploads/2014/12/IMG_0209.jpg HTTP/1.1" 200 1519328 "http://www.nishifuna-seitai.com/blog/%E6%9C%AA%E5%88%86%E9%A1%9E/kiji1357/" "Mozilla/5.0 (iPhone; CPU iPhone OS 11_4_1 like Mac OS X) AppleWebKit/605.1.15 (KHTML, like Gecko) Version/11.0 Mobile/15E148 Safari/604.1"
219.94.203.142 - - [24/Sep/2018:00:08:28 +0900] "POST /blog/wp-cron.php?doing_wp_cron=1537715308.7121779918670654296875 HTTP/1.0" 502 226 "-" "WordPress/3.5.1; http://www.nishifuna-seitai.com/blog"
54.36.149.45 - - [24/Sep/2018:00:08:28 +0900] "GET /blog/date/2013/12/ HTTP/1.1" 200 22962 "-" "Mozilla/5.0 (compatible; AhrefsBot/5.2; +http://ahrefs.com/robot/)"
219.94.203.142 - - [24/Sep/2018:00:11:14 +0900] "POST /blog/wp-cron.php?doing_wp_cron=1537715474.4744899272918701171875 HTTP/1.0" 502 226 "-" "WordPress/3.5.1; http://www.nishifuna-seitai.com/blog"
