182.168.253.181 - - [10/Sep/2018:13:15:30 +0900] "GET /images/f_charge_title.png HTTP/1.1" 200 3675 "http://www.nishifuna-seitai.com/price/" "Mozilla/5.0 (Macintosh; Intel Mac OS X 10_5_8) AppleWebKit/534.50.2 (KHTML, like Gecko) Version/5.0.6 Safari/533.22.3"
182.168.253.181 - - [10/Sep/2018:13:15:30 +0900] "GET /images/price_h2.jpg HTTP/1.1" 200 30192 "http://www.nishifuna-seitai.com/price/" "Mozilla/5.0 (Macintosh; Intel Mac OS X 10_5_8) AppleWebKit/534.50.2 (KHTML, like Gecko) Version/5.0.6 Safari/533.22.3"
182.168.253.181 - - [10/Sep/2018:13:15:30 +0900] "GET /images/ticket_title.png HTTP/1.1" 200 2933 "http://www.nishifuna-seitai.com/price/" "Mozilla/5.0 (Macintosh; Intel Mac OS X 10_5_8) AppleWebKit/534.50.2 (KHTML, like Gecko) Version/5.0.6 Safari/533.22.3"
193.201.224.225 - - [10/Sep/2018:13:15:35 +0900] "GET /blog/wp-login.php HTTP/1.1" 403 2863 "-" "Mozilla/5.0 (compatible; MSIE 9.0; Windows NT 6.1; Trident/5.0)"
182.168.253.181 - - [10/Sep/2018:13:15:50 +0900] "GET /voice/ HTTP/1.1" 200 10510 "http://www.nishifuna-seitai.com/price/" "Mozilla/5.0 (Macintosh; Intel Mac OS X 10_5_8) AppleWebKit/534.50.2 (KHTML, like Gecko) Version/5.0.6 Safari/533.22.3"
182.168.253.181 - - [10/Sep/2018:13:15:51 +0900] "GET /css/voice.css HTTP/1.1" 200 3175 "http://www.nishifuna-seitai.com/voice/" "Mozilla/5.0 (Macintosh; Intel Mac OS X 10_5_8) AppleWebKit/534.50.2 (KHTML, like Gecko) Version/5.0.6 Safari/533.22.3"
182.168.253.181 - - [10/Sep/2018:13:15:52 +0900] "GET /images/arrive.png HTTP/1.1" 200 3969 "http://www.nishifuna-seitai.com/voice/" "Mozilla/5.0 (Macintosh; Intel Mac OS X 10_5_8) AppleWebKit/534.50.2 (KHTML, like Gecko) Version/5.0.6 Safari/533.22.3"
182.168.253.181 - - [10/Sep/2018:13:15:52 +0900] "GET /images/voice01.png HTTP/1.1" 200 740 "http://www.nishifuna-seitai.com/voice/" "Mozilla/5.0 (Macintosh; Intel Mac OS X 10_5_8) AppleWebKit/534.50.2 (KHTML, like Gecko) Version/5.0.6 Safari/533.22.3"
182.168.253.181 - - [10/Sep/2018:13:15:52 +0900] "GET /images/voice_h2.jpg HTTP/1.1" 200 42165 "http://www.nishifuna-seitai.com/voice/" "Mozilla/5.0 (Macintosh; Intel Mac OS X 10_5_8) AppleWebKit/534.50.2 (KHTML, like Gecko) Version/5.0.6 Safari/533.22.3"
182.168.253.181 - - [10/Sep/2018:13:15:52 +0900] "GET /images/voice02.png HTTP/1.1" 200 806 "http://www.nishifuna-seitai.com/voice/" "Mozilla/5.0 (Macintosh; Intel Mac OS X 10_5_8) AppleWebKit/534.50.2 (KHTML, like Gecko) Version/5.0.6 Safari/533.22.3"
182.168.253.181 - - [10/Sep/2018:13:15:53 +0900] "GET /images/voice03.png HTTP/1.1" 200 811 "http://www.nishifuna-seitai.com/voice/" "Mozilla/5.0 (Macintosh; Intel Mac OS X 10_5_8) AppleWebKit/534.50.2 (KHTML, like Gecko) Version/5.0.6 Safari/533.22.3"
182.168.253.181 - - [10/Sep/2018:13:15:53 +0900] "GET /images/voice05.png HTTP/1.1" 200 796 "http://www.nishifuna-seitai.com/voice/" "Mozilla/5.0 (Macintosh; Intel Mac OS X 10_5_8) AppleWebKit/534.50.2 (KHTML, like Gecko) Version/5.0.6 Safari/533.22.3"
182.168.253.181 - - [10/Sep/2018:13:15:53 +0900] "GET /images/voice04.png HTTP/1.1" 200 791 "http://www.nishifuna-seitai.com/voice/" "Mozilla/5.0 (Macintosh; Intel Mac OS X 10_5_8) AppleWebKit/534.50.2 (KHTML, like Gecko) Version/5.0.6 Safari/533.22.3"
182.168.253.181 - - [10/Sep/2018:13:15:54 +0900] "GET /images/voice06.png HTTP/1.1" 200 805 "http://www.nishifuna-seitai.com/voice/" "Mozilla/5.0 (Macintosh; Intel Mac OS X 10_5_8) AppleWebKit/534.50.2 (KHTML, like Gecko) Version/5.0.6 Safari/533.22.3"
219.94.203.142 - - [10/Sep/2018:13:18:39 +0900] "POST /blog/wp-cron.php?doing_wp_cron=1536553119.4404900074005126953125 HTTP/1.0" 502 226 "-" "WordPress/3.5.1; http://www.nishifuna-seitai.com/blog"
40.77.167.83 - - [10/Sep/2018:13:18:39 +0900] "GET /blog/ HTTP/1.1" 200 26829 "-" "Mozilla/5.0 (compatible; bingbot/2.0; +http://www.bing.com/bingbot.htm)"
219.94.203.142 - - [10/Sep/2018:13:22:32 +0900] "POST /blog/wp-cron.php?doing_wp_cron=1536553352.2662351131439208984375 HTTP/1.0" 502 226 "-" "WordPress/3.5.1; http://www.nishifuna-seitai.com/blog"
54.36.148.45 - - [10/Sep/2018:13:22:31 +0900] "GET /blog/category/%E6%9C%AA%E5%88%86%E9%A1%9E/page/41/ HTTP/1.1" 200 26504 "-" "Mozilla/5.0 (compatible; AhrefsBot/5.2; +http://ahrefs.com/robot/)"
182.251.242.50 - - [10/Sep/2018:13:25:14 +0900] "GET /sp/ HTTP/1.1" 200 7496 "https://www.google.co.jp/" "Mozilla/5.0 (iPhone; CPU iPhone OS 11_4_1 like Mac OS X) AppleWebKit/605.1.15 (KHTML, like Gecko) Version/11.0 Mobile/15E148 Safari/604.1"
182.251.242.50 - - [10/Sep/2018:13:25:14 +0900] "GET /sp/style.css HTTP/1.1" 200 4421 "http://www.nishifuna-seitai.com/sp/" "Mozilla/5.0 (iPhone; CPU iPhone OS 11_4_1 like Mac OS X) AppleWebKit/605.1.15 (KHTML, like Gecko) Version/11.0 Mobile/15E148 Safari/604.1"
182.251.242.50 - - [10/Sep/2018:13:25:14 +0900] "GET /sp/img/logo2.gif HTTP/1.1" 200 8343 "http://www.nishifuna-seitai.com/sp/" "Mozilla/5.0 (iPhone; CPU iPhone OS 11_4_1 like Mac OS X) AppleWebKit/605.1.15 (KHTML, like Gecko) Version/11.0 Mobile/15E148 Safari/604.1"
182.251.242.50 - - [10/Sep/2018:13:25:14 +0900] "GET /sp/img/photo01.jpg HTTP/1.1" 200 7915 "http://www.nishifuna-seitai.com/sp/" "Mozilla/5.0 (iPhone; CPU iPhone OS 11_4_1 like Mac OS X) AppleWebKit/605.1.15 (KHTML, like Gecko) Version/11.0 Mobile/15E148 Safari/604.1"
182.251.242.50 - - [10/Sep/2018:13:25:14 +0900] "GET /sp/img/header.png HTTP/1.1" 200 187164 "http://www.nishifuna-seitai.com/sp/" "Mozilla/5.0 (iPhone; CPU iPhone OS 11_4_1 like Mac OS X) AppleWebKit/605.1.15 (KHTML, like Gecko) Version/11.0 Mobile/15E148 Safari/604.1"
182.251.242.50 - - [10/Sep/2018:13:25:14 +0900] "GET /sp/img/about02.png HTTP/1.1" 200 42549 "http://www.nishifuna-seitai.com/sp/" "Mozilla/5.0 (iPhone; CPU iPhone OS 11_4_1 like Mac OS X) AppleWebKit/605.1.15 (KHTML, like Gecko) Version/11.0 Mobile/15E148 Safari/604.1"
182.251.242.50 - - [10/Sep/2018:13:25:14 +0900] "GET /sp/img/bnr_para.png HTTP/1.1" 200 12686 "http://www.nishifuna-seitai.com/sp/" "Mozilla/5.0 (iPhone; CPU iPhone OS 11_4_1 like Mac OS X) AppleWebKit/605.1.15 (KHTML, like Gecko) Version/11.0 Mobile/15E148 Safari/604.1"
182.251.242.50 - - [10/Sep/2018:13:25:14 +0900] "GET /sp/img/living.png HTTP/1.1" 200 157323 "http://www.nishifuna-seitai.com/sp/" "Mozilla/5.0 (iPhone; CPU iPhone OS 11_4_1 like Mac OS X) AppleWebKit/605.1.15 (KHTML, like Gecko) Version/11.0 Mobile/15E148 Safari/604.1"
182.251.242.50 - - [10/Sep/2018:13:25:15 +0900] "GET /sp/img/bnr_mix.png HTTP/1.1" 200 5115 "http://www.nishifuna-seitai.com/sp/" "Mozilla/5.0 (iPhone; CPU iPhone OS 11_4_1 like Mac OS X) AppleWebKit/605.1.15 (KHTML, like Gecko) Version/11.0 Mobile/15E148 Safari/604.1"
182.251.242.50 - - [10/Sep/2018:13:25:15 +0900] "GET /sp/img/h_bg.gif HTTP/1.1" 200 481 "http://www.nishifuna-seitai.com/sp/" "Mozilla/5.0 (iPhone; CPU iPhone OS 11_4_1 like Mac OS X) AppleWebKit/605.1.15 (KHTML, like Gecko) Version/11.0 Mobile/15E148 Safari/604.1"
182.251.242.50 - - [10/Sep/2018:13:25:15 +0900] "GET /sp/img/blogbanner2.jpg HTTP/1.1" 200 24556 "http://www.nishifuna-seitai.com/sp/" "Mozilla/5.0 (iPhone; CPU iPhone OS 11_4_1 like Mac OS X) AppleWebKit/605.1.15 (KHTML, like Gecko) Version/11.0 Mobile/15E148 Safari/604.1"
182.251.242.50 - - [10/Sep/2018:13:25:15 +0900] "GET /sp/img/nav_bg.gif HTTP/1.1" 200 890 "http://www.nishifuna-seitai.com/sp/" "Mozilla/5.0 (iPhone; CPU iPhone OS 11_4_1 like Mac OS X) AppleWebKit/605.1.15 (KHTML, like Gecko) Version/11.0 Mobile/15E148 Safari/604.1"
182.251.242.50 - - [10/Sep/2018:13:25:15 +0900] "GET /sp/img/h_bg_gray.gif HTTP/1.1" 200 80 "http://www.nishifuna-seitai.com/sp/" "Mozilla/5.0 (iPhone; CPU iPhone OS 11_4_1 like Mac OS X) AppleWebKit/605.1.15 (KHTML, like Gecko) Version/11.0 Mobile/15E148 Safari/604.1"
182.251.242.50 - - [10/Sep/2018:13:25:36 +0900] "GET /sp/about.html HTTP/1.1" 200 4856 "http://www.nishifuna-seitai.com/sp/" "Mozilla/5.0 (iPhone; CPU iPhone OS 11_4_1 like Mac OS X) AppleWebKit/605.1.15 (KHTML, like Gecko) Version/11.0 Mobile/15E148 Safari/604.1"
182.251.242.50 - - [10/Sep/2018:13:25:36 +0900] "GET /sp/img/logo.gif HTTP/1.1" 200 8495 "http://www.nishifuna-seitai.com/sp/about.html" "Mozilla/5.0 (iPhone; CPU iPhone OS 11_4_1 like Mac OS X) AppleWebKit/605.1.15 (KHTML, like Gecko) Version/11.0 Mobile/15E148 Safari/604.1"
182.251.242.50 - - [10/Sep/2018:13:25:36 +0900] "GET /sp/img/header_about.png HTTP/1.1" 200 88011 "http://www.nishifuna-seitai.com/sp/about.html" "Mozilla/5.0 (iPhone; CPU iPhone OS 11_4_1 like Mac OS X) AppleWebKit/605.1.15 (KHTML, like Gecko) Version/11.0 Mobile/15E148 Safari/604.1"
182.251.242.50 - - [10/Sep/2018:13:25:36 +0900] "GET /sp/img/about_tekut.jpg HTTP/1.1" 200 37590 "http://www.nishifuna-seitai.com/sp/about.html" "Mozilla/5.0 (iPhone; CPU iPhone OS 11_4_1 like Mac OS X) AppleWebKit/605.1.15 (KHTML, like Gecko) Version/11.0 Mobile/15E148 Safari/604.1"
182.251.242.50 - - [10/Sep/2018:13:25:36 +0900] "GET /sp/img/about_super.jpg HTTP/1.1" 200 45188 "http://www.nishifuna-seitai.com/sp/about.html" "Mozilla/5.0 (iPhone; CPU iPhone OS 11_4_1 like Mac OS X) AppleWebKit/605.1.15 (KHTML, like Gecko) Version/11.0 Mobile/15E148 Safari/604.1"
182.251.242.50 - - [10/Sep/2018:13:25:37 +0900] "GET /sp/img/about_air.jpg HTTP/1.1" 200 26551 "http://www.nishifuna-seitai.com/sp/about.html" "Mozilla/5.0 (iPhone; CPU iPhone OS 11_4_1 like Mac OS X) AppleWebKit/605.1.15 (KHTML, like Gecko) Version/11.0 Mobile/15E148 Safari/604.1"
182.251.242.50 - - [10/Sep/2018:13:25:44 +0900] "GET /sp/price.html HTTP/1.1" 200 4912 "http://www.nishifuna-seitai.com/sp/about.html" "Mozilla/5.0 (iPhone; CPU iPhone OS 11_4_1 like Mac OS X) AppleWebKit/605.1.15 (KHTML, like Gecko) Version/11.0 Mobile/15E148 Safari/604.1"
182.251.242.50 - - [10/Sep/2018:13:25:44 +0900] "GET /sp/img/header_price.png HTTP/1.1" 200 44237 "http://www.nishifuna-seitai.com/sp/price.html" "Mozilla/5.0 (iPhone; CPU iPhone OS 11_4_1 like Mac OS X) AppleWebKit/605.1.15 (KHTML, like Gecko) Version/11.0 Mobile/15E148 Safari/604.1"
182.251.242.50 - - [10/Sep/2018:13:25:45 +0900] "GET /sp/img/coupon.jpg HTTP/1.1" 200 109242 "http://www.nishifuna-seitai.com/sp/price.html" "Mozilla/5.0 (iPhone; CPU iPhone OS 11_4_1 like Mac OS X) AppleWebKit/605.1.15 (KHTML, like Gecko) Version/11.0 Mobile/15E148 Safari/604.1"
46.229.168.72 - - [10/Sep/2018:13:42:55 +0900] "GET /robots.txt HTTP/1.1" 404 2275 "-" "Mozilla/5.0 (compatible; SemrushBot/2~bl; +http://www.semrush.com/bot.html)"
219.94.203.142 - - [10/Sep/2018:13:42:57 +0900] "POST /blog/wp-cron.php?doing_wp_cron=1536554577.3380599021911621093750 HTTP/1.0" 502 226 "-" "WordPress/3.5.1; http://www.nishifuna-seitai.com/blog"
46.229.168.75 - - [10/Sep/2018:13:42:57 +0900] "GET /blog/%E6%9C%AA%E5%88%86%E9%A1%9E/kiji1560/ HTTP/1.1" 200 17653 "-" "Mozilla/5.0 (compatible; SemrushBot/2~bl; +http://www.semrush.com/bot.html)"
216.244.66.226 - - [10/Sep/2018:13:46:39 +0900] "GET /robots.txt HTTP/1.1" 404 2275 "-" "Mozilla/5.0 (compatible; DotBot/1.1; http://www.opensiteexplorer.org/dotbot, help@moz.com)"
219.94.203.142 - - [10/Sep/2018:14:07:55 +0900] "POST /blog/wp-cron.php?doing_wp_cron=1536556075.6722700595855712890625 HTTP/1.0" 502 226 "-" "WordPress/3.5.1; http://www.nishifuna-seitai.com/blog"
207.46.13.48 - - [10/Sep/2018:14:07:55 +0900] "GET /blog/author/admin/page/13/ HTTP/1.1" 200 27573 "-" "Mozilla/5.0 (compatible; bingbot/2.0; +http://www.bing.com/bingbot.htm)"
219.94.203.142 - - [10/Sep/2018:14:09:23 +0900] "POST /blog/wp-cron.php?doing_wp_cron=1536556163.1005160808563232421875 HTTP/1.0" 502 226 "-" "WordPress/3.5.1; http://www.nishifuna-seitai.com/blog"
54.36.148.51 - - [10/Sep/2018:14:09:22 +0900] "GET /blog/%E6%9C%AA%E5%88%86%E9%A1%9E/kiji1507/feed/ HTTP/1.1" 200 1048 "-" "Mozilla/5.0 (compatible; AhrefsBot/5.2; +http://ahrefs.com/robot/)"
219.94.203.142 - - [10/Sep/2018:14:13:30 +0900] "POST /blog/wp-cron.php?doing_wp_cron=1536556410.9268729686737060546875 HTTP/1.0" 502 226 "-" "WordPress/3.5.1; http://www.nishifuna-seitai.com/blog"
114.179.206.198 - - [10/Sep/2018:14:13:31 +0900] "GET /blog/wp-content/plugins/contact-form-7/includes/css/styles.css?ver=3.3.3 HTTP/1.1" 200 887 "http://www.nishifuna-seitai.com/blog/%E6%9C%AA%E5%88%86%E9%A1%9E/kiji1508/" "Mozilla/5.0 (Windows NT 6.1; WOW64; Trident/7.0; rv:11.0) like Gecko"
114.179.206.198 - - [10/Sep/2018:14:13:30 +0900] "GET /blog/%E6%9C%AA%E5%88%86%E9%A1%9E/kiji1508/ HTTP/1.1" 200 18351 "http://search.yahoo.co.jp/" "Mozilla/5.0 (Windows NT 6.1; WOW64; Trident/7.0; rv:11.0) like Gecko"
114.179.206.198 - - [10/Sep/2018:14:13:31 +0900] "GET /blog/wp-content/plugins/contact-form-7/includes/js/scripts.js?ver=3.3.3 HTTP/1.1" 200 6933 "http://www.nishifuna-seitai.com/blog/%E6%9C%AA%E5%88%86%E9%A1%9E/kiji1508/" "Mozilla/5.0 (Windows NT 6.1; WOW64; Trident/7.0; rv:11.0) like Gecko"
114.179.206.198 - - [10/Sep/2018:14:13:31 +0900] "GET /blog/wp-content/themes/twentytwelve/js/navigation.js?ver=1.0 HTTP/1.1" 200 863 "http://www.nishifuna-seitai.com/blog/%E6%9C%AA%E5%88%86%E9%A1%9E/kiji1508/" "Mozilla/5.0 (Windows NT 6.1; WOW64; Trident/7.0; rv:11.0) like Gecko"
114.179.206.198 - - [10/Sep/2018:14:13:31 +0900] "GET /blog/wp-content/plugins/contact-form-7/includes/js/jquery.form.min.js?ver=3.25.0-2013.01.18 HTTP/1.1" 200 15158 "http://www.nishifuna-seitai.com/blog/%E6%9C%AA%E5%88%86%E9%A1%9E/kiji1508/" "Mozilla/5.0 (Windows NT 6.1; WOW64; Trident/7.0; rv:11.0) like Gecko"
114.179.206.198 - - [10/Sep/2018:14:13:31 +0900] "GET /blog/wp-includes/js/jquery/jquery.js?ver=1.8.3 HTTP/1.1" 200 93658 "http://www.nishifuna-seitai.com/blog/%E6%9C%AA%E5%88%86%E9%A1%9E/kiji1508/" "Mozilla/5.0 (Windows NT 6.1; WOW64; Trident/7.0; rv:11.0) like Gecko"
114.179.206.198 - - [10/Sep/2018:14:13:31 +0900] "GET /blog/wp-content/themes/twentytwelve/style.css?ver=3.5.1 HTTP/1.1" 200 35292 "http://www.nishifuna-seitai.com/blog/%E6%9C%AA%E5%88%86%E9%A1%9E/kiji1508/" "Mozilla/5.0 (Windows NT 6.1; WOW64; Trident/7.0; rv:11.0) like Gecko"
114.179.206.198 - - [10/Sep/2018:14:13:31 +0900] "GET /blog/wp-content/uploads/2012/12/h2_index2.png HTTP/1.1" 200 394553 "http://www.nishifuna-seitai.com/blog/%E6%9C%AA%E5%88%86%E9%A1%9E/kiji1508/" "Mozilla/5.0 (Windows NT 6.1; WOW64; Trident/7.0; rv:11.0) like Gecko"
114.179.206.198 - - [10/Sep/2018:14:13:31 +0900] "GET /favicon.ico HTTP/1.1" 200 1150 "-" "Mozilla/5.0 (Windows NT 6.1; WOW64; Trident/7.0; rv:11.0) like Gecko"
216.244.66.226 - - [10/Sep/2018:14:13:55 +0900] "GET /blog/author/admin/page/33/ HTTP/1.1" 200 25580 "-" "Mozilla/5.0 (compatible; DotBot/1.1; http://www.opensiteexplorer.org/dotbot, help@moz.com)"
219.94.203.142 - - [10/Sep/2018:14:15:20 +0900] "POST /blog/wp-cron.php?doing_wp_cron=1536556520.1794250011444091796875 HTTP/1.0" 502 226 "-" "WordPress/3.5.1; http://www.nishifuna-seitai.com/blog"
40.77.167.181 - - [10/Sep/2018:14:15:19 +0900] "GET /blog/%e6%9c%aa%e5%88%86%e9%a1%9e/kiji1913/ HTTP/1.1" 200 17217 "-" "Mozilla/5.0 (compatible; bingbot/2.0; +http://www.bing.com/bingbot.htm)"
219.94.203.142 - - [10/Sep/2018:14:16:52 +0900] "POST /blog/wp-cron.php?doing_wp_cron=1536556612.3816800117492675781250 HTTP/1.0" 502 226 "-" "WordPress/3.5.1; http://www.nishifuna-seitai.com/blog"
126.3.12.135 - - [10/Sep/2018:14:16:52 +0900] "GET /blog/page/38/ HTTP/1.1" 200 25848 "https://www.google.co.jp/" "Mozilla/5.0 (iPhone; CPU iPhone OS 11_4_1 like Mac OS X) AppleWebKit/605.1.15 (KHTML, like Gecko) Version/11.0 Mobile/15E148 Safari/604.1"
126.3.12.135 - - [10/Sep/2018:14:16:53 +0900] "GET /blog/wp-content/plugins/contact-form-7/includes/css/styles.css?ver=3.3.3 HTTP/1.1" 200 887 "http://www.nishifuna-seitai.com/blog/page/38/" "Mozilla/5.0 (iPhone; CPU iPhone OS 11_4_1 like Mac OS X) AppleWebKit/605.1.15 (KHTML, like Gecko) Version/11.0 Mobile/15E148 Safari/604.1"
126.3.12.135 - - [10/Sep/2018:14:16:53 +0900] "GET /blog/wp-content/themes/twentytwelve/style.css?ver=3.5.1 HTTP/1.1" 200 35292 "http://www.nishifuna-seitai.com/blog/page/38/" "Mozilla/5.0 (iPhone; CPU iPhone OS 11_4_1 like Mac OS X) AppleWebKit/605.1.15 (KHTML, like Gecko) Version/11.0 Mobile/15E148 Safari/604.1"
126.3.12.135 - - [10/Sep/2018:14:16:54 +0900] "GET /blog/wp-content/plugins/contact-form-7/includes/js/jquery.form.min.js?ver=3.25.0-2013.01.18 HTTP/1.1" 200 15158 "http://www.nishifuna-seitai.com/blog/page/38/" "Mozilla/5.0 (iPhone; CPU iPhone OS 11_4_1 like Mac OS X) AppleWebKit/605.1.15 (KHTML, like Gecko) Version/11.0 Mobile/15E148 Safari/604.1"
126.3.12.135 - - [10/Sep/2018:14:16:54 +0900] "GET /blog/wp-content/plugins/contact-form-7/includes/js/scripts.js?ver=3.3.3 HTTP/1.1" 200 6933 "http://www.nishifuna-seitai.com/blog/page/38/" "Mozilla/5.0 (iPhone; CPU iPhone OS 11_4_1 like Mac OS X) AppleWebKit/605.1.15 (KHTML, like Gecko) Version/11.0 Mobile/15E148 Safari/604.1"
126.3.12.135 - - [10/Sep/2018:14:16:53 +0900] "GET /blog/wp-includes/js/jquery/jquery.js?ver=1.8.3 HTTP/1.1" 200 93658 "http://www.nishifuna-seitai.com/blog/page/38/" "Mozilla/5.0 (iPhone; CPU iPhone OS 11_4_1 like Mac OS X) AppleWebKit/605.1.15 (KHTML, like Gecko) Version/11.0 Mobile/15E148 Safari/604.1"
126.3.12.135 - - [10/Sep/2018:14:16:54 +0900] "GET /blog/wp-content/themes/twentytwelve/js/navigation.js?ver=1.0 HTTP/1.1" 200 863 "http://www.nishifuna-seitai.com/blog/page/38/" "Mozilla/5.0 (iPhone; CPU iPhone OS 11_4_1 like Mac OS X) AppleWebKit/605.1.15 (KHTML, like Gecko) Version/11.0 Mobile/15E148 Safari/604.1"
126.3.12.135 - - [10/Sep/2018:14:16:53 +0900] "GET /blog/wp-content/uploads/2012/12/h2_index2.png HTTP/1.1" 200 394553 "http://www.nishifuna-seitai.com/blog/page/38/" "Mozilla/5.0 (iPhone; CPU iPhone OS 11_4_1 like Mac OS X) AppleWebKit/605.1.15 (KHTML, like Gecko) Version/11.0 Mobile/15E148 Safari/604.1"
54.36.148.255 - - [10/Sep/2018:14:17:52 +0900] "GET /blog/author/admin/page/10/ HTTP/1.1" 200 27146 "-" "Mozilla/5.0 (compatible; AhrefsBot/5.2; +http://ahrefs.com/robot/)"
219.94.203.142 - - [10/Sep/2018:14:26:04 +0900] "POST /blog/wp-cron.php?doing_wp_cron=1536557164.2752571105957031250000 HTTP/1.0" 502 226 "-" "WordPress/3.5.1; http://www.nishifuna-seitai.com/blog"
54.36.148.48 - - [10/Sep/2018:14:26:03 +0900] "GET /blog/%E6%9C%AA%E5%88%86%E9%A1%9E/kiji1451/ HTTP/1.1" 200 18031 "-" "Mozilla/5.0 (compatible; AhrefsBot/5.2; +http://ahrefs.com/robot/)"
216.244.66.226 - - [10/Sep/2018:14:29:29 +0900] "GET /robots.txt HTTP/1.1" 404 2275 "-" "Mozilla/5.0 (compatible; DotBot/1.1; http://www.opensiteexplorer.org/dotbot, help@moz.com)"
111.98.86.225 - - [10/Sep/2018:14:41:51 +0900] "GET /sp/ HTTP/1.1" 200 7496 "https://search.yahoo.co.jp/" "Mozilla/5.0 (iPhone; CPU iPhone OS 10_2 like Mac OS X) AppleWebKit/602.3.12 (KHTML, like Gecko) Version/10.0 Mobile/14C92 Safari/602.1"
111.98.86.225 - - [10/Sep/2018:14:41:51 +0900] "GET /sp/style.css HTTP/1.1" 200 4421 "http://www.nishifuna-seitai.com/sp/" "Mozilla/5.0 (iPhone; CPU iPhone OS 10_2 like Mac OS X) AppleWebKit/602.3.12 (KHTML, like Gecko) Version/10.0 Mobile/14C92 Safari/602.1"
111.98.86.225 - - [10/Sep/2018:14:41:51 +0900] "GET /sp/img/logo2.gif HTTP/1.1" 200 8343 "http://www.nishifuna-seitai.com/sp/" "Mozilla/5.0 (iPhone; CPU iPhone OS 10_2 like Mac OS X) AppleWebKit/602.3.12 (KHTML, like Gecko) Version/10.0 Mobile/14C92 Safari/602.1"
111.98.86.225 - - [10/Sep/2018:14:41:51 +0900] "GET /sp/img/photo01.jpg HTTP/1.1" 200 7915 "http://www.nishifuna-seitai.com/sp/" "Mozilla/5.0 (iPhone; CPU iPhone OS 10_2 like Mac OS X) AppleWebKit/602.3.12 (KHTML, like Gecko) Version/10.0 Mobile/14C92 Safari/602.1"
111.98.86.225 - - [10/Sep/2018:14:41:51 +0900] "GET /sp/img/bnr_para.png HTTP/1.1" 200 12686 "http://www.nishifuna-seitai.com/sp/" "Mozilla/5.0 (iPhone; CPU iPhone OS 10_2 like Mac OS X) AppleWebKit/602.3.12 (KHTML, like Gecko) Version/10.0 Mobile/14C92 Safari/602.1"
111.98.86.225 - - [10/Sep/2018:14:41:51 +0900] "GET /sp/img/about02.png HTTP/1.1" 200 42549 "http://www.nishifuna-seitai.com/sp/" "Mozilla/5.0 (iPhone; CPU iPhone OS 10_2 like Mac OS X) AppleWebKit/602.3.12 (KHTML, like Gecko) Version/10.0 Mobile/14C92 Safari/602.1"
111.98.86.225 - - [10/Sep/2018:14:41:51 +0900] "GET /sp/img/bnr_mix.png HTTP/1.1" 200 5115 "http://www.nishifuna-seitai.com/sp/" "Mozilla/5.0 (iPhone; CPU iPhone OS 10_2 like Mac OS X) AppleWebKit/602.3.12 (KHTML, like Gecko) Version/10.0 Mobile/14C92 Safari/602.1"
111.98.86.225 - - [10/Sep/2018:14:41:51 +0900] "GET /sp/img/blogbanner2.jpg HTTP/1.1" 200 24556 "http://www.nishifuna-seitai.com/sp/" "Mozilla/5.0 (iPhone; CPU iPhone OS 10_2 like Mac OS X) AppleWebKit/602.3.12 (KHTML, like Gecko) Version/10.0 Mobile/14C92 Safari/602.1"
111.98.86.225 - - [10/Sep/2018:14:41:51 +0900] "GET /sp/img/header.png HTTP/1.1" 200 187164 "http://www.nishifuna-seitai.com/sp/" "Mozilla/5.0 (iPhone; CPU iPhone OS 10_2 like Mac OS X) AppleWebKit/602.3.12 (KHTML, like Gecko) Version/10.0 Mobile/14C92 Safari/602.1"
111.98.86.225 - - [10/Sep/2018:14:41:51 +0900] "GET /sp/img/living.png HTTP/1.1" 200 157323 "http://www.nishifuna-seitai.com/sp/" "Mozilla/5.0 (iPhone; CPU iPhone OS 10_2 like Mac OS X) AppleWebKit/602.3.12 (KHTML, like Gecko) Version/10.0 Mobile/14C92 Safari/602.1"
111.98.86.225 - - [10/Sep/2018:14:41:51 +0900] "GET /sp/img/h_bg.gif HTTP/1.1" 200 481 "http://www.nishifuna-seitai.com/sp/" "Mozilla/5.0 (iPhone; CPU iPhone OS 10_2 like Mac OS X) AppleWebKit/602.3.12 (KHTML, like Gecko) Version/10.0 Mobile/14C92 Safari/602.1"
111.98.86.225 - - [10/Sep/2018:14:41:51 +0900] "GET /sp/img/nav_bg.gif HTTP/1.1" 200 890 "http://www.nishifuna-seitai.com/sp/" "Mozilla/5.0 (iPhone; CPU iPhone OS 10_2 like Mac OS X) AppleWebKit/602.3.12 (KHTML, like Gecko) Version/10.0 Mobile/14C92 Safari/602.1"
111.98.86.225 - - [10/Sep/2018:14:41:51 +0900] "GET /sp/img/h_bg_gray.gif HTTP/1.1" 200 80 "http://www.nishifuna-seitai.com/sp/" "Mozilla/5.0 (iPhone; CPU iPhone OS 10_2 like Mac OS X) AppleWebKit/602.3.12 (KHTML, like Gecko) Version/10.0 Mobile/14C92 Safari/602.1"
46.229.168.84 - - [10/Sep/2018:14:48:58 +0900] "GET /robots.txt HTTP/1.1" 404 2275 "-" "Mozilla/5.0 (compatible; SemrushBot/2~bl; +http://www.semrush.com/bot.html)"
219.94.203.142 - - [10/Sep/2018:14:48:59 +0900] "POST /blog/wp-cron.php?doing_wp_cron=1536558539.6872079372406005859375 HTTP/1.0" 502 226 "-" "WordPress/3.5.1; http://www.nishifuna-seitai.com/blog"
46.229.168.84 - - [10/Sep/2018:14:48:59 +0900] "GET /blog/%E6%9C%AA%E5%88%86%E9%A1%9E/kiji1390/ HTTP/1.1" 200 17333 "-" "Mozilla/5.0 (compatible; SemrushBot/2~bl; +http://www.semrush.com/bot.html)"
46.229.168.71 - - [10/Sep/2018:14:50:34 +0900] "GET /blog/%E6%9C%AA%E5%88%86%E9%A1%9E/kiji1451/ HTTP/1.1" 200 18031 "-" "Mozilla/5.0 (compatible; SemrushBot/2~bl; +http://www.semrush.com/bot.html)"
219.94.203.142 - - [10/Sep/2018:14:51:22 +0900] "POST /blog/wp-cron.php?doing_wp_cron=1536558681.9422659873962402343750 HTTP/1.0" 502 226 "-" "WordPress/3.5.1; http://www.nishifuna-seitai.com/blog"
54.36.149.46 - - [10/Sep/2018:14:51:21 +0900] "GET /blog/%E6%9C%AA%E5%88%86%E9%A1%9E/kiji1610/feed/ HTTP/1.1" 200 1036 "-" "Mozilla/5.0 (compatible; AhrefsBot/5.2; +http://ahrefs.com/robot/)"
54.36.148.173 - - [10/Sep/2018:14:51:55 +0900] "GET /blog/%E6%9C%AA%E5%88%86%E9%A1%9E/kiji1406/feed/ HTTP/1.1" 200 1063 "-" "Mozilla/5.0 (compatible; AhrefsBot/5.2; +http://ahrefs.com/robot/)"
46.229.168.72 - - [10/Sep/2018:14:54:03 +0900] "GET /treatment/normal HTTP/1.1" 301 257 "-" "Mozilla/5.0 (compatible; SemrushBot/2~bl; +http://www.semrush.com/bot.html)"
46.229.168.66 - - [10/Sep/2018:14:54:06 +0900] "GET /treatment/normal/ HTTP/1.1" 200 11375 "-" "Mozilla/5.0 (compatible; SemrushBot/2~bl; +http://www.semrush.com/bot.html)"
219.94.203.142 - - [10/Sep/2018:14:56:45 +0900] "POST /blog/wp-cron.php?doing_wp_cron=1536559005.2733399868011474609375 HTTP/1.0" 502 226 "-" "WordPress/3.5.1; http://www.nishifuna-seitai.com/blog"
116.58.167.107 - - [10/Sep/2018:14:56:45 +0900] "GET /blog/%E6%9C%AA%E5%88%86%E9%A1%9E/kiji1357/ HTTP/1.1" 200 17313 "https://www.google.com/" "Mozilla/5.0 (Windows NT 10.0; Win64; x64; rv:62.0) Gecko/20100101 Firefox/62.0"
116.58.167.107 - - [10/Sep/2018:14:56:46 +0900] "GET /blog/wp-content/plugins/contact-form-7/includes/css/styles.css?ver=3.3.3 HTTP/1.1" 200 887 "http://www.nishifuna-seitai.com/blog/%E6%9C%AA%E5%88%86%E9%A1%9E/kiji1357/" "Mozilla/5.0 (Windows NT 10.0; Win64; x64; rv:62.0) Gecko/20100101 Firefox/62.0"
116.58.167.107 - - [10/Sep/2018:14:56:46 +0900] "GET /blog/wp-content/plugins/contact-form-7/includes/js/scripts.js?ver=3.3.3 HTTP/1.1" 200 6933 "http://www.nishifuna-seitai.com/blog/%E6%9C%AA%E5%88%86%E9%A1%9E/kiji1357/" "Mozilla/5.0 (Windows NT 10.0; Win64; x64; rv:62.0) Gecko/20100101 Firefox/62.0"
116.58.167.107 - - [10/Sep/2018:14:56:46 +0900] "GET /blog/wp-content/plugins/contact-form-7/includes/js/jquery.form.min.js?ver=3.25.0-2013.01.18 HTTP/1.1" 200 15158 "http://www.nishifuna-seitai.com/blog/%E6%9C%AA%E5%88%86%E9%A1%9E/kiji1357/" "Mozilla/5.0 (Windows NT 10.0; Win64; x64; rv:62.0) Gecko/20100101 Firefox/62.0"
116.58.167.107 - - [10/Sep/2018:14:56:46 +0900] "GET /blog/wp-content/themes/twentytwelve/style.css?ver=3.5.1 HTTP/1.1" 200 35292 "http://www.nishifuna-seitai.com/blog/%E6%9C%AA%E5%88%86%E9%A1%9E/kiji1357/" "Mozilla/5.0 (Windows NT 10.0; Win64; x64; rv:62.0) Gecko/20100101 Firefox/62.0"
116.58.167.107 - - [10/Sep/2018:14:56:46 +0900] "GET /blog/wp-content/themes/twentytwelve/js/navigation.js?ver=1.0 HTTP/1.1" 200 863 "http://www.nishifuna-seitai.com/blog/%E6%9C%AA%E5%88%86%E9%A1%9E/kiji1357/" "Mozilla/5.0 (Windows NT 10.0; Win64; x64; rv:62.0) Gecko/20100101 Firefox/62.0"
116.58.167.107 - - [10/Sep/2018:14:56:46 +0900] "GET /blog/wp-includes/js/jquery/jquery.js?ver=1.8.3 HTTP/1.1" 200 93658 "http://www.nishifuna-seitai.com/blog/%E6%9C%AA%E5%88%86%E9%A1%9E/kiji1357/" "Mozilla/5.0 (Windows NT 10.0; Win64; x64; rv:62.0) Gecko/20100101 Firefox/62.0"
116.58.167.107 - - [10/Sep/2018:14:56:46 +0900] "GET /blog/wp-content/uploads/2012/12/h2_index2.png HTTP/1.1" 200 394553 "http://www.nishifuna-seitai.com/blog/%E6%9C%AA%E5%88%86%E9%A1%9E/kiji1357/" "Mozilla/5.0 (Windows NT 10.0; Win64; x64; rv:62.0) Gecko/20100101 Firefox/62.0"
116.58.167.107 - - [10/Sep/2018:14:56:46 +0900] "GET /blog/wp-content/uploads/2014/12/IMG_0209.jpg HTTP/1.1" 200 1519328 "http://www.nishifuna-seitai.com/blog/%E6%9C%AA%E5%88%86%E9%A1%9E/kiji1357/" "Mozilla/5.0 (Windows NT 10.0; Win64; x64; rv:62.0) Gecko/20100101 Firefox/62.0"
116.58.167.107 - - [10/Sep/2018:14:56:47 +0900] "GET /favicon.ico HTTP/1.1" 200 1150 "-" "Mozilla/5.0 (Windows NT 10.0; Win64; x64; rv:62.0) Gecko/20100101 Firefox/62.0"
116.58.167.107 - - [10/Sep/2018:14:56:47 +0900] "GET /blog/%e6%9c%aa%e5%88%86%e9%a1%9e/kiji1360/ HTTP/1.1" 200 15513 "http://www.nishifuna-seitai.com/blog/%E6%9C%AA%E5%88%86%E9%A1%9E/kiji1357/" "Mozilla/5.0 (Windows NT 10.0; Win64; x64; rv:62.0) Gecko/20100101 Firefox/62.0"
46.229.168.76 - - [10/Sep/2018:15:00:52 +0900] "GET /treatment/normal/ HTTP/1.1" 200 11375 "-" "Mozilla/5.0 (compatible; SemrushBot/2~bl; +http://www.semrush.com/bot.html)"
219.94.203.142 - - [10/Sep/2018:15:10:56 +0900] "POST /blog/wp-cron.php?doing_wp_cron=1536559856.7909550666809082031250 HTTP/1.0" 502 226 "-" "WordPress/3.5.1; http://www.nishifuna-seitai.com/blog"
54.36.148.53 - - [10/Sep/2018:15:10:56 +0900] "GET /blog/%E6%9C%AA%E5%88%86%E9%A1%9E/kiji85/feed/ HTTP/1.1" 200 1038 "-" "Mozilla/5.0 (compatible; AhrefsBot/5.2; +http://ahrefs.com/robot/)"
219.94.203.142 - - [10/Sep/2018:15:16:14 +0900] "POST /blog/wp-cron.php?doing_wp_cron=1536560174.3541939258575439453125 HTTP/1.0" 502 226 "-" "WordPress/3.5.1; http://www.nishifuna-seitai.com/blog"
46.229.168.72 - - [10/Sep/2018:15:16:14 +0900] "GET /blog/date/2014/04/ HTTP/1.1" 200 19856 "-" "Mozilla/5.0 (compatible; SemrushBot/2~bl; +http://www.semrush.com/bot.html)"
219.94.203.142 - - [10/Sep/2018:15:34:10 +0900] "POST /blog/wp-cron.php?doing_wp_cron=1536561250.5492620468139648437500 HTTP/1.0" 502 226 "-" "WordPress/3.5.1; http://www.nishifuna-seitai.com/blog"
46.229.168.78 - - [10/Sep/2018:15:34:10 +0900] "GET /blog/%E6%9C%AA%E5%88%86%E9%A1%9E/kiji1469/ HTTP/1.1" 200 18208 "-" "Mozilla/5.0 (compatible; SemrushBot/2~bl; +http://www.semrush.com/bot.html)"
219.94.203.142 - - [10/Sep/2018:15:35:17 +0900] "POST /blog/wp-cron.php?doing_wp_cron=1536561317.4555089473724365234375 HTTP/1.0" 502 226 "-" "WordPress/3.5.1; http://www.nishifuna-seitai.com/blog"
207.46.13.48 - - [10/Sep/2018:15:35:17 +0900] "GET /blog/author/admin/page/47/ HTTP/1.1" 200 27999 "-" "Mozilla/5.0 (compatible; bingbot/2.0; +http://www.bing.com/bingbot.htm)"
219.94.203.142 - - [10/Sep/2018:15:39:48 +0900] "POST /blog/wp-cron.php?doing_wp_cron=1536561588.7327029705047607421875 HTTP/1.0" 502 226 "-" "WordPress/3.5.1; http://www.nishifuna-seitai.com/blog"
54.36.148.154 - - [10/Sep/2018:15:39:48 +0900] "GET /blog/category/%E3%82%B9%E3%82%BF%E3%83%83%E3%83%95%E3%82%88%E3%82%8A/page/3/ HTTP/1.1" 200 27820 "-" "Mozilla/5.0 (compatible; AhrefsBot/5.2; +http://ahrefs.com/robot/)"
219.94.203.142 - - [10/Sep/2018:15:45:45 +0900] "POST /blog/wp-cron.php?doing_wp_cron=1536561945.6943640708923339843750 HTTP/1.0" 502 226 "-" "WordPress/3.5.1; http://www.nishifuna-seitai.com/blog"
157.55.39.202 - - [10/Sep/2018:15:45:45 +0900] "GET /blog/%e6%9c%aa%e5%88%86%e9%a1%9e/kiji1342/ HTTP/1.1" 200 17412 "-" "Mozilla/5.0 (compatible; bingbot/2.0; +http://www.bing.com/bingbot.htm)"
157.55.39.202 - - [10/Sep/2018:15:45:48 +0900] "GET /blog/page/14/ HTTP/1.1" 200 26831 "-" "Mozilla/5.0 (compatible; bingbot/2.0; +http://www.bing.com/bingbot.htm)"
219.94.203.142 - - [10/Sep/2018:15:48:48 +0900] "POST /blog/wp-cron.php?doing_wp_cron=1536562128.2014729976654052734375 HTTP/1.0" 502 226 "-" "WordPress/3.5.1; http://www.nishifuna-seitai.com/blog"
46.229.168.67 - - [10/Sep/2018:15:48:47 +0900] "GET /blog/%E6%9C%AA%E5%88%86%E9%A1%9E/kiji1540/ HTTP/1.1" 200 17279 "-" "Mozilla/5.0 (compatible; SemrushBot/2~bl; +http://www.semrush.com/bot.html)"
46.229.168.79 - - [10/Sep/2018:15:52:38 +0900] "GET /robots.txt HTTP/1.1" 404 2275 "-" "Mozilla/5.0 (compatible; SemrushBot/2~bl; +http://www.semrush.com/bot.html)"
219.94.203.142 - - [10/Sep/2018:15:52:46 +0900] "POST /blog/wp-cron.php?doing_wp_cron=1536562366.9157299995422363281250 HTTP/1.0" 502 226 "-" "WordPress/3.5.1; http://www.nishifuna-seitai.com/blog"
46.229.168.77 - - [10/Sep/2018:15:52:46 +0900] "GET /blog/%E6%9C%AA%E5%88%86%E9%A1%9E/kiji1479/ HTTP/1.1" 200 18522 "-" "Mozilla/5.0 (compatible; SemrushBot/2~bl; +http://www.semrush.com/bot.html)"
216.244.66.226 - - [10/Sep/2018:15:54:31 +0900] "GET /robots.txt HTTP/1.1" 404 2275 "-" "Mozilla/5.0 (compatible; DotBot/1.1; http://www.opensiteexplorer.org/dotbot, help@moz.com)"
219.94.203.142 - - [10/Sep/2018:15:57:33 +0900] "POST /blog/wp-cron.php?doing_wp_cron=1536562653.7552049160003662109375 HTTP/1.0" 502 226 "-" "WordPress/3.5.1; http://www.nishifuna-seitai.com/blog"
54.36.148.253 - - [10/Sep/2018:15:57:33 +0900] "GET /blog/%E6%9C%AA%E5%88%86%E9%A1%9E/kiji1129/ HTTP/1.1" 200 17551 "-" "Mozilla/5.0 (compatible; AhrefsBot/5.2; +http://ahrefs.com/robot/)"
219.94.203.142 - - [10/Sep/2018:16:15:26 +0900] "POST /blog/wp-cron.php?doing_wp_cron=1536563726.2271471023559570312500 HTTP/1.0" 502 226 "-" "WordPress/3.5.1; http://www.nishifuna-seitai.com/blog"
46.229.168.66 - - [10/Sep/2018:16:15:25 +0900] "GET /blog/date/2014/12/page/2/ HTTP/1.1" 200 21480 "-" "Mozilla/5.0 (compatible; SemrushBot/2~bl; +http://www.semrush.com/bot.html)"
210.229.155.62 - - [10/Sep/2018:16:15:32 +0900] "GET /css/common.css HTTP/1.1" 200 3235 "http://www.nishifuna-seitai.com/" "Mozilla/5.0 (Windows NT 6.1; Win64; x64) AppleWebKit/537.36 (KHTML, like Gecko) Chrome/69.0.3497.81 Safari/537.36"
210.229.155.62 - - [10/Sep/2018:16:15:32 +0900] "GET / HTTP/1.1" 200 16214 "https://www.google.co.jp/" "Mozilla/5.0 (Windows NT 6.1; Win64; x64) AppleWebKit/537.36 (KHTML, like Gecko) Chrome/69.0.3497.81 Safari/537.36"
210.229.155.62 - - [10/Sep/2018:16:15:32 +0900] "GET /Scripts/jquery.quicksilver.js HTTP/1.1" 200 3873 "http://www.nishifuna-seitai.com/" "Mozilla/5.0 (Windows NT 6.1; Win64; x64) AppleWebKit/537.36 (KHTML, like Gecko) Chrome/69.0.3497.81 Safari/537.36"
210.229.155.62 - - [10/Sep/2018:16:15:32 +0900] "GET /Scripts/jquery-1.3.2.min.js HTTP/1.1" 200 57254 "http://www.nishifuna-seitai.com/" "Mozilla/5.0 (Windows NT 6.1; Win64; x64) AppleWebKit/537.36 (KHTML, like Gecko) Chrome/69.0.3497.81 Safari/537.36"
210.229.155.62 - - [10/Sep/2018:16:15:33 +0900] "GET /Scripts/jquery.simpleFAQ-0.7.min.js HTTP/1.1" 200 4623 "http://www.nishifuna-seitai.com/" "Mozilla/5.0 (Windows NT 6.1; Win64; x64) AppleWebKit/537.36 (KHTML, like Gecko) Chrome/69.0.3497.81 Safari/537.36"
210.229.155.62 - - [10/Sep/2018:16:15:33 +0900] "GET /Scripts/core.js HTTP/1.1" 200 9865 "http://www.nishifuna-seitai.com/" "Mozilla/5.0 (Windows NT 6.1; Win64; x64) AppleWebKit/537.36 (KHTML, like Gecko) Chrome/69.0.3497.81 Safari/537.36"
210.229.155.62 - - [10/Sep/2018:16:15:33 +0900] "GET /images/welcome2.jpg HTTP/1.1" 200 22355 "http://www.nishifuna-seitai.com/" "Mozilla/5.0 (Windows NT 6.1; Win64; x64) AppleWebKit/537.36 (KHTML, like Gecko) Chrome/69.0.3497.81 Safari/537.36"
210.229.155.62 - - [10/Sep/2018:16:15:33 +0900] "GET /images/about03.png HTTP/1.1" 200 563309 "http://www.nishifuna-seitai.com/" "Mozilla/5.0 (Windows NT 6.1; Win64; x64) AppleWebKit/537.36 (KHTML, like Gecko) Chrome/69.0.3497.81 Safari/537.36"
210.229.155.62 - - [10/Sep/2018:16:15:34 +0900] "GET /images/living.png HTTP/1.1" 200 156481 "http://www.nishifuna-seitai.com/" "Mozilla/5.0 (Windows NT 6.1; Win64; x64) AppleWebKit/537.36 (KHTML, like Gecko) Chrome/69.0.3497.81 Safari/537.36"
210.229.155.62 - - [10/Sep/2018:16:15:34 +0900] "GET /images/living2.png HTTP/1.1" 200 161547 "http://www.nishifuna-seitai.com/" "Mozilla/5.0 (Windows NT 6.1; Win64; x64) AppleWebKit/537.36 (KHTML, like Gecko) Chrome/69.0.3497.81 Safari/537.36"
210.229.155.62 - - [10/Sep/2018:16:15:34 +0900] "GET /images/nayami.png HTTP/1.1" 200 10042 "http://www.nishifuna-seitai.com/" "Mozilla/5.0 (Windows NT 6.1; Win64; x64) AppleWebKit/537.36 (KHTML, like Gecko) Chrome/69.0.3497.81 Safari/537.36"
210.229.155.62 - - [10/Sep/2018:16:15:34 +0900] "GET /images/nayami01.jpg HTTP/1.1" 200 26267 "http://www.nishifuna-seitai.com/" "Mozilla/5.0 (Windows NT 6.1; Win64; x64) AppleWebKit/537.36 (KHTML, like Gecko) Chrome/69.0.3497.81 Safari/537.36"
210.229.155.62 - - [10/Sep/2018:16:15:34 +0900] "GET /images/nayami02.jpg HTTP/1.1" 200 25880 "http://www.nishifuna-seitai.com/" "Mozilla/5.0 (Windows NT 6.1; Win64; x64) AppleWebKit/537.36 (KHTML, like Gecko) Chrome/69.0.3497.81 Safari/537.36"
210.229.155.62 - - [10/Sep/2018:16:15:34 +0900] "GET /images/nayami03.jpg HTTP/1.1" 200 26025 "http://www.nishifuna-seitai.com/" "Mozilla/5.0 (Windows NT 6.1; Win64; x64) AppleWebKit/537.36 (KHTML, like Gecko) Chrome/69.0.3497.81 Safari/537.36"
210.229.155.62 - - [10/Sep/2018:16:15:34 +0900] "GET /images/nayami04.jpg HTTP/1.1" 200 26069 "http://www.nishifuna-seitai.com/" "Mozilla/5.0 (Windows NT 6.1; Win64; x64) AppleWebKit/537.36 (KHTML, like Gecko) Chrome/69.0.3497.81 Safari/537.36"
210.229.155.62 - - [10/Sep/2018:16:15:34 +0900] "GET /images/nayami05.jpg HTTP/1.1" 200 26112 "http://www.nishifuna-seitai.com/" "Mozilla/5.0 (Windows NT 6.1; Win64; x64) AppleWebKit/537.36 (KHTML, like Gecko) Chrome/69.0.3497.81 Safari/537.36"
210.229.155.62 - - [10/Sep/2018:16:15:34 +0900] "GET /images/nayami06.jpg HTTP/1.1" 200 26091 "http://www.nishifuna-seitai.com/" "Mozilla/5.0 (Windows NT 6.1; Win64; x64) AppleWebKit/537.36 (KHTML, like Gecko) Chrome/69.0.3497.81 Safari/537.36"
210.229.155.62 - - [10/Sep/2018:16:15:34 +0900] "GET /images/nayami07.jpg HTTP/1.1" 200 26356 "http://www.nishifuna-seitai.com/" "Mozilla/5.0 (Windows NT 6.1; Win64; x64) AppleWebKit/537.36 (KHTML, like Gecko) Chrome/69.0.3497.81 Safari/537.36"
210.229.155.62 - - [10/Sep/2018:16:15:35 +0900] "GET /images/nayami08.jpg HTTP/1.1" 200 26211 "http://www.nishifuna-seitai.com/" "Mozilla/5.0 (Windows NT 6.1; Win64; x64) AppleWebKit/537.36 (KHTML, like Gecko) Chrome/69.0.3497.81 Safari/537.36"
210.229.155.62 - - [10/Sep/2018:16:15:35 +0900] "GET /images/nayami09.jpg HTTP/1.1" 200 26281 "http://www.nishifuna-seitai.com/" "Mozilla/5.0 (Windows NT 6.1; Win64; x64) AppleWebKit/537.36 (KHTML, like Gecko) Chrome/69.0.3497.81 Safari/537.36"
210.229.155.62 - - [10/Sep/2018:16:15:35 +0900] "GET /images/blogbanner2.jpg HTTP/1.1" 200 24556 "http://www.nishifuna-seitai.com/" "Mozilla/5.0 (Windows NT 6.1; Win64; x64) AppleWebKit/537.36 (KHTML, like Gecko) Chrome/69.0.3497.81 Safari/537.36"
210.229.155.62 - - [10/Sep/2018:16:15:35 +0900] "GET /images/nishifuna-para.jpg HTTP/1.1" 200 71547 "http://www.nishifuna-seitai.com/" "Mozilla/5.0 (Windows NT 6.1; Win64; x64) AppleWebKit/537.36 (KHTML, like Gecko) Chrome/69.0.3497.81 Safari/537.36"
210.229.155.62 - - [10/Sep/2018:16:15:35 +0900] "GET /cgi-bin/daycount/daycount.cgi?gif HTTP/1.1" 500 2553 "http://www.nishifuna-seitai.com/" "Mozilla/5.0 (Windows NT 6.1; Win64; x64) AppleWebKit/537.36 (KHTML, like Gecko) Chrome/69.0.3497.81 Safari/537.36"
210.229.155.62 - - [10/Sep/2018:16:15:35 +0900] "GET /images/bn_twitter.png HTTP/1.1" 200 12841 "http://www.nishifuna-seitai.com/" "Mozilla/5.0 (Windows NT 6.1; Win64; x64) AppleWebKit/537.36 (KHTML, like Gecko) Chrome/69.0.3497.81 Safari/537.36"
210.229.155.62 - - [10/Sep/2018:16:15:35 +0900] "GET /images/bn_facebook.png HTTP/1.1" 200 9905 "http://www.nishifuna-seitai.com/" "Mozilla/5.0 (Windows NT 6.1; Win64; x64) AppleWebKit/537.36 (KHTML, like Gecko) Chrome/69.0.3497.81 Safari/537.36"
210.229.155.62 - - [10/Sep/2018:16:15:35 +0900] "GET /css/index.css HTTP/1.1" 200 17509 "http://www.nishifuna-seitai.com/" "Mozilla/5.0 (Windows NT 6.1; Win64; x64) AppleWebKit/537.36 (KHTML, like Gecko) Chrome/69.0.3497.81 Safari/537.36"
210.229.155.62 - - [10/Sep/2018:16:15:35 +0900] "GET /images/header_bg.jpg HTTP/1.1" 200 719 "http://www.nishifuna-seitai.com/css/common.css" "Mozilla/5.0 (Windows NT 6.1; Win64; x64) AppleWebKit/537.36 (KHTML, like Gecko) Chrome/69.0.3497.81 Safari/537.36"
210.229.155.62 - - [10/Sep/2018:16:15:35 +0900] "GET /images/design.jpg HTTP/1.1" 200 2965 "http://www.nishifuna-seitai.com/css/index.css" "Mozilla/5.0 (Windows NT 6.1; Win64; x64) AppleWebKit/537.36 (KHTML, like Gecko) Chrome/69.0.3497.81 Safari/537.36"
210.229.155.62 - - [10/Sep/2018:16:15:35 +0900] "GET /images/footer_info_bg.gif HTTP/1.1" 200 1104 "http://www.nishifuna-seitai.com/css/index.css" "Mozilla/5.0 (Windows NT 6.1; Win64; x64) AppleWebKit/537.36 (KHTML, like Gecko) Chrome/69.0.3497.81 Safari/537.36"
210.229.155.62 - - [10/Sep/2018:16:15:35 +0900] "GET /images/mnavi.jpg HTTP/1.1" 200 74152 "http://www.nishifuna-seitai.com/css/index.css" "Mozilla/5.0 (Windows NT 6.1; Win64; x64) AppleWebKit/537.36 (KHTML, like Gecko) Chrome/69.0.3497.81 Safari/537.36"
210.229.155.62 - - [10/Sep/2018:16:15:35 +0900] "GET /images/h2_index.jpg HTTP/1.1" 200 168504 "http://www.nishifuna-seitai.com/css/index.css" "Mozilla/5.0 (Windows NT 6.1; Win64; x64) AppleWebKit/537.36 (KHTML, like Gecko) Chrome/69.0.3497.81 Safari/537.36"
210.229.155.62 - - [10/Sep/2018:16:15:36 +0900] "GET /images/head_index.jpg HTTP/1.1" 200 47751 "http://www.nishifuna-seitai.com/css/index.css" "Mozilla/5.0 (Windows NT 6.1; Win64; x64) AppleWebKit/537.36 (KHTML, like Gecko) Chrome/69.0.3497.81 Safari/537.36"
210.229.155.62 - - [10/Sep/2018:16:15:35 +0900] "GET /images/bg_index.jpg HTTP/1.1" 200 352486 "http://www.nishifuna-seitai.com/css/index.css" "Mozilla/5.0 (Windows NT 6.1; Win64; x64) AppleWebKit/537.36 (KHTML, like Gecko) Chrome/69.0.3497.81 Safari/537.36"
210.229.155.62 - - [10/Sep/2018:16:15:36 +0900] "GET /images/medical_bg.gif HTTP/1.1" 200 921 "http://www.nishifuna-seitai.com/css/index.css" "Mozilla/5.0 (Windows NT 6.1; Win64; x64) AppleWebKit/537.36 (KHTML, like Gecko) Chrome/69.0.3497.81 Safari/537.36"
210.229.155.62 - - [10/Sep/2018:16:15:36 +0900] "GET /images/head_logo.jpg HTTP/1.1" 200 25497 "http://www.nishifuna-seitai.com/css/index.css" "Mozilla/5.0 (Windows NT 6.1; Win64; x64) AppleWebKit/537.36 (KHTML, like Gecko) Chrome/69.0.3497.81 Safari/537.36"
210.229.155.62 - - [10/Sep/2018:16:15:36 +0900] "GET /images/staff_img.png HTTP/1.1" 200 51569 "http://www.nishifuna-seitai.com/css/index.css" "Mozilla/5.0 (Windows NT 6.1; Win64; x64) AppleWebKit/537.36 (KHTML, like Gecko) Chrome/69.0.3497.81 Safari/537.36"
210.229.155.62 - - [10/Sep/2018:16:15:36 +0900] "GET /images/welcome.jpg HTTP/1.1" 200 11086 "http://www.nishifuna-seitai.com/css/index.css" "Mozilla/5.0 (Windows NT 6.1; Win64; x64) AppleWebKit/537.36 (KHTML, like Gecko) Chrome/69.0.3497.81 Safari/537.36"
210.229.155.62 - - [10/Sep/2018:16:15:36 +0900] "GET /images/inquiry_title.jpg HTTP/1.1" 200 15058 "http://www.nishifuna-seitai.com/css/index.css" "Mozilla/5.0 (Windows NT 6.1; Win64; x64) AppleWebKit/537.36 (KHTML, like Gecko) Chrome/69.0.3497.81 Safari/537.36"
210.229.155.62 - - [10/Sep/2018:16:15:36 +0900] "GET /images/tel.gif HTTP/1.1" 200 621 "http://www.nishifuna-seitai.com/css/index.css" "Mozilla/5.0 (Windows NT 6.1; Win64; x64) AppleWebKit/537.36 (KHTML, like Gecko) Chrome/69.0.3497.81 Safari/537.36"
210.229.155.62 - - [10/Sep/2018:16:15:36 +0900] "GET /images/hnavi.jpg HTTP/1.1" 200 19073 "http://www.nishifuna-seitai.com/css/index.css" "Mozilla/5.0 (Windows NT 6.1; Win64; x64) AppleWebKit/537.36 (KHTML, like Gecko) Chrome/69.0.3497.81 Safari/537.36"
210.229.155.62 - - [10/Sep/2018:16:15:36 +0900] "GET /images/medical_title.gif HTTP/1.1" 200 1779 "http://www.nishifuna-seitai.com/css/index.css" "Mozilla/5.0 (Windows NT 6.1; Win64; x64) AppleWebKit/537.36 (KHTML, like Gecko) Chrome/69.0.3497.81 Safari/537.36"
210.229.155.62 - - [10/Sep/2018:16:15:36 +0900] "GET /images/arrow01.gif HTTP/1.1" 200 296 "http://www.nishifuna-seitai.com/css/index.css" "Mozilla/5.0 (Windows NT 6.1; Win64; x64) AppleWebKit/537.36 (KHTML, like Gecko) Chrome/69.0.3497.81 Safari/537.36"
210.229.155.62 - - [10/Sep/2018:16:15:36 +0900] "GET /images/head_access.jpg HTTP/1.1" 200 2972 "http://www.nishifuna-seitai.com/css/index.css" "Mozilla/5.0 (Windows NT 6.1; Win64; x64) AppleWebKit/537.36 (KHTML, like Gecko) Chrome/69.0.3497.81 Safari/537.36"
210.229.155.62 - - [10/Sep/2018:16:15:36 +0900] "GET /images/head_sitemap.jpg HTTP/1.1" 200 2620 "http://www.nishifuna-seitai.com/css/index.css" "Mozilla/5.0 (Windows NT 6.1; Win64; x64) AppleWebKit/537.36 (KHTML, like Gecko) Chrome/69.0.3497.81 Safari/537.36"
210.229.155.62 - - [10/Sep/2018:16:15:36 +0900] "GET /images/mobile_bg.jpg HTTP/1.1" 200 17491 "http://www.nishifuna-seitai.com/css/index.css" "Mozilla/5.0 (Windows NT 6.1; Win64; x64) AppleWebKit/537.36 (KHTML, like Gecko) Chrome/69.0.3497.81 Safari/537.36"
210.229.155.62 - - [10/Sep/2018:16:15:36 +0900] "GET /images/staff.gif HTTP/1.1" 200 14075 "http://www.nishifuna-seitai.com/css/index.css" "Mozilla/5.0 (Windows NT 6.1; Win64; x64) AppleWebKit/537.36 (KHTML, like Gecko) Chrome/69.0.3497.81 Safari/537.36"
210.229.155.62 - - [10/Sep/2018:16:15:36 +0900] "GET /images/mobile_title.jpg HTTP/1.1" 200 12500 "http://www.nishifuna-seitai.com/css/index.css" "Mozilla/5.0 (Windows NT 6.1; Win64; x64) AppleWebKit/537.36 (KHTML, like Gecko) Chrome/69.0.3497.81 Safari/537.36"
210.229.155.62 - - [10/Sep/2018:16:15:36 +0900] "GET /images/url.jpg HTTP/1.1" 200 3667 "http://www.nishifuna-seitai.com/css/index.css" "Mozilla/5.0 (Windows NT 6.1; Win64; x64) AppleWebKit/537.36 (KHTML, like Gecko) Chrome/69.0.3497.81 Safari/537.36"
210.229.155.62 - - [10/Sep/2018:16:15:36 +0900] "GET /images/inquiry.jpg HTTP/1.1" 200 15317 "http://www.nishifuna-seitai.com/css/index.css" "Mozilla/5.0 (Windows NT 6.1; Win64; x64) AppleWebKit/537.36 (KHTML, like Gecko) Chrome/69.0.3497.81 Safari/537.36"
210.229.155.62 - - [10/Sep/2018:16:15:36 +0900] "GET /images/info_bg.gif HTTP/1.1" 200 1266 "http://www.nishifuna-seitai.com/css/index.css" "Mozilla/5.0 (Windows NT 6.1; Win64; x64) AppleWebKit/537.36 (KHTML, like Gecko) Chrome/69.0.3497.81 Safari/537.36"
210.229.155.62 - - [10/Sep/2018:16:15:36 +0900] "GET /images/info_title.gif HTTP/1.1" 200 4422 "http://www.nishifuna-seitai.com/css/index.css" "Mozilla/5.0 (Windows NT 6.1; Win64; x64) AppleWebKit/537.36 (KHTML, like Gecko) Chrome/69.0.3497.81 Safari/537.36"
210.229.155.62 - - [10/Sep/2018:16:15:36 +0900] "GET /images/coupon.gif HTTP/1.1" 200 17120 "http://www.nishifuna-seitai.com/css/index.css" "Mozilla/5.0 (Windows NT 6.1; Win64; x64) AppleWebKit/537.36 (KHTML, like Gecko) Chrome/69.0.3497.81 Safari/537.36"
210.229.155.62 - - [10/Sep/2018:16:15:36 +0900] "GET /images/medical_navi.jpg HTTP/1.1" 200 49483 "http://www.nishifuna-seitai.com/css/index.css" "Mozilla/5.0 (Windows NT 6.1; Win64; x64) AppleWebKit/537.36 (KHTML, like Gecko) Chrome/69.0.3497.81 Safari/537.36"
210.229.155.62 - - [10/Sep/2018:16:15:39 +0900] "GET /favicon.ico HTTP/1.1" 200 1150 "http://www.nishifuna-seitai.com/" "Mozilla/5.0 (Windows NT 6.1; Win64; x64) AppleWebKit/537.36 (KHTML, like Gecko) Chrome/69.0.3497.81 Safari/537.36"
219.94.203.142 - - [10/Sep/2018:16:23:33 +0900] "POST /blog/wp-cron.php?doing_wp_cron=1536564213.8576340675354003906250 HTTP/1.0" 502 226 "-" "WordPress/3.5.1; http://www.nishifuna-seitai.com/blog"
46.229.168.65 - - [10/Sep/2018:16:23:33 +0900] "GET /blog/%E6%9C%AA%E5%88%86%E9%A1%9E/kiji1193/ HTTP/1.1" 200 17274 "-" "Mozilla/5.0 (compatible; SemrushBot/2~bl; +http://www.semrush.com/bot.html)"
219.94.203.142 - - [10/Sep/2018:16:27:24 +0900] "POST /blog/wp-cron.php?doing_wp_cron=1536564444.4096090793609619140625 HTTP/1.0" 502 226 "-" "WordPress/3.5.1; http://www.nishifuna-seitai.com/blog"
54.36.149.77 - - [10/Sep/2018:16:27:24 +0900] "GET /blog/page/9/ HTTP/1.1" 200 27115 "-" "Mozilla/5.0 (compatible; AhrefsBot/5.2; +http://ahrefs.com/robot/)"
219.94.203.142 - - [10/Sep/2018:16:35:11 +0900] "POST /blog/wp-cron.php?doing_wp_cron=1536564911.2701449394226074218750 HTTP/1.0" 502 226 "-" "WordPress/3.5.1; http://www.nishifuna-seitai.com/blog"
46.229.168.82 - - [10/Sep/2018:16:35:10 +0900] "GET /blog/%E6%9C%AA%E5%88%86%E9%A1%9E/kiji1454/ HTTP/1.1" 200 17981 "-" "Mozilla/5.0 (compatible; SemrushBot/2~bl; +http://www.semrush.com/bot.html)"
118.154.48.213 - - [10/Sep/2018:16:53:42 +0900] "GET /images/logo8831.gif HTTP/1.1" 200 3120 "http://www.lunatic-love.com/link/12_04.html" "Mozilla/5.0 (Windows NT 6.3; Win64; x64) AppleWebKit/537.36 (KHTML, like Gecko) Chrome/68.0.3440.106 Safari/537.36"
219.94.203.142 - - [10/Sep/2018:17:12:42 +0900] "POST /blog/wp-cron.php?doing_wp_cron=1536567162.4530739784240722656250 HTTP/1.0" 502 226 "-" "WordPress/3.5.1; http://www.nishifuna-seitai.com/blog"
116.249.127.11 - - [10/Sep/2018:17:12:42 +0900] "GET /blog/?author=1 HTTP/1.1" 301 - "-" "Mozilla/5.0 (Windows NT 6.1; rv:52.0) Gecko/20100101 Firefox/52.0"
61.155.97.46 - - [10/Sep/2018:17:14:37 +0900] "GET /blog/?author=1 HTTP/1.1" 301 - "-" "Mozilla/5.0 (Windows NT 6.1; rv:52.0) Gecko/20100101 Firefox/52.0"
61.155.97.46 - - [10/Sep/2018:17:14:38 +0900] "GET /blog/?author=2 HTTP/1.1" 200 14615 "-" "Mozilla/5.0 (Windows NT 6.1; rv:52.0) Gecko/20100101 Firefox/52.0"
219.94.203.142 - - [10/Sep/2018:17:17:03 +0900] "POST /blog/wp-cron.php?doing_wp_cron=1536567423.9200689792633056640625 HTTP/1.0" 502 226 "-" "WordPress/3.5.1; http://www.nishifuna-seitai.com/blog"
220.165.28.189 - - [10/Sep/2018:17:17:03 +0900] "GET /blog/?author=3 HTTP/1.1" 301 - "-" "Mozilla/5.0 (Windows NT 6.1; rv:52.0) Gecko/20100101 Firefox/52.0"
220.165.28.189 - - [10/Sep/2018:17:17:05 +0900] "GET /blog/?author=4 HTTP/1.1" 200 14615 "-" "Mozilla/5.0 (Windows NT 6.1; rv:52.0) Gecko/20100101 Firefox/52.0"
219.154.133.161 - - [10/Sep/2018:17:17:19 +0900] "GET /blog/?author=5 HTTP/1.1" 200 14635 "-" "Mozilla/5.0 (Windows NT 6.1; rv:52.0) Gecko/20100101 Firefox/52.0"
61.158.188.21 - - [10/Sep/2018:17:17:32 +0900] "GET /blog/?author=6 HTTP/1.1" 404 6709 "-" "Mozilla/5.0 (Windows NT 6.1; rv:52.0) Gecko/20100101 Firefox/52.0"
182.176.139.142 - - [10/Sep/2018:17:18:06 +0900] "GET /blog/?author=7 HTTP/1.1" 404 6709 "-" "Mozilla/5.0 (Windows NT 6.1; rv:52.0) Gecko/20100101 Firefox/52.0"
115.238.31.114 - - [10/Sep/2018:17:18:27 +0900] "GET /blog/?author=8 HTTP/1.1" 404 6709 "-" "Mozilla/5.0 (Windows NT 6.1; rv:52.0) Gecko/20100101 Firefox/52.0"
219.94.203.142 - - [10/Sep/2018:17:23:04 +0900] "POST /blog/wp-cron.php?doing_wp_cron=1536567784.2165939807891845703125 HTTP/1.0" 502 226 "-" "WordPress/3.5.1; http://www.nishifuna-seitai.com/blog"
125.227.146.182 - - [10/Sep/2018:17:23:03 +0900] "GET /blog/?author=8 HTTP/1.1" 404 6709 "-" "Mozilla/5.0 (Windows NT 6.1; rv:52.0) Gecko/20100101 Firefox/52.0"
125.227.146.182 - - [10/Sep/2018:17:23:05 +0900] "GET /blog/?author=9 HTTP/1.1" 404 6709 "-" "Mozilla/5.0 (Windows NT 6.1; rv:52.0) Gecko/20100101 Firefox/52.0"
125.227.146.182 - - [10/Sep/2018:17:23:06 +0900] "GET /blog/?author=10 HTTP/1.1" 404 6710 "-" "Mozilla/5.0 (Windows NT 6.1; rv:52.0) Gecko/20100101 Firefox/52.0"
125.227.146.182 - - [10/Sep/2018:17:23:07 +0900] "GET /blog/?author=11 HTTP/1.1" 404 6710 "-" "Mozilla/5.0 (Windows NT 6.1; rv:52.0) Gecko/20100101 Firefox/52.0"
125.227.146.182 - - [10/Sep/2018:17:23:08 +0900] "GET /blog/?author=12 HTTP/1.1" 404 6710 "-" "Mozilla/5.0 (Windows NT 6.1; rv:52.0) Gecko/20100101 Firefox/52.0"
125.227.146.182 - - [10/Sep/2018:17:23:10 +0900] "GET /blog/?author=13 HTTP/1.1" 404 6710 "-" "Mozilla/5.0 (Windows NT 6.1; rv:52.0) Gecko/20100101 Firefox/52.0"
125.227.146.182 - - [10/Sep/2018:17:23:11 +0900] "GET /blog/?author=14 HTTP/1.1" 404 6710 "-" "Mozilla/5.0 (Windows NT 6.1; rv:52.0) Gecko/20100101 Firefox/52.0"
125.227.146.182 - - [10/Sep/2018:17:23:12 +0900] "GET /blog/?author=15 HTTP/1.1" 404 6710 "-" "Mozilla/5.0 (Windows NT 6.1; rv:52.0) Gecko/20100101 Firefox/52.0"
125.227.146.182 - - [10/Sep/2018:17:23:13 +0900] "GET /blog/?author=16 HTTP/1.1" 404 6710 "-" "Mozilla/5.0 (Windows NT 6.1; rv:52.0) Gecko/20100101 Firefox/52.0"
125.227.146.182 - - [10/Sep/2018:17:23:14 +0900] "GET /blog/?author=17 HTTP/1.1" 404 6710 "-" "Mozilla/5.0 (Windows NT 6.1; rv:52.0) Gecko/20100101 Firefox/52.0"
