126.194.134.109 - - [09/Sep/2018:22:39:31 +0900] "GET /sp/img/logo.gif HTTP/1.1" 200 8495 "http://www.nishifuna-seitai.com/sp/price.html" "Mozilla/5.0 (iPhone; CPU iPhone OS 11_4_1 like Mac OS X) AppleWebKit/605.1.15 (KHTML, like Gecko) Mobile/15G77 YJApp-IOS jp.co.yahoo.ipn.appli/4.11.4"
126.194.134.109 - - [09/Sep/2018:22:39:31 +0900] "GET /sp/img/header_price.png HTTP/1.1" 200 44237 "http://www.nishifuna-seitai.com/sp/price.html" "Mozilla/5.0 (iPhone; CPU iPhone OS 11_4_1 like Mac OS X) AppleWebKit/605.1.15 (KHTML, like Gecko) Mobile/15G77 YJApp-IOS jp.co.yahoo.ipn.appli/4.11.4"
126.194.134.109 - - [09/Sep/2018:22:39:31 +0900] "GET /sp/img/coupon.jpg HTTP/1.1" 200 109242 "http://www.nishifuna-seitai.com/sp/price.html" "Mozilla/5.0 (iPhone; CPU iPhone OS 11_4_1 like Mac OS X) AppleWebKit/605.1.15 (KHTML, like Gecko) Mobile/15G77 YJApp-IOS jp.co.yahoo.ipn.appli/4.11.4"
126.194.134.109 - - [09/Sep/2018:22:40:30 +0900] "GET /sp/service.html HTTP/1.1" 200 4219 "http://www.nishifuna-seitai.com/sp/price.html" "Mozilla/5.0 (iPhone; CPU iPhone OS 11_4_1 like Mac OS X) AppleWebKit/605.1.15 (KHTML, like Gecko) Mobile/15G77 YJApp-IOS jp.co.yahoo.ipn.appli/4.11.4"
126.194.134.109 - - [09/Sep/2018:22:40:30 +0900] "GET /sp/img/service2.png HTTP/1.1" 200 33287 "http://www.nishifuna-seitai.com/sp/service.html" "Mozilla/5.0 (iPhone; CPU iPhone OS 11_4_1 like Mac OS X) AppleWebKit/605.1.15 (KHTML, like Gecko) Mobile/15G77 YJApp-IOS jp.co.yahoo.ipn.appli/4.11.4"
126.194.134.109 - - [09/Sep/2018:22:40:30 +0900] "GET /sp/img/service3.png HTTP/1.1" 200 33752 "http://www.nishifuna-seitai.com/sp/service.html" "Mozilla/5.0 (iPhone; CPU iPhone OS 11_4_1 like Mac OS X) AppleWebKit/605.1.15 (KHTML, like Gecko) Mobile/15G77 YJApp-IOS jp.co.yahoo.ipn.appli/4.11.4"
126.194.134.109 - - [09/Sep/2018:22:40:30 +0900] "GET /sp/img/service1.png HTTP/1.1" 200 32754 "http://www.nishifuna-seitai.com/sp/service.html" "Mozilla/5.0 (iPhone; CPU iPhone OS 11_4_1 like Mac OS X) AppleWebKit/605.1.15 (KHTML, like Gecko) Mobile/15G77 YJApp-IOS jp.co.yahoo.ipn.appli/4.11.4"
126.194.134.109 - - [09/Sep/2018:22:40:30 +0900] "GET /sp/img/header_service.png HTTP/1.1" 200 84620 "http://www.nishifuna-seitai.com/sp/service.html" "Mozilla/5.0 (iPhone; CPU iPhone OS 11_4_1 like Mac OS X) AppleWebKit/605.1.15 (KHTML, like Gecko) Mobile/15G77 YJApp-IOS jp.co.yahoo.ipn.appli/4.11.4"
126.194.134.109 - - [09/Sep/2018:22:40:31 +0900] "GET /sp/img/service4.png HTTP/1.1" 200 32253 "http://www.nishifuna-seitai.com/sp/service.html" "Mozilla/5.0 (iPhone; CPU iPhone OS 11_4_1 like Mac OS X) AppleWebKit/605.1.15 (KHTML, like Gecko) Mobile/15G77 YJApp-IOS jp.co.yahoo.ipn.appli/4.11.4"
126.194.134.109 - - [09/Sep/2018:22:40:52 +0900] "GET /sp/flow.html HTTP/1.1" 200 4543 "http://www.nishifuna-seitai.com/sp/service.html" "Mozilla/5.0 (iPhone; CPU iPhone OS 11_4_1 like Mac OS X) AppleWebKit/605.1.15 (KHTML, like Gecko) Mobile/15G77 YJApp-IOS jp.co.yahoo.ipn.appli/4.11.4"
126.194.134.109 - - [09/Sep/2018:22:40:52 +0900] "GET /sp/img/ya.gif HTTP/1.1" 200 659 "http://www.nishifuna-seitai.com/sp/flow.html" "Mozilla/5.0 (iPhone; CPU iPhone OS 11_4_1 like Mac OS X) AppleWebKit/605.1.15 (KHTML, like Gecko) Mobile/15G77 YJApp-IOS jp.co.yahoo.ipn.appli/4.11.4"
126.194.134.109 - - [09/Sep/2018:22:40:52 +0900] "GET /sp/img/flow02.jpg HTTP/1.1" 200 11007 "http://www.nishifuna-seitai.com/sp/flow.html" "Mozilla/5.0 (iPhone; CPU iPhone OS 11_4_1 like Mac OS X) AppleWebKit/605.1.15 (KHTML, like Gecko) Mobile/15G77 YJApp-IOS jp.co.yahoo.ipn.appli/4.11.4"
126.194.134.109 - - [09/Sep/2018:22:40:52 +0900] "GET /sp/img/flow03.jpg HTTP/1.1" 200 11404 "http://www.nishifuna-seitai.com/sp/flow.html" "Mozilla/5.0 (iPhone; CPU iPhone OS 11_4_1 like Mac OS X) AppleWebKit/605.1.15 (KHTML, like Gecko) Mobile/15G77 YJApp-IOS jp.co.yahoo.ipn.appli/4.11.4"
126.194.134.109 - - [09/Sep/2018:22:40:52 +0900] "GET /sp/img/flow01.jpg HTTP/1.1" 200 13550 "http://www.nishifuna-seitai.com/sp/flow.html" "Mozilla/5.0 (iPhone; CPU iPhone OS 11_4_1 like Mac OS X) AppleWebKit/605.1.15 (KHTML, like Gecko) Mobile/15G77 YJApp-IOS jp.co.yahoo.ipn.appli/4.11.4"
126.194.134.109 - - [09/Sep/2018:22:40:53 +0900] "GET /sp/img/flow04.jpg HTTP/1.1" 200 11987 "http://www.nishifuna-seitai.com/sp/flow.html" "Mozilla/5.0 (iPhone; CPU iPhone OS 11_4_1 like Mac OS X) AppleWebKit/605.1.15 (KHTML, like Gecko) Mobile/15G77 YJApp-IOS jp.co.yahoo.ipn.appli/4.11.4"
126.194.134.109 - - [09/Sep/2018:22:40:52 +0900] "GET /sp/img/header_flow.png HTTP/1.1" 200 72451 "http://www.nishifuna-seitai.com/sp/flow.html" "Mozilla/5.0 (iPhone; CPU iPhone OS 11_4_1 like Mac OS X) AppleWebKit/605.1.15 (KHTML, like Gecko) Mobile/15G77 YJApp-IOS jp.co.yahoo.ipn.appli/4.11.4"
126.194.134.109 - - [09/Sep/2018:22:41:20 +0900] "GET /sp/about.html HTTP/1.1" 200 4856 "http://www.nishifuna-seitai.com/sp/flow.html" "Mozilla/5.0 (iPhone; CPU iPhone OS 11_4_1 like Mac OS X) AppleWebKit/605.1.15 (KHTML, like Gecko) Mobile/15G77 YJApp-IOS jp.co.yahoo.ipn.appli/4.11.4"
126.194.134.109 - - [09/Sep/2018:22:41:20 +0900] "GET /sp/img/about_tekut.jpg HTTP/1.1" 200 37590 "http://www.nishifuna-seitai.com/sp/about.html" "Mozilla/5.0 (iPhone; CPU iPhone OS 11_4_1 like Mac OS X) AppleWebKit/605.1.15 (KHTML, like Gecko) Mobile/15G77 YJApp-IOS jp.co.yahoo.ipn.appli/4.11.4"
126.194.134.109 - - [09/Sep/2018:22:41:20 +0900] "GET /sp/img/header_about.png HTTP/1.1" 200 88011 "http://www.nishifuna-seitai.com/sp/about.html" "Mozilla/5.0 (iPhone; CPU iPhone OS 11_4_1 like Mac OS X) AppleWebKit/605.1.15 (KHTML, like Gecko) Mobile/15G77 YJApp-IOS jp.co.yahoo.ipn.appli/4.11.4"
126.194.134.109 - - [09/Sep/2018:22:41:20 +0900] "GET /sp/img/about_air.jpg HTTP/1.1" 200 26551 "http://www.nishifuna-seitai.com/sp/about.html" "Mozilla/5.0 (iPhone; CPU iPhone OS 11_4_1 like Mac OS X) AppleWebKit/605.1.15 (KHTML, like Gecko) Mobile/15G77 YJApp-IOS jp.co.yahoo.ipn.appli/4.11.4"
126.194.134.109 - - [09/Sep/2018:22:41:20 +0900] "GET /sp/img/about_super.jpg HTTP/1.1" 200 45188 "http://www.nishifuna-seitai.com/sp/about.html" "Mozilla/5.0 (iPhone; CPU iPhone OS 11_4_1 like Mac OS X) AppleWebKit/605.1.15 (KHTML, like Gecko) Mobile/15G77 YJApp-IOS jp.co.yahoo.ipn.appli/4.11.4"
126.194.134.109 - - [09/Sep/2018:22:43:17 +0900] "GET /sp/ HTTP/1.1" 200 7496 "https://search.yahoo.co.jp/" "Mozilla/5.0 (iPhone; CPU iPhone OS 11_4_1 like Mac OS X) AppleWebKit/605.1.15 (KHTML, like Gecko) Mobile/15G77 YJApp-IOS jp.co.yahoo.ipn.appli/4.11.4"
46.229.168.65 - - [09/Sep/2018:22:52:19 +0900] "GET /robots.txt HTTP/1.1" 404 2275 "-" "Mozilla/5.0 (compatible; SemrushBot/2~bl; +http://www.semrush.com/bot.html)"
219.94.203.142 - - [09/Sep/2018:22:52:22 +0900] "POST /blog/wp-cron.php?doing_wp_cron=1536501142.8605940341949462890625 HTTP/1.0" 502 226 "-" "WordPress/3.5.1; http://www.nishifuna-seitai.com/blog"
46.229.168.65 - - [09/Sep/2018:22:52:22 +0900] "GET /blog/%E6%9C%AA%E5%88%86%E9%A1%9E/kiji1185/ HTTP/1.1" 200 16763 "-" "Mozilla/5.0 (compatible; SemrushBot/2~bl; +http://www.semrush.com/bot.html)"
216.244.66.226 - - [09/Sep/2018:22:56:41 +0900] "GET /robots.txt HTTP/1.1" 404 2275 "-" "Mozilla/5.0 (compatible; DotBot/1.1; http://www.opensiteexplorer.org/dotbot, help@moz.com)"
219.94.203.142 - - [09/Sep/2018:22:59:37 +0900] "POST /blog/wp-cron.php?doing_wp_cron=1536501577.5832889080047607421875 HTTP/1.0" 502 226 "-" "WordPress/3.5.1; http://www.nishifuna-seitai.com/blog"
153.164.144.246 - - [09/Sep/2018:22:59:37 +0900] "GET /blog/%E6%9C%AA%E5%88%86%E9%A1%9E/kiji1357/ HTTP/1.1" 200 17313 "https://search.yahoo.co.jp/" "Mozilla/5.0 (iPhone; CPU iPhone OS 11_4_1 like Mac OS X) AppleWebKit/605.1.15 (KHTML, like Gecko) Version/11.0 Mobile/15E148 Safari/604.1"
153.164.144.246 - - [09/Sep/2018:22:59:38 +0900] "GET /blog/wp-content/plugins/contact-form-7/includes/css/styles.css?ver=3.3.3 HTTP/1.1" 200 887 "http://www.nishifuna-seitai.com/blog/%E6%9C%AA%E5%88%86%E9%A1%9E/kiji1357/" "Mozilla/5.0 (iPhone; CPU iPhone OS 11_4_1 like Mac OS X) AppleWebKit/605.1.15 (KHTML, like Gecko) Version/11.0 Mobile/15E148 Safari/604.1"
153.164.144.246 - - [09/Sep/2018:22:59:38 +0900] "GET /blog/wp-content/plugins/contact-form-7/includes/js/jquery.form.min.js?ver=3.25.0-2013.01.18 HTTP/1.1" 200 15158 "http://www.nishifuna-seitai.com/blog/%E6%9C%AA%E5%88%86%E9%A1%9E/kiji1357/" "Mozilla/5.0 (iPhone; CPU iPhone OS 11_4_1 like Mac OS X) AppleWebKit/605.1.15 (KHTML, like Gecko) Version/11.0 Mobile/15E148 Safari/604.1"
153.164.144.246 - - [09/Sep/2018:22:59:38 +0900] "GET /blog/wp-content/plugins/contact-form-7/includes/js/scripts.js?ver=3.3.3 HTTP/1.1" 200 6933 "http://www.nishifuna-seitai.com/blog/%E6%9C%AA%E5%88%86%E9%A1%9E/kiji1357/" "Mozilla/5.0 (iPhone; CPU iPhone OS 11_4_1 like Mac OS X) AppleWebKit/605.1.15 (KHTML, like Gecko) Version/11.0 Mobile/15E148 Safari/604.1"
153.164.144.246 - - [09/Sep/2018:22:59:38 +0900] "GET /blog/wp-content/themes/twentytwelve/style.css?ver=3.5.1 HTTP/1.1" 200 35292 "http://www.nishifuna-seitai.com/blog/%E6%9C%AA%E5%88%86%E9%A1%9E/kiji1357/" "Mozilla/5.0 (iPhone; CPU iPhone OS 11_4_1 like Mac OS X) AppleWebKit/605.1.15 (KHTML, like Gecko) Version/11.0 Mobile/15E148 Safari/604.1"
153.164.144.246 - - [09/Sep/2018:22:59:38 +0900] "GET /blog/wp-content/themes/twentytwelve/js/navigation.js?ver=1.0 HTTP/1.1" 200 863 "http://www.nishifuna-seitai.com/blog/%E6%9C%AA%E5%88%86%E9%A1%9E/kiji1357/" "Mozilla/5.0 (iPhone; CPU iPhone OS 11_4_1 like Mac OS X) AppleWebKit/605.1.15 (KHTML, like Gecko) Version/11.0 Mobile/15E148 Safari/604.1"
153.164.144.246 - - [09/Sep/2018:22:59:38 +0900] "GET /blog/wp-includes/js/jquery/jquery.js?ver=1.8.3 HTTP/1.1" 200 93658 "http://www.nishifuna-seitai.com/blog/%E6%9C%AA%E5%88%86%E9%A1%9E/kiji1357/" "Mozilla/5.0 (iPhone; CPU iPhone OS 11_4_1 like Mac OS X) AppleWebKit/605.1.15 (KHTML, like Gecko) Version/11.0 Mobile/15E148 Safari/604.1"
153.164.144.246 - - [09/Sep/2018:22:59:38 +0900] "GET /blog/wp-content/uploads/2012/12/h2_index2.png HTTP/1.1" 200 394553 "http://www.nishifuna-seitai.com/blog/%E6%9C%AA%E5%88%86%E9%A1%9E/kiji1357/" "Mozilla/5.0 (iPhone; CPU iPhone OS 11_4_1 like Mac OS X) AppleWebKit/605.1.15 (KHTML, like Gecko) Version/11.0 Mobile/15E148 Safari/604.1"
153.164.144.246 - - [09/Sep/2018:22:59:38 +0900] "GET /blog/wp-content/uploads/2014/12/IMG_0209.jpg HTTP/1.1" 200 1519328 "http://www.nishifuna-seitai.com/blog/%E6%9C%AA%E5%88%86%E9%A1%9E/kiji1357/" "Mozilla/5.0 (iPhone; CPU iPhone OS 11_4_1 like Mac OS X) AppleWebKit/605.1.15 (KHTML, like Gecko) Version/11.0 Mobile/15E148 Safari/604.1"
219.94.203.142 - - [09/Sep/2018:23:05:37 +0900] "POST /blog/wp-cron.php?doing_wp_cron=1536501936.9841430187225341796875 HTTP/1.0" 502 226 "-" "WordPress/3.5.1; http://www.nishifuna-seitai.com/blog"
118.240.97.242 - - [09/Sep/2018:23:05:36 +0900] "GET /blog/%E6%9C%AA%E5%88%86%E9%A1%9E/kiji1123/ HTTP/1.1" 200 17071 "https://www.google.com/" "Mozilla/5.0 (iPhone; CPU iPhone OS 11_4_1 like Mac OS X) AppleWebKit/604.1.34 (KHTML, like Gecko) GSA/57.0.209471814 Mobile/15G77 Safari/604.1"
118.240.97.242 - - [09/Sep/2018:23:05:37 +0900] "GET /blog/wp-content/plugins/contact-form-7/includes/css/styles.css?ver=3.3.3 HTTP/1.1" 200 887 "http://www.nishifuna-seitai.com/blog/%E6%9C%AA%E5%88%86%E9%A1%9E/kiji1123/" "Mozilla/5.0 (iPhone; CPU iPhone OS 11_4_1 like Mac OS X) AppleWebKit/604.1.34 (KHTML, like Gecko) GSA/57.0.209471814 Mobile/15G77 Safari/604.1"
118.240.97.242 - - [09/Sep/2018:23:05:37 +0900] "GET /blog/wp-content/plugins/contact-form-7/includes/js/jquery.form.min.js?ver=3.25.0-2013.01.18 HTTP/1.1" 200 15158 "http://www.nishifuna-seitai.com/blog/%E6%9C%AA%E5%88%86%E9%A1%9E/kiji1123/" "Mozilla/5.0 (iPhone; CPU iPhone OS 11_4_1 like Mac OS X) AppleWebKit/604.1.34 (KHTML, like Gecko) GSA/57.0.209471814 Mobile/15G77 Safari/604.1"
118.240.97.242 - - [09/Sep/2018:23:05:37 +0900] "GET /blog/wp-content/themes/twentytwelve/style.css?ver=3.5.1 HTTP/1.1" 200 35292 "http://www.nishifuna-seitai.com/blog/%E6%9C%AA%E5%88%86%E9%A1%9E/kiji1123/" "Mozilla/5.0 (iPhone; CPU iPhone OS 11_4_1 like Mac OS X) AppleWebKit/604.1.34 (KHTML, like Gecko) GSA/57.0.209471814 Mobile/15G77 Safari/604.1"
118.240.97.242 - - [09/Sep/2018:23:05:37 +0900] "GET /blog/wp-content/plugins/contact-form-7/includes/js/scripts.js?ver=3.3.3 HTTP/1.1" 200 6933 "http://www.nishifuna-seitai.com/blog/%E6%9C%AA%E5%88%86%E9%A1%9E/kiji1123/" "Mozilla/5.0 (iPhone; CPU iPhone OS 11_4_1 like Mac OS X) AppleWebKit/604.1.34 (KHTML, like Gecko) GSA/57.0.209471814 Mobile/15G77 Safari/604.1"
118.240.97.242 - - [09/Sep/2018:23:05:37 +0900] "GET /blog/wp-includes/js/jquery/jquery.js?ver=1.8.3 HTTP/1.1" 200 93658 "http://www.nishifuna-seitai.com/blog/%E6%9C%AA%E5%88%86%E9%A1%9E/kiji1123/" "Mozilla/5.0 (iPhone; CPU iPhone OS 11_4_1 like Mac OS X) AppleWebKit/604.1.34 (KHTML, like Gecko) GSA/57.0.209471814 Mobile/15G77 Safari/604.1"
118.240.97.242 - - [09/Sep/2018:23:05:37 +0900] "GET /blog/wp-content/themes/twentytwelve/js/navigation.js?ver=1.0 HTTP/1.1" 200 863 "http://www.nishifuna-seitai.com/blog/%E6%9C%AA%E5%88%86%E9%A1%9E/kiji1123/" "Mozilla/5.0 (iPhone; CPU iPhone OS 11_4_1 like Mac OS X) AppleWebKit/604.1.34 (KHTML, like Gecko) GSA/57.0.209471814 Mobile/15G77 Safari/604.1"
118.240.97.242 - - [09/Sep/2018:23:05:37 +0900] "GET /blog/wp-content/uploads/2012/12/h2_index2.png HTTP/1.1" 200 394553 "http://www.nishifuna-seitai.com/blog/%E6%9C%AA%E5%88%86%E9%A1%9E/kiji1123/" "Mozilla/5.0 (iPhone; CPU iPhone OS 11_4_1 like Mac OS X) AppleWebKit/604.1.34 (KHTML, like Gecko) GSA/57.0.209471814 Mobile/15G77 Safari/604.1"
118.240.97.242 - - [09/Sep/2018:23:05:52 +0900] "GET /blog/%e6%9c%aa%e5%88%86%e9%a1%9e/kiji1977/ HTTP/1.1" 200 17393 "http://www.nishifuna-seitai.com/blog/%E6%9C%AA%E5%88%86%E9%A1%9E/kiji1123/" "Mozilla/5.0 (iPhone; CPU iPhone OS 11_4_1 like Mac OS X) AppleWebKit/604.1.34 (KHTML, like Gecko) GSA/57.0.209471814 Mobile/15G77 Safari/604.1"
118.240.97.242 - - [09/Sep/2018:23:05:56 +0900] "GET /blog/%e6%9c%aa%e5%88%86%e9%a1%9e/kiji1985/ HTTP/1.1" 200 17603 "http://www.nishifuna-seitai.com/blog/%E6%9C%AA%E5%88%86%E9%A1%9E/kiji1123/" "Mozilla/5.0 (iPhone; CPU iPhone OS 11_4_1 like Mac OS X) AppleWebKit/604.1.34 (KHTML, like Gecko) GSA/57.0.209471814 Mobile/15G77 Safari/604.1"
219.94.203.142 - - [09/Sep/2018:23:29:36 +0900] "POST /blog/wp-cron.php?doing_wp_cron=1536503376.5525069236755371093750 HTTP/1.0" 502 226 "-" "WordPress/3.5.1; http://www.nishifuna-seitai.com/blog"
118.106.142.107 - - [09/Sep/2018:23:29:36 +0900] "GET /blog/%E6%9C%AA%E5%88%86%E9%A1%9E/kiji1908/ HTTP/1.1" 200 18536 "https://www.google.co.jp/" "Mozilla/5.0 (iPhone; CPU iPhone OS 11_4_1 like Mac OS X) AppleWebKit/605.1.15 (KHTML, like Gecko) Version/11.0 Mobile/15E148 Safari/604.1"
118.106.142.107 - - [09/Sep/2018:23:29:37 +0900] "GET /blog/wp-content/plugins/contact-form-7/includes/css/styles.css?ver=3.3.3 HTTP/1.1" 200 887 "http://www.nishifuna-seitai.com/blog/%E6%9C%AA%E5%88%86%E9%A1%9E/kiji1908/" "Mozilla/5.0 (iPhone; CPU iPhone OS 11_4_1 like Mac OS X) AppleWebKit/605.1.15 (KHTML, like Gecko) Version/11.0 Mobile/15E148 Safari/604.1"
118.106.142.107 - - [09/Sep/2018:23:29:37 +0900] "GET /blog/wp-content/plugins/contact-form-7/includes/js/jquery.form.min.js?ver=3.25.0-2013.01.18 HTTP/1.1" 200 15158 "http://www.nishifuna-seitai.com/blog/%E6%9C%AA%E5%88%86%E9%A1%9E/kiji1908/" "Mozilla/5.0 (iPhone; CPU iPhone OS 11_4_1 like Mac OS X) AppleWebKit/605.1.15 (KHTML, like Gecko) Version/11.0 Mobile/15E148 Safari/604.1"
118.106.142.107 - - [09/Sep/2018:23:29:37 +0900] "GET /blog/wp-content/plugins/contact-form-7/includes/js/scripts.js?ver=3.3.3 HTTP/1.1" 200 6933 "http://www.nishifuna-seitai.com/blog/%E6%9C%AA%E5%88%86%E9%A1%9E/kiji1908/" "Mozilla/5.0 (iPhone; CPU iPhone OS 11_4_1 like Mac OS X) AppleWebKit/605.1.15 (KHTML, like Gecko) Version/11.0 Mobile/15E148 Safari/604.1"
118.106.142.107 - - [09/Sep/2018:23:29:37 +0900] "GET /blog/wp-content/themes/twentytwelve/style.css?ver=3.5.1 HTTP/1.1" 200 35292 "http://www.nishifuna-seitai.com/blog/%E6%9C%AA%E5%88%86%E9%A1%9E/kiji1908/" "Mozilla/5.0 (iPhone; CPU iPhone OS 11_4_1 like Mac OS X) AppleWebKit/605.1.15 (KHTML, like Gecko) Version/11.0 Mobile/15E148 Safari/604.1"
118.106.142.107 - - [09/Sep/2018:23:29:37 +0900] "GET /blog/wp-content/themes/twentytwelve/js/navigation.js?ver=1.0 HTTP/1.1" 200 863 "http://www.nishifuna-seitai.com/blog/%E6%9C%AA%E5%88%86%E9%A1%9E/kiji1908/" "Mozilla/5.0 (iPhone; CPU iPhone OS 11_4_1 like Mac OS X) AppleWebKit/605.1.15 (KHTML, like Gecko) Version/11.0 Mobile/15E148 Safari/604.1"
118.106.142.107 - - [09/Sep/2018:23:29:37 +0900] "GET /blog/wp-includes/js/jquery/jquery.js?ver=1.8.3 HTTP/1.1" 200 93658 "http://www.nishifuna-seitai.com/blog/%E6%9C%AA%E5%88%86%E9%A1%9E/kiji1908/" "Mozilla/5.0 (iPhone; CPU iPhone OS 11_4_1 like Mac OS X) AppleWebKit/605.1.15 (KHTML, like Gecko) Version/11.0 Mobile/15E148 Safari/604.1"
118.106.142.107 - - [09/Sep/2018:23:29:37 +0900] "GET /blog/wp-content/uploads/2012/12/h2_index2.png HTTP/1.1" 200 394553 "http://www.nishifuna-seitai.com/blog/%E6%9C%AA%E5%88%86%E9%A1%9E/kiji1908/" "Mozilla/5.0 (iPhone; CPU iPhone OS 11_4_1 like Mac OS X) AppleWebKit/605.1.15 (KHTML, like Gecko) Version/11.0 Mobile/15E148 Safari/604.1"
219.94.203.142 - - [09/Sep/2018:23:32:21 +0900] "POST /blog/wp-cron.php?doing_wp_cron=1536503541.1504640579223632812500 HTTP/1.0" 502 226 "-" "WordPress/3.5.1; http://www.nishifuna-seitai.com/blog"
157.55.39.228 - - [09/Sep/2018:23:32:20 +0900] "GET /blog/%e6%9c%aa%e5%88%86%e9%a1%9e/kiji1725/ HTTP/1.1" 200 17944 "-" "Mozilla/5.0 (compatible; bingbot/2.0; +http://www.bing.com/bingbot.htm)"
216.244.66.226 - - [09/Sep/2018:23:39:13 +0900] "GET /robots.txt HTTP/1.1" 404 2275 "-" "Mozilla/5.0 (compatible; DotBot/1.1; http://www.opensiteexplorer.org/dotbot, help@moz.com)"
219.94.203.142 - - [09/Sep/2018:23:46:10 +0900] "POST /blog/wp-cron.php?doing_wp_cron=1536504370.4344680309295654296875 HTTP/1.0" 502 226 "-" "WordPress/3.5.1; http://www.nishifuna-seitai.com/blog"
157.55.39.202 - - [09/Sep/2018:23:46:10 +0900] "GET /blog/%e3%82%b9%e3%82%bf%e3%83%83%e3%83%95%e3%82%88%e3%82%8a/kiji49/ HTTP/1.1" 200 17558 "-" "Mozilla/5.0 (compatible; bingbot/2.0; +http://www.bing.com/bingbot.htm)"
219.94.203.142 - - [09/Sep/2018:23:49:37 +0900] "POST /blog/wp-cron.php?doing_wp_cron=1536504577.4742090702056884765625 HTTP/1.0" 502 226 "-" "WordPress/3.5.1; http://www.nishifuna-seitai.com/blog"
207.46.13.48 - - [09/Sep/2018:23:49:37 +0900] "GET /blog/%e6%9c%aa%e5%88%86%e9%a1%9e/kiji1303/ HTTP/1.1" 200 17453 "-" "Mozilla/5.0 (compatible; bingbot/2.0; +http://www.bing.com/bingbot.htm)"
219.94.203.142 - - [09/Sep/2018:23:56:37 +0900] "POST /blog/wp-cron.php?doing_wp_cron=1536504997.0313570499420166015625 HTTP/1.0" 502 226 "-" "WordPress/3.5.1; http://www.nishifuna-seitai.com/blog"
207.46.13.48 - - [09/Sep/2018:23:56:36 +0900] "GET /blog/page/16/ HTTP/1.1" 200 31125 "-" "Mozilla/5.0 (compatible; bingbot/2.0; +http://www.bing.com/bingbot.htm)"
219.94.203.142 - - [10/Sep/2018:01:30:46 +0900] "POST /blog/wp-cron.php?doing_wp_cron=1536510646.2823159694671630859375 HTTP/1.0" 502 226 "-" "WordPress/3.5.1; http://www.nishifuna-seitai.com/blog"
66.249.79.63 - - [10/Sep/2018:01:30:45 +0900] "GET /blog/%E6%9C%AA%E5%88%86%E9%A1%9E/kiji1143/ HTTP/1.1" 200 17091 "-" "Mozilla/5.0 (compatible; Googlebot/2.1; +http://www.google.com/bot.html)"
46.229.168.79 - - [10/Sep/2018:01:35:52 +0900] "GET /robots.txt HTTP/1.1" 404 2275 "-" "Mozilla/5.0 (compatible; SemrushBot/2~bl; +http://www.semrush.com/bot.html)"
219.94.203.142 - - [10/Sep/2018:01:35:53 +0900] "POST /blog/wp-cron.php?doing_wp_cron=1536510953.6219289302825927734375 HTTP/1.0" 502 226 "-" "WordPress/3.5.1; http://www.nishifuna-seitai.com/blog"
46.229.168.73 - - [10/Sep/2018:01:35:53 +0900] "GET /blog/%E6%9C%AA%E5%88%86%E9%A1%9E/kiji1327/ HTTP/1.1" 200 17210 "-" "Mozilla/5.0 (compatible; SemrushBot/2~bl; +http://www.semrush.com/bot.html)"
216.244.66.226 - - [10/Sep/2018:01:46:41 +0900] "GET /robots.txt HTTP/1.1" 404 2275 "-" "Mozilla/5.0 (compatible; DotBot/1.1; http://www.opensiteexplorer.org/dotbot, help@moz.com)"
219.94.203.142 - - [10/Sep/2018:02:06:46 +0900] "POST /blog/wp-cron.php?doing_wp_cron=1536512806.2267229557037353515625 HTTP/1.0" 502 226 "-" "WordPress/3.5.1; http://www.nishifuna-seitai.com/blog"
66.249.79.60 - - [10/Sep/2018:02:06:45 +0900] "GET /blog/%E6%9C%AA%E5%88%86%E9%A1%9E/kiji1499/ HTTP/1.1" 200 18308 "-" "Mozilla/5.0 (compatible; Googlebot/2.1; +http://www.google.com/bot.html)"
37.9.113.194 - - [10/Sep/2018:02:12:55 +0900] "GET /robots.txt HTTP/1.1" 301 250 "-" "Mozilla/5.0 (compatible; YandexBot/3.0; +http://yandex.com/bots)"
37.9.113.194 - - [10/Sep/2018:02:12:55 +0900] "GET /robots.txt HTTP/1.1" 404 2275 "-" "Mozilla/5.0 (compatible; YandexBot/3.0; +http://yandex.com/bots)"
37.9.113.194 - - [10/Sep/2018:02:12:59 +0900] "GET / HTTP/1.1" 301 240 "-" "Mozilla/5.0 (compatible; YandexBot/3.0; +http://yandex.com/bots)"
37.9.113.194 - - [10/Sep/2018:02:12:59 +0900] "GET / HTTP/1.1" 200 16214 "-" "Mozilla/5.0 (compatible; YandexBot/3.0; +http://yandex.com/bots)"
216.244.66.226 - - [10/Sep/2018:02:28:58 +0900] "GET /robots.txt HTTP/1.1" 404 2275 "-" "Mozilla/5.0 (compatible; DotBot/1.1; http://www.opensiteexplorer.org/dotbot, help@moz.com)"
219.94.203.142 - - [10/Sep/2018:02:40:43 +0900] "POST /blog/wp-cron.php?doing_wp_cron=1536514843.5533459186553955078125 HTTP/1.0" 502 226 "-" "WordPress/3.5.1; http://www.nishifuna-seitai.com/blog"
157.55.39.78 - - [10/Sep/2018:02:40:43 +0900] "GET /blog/page/20/ HTTP/1.1" 200 31554 "-" "Mozilla/5.0 (compatible; bingbot/2.0; +http://www.bing.com/bingbot.htm)"
46.229.168.67 - - [10/Sep/2018:02:51:25 +0900] "GET /robots.txt HTTP/1.1" 404 2275 "-" "Mozilla/5.0 (compatible; SemrushBot/2~bl; +http://www.semrush.com/bot.html)"
219.94.203.142 - - [10/Sep/2018:02:51:26 +0900] "POST /blog/wp-cron.php?doing_wp_cron=1536515486.6155250072479248046875 HTTP/1.0" 502 226 "-" "WordPress/3.5.1; http://www.nishifuna-seitai.com/blog"
46.229.168.80 - - [10/Sep/2018:02:51:26 +0900] "GET /blog/%E6%9C%AA%E5%88%86%E9%A1%9E/kiji1200/ HTTP/1.1" 200 17211 "-" "Mozilla/5.0 (compatible; SemrushBot/2~bl; +http://www.semrush.com/bot.html)"
219.94.203.142 - - [10/Sep/2018:03:05:13 +0900] "POST /blog/wp-cron.php?doing_wp_cron=1536516313.8374180793762207031250 HTTP/1.0" 502 226 "-" "WordPress/3.5.1; http://www.nishifuna-seitai.com/blog"
216.244.66.226 - - [10/Sep/2018:03:05:12 +0900] "GET /blog/category/%E6%9C%AA%E5%88%86%E9%A1%9E/page/35/ HTTP/1.1" 200 25828 "-" "Mozilla/5.0 (compatible; DotBot/1.1; http://www.opensiteexplorer.org/dotbot, help@moz.com)"
80.248.227.208 - - [10/Sep/2018:03:36:12 +0900] "GET / HTTP/1.1" 301 240 "-" "CipaCrawler/3.0 (info@domaincrawler.com; http://www.domaincrawler.com/nishifuna-seitai.com)"
80.248.227.208 - - [10/Sep/2018:03:36:13 +0900] "GET / HTTP/1.1" 200 16214 "-" "CipaCrawler/3.0 (info@domaincrawler.com; http://www.domaincrawler.com/nishifuna-seitai.com)"
66.249.79.57 - - [10/Sep/2018:03:40:29 +0900] "GET /robots.txt HTTP/1.1" 404 2275 "-" "Mozilla/5.0 (compatible; Googlebot/2.1; +http://www.google.com/bot.html)"
219.94.203.142 - - [10/Sep/2018:03:40:29 +0900] "POST /blog/wp-cron.php?doing_wp_cron=1536518429.7700979709625244140625 HTTP/1.0" 502 226 "-" "WordPress/3.5.1; http://www.nishifuna-seitai.com/blog"
66.249.79.57 - - [10/Sep/2018:03:40:29 +0900] "GET /blog/%E6%9C%AA%E5%88%86%E9%A1%9E/kiji1468/ HTTP/1.1" 200 18392 "-" "Mozilla/5.0 (compatible; Googlebot/2.1; +http://www.google.com/bot.html)"
219.94.203.142 - - [10/Sep/2018:03:50:08 +0900] "POST /blog/wp-cron.php?doing_wp_cron=1536519008.7429339885711669921875 HTTP/1.0" 502 226 "-" "WordPress/3.5.1; http://www.nishifuna-seitai.com/blog"
46.229.168.73 - - [10/Sep/2018:03:50:08 +0900] "GET /blog/author/admin/ HTTP/1.1" 200 27544 "-" "Mozilla/5.0 (compatible; SemrushBot/2~bl; +http://www.semrush.com/bot.html)"
219.94.203.142 - - [10/Sep/2018:05:25:56 +0900] "POST /blog/wp-cron.php?doing_wp_cron=1536524756.9179840087890625000000 HTTP/1.0" 502 226 "-" "WordPress/3.5.1; http://www.nishifuna-seitai.com/blog"
157.55.39.228 - - [10/Sep/2018:05:25:56 +0900] "GET /blog/%e6%9c%aa%e5%88%86%e9%a1%9e/kiji1813/ HTTP/1.1" 200 18376 "-" "Mozilla/5.0 (compatible; bingbot/2.0; +http://www.bing.com/bingbot.htm)"
46.229.168.70 - - [10/Sep/2018:05:32:13 +0900] "GET /robots.txt HTTP/1.1" 404 2275 "-" "Mozilla/5.0 (compatible; SemrushBot/2~bl; +http://www.semrush.com/bot.html)"
219.94.203.142 - - [10/Sep/2018:05:32:14 +0900] "POST /blog/wp-cron.php?doing_wp_cron=1536525134.1699159145355224609375 HTTP/1.0" 502 226 "-" "WordPress/3.5.1; http://www.nishifuna-seitai.com/blog"
46.229.168.81 - - [10/Sep/2018:05:32:13 +0900] "GET /blog/%E6%9C%AA%E5%88%86%E9%A1%9E/kiji1509/ HTTP/1.1" 200 18276 "-" "Mozilla/5.0 (compatible; SemrushBot/2~bl; +http://www.semrush.com/bot.html)"
162.247.74.213 - - [10/Sep/2018:05:47:33 +0900] "GET / HTTP/1.1" 301 240 "http://pizza-tycoon.com/" "Mozilla/5.0 (X11; Linux x86_64) AppleWebKit/537.36 (KHTML, like Gecko) Chrome/37.0.2062.120 Safari/537.36"
162.247.74.213 - - [10/Sep/2018:05:47:37 +0900] "GET / HTTP/1.1" 200 16214 "http://pizza-tycoon.com/" "Mozilla/5.0 (X11; Linux x86_64) AppleWebKit/537.36 (KHTML, like Gecko) Chrome/37.0.2062.120 Safari/537.36"
216.244.66.226 - - [10/Sep/2018:05:54:28 +0900] "GET /robots.txt HTTP/1.1" 404 2275 "-" "Mozilla/5.0 (compatible; DotBot/1.1; http://www.opensiteexplorer.org/dotbot, help@moz.com)"
18.182.17.0 - - [10/Sep/2018:06:01:47 +0900] "GET /treatment/leg/ HTTP/1.1" 200 10766 "https://www.google.co.jp/" "Mozilla/5.0 (Windows NT 6.1; WOW64) AppleWebKit/537.36 (KHTML, like Gecko) Chrome/45.0.2454.93 Safari/537.36"
219.94.203.142 - - [10/Sep/2018:06:11:33 +0900] "POST /blog/wp-cron.php?doing_wp_cron=1536527493.8593080043792724609375 HTTP/1.0" 502 226 "-" "WordPress/3.5.1; http://www.nishifuna-seitai.com/blog"
46.229.168.66 - - [10/Sep/2018:06:11:33 +0900] "GET /blog/%E3%82%B9%E3%82%BF%E3%83%83%E3%83%95%E3%82%88%E3%82%8A/kiji1067/ HTTP/1.1" 200 17390 "-" "Mozilla/5.0 (compatible; SemrushBot/2~bl; +http://www.semrush.com/bot.html)"
219.94.203.142 - - [10/Sep/2018:06:28:55 +0900] "POST /blog/wp-cron.php?doing_wp_cron=1536528535.7660970687866210937500 HTTP/1.0" 502 226 "-" "WordPress/3.5.1; http://www.nishifuna-seitai.com/blog"
216.244.66.226 - - [10/Sep/2018:06:28:55 +0900] "GET /blog/%E6%9C%AA%E5%88%86%E9%A1%9E/kiji1797/ HTTP/1.1" 200 18199 "-" "Mozilla/5.0 (compatible; DotBot/1.1; http://www.opensiteexplorer.org/dotbot, help@moz.com)"
207.46.13.60 - - [10/Sep/2018:06:49:03 +0900] "GET /flow/ HTTP/1.1" 200 10203 "-" "Mozilla/5.0 (compatible; bingbot/2.0; +http://www.bing.com/bingbot.htm)"
46.229.168.70 - - [10/Sep/2018:06:57:40 +0900] "GET /robots.txt HTTP/1.1" 404 2275 "-" "Mozilla/5.0 (compatible; SemrushBot/2~bl; +http://www.semrush.com/bot.html)"
219.94.203.142 - - [10/Sep/2018:06:57:43 +0900] "POST /blog/wp-cron.php?doing_wp_cron=1536530263.1306190490722656250000 HTTP/1.0" 502 226 "-" "WordPress/3.5.1; http://www.nishifuna-seitai.com/blog"
46.229.168.72 - - [10/Sep/2018:06:57:42 +0900] "GET /blog/date/2015/01/ HTTP/1.1" 200 27313 "-" "Mozilla/5.0 (compatible; SemrushBot/2~bl; +http://www.semrush.com/bot.html)"
219.94.203.142 - - [10/Sep/2018:07:09:16 +0900] "POST /blog/wp-cron.php?doing_wp_cron=1536530956.9174909591674804687500 HTTP/1.0" 502 226 "-" "WordPress/3.5.1; http://www.nishifuna-seitai.com/blog"
46.229.168.66 - - [10/Sep/2018:07:09:16 +0900] "GET /blog/%E6%9C%AA%E5%88%86%E9%A1%9E/kiji1360/ HTTP/1.1" 200 17133 "-" "Mozilla/5.0 (compatible; SemrushBot/2~bl; +http://www.semrush.com/bot.html)"
40.77.167.215 - - [10/Sep/2018:07:15:56 +0900] "GET /contact/ HTTP/1.1" 200 10667 "-" "Mozilla/5.0 (compatible; bingbot/2.0; +http://www.bing.com/bingbot.htm)"
216.244.66.226 - - [10/Sep/2018:07:19:57 +0900] "GET /robots.txt HTTP/1.1" 404 2275 "-" "Mozilla/5.0 (compatible; DotBot/1.1; http://www.opensiteexplorer.org/dotbot, help@moz.com)"
54.36.150.72 - - [10/Sep/2018:07:23:02 +0900] "GET /robots.txt HTTP/1.1" 404 2275 "-" "Mozilla/5.0 (compatible; AhrefsBot/5.2; +http://ahrefs.com/robot/)"
54.36.148.34 - - [10/Sep/2018:07:23:03 +0900] "GET /blog/%E6%9C%AA%E5%88%86%E9%A1%9E/kiji1508/ HTTP/1.1" 200 18351 "-" "Mozilla/5.0 (compatible; AhrefsBot/5.2; +http://ahrefs.com/robot/)"
219.94.203.142 - - [10/Sep/2018:07:23:03 +0900] "POST /blog/wp-cron.php?doing_wp_cron=1536531783.6793839931488037109375 HTTP/1.0" 502 226 "-" "WordPress/3.5.1; http://www.nishifuna-seitai.com/blog"
219.94.203.142 - - [10/Sep/2018:07:30:16 +0900] "POST /blog/wp-cron.php?doing_wp_cron=1536532216.8719389438629150390625 HTTP/1.0" 502 226 "-" "WordPress/3.5.1; http://www.nishifuna-seitai.com/blog"
46.229.168.69 - - [10/Sep/2018:07:30:16 +0900] "GET /blog/%E6%9C%AA%E5%88%86%E9%A1%9E/kiji1395/ HTTP/1.1" 200 17492 "-" "Mozilla/5.0 (compatible; SemrushBot/2~bl; +http://www.semrush.com/bot.html)"
219.94.203.142 - - [10/Sep/2018:07:34:18 +0900] "POST /blog/wp-cron.php?doing_wp_cron=1536532458.5383090972900390625000 HTTP/1.0" 502 226 "-" "WordPress/3.5.1; http://www.nishifuna-seitai.com/blog"
54.36.149.65 - - [10/Sep/2018:07:34:18 +0900] "GET /blog/date/2014/10/ HTTP/1.1" 200 26048 "-" "Mozilla/5.0 (compatible; AhrefsBot/5.2; +http://ahrefs.com/robot/)"
46.229.168.75 - - [10/Sep/2018:07:35:07 +0900] "GET /blog/tag/%E8%88%B9%E6%A9%8B%E3%80%81%E8%86%9D%E3%80%81%E7%97%9B%E3%81%BF/ HTTP/1.1" 200 17994 "-" "Mozilla/5.0 (compatible; SemrushBot/2~bl; +http://www.semrush.com/bot.html)"
219.94.203.142 - - [10/Sep/2018:07:46:53 +0900] "POST /blog/wp-cron.php?doing_wp_cron=1536533213.7745659351348876953125 HTTP/1.0" 502 226 "-" "WordPress/3.5.1; http://www.nishifuna-seitai.com/blog"
46.229.168.71 - - [10/Sep/2018:07:46:53 +0900] "GET /blog/%E6%9C%AA%E5%88%86%E9%A1%9E/kiji1386/ HTTP/1.1" 200 17648 "-" "Mozilla/5.0 (compatible; SemrushBot/2~bl; +http://www.semrush.com/bot.html)"
46.229.168.65 - - [10/Sep/2018:07:48:38 +0900] "GET /blog/%E3%82%B9%E3%82%BF%E3%83%83%E3%83%95%E3%82%88%E3%82%8A/kiji1083/ HTTP/1.1" 200 17568 "-" "Mozilla/5.0 (compatible; SemrushBot/2~bl; +http://www.semrush.com/bot.html)"
219.94.203.142 - - [10/Sep/2018:07:51:16 +0900] "POST /blog/wp-cron.php?doing_wp_cron=1536533476.1981160640716552734375 HTTP/1.0" 502 226 "-" "WordPress/3.5.1; http://www.nishifuna-seitai.com/blog"
54.36.149.94 - - [10/Sep/2018:07:51:15 +0900] "GET /blog/%E6%9C%AA%E5%88%86%E9%A1%9E/kiji1756/ HTTP/1.1" 200 18998 "-" "Mozilla/5.0 (compatible; AhrefsBot/5.2; +http://ahrefs.com/robot/)"
219.94.203.142 - - [10/Sep/2018:08:00:16 +0900] "POST /blog/wp-cron.php?doing_wp_cron=1536534016.4295489788055419921875 HTTP/1.0" 502 226 "-" "WordPress/3.5.1; http://www.nishifuna-seitai.com/blog"
210.239.224.155 - - [10/Sep/2018:08:00:16 +0900] "GET /blog/%E6%9C%AA%E5%88%86%E9%A1%9E/kiji1357/ HTTP/1.1" 200 17313 "android-app://com.google.android.googlequicksearchbox" "Mozilla/5.0 (Linux; Android 8.0.0; SOV33 Build/41.3.C.1.89) AppleWebKit/537.36 (KHTML, like Gecko) Chrome/69.0.3497.86 Mobile Safari/537.36"
210.239.224.155 - - [10/Sep/2018:08:00:17 +0900] "GET /blog/wp-content/plugins/contact-form-7/includes/css/styles.css?ver=3.3.3 HTTP/1.1" 200 887 "http://www.nishifuna-seitai.com/blog/%E6%9C%AA%E5%88%86%E9%A1%9E/kiji1357/" "Mozilla/5.0 (Linux; Android 8.0.0; SOV33 Build/41.3.C.1.89) AppleWebKit/537.36 (KHTML, like Gecko) Chrome/69.0.3497.86 Mobile Safari/537.36"
210.239.224.155 - - [10/Sep/2018:08:00:17 +0900] "GET /blog/wp-content/themes/twentytwelve/style.css?ver=3.5.1 HTTP/1.1" 200 35292 "http://www.nishifuna-seitai.com/blog/%E6%9C%AA%E5%88%86%E9%A1%9E/kiji1357/" "Mozilla/5.0 (Linux; Android 8.0.0; SOV33 Build/41.3.C.1.89) AppleWebKit/537.36 (KHTML, like Gecko) Chrome/69.0.3497.86 Mobile Safari/537.36"
210.239.224.155 - - [10/Sep/2018:08:00:17 +0900] "GET /blog/wp-includes/js/jquery/jquery.js?ver=1.8.3 HTTP/1.1" 200 93658 "http://www.nishifuna-seitai.com/blog/%E6%9C%AA%E5%88%86%E9%A1%9E/kiji1357/" "Mozilla/5.0 (Linux; Android 8.0.0; SOV33 Build/41.3.C.1.89) AppleWebKit/537.36 (KHTML, like Gecko) Chrome/69.0.3497.86 Mobile Safari/537.36"
210.239.224.155 - - [10/Sep/2018:08:00:17 +0900] "GET /blog/wp-content/uploads/2012/12/h2_index2.png HTTP/1.1" 200 394553 "http://www.nishifuna-seitai.com/blog/%E6%9C%AA%E5%88%86%E9%A1%9E/kiji1357/" "Mozilla/5.0 (Linux; Android 8.0.0; SOV33 Build/41.3.C.1.89) AppleWebKit/537.36 (KHTML, like Gecko) Chrome/69.0.3497.86 Mobile Safari/537.36"
210.239.224.155 - - [10/Sep/2018:08:00:17 +0900] "GET /blog/wp-content/plugins/contact-form-7/includes/js/scripts.js?ver=3.3.3 HTTP/1.1" 200 6933 "http://www.nishifuna-seitai.com/blog/%E6%9C%AA%E5%88%86%E9%A1%9E/kiji1357/" "Mozilla/5.0 (Linux; Android 8.0.0; SOV33 Build/41.3.C.1.89) AppleWebKit/537.36 (KHTML, like Gecko) Chrome/69.0.3497.86 Mobile Safari/537.36"
210.239.224.155 - - [10/Sep/2018:08:00:17 +0900] "GET /blog/wp-content/themes/twentytwelve/js/navigation.js?ver=1.0 HTTP/1.1" 200 863 "http://www.nishifuna-seitai.com/blog/%E6%9C%AA%E5%88%86%E9%A1%9E/kiji1357/" "Mozilla/5.0 (Linux; Android 8.0.0; SOV33 Build/41.3.C.1.89) AppleWebKit/537.36 (KHTML, like Gecko) Chrome/69.0.3497.86 Mobile Safari/537.36"
210.239.224.155 - - [10/Sep/2018:08:00:17 +0900] "GET /blog/wp-content/plugins/contact-form-7/includes/js/jquery.form.min.js?ver=3.25.0-2013.01.18 HTTP/1.1" 200 15158 "http://www.nishifuna-seitai.com/blog/%E6%9C%AA%E5%88%86%E9%A1%9E/kiji1357/" "Mozilla/5.0 (Linux; Android 8.0.0; SOV33 Build/41.3.C.1.89) AppleWebKit/537.36 (KHTML, like Gecko) Chrome/69.0.3497.86 Mobile Safari/537.36"
210.239.224.155 - - [10/Sep/2018:08:00:17 +0900] "GET /blog/wp-content/uploads/2014/12/IMG_0209.jpg HTTP/1.1" 200 1519328 "http://www.nishifuna-seitai.com/blog/%E6%9C%AA%E5%88%86%E9%A1%9E/kiji1357/" "Mozilla/5.0 (Linux; Android 8.0.0; SOV33 Build/41.3.C.1.89) AppleWebKit/537.36 (KHTML, like Gecko) Chrome/69.0.3497.86 Mobile Safari/537.36"
210.239.224.155 - - [10/Sep/2018:08:00:17 +0900] "GET /favicon.ico HTTP/1.1" 302 219 "http://www.nishifuna-seitai.com/blog/%E6%9C%AA%E5%88%86%E9%A1%9E/kiji1357/" "Mozilla/5.0 (Linux; Android 8.0.0; SOV33 Build/41.3.C.1.89) AppleWebKit/537.36 (KHTML, like Gecko) Chrome/69.0.3497.86 Mobile Safari/537.36"
210.239.224.155 - - [10/Sep/2018:08:00:18 +0900] "GET /sp/ HTTP/1.1" 200 7496 "http://www.nishifuna-seitai.com/blog/%E6%9C%AA%E5%88%86%E9%A1%9E/kiji1357/" "Mozilla/5.0 (Linux; Android 8.0.0; SOV33 Build/41.3.C.1.89) AppleWebKit/537.36 (KHTML, like Gecko) Chrome/69.0.3497.86 Mobile Safari/537.36"
216.244.66.226 - - [10/Sep/2018:08:03:27 +0900] "GET /robots.txt HTTP/1.1" 404 2275 "-" "Mozilla/5.0 (compatible; DotBot/1.1; http://www.opensiteexplorer.org/dotbot, help@moz.com)"
219.94.203.142 - - [10/Sep/2018:08:03:56 +0900] "POST /blog/wp-cron.php?doing_wp_cron=1536534236.3558170795440673828125 HTTP/1.0" 502 226 "-" "WordPress/3.5.1; http://www.nishifuna-seitai.com/blog"
54.36.148.52 - - [10/Sep/2018:08:03:56 +0900] "GET /blog/%E3%82%B9%E3%82%BF%E3%83%83%E3%83%95%E3%82%88%E3%82%8A/kiji857/feed/ HTTP/1.1" 200 1088 "-" "Mozilla/5.0 (compatible; AhrefsBot/5.2; +http://ahrefs.com/robot/)"
37.9.113.194 - - [10/Sep/2018:08:04:38 +0900] "GET /robots.txt HTTP/1.1" 301 250 "-" "Mozilla/5.0 (compatible; YandexBot/3.0; +http://yandex.com/bots)"
141.8.183.33 - - [10/Sep/2018:08:04:38 +0900] "GET /robots.txt HTTP/1.1" 404 2275 "-" "Mozilla/5.0 (compatible; YandexBot/3.0; +http://yandex.com/bots)"
37.9.113.194 - - [10/Sep/2018:08:04:42 +0900] "GET / HTTP/1.1" 301 240 "-" "Mozilla/5.0 (compatible; YandexBot/3.0; +http://yandex.com/bots)"
141.8.183.33 - - [10/Sep/2018:08:04:42 +0900] "GET / HTTP/1.1" 200 16214 "-" "Mozilla/5.0 (compatible; YandexBot/3.0; +http://yandex.com/bots)"
219.94.203.142 - - [10/Sep/2018:08:08:22 +0900] "POST /blog/wp-cron.php?doing_wp_cron=1536534502.6676540374755859375000 HTTP/1.0" 502 226 "-" "WordPress/3.5.1; http://www.nishifuna-seitai.com/blog"
66.249.79.57 - - [10/Sep/2018:08:08:22 +0900] "GET /blog/tag/%E8%88%B9%E6%A9%8B%E3%80%81%E3%82%A8%E3%82%B9%E3%83%86%E3%80%81%E3%83%80%E3%82%A4%E3%82%A8%E3%83%83%E3%83%88/ HTTP/1.1" 200 14863 "-" "Mozilla/5.0 (compatible; Googlebot/2.1; +http://www.google.com/bot.html)"
219.94.203.142 - - [10/Sep/2018:08:27:48 +0900] "POST /blog/wp-cron.php?doing_wp_cron=1536535668.7582180500030517578125 HTTP/1.0" 502 226 "-" "WordPress/3.5.1; http://www.nishifuna-seitai.com/blog"
54.36.148.206 - - [10/Sep/2018:08:27:48 +0900] "GET /blog/%E6%9C%AA%E5%88%86%E9%A1%9E/kiji1323/feed/ HTTP/1.1" 200 1051 "-" "Mozilla/5.0 (compatible; AhrefsBot/5.2; +http://ahrefs.com/robot/)"
123.123.219.41 - - [10/Sep/2018:08:30:07 +0900] "GET /robots.txt HTTP/1.0" 404 2275 "-" "Mozilla/5.0 AppleWebKit/537.36 (KHTML, like Gecko) Chrome/55.0.2883.95 Safari/537.36/"
123.123.219.41 - - [10/Sep/2018:08:30:07 +0900] "GET / HTTP/1.0" 200 16214 "-" "Mozilla/5.0 AppleWebKit/537.36 (KHTML, like Gecko) Chrome/55.0.2883.95 Safari/537.36/"
219.94.203.142 - - [10/Sep/2018:08:39:33 +0900] "POST /blog/wp-cron.php?doing_wp_cron=1536536373.3870310783386230468750 HTTP/1.0" 502 226 "-" "WordPress/3.5.1; http://www.nishifuna-seitai.com/blog"
66.249.79.57 - - [10/Sep/2018:08:39:33 +0900] "GET /blog/page/42/ HTTP/1.1" 200 26401 "-" "Mozilla/5.0 (compatible; Googlebot/2.1; +http://www.google.com/bot.html)"
216.244.66.226 - - [10/Sep/2018:08:47:18 +0900] "GET /robots.txt HTTP/1.1" 404 2275 "-" "Mozilla/5.0 (compatible; DotBot/1.1; http://www.opensiteexplorer.org/dotbot, help@moz.com)"
40.77.167.83 - - [10/Sep/2018:08:54:41 +0900] "GET /blog/wp-content/uploads/2014/08/IMG_0934.jpg HTTP/1.1" 200 965171 "-" "Mozilla/5.0 (compatible; bingbot/2.0; +http://www.bing.com/bingbot.htm)"
219.94.203.142 - - [10/Sep/2018:08:55:51 +0900] "POST /blog/wp-cron.php?doing_wp_cron=1536537351.4210710525512695312500 HTTP/1.0" 502 226 "-" "WordPress/3.5.1; http://www.nishifuna-seitai.com/blog"
66.249.82.114 - - [10/Sep/2018:08:55:51 +0900] "GET /blog/%E6%9C%AA%E5%88%86%E9%A1%9E/kiji1357/ HTTP/1.1" 200 17313 "http://www.google.com/" "Mozilla/5.0 (Linux; Android 8.0.0; SOV35 Build/41.3.C.1.120) AppleWebKit/537.36 (KHTML, like Gecko) Chrome/68.0.3440.91 Mobile Safari/537.36"
66.249.82.116 - - [10/Sep/2018:08:55:52 +0900] "GET /blog/wp-content/plugins/contact-form-7/includes/css/styles.css?ver=3.3.3 HTTP/1.1" 200 887 "http://www.nishifuna-seitai.com/blog/%E6%9C%AA%E5%88%86%E9%A1%9E/kiji1357/" "Mozilla/5.0 (Linux; Android 8.0.0; SOV35 Build/41.3.C.1.120) AppleWebKit/537.36 (KHTML, like Gecko) Chrome/68.0.3440.91 Mobile Safari/537.36"
66.249.82.112 - - [10/Sep/2018:08:55:52 +0900] "GET /blog/wp-content/themes/twentytwelve/style.css?ver=3.5.1 HTTP/1.1" 200 35292 "http://www.nishifuna-seitai.com/blog/%E6%9C%AA%E5%88%86%E9%A1%9E/kiji1357/" "Mozilla/5.0 (Linux; Android 8.0.0; SOV35 Build/41.3.C.1.120) AppleWebKit/537.36 (KHTML, like Gecko) Chrome/68.0.3440.91 Mobile Safari/537.36"
66.249.82.114 - - [10/Sep/2018:08:55:52 +0900] "GET /blog/wp-content/uploads/2012/12/h2_index2.png HTTP/1.1" 200 394553 "http://www.nishifuna-seitai.com/blog/%E6%9C%AA%E5%88%86%E9%A1%9E/kiji1357/" "Mozilla/5.0 (Linux; Android 8.0.0; SOV35 Build/41.3.C.1.120) AppleWebKit/537.36 (KHTML, like Gecko) Chrome/68.0.3440.91 Mobile Safari/537.36"
66.249.82.116 - - [10/Sep/2018:08:55:52 +0900] "GET /blog/wp-includes/js/jquery/jquery.js?ver=1.8.3 HTTP/1.1" 200 93658 "http://www.nishifuna-seitai.com/blog/%E6%9C%AA%E5%88%86%E9%A1%9E/kiji1357/" "Mozilla/5.0 (Linux; Android 8.0.0; SOV35 Build/41.3.C.1.120) AppleWebKit/537.36 (KHTML, like Gecko) Chrome/68.0.3440.91 Mobile Safari/537.36"
66.249.82.116 - - [10/Sep/2018:08:55:52 +0900] "GET /blog/wp-content/uploads/2014/12/IMG_0209.jpg HTTP/1.1" 200 1519328 "http://www.nishifuna-seitai.com/blog/%E6%9C%AA%E5%88%86%E9%A1%9E/kiji1357/" "Mozilla/5.0 (Linux; Android 8.0.0; SOV35 Build/41.3.C.1.120) AppleWebKit/537.36 (KHTML, like Gecko) Chrome/68.0.3440.91 Mobile Safari/537.36"
66.249.82.114 - - [10/Sep/2018:08:55:52 +0900] "GET /blog/wp-content/plugins/contact-form-7/includes/js/scripts.js?ver=3.3.3 HTTP/1.1" 200 6933 "http://www.nishifuna-seitai.com/blog/%E6%9C%AA%E5%88%86%E9%A1%9E/kiji1357/" "Mozilla/5.0 (Linux; Android 8.0.0; SOV35 Build/41.3.C.1.120) AppleWebKit/537.36 (KHTML, like Gecko) Chrome/68.0.3440.91 Mobile Safari/537.36"
66.249.82.116 - - [10/Sep/2018:08:55:52 +0900] "GET /blog/wp-content/plugins/contact-form-7/includes/js/jquery.form.min.js?ver=3.25.0-2013.01.18 HTTP/1.1" 200 15158 "http://www.nishifuna-seitai.com/blog/%E6%9C%AA%E5%88%86%E9%A1%9E/kiji1357/" "Mozilla/5.0 (Linux; Android 8.0.0; SOV35 Build/41.3.C.1.120) AppleWebKit/537.36 (KHTML, like Gecko) Chrome/68.0.3440.91 Mobile Safari/537.36"
66.249.82.116 - - [10/Sep/2018:08:55:52 +0900] "GET /blog/wp-content/themes/twentytwelve/js/navigation.js?ver=1.0 HTTP/1.1" 200 863 "http://www.nishifuna-seitai.com/blog/%E6%9C%AA%E5%88%86%E9%A1%9E/kiji1357/" "Mozilla/5.0 (Linux; Android 8.0.0; SOV35 Build/41.3.C.1.120) AppleWebKit/537.36 (KHTML, like Gecko) Chrome/68.0.3440.91 Mobile Safari/537.36"
66.249.82.114 - - [10/Sep/2018:08:55:54 +0900] "GET /favicon.ico HTTP/1.1" 302 219 "http://www.nishifuna-seitai.com/blog/%E6%9C%AA%E5%88%86%E9%A1%9E/kiji1357/" "Mozilla/5.0 (Linux; Android 8.0.0; SOV35 Build/41.3.C.1.120) AppleWebKit/537.36 (KHTML, like Gecko) Chrome/68.0.3440.91 Mobile Safari/537.36"
66.249.82.116 - - [10/Sep/2018:08:55:54 +0900] "GET /sp/ HTTP/1.1" 200 7496 "http://www.nishifuna-seitai.com/blog/%E6%9C%AA%E5%88%86%E9%A1%9E/kiji1357/" "Mozilla/5.0 (Linux; Android 8.0.0; SOV35 Build/41.3.C.1.120) AppleWebKit/537.36 (KHTML, like Gecko) Chrome/68.0.3440.91 Mobile Safari/537.36"
219.94.203.142 - - [10/Sep/2018:09:00:33 +0900] "POST /blog/wp-cron.php?doing_wp_cron=1536537633.6457650661468505859375 HTTP/1.0" 502 226 "-" "WordPress/3.5.1; http://www.nishifuna-seitai.com/blog"
157.55.39.38 - - [10/Sep/2018:09:00:33 +0900] "GET /blog/page/20/ HTTP/1.1" 200 31554 "-" "Mozilla/5.0 (compatible; bingbot/2.0; +http://www.bing.com/bingbot.htm)"
46.229.168.80 - - [10/Sep/2018:09:07:46 +0900] "GET /robots.txt HTTP/1.1" 404 2275 "-" "Mozilla/5.0 (compatible; SemrushBot/2~bl; +http://www.semrush.com/bot.html)"
219.94.203.142 - - [10/Sep/2018:09:07:53 +0900] "POST /blog/wp-cron.php?doing_wp_cron=1536538073.1763260364532470703125 HTTP/1.0" 502 226 "-" "WordPress/3.5.1; http://www.nishifuna-seitai.com/blog"
46.229.168.84 - - [10/Sep/2018:09:07:52 +0900] "GET /blog/%E3%82%B9%E3%82%BF%E3%83%83%E3%83%95%E3%82%88%E3%82%8A/kiji1061/ HTTP/1.1" 200 17686 "-" "Mozilla/5.0 (compatible; SemrushBot/2~bl; +http://www.semrush.com/bot.html)"
219.94.203.142 - - [10/Sep/2018:09:12:11 +0900] "POST /blog/wp-cron.php?doing_wp_cron=1536538331.7114410400390625000000 HTTP/1.0" 502 226 "-" "WordPress/3.5.1; http://www.nishifuna-seitai.com/blog"
54.36.149.61 - - [10/Sep/2018:09:12:11 +0900] "GET /blog/%E6%9C%AA%E5%88%86%E9%A1%9E/kiji1409/ HTTP/1.1" 200 17383 "-" "Mozilla/5.0 (compatible; AhrefsBot/5.2; +http://ahrefs.com/robot/)"
219.94.203.142 - - [10/Sep/2018:09:38:44 +0900] "POST /blog/wp-cron.php?doing_wp_cron=1536539923.9862279891967773437500 HTTP/1.0" 502 226 "-" "WordPress/3.5.1; http://www.nishifuna-seitai.com/blog"
54.36.148.88 - - [10/Sep/2018:09:38:43 +0900] "GET /blog/%E6%9C%AA%E5%88%86%E9%A1%9E/kiji1643/ HTTP/1.1" 200 17457 "-" "Mozilla/5.0 (compatible; AhrefsBot/5.2; +http://ahrefs.com/robot/)"
54.36.148.25 - - [10/Sep/2018:10:06:10 +0900] "GET /blog/author/admin/page/42/ HTTP/1.1" 200 27290 "-" "Mozilla/5.0 (compatible; AhrefsBot/5.2; +http://ahrefs.com/robot/)"
219.94.203.142 - - [10/Sep/2018:10:06:28 +0900] "POST /blog/wp-cron.php?doing_wp_cron=1536541588.2767899036407470703125 HTTP/1.0" 502 226 "-" "WordPress/3.5.1; http://www.nishifuna-seitai.com/blog"
219.94.203.142 - - [10/Sep/2018:10:08:57 +0900] "POST /blog/wp-cron.php?doing_wp_cron=1536541737.7433760166168212890625 HTTP/1.0" 502 226 "-" "WordPress/3.5.1; http://www.nishifuna-seitai.com/blog"
219.98.198.124 - - [10/Sep/2018:10:08:57 +0900] "GET /blog/%E6%9C%AA%E5%88%86%E9%A1%9E/kiji1167/ HTTP/1.1" 200 17214 "https://www.google.co.jp/" "Mozilla/5.0 (Windows NT 6.1) AppleWebKit/537.36 (KHTML, like Gecko) Chrome/68.0.3440.106 Safari/537.36"
219.98.198.124 - - [10/Sep/2018:10:08:58 +0900] "GET /blog/wp-content/plugins/contact-form-7/includes/css/styles.css?ver=3.3.3 HTTP/1.1" 200 887 "http://www.nishifuna-seitai.com/blog/%E6%9C%AA%E5%88%86%E9%A1%9E/kiji1167/" "Mozilla/5.0 (Windows NT 6.1) AppleWebKit/537.36 (KHTML, like Gecko) Chrome/68.0.3440.106 Safari/537.36"
219.98.198.124 - - [10/Sep/2018:10:08:58 +0900] "GET /blog/wp-content/themes/twentytwelve/style.css?ver=3.5.1 HTTP/1.1" 200 35292 "http://www.nishifuna-seitai.com/blog/%E6%9C%AA%E5%88%86%E9%A1%9E/kiji1167/" "Mozilla/5.0 (Windows NT 6.1) AppleWebKit/537.36 (KHTML, like Gecko) Chrome/68.0.3440.106 Safari/537.36"
219.98.198.124 - - [10/Sep/2018:10:08:58 +0900] "GET /blog/wp-includes/js/jquery/jquery.js?ver=1.8.3 HTTP/1.1" 200 93658 "http://www.nishifuna-seitai.com/blog/%E6%9C%AA%E5%88%86%E9%A1%9E/kiji1167/" "Mozilla/5.0 (Windows NT 6.1) AppleWebKit/537.36 (KHTML, like Gecko) Chrome/68.0.3440.106 Safari/537.36"
219.98.198.124 - - [10/Sep/2018:10:08:58 +0900] "GET /blog/wp-content/uploads/2012/12/h2_index2.png HTTP/1.1" 200 394553 "http://www.nishifuna-seitai.com/blog/%E6%9C%AA%E5%88%86%E9%A1%9E/kiji1167/" "Mozilla/5.0 (Windows NT 6.1) AppleWebKit/537.36 (KHTML, like Gecko) Chrome/68.0.3440.106 Safari/537.36"
219.98.198.124 - - [10/Sep/2018:10:08:59 +0900] "GET /blog/wp-content/themes/twentytwelve/js/navigation.js?ver=1.0 HTTP/1.1" 200 863 "http://www.nishifuna-seitai.com/blog/%E6%9C%AA%E5%88%86%E9%A1%9E/kiji1167/" "Mozilla/5.0 (Windows NT 6.1) AppleWebKit/537.36 (KHTML, like Gecko) Chrome/68.0.3440.106 Safari/537.36"
219.98.198.124 - - [10/Sep/2018:10:08:59 +0900] "GET /blog/wp-content/plugins/contact-form-7/includes/js/scripts.js?ver=3.3.3 HTTP/1.1" 200 6933 "http://www.nishifuna-seitai.com/blog/%E6%9C%AA%E5%88%86%E9%A1%9E/kiji1167/" "Mozilla/5.0 (Windows NT 6.1) AppleWebKit/537.36 (KHTML, like Gecko) Chrome/68.0.3440.106 Safari/537.36"
219.98.198.124 - - [10/Sep/2018:10:08:59 +0900] "GET /blog/wp-content/plugins/contact-form-7/includes/js/jquery.form.min.js?ver=3.25.0-2013.01.18 HTTP/1.1" 200 15158 "http://www.nishifuna-seitai.com/blog/%E6%9C%AA%E5%88%86%E9%A1%9E/kiji1167/" "Mozilla/5.0 (Windows NT 6.1) AppleWebKit/537.36 (KHTML, like Gecko) Chrome/68.0.3440.106 Safari/537.36"
219.98.198.124 - - [10/Sep/2018:10:09:05 +0900] "GET /favicon.ico HTTP/1.1" 200 1150 "http://www.nishifuna-seitai.com/blog/%E6%9C%AA%E5%88%86%E9%A1%9E/kiji1167/" "Mozilla/5.0 (Windows NT 6.1) AppleWebKit/537.36 (KHTML, like Gecko) Chrome/68.0.3440.106 Safari/537.36"
219.98.198.124 - - [10/Sep/2018:10:09:14 +0900] "GET /blog/ HTTP/1.1" 200 26829 "http://www.nishifuna-seitai.com/blog/%E6%9C%AA%E5%88%86%E9%A1%9E/kiji1167/" "Mozilla/5.0 (Windows NT 6.1) AppleWebKit/537.36 (KHTML, like Gecko) Chrome/68.0.3440.106 Safari/537.36"
207.46.13.48 - - [10/Sep/2018:10:09:21 +0900] "GET /blog/page/16/ HTTP/1.1" 200 31125 "-" "Mozilla/5.0 (compatible; bingbot/2.0; +http://www.bing.com/bingbot.htm)"
211.121.58.145 - - [10/Sep/2018:10:10:19 +0900] "GET /treatment/leg/ HTTP/1.1" 200 10766 "-" "Mozilla/5.0 (Windows NT 10.0; Win64; x64) AppleWebKit/537.36 (KHTML, like Gecko) Chrome/69.0.3497.81 Safari/537.36"
211.121.58.145 - - [10/Sep/2018:10:10:19 +0900] "GET /js/top.js HTTP/1.1" 200 594 "http://www.nishifuna-seitai.com/treatment/leg/" "Mozilla/5.0 (Windows NT 10.0; Win64; x64) AppleWebKit/537.36 (KHTML, like Gecko) Chrome/69.0.3497.81 Safari/537.36"
211.121.58.145 - - [10/Sep/2018:10:10:19 +0900] "GET /css/sub_common.css HTTP/1.1" 200 11125 "http://www.nishifuna-seitai.com/treatment/leg/" "Mozilla/5.0 (Windows NT 10.0; Win64; x64) AppleWebKit/537.36 (KHTML, like Gecko) Chrome/69.0.3497.81 Safari/537.36"
211.121.58.145 - - [10/Sep/2018:10:10:19 +0900] "GET /css/common.css HTTP/1.1" 200 3235 "http://www.nishifuna-seitai.com/treatment/leg/" "Mozilla/5.0 (Windows NT 10.0; Win64; x64) AppleWebKit/537.36 (KHTML, like Gecko) Chrome/69.0.3497.81 Safari/537.36"
211.121.58.145 - - [10/Sep/2018:10:10:19 +0900] "GET /css/treatment.css HTTP/1.1" 200 14781 "http://www.nishifuna-seitai.com/treatment/leg/" "Mozilla/5.0 (Windows NT 10.0; Win64; x64) AppleWebKit/537.36 (KHTML, like Gecko) Chrome/69.0.3497.81 Safari/537.36"
211.121.58.145 - - [10/Sep/2018:10:10:20 +0900] "GET /treatment/images/nishifuna-para.jpg HTTP/1.1" 404 2275 "http://www.nishifuna-seitai.com/treatment/leg/" "Mozilla/5.0 (Windows NT 10.0; Win64; x64) AppleWebKit/537.36 (KHTML, like Gecko) Chrome/69.0.3497.81 Safari/537.36"
211.121.58.145 - - [10/Sep/2018:10:10:20 +0900] "GET /images/design.jpg HTTP/1.1" 200 2965 "http://www.nishifuna-seitai.com/css/sub_common.css" "Mozilla/5.0 (Windows NT 10.0; Win64; x64) AppleWebKit/537.36 (KHTML, like Gecko) Chrome/69.0.3497.81 Safari/537.36"
211.121.58.145 - - [10/Sep/2018:10:10:20 +0900] "GET /images/footer_info_bg.gif HTTP/1.1" 200 1104 "http://www.nishifuna-seitai.com/css/sub_common.css" "Mozilla/5.0 (Windows NT 10.0; Win64; x64) AppleWebKit/537.36 (KHTML, like Gecko) Chrome/69.0.3497.81 Safari/537.36"
211.121.58.145 - - [10/Sep/2018:10:10:20 +0900] "GET /images/header_bg.jpg HTTP/1.1" 200 719 "http://www.nishifuna-seitai.com/css/common.css" "Mozilla/5.0 (Windows NT 10.0; Win64; x64) AppleWebKit/537.36 (KHTML, like Gecko) Chrome/69.0.3497.81 Safari/537.36"
211.121.58.145 - - [10/Sep/2018:10:10:20 +0900] "GET /images/footer_info_title.gif HTTP/1.1" 200 493 "http://www.nishifuna-seitai.com/css/sub_common.css" "Mozilla/5.0 (Windows NT 10.0; Win64; x64) AppleWebKit/537.36 (KHTML, like Gecko) Chrome/69.0.3497.81 Safari/537.36"
211.121.58.145 - - [10/Sep/2018:10:10:20 +0900] "GET /images/coupon_banner.gif HTTP/1.1" 200 8549 "http://www.nishifuna-seitai.com/css/sub_common.css" "Mozilla/5.0 (Windows NT 10.0; Win64; x64) AppleWebKit/537.36 (KHTML, like Gecko) Chrome/69.0.3497.81 Safari/537.36"
211.121.58.145 - - [10/Sep/2018:10:10:20 +0900] "GET /images/url.jpg HTTP/1.1" 200 3667 "http://www.nishifuna-seitai.com/css/sub_common.css" "Mozilla/5.0 (Windows NT 10.0; Win64; x64) AppleWebKit/537.36 (KHTML, like Gecko) Chrome/69.0.3497.81 Safari/537.36"
