182.250.241.20 - - [17/Sep/2018:16:40:52 +0900] "GET /sp/style.css HTTP/1.1" 200 4421 "http://www.nishifuna-seitai.com/sp/" "Mozilla/5.0 (iPhone; CPU iPhone OS 10_3_3 like Mac OS X) AppleWebKit/603.3.8 (KHTML, like Gecko) Version/10.0 Mobile/14G60 Safari/602.1"
182.250.241.20 - - [17/Sep/2018:16:40:53 +0900] "GET /sp/img/logo2.gif HTTP/1.1" 200 8343 "http://www.nishifuna-seitai.com/sp/" "Mozilla/5.0 (iPhone; CPU iPhone OS 10_3_3 like Mac OS X) AppleWebKit/603.3.8 (KHTML, like Gecko) Version/10.0 Mobile/14G60 Safari/602.1"
182.250.241.20 - - [17/Sep/2018:16:40:53 +0900] "GET /sp/img/photo01.jpg HTTP/1.1" 200 7915 "http://www.nishifuna-seitai.com/sp/" "Mozilla/5.0 (iPhone; CPU iPhone OS 10_3_3 like Mac OS X) AppleWebKit/603.3.8 (KHTML, like Gecko) Version/10.0 Mobile/14G60 Safari/602.1"
182.250.241.20 - - [17/Sep/2018:16:40:53 +0900] "GET /sp/img/about02.png HTTP/1.1" 200 42549 "http://www.nishifuna-seitai.com/sp/" "Mozilla/5.0 (iPhone; CPU iPhone OS 10_3_3 like Mac OS X) AppleWebKit/603.3.8 (KHTML, like Gecko) Version/10.0 Mobile/14G60 Safari/602.1"
182.250.241.20 - - [17/Sep/2018:16:40:53 +0900] "GET /sp/img/header.png HTTP/1.1" 200 187164 "http://www.nishifuna-seitai.com/sp/" "Mozilla/5.0 (iPhone; CPU iPhone OS 10_3_3 like Mac OS X) AppleWebKit/603.3.8 (KHTML, like Gecko) Version/10.0 Mobile/14G60 Safari/602.1"
182.250.241.20 - - [17/Sep/2018:16:40:53 +0900] "GET /sp/img/living.png HTTP/1.1" 200 157323 "http://www.nishifuna-seitai.com/sp/" "Mozilla/5.0 (iPhone; CPU iPhone OS 10_3_3 like Mac OS X) AppleWebKit/603.3.8 (KHTML, like Gecko) Version/10.0 Mobile/14G60 Safari/602.1"
182.250.241.20 - - [17/Sep/2018:16:40:53 +0900] "GET /sp/img/bnr_para.png HTTP/1.1" 200 12686 "http://www.nishifuna-seitai.com/sp/" "Mozilla/5.0 (iPhone; CPU iPhone OS 10_3_3 like Mac OS X) AppleWebKit/603.3.8 (KHTML, like Gecko) Version/10.0 Mobile/14G60 Safari/602.1"
182.250.241.20 - - [17/Sep/2018:16:40:53 +0900] "GET /sp/img/bnr_mix.png HTTP/1.1" 200 5115 "http://www.nishifuna-seitai.com/sp/" "Mozilla/5.0 (iPhone; CPU iPhone OS 10_3_3 like Mac OS X) AppleWebKit/603.3.8 (KHTML, like Gecko) Version/10.0 Mobile/14G60 Safari/602.1"
182.250.241.20 - - [17/Sep/2018:16:40:53 +0900] "GET /sp/img/blogbanner2.jpg HTTP/1.1" 200 24556 "http://www.nishifuna-seitai.com/sp/" "Mozilla/5.0 (iPhone; CPU iPhone OS 10_3_3 like Mac OS X) AppleWebKit/603.3.8 (KHTML, like Gecko) Version/10.0 Mobile/14G60 Safari/602.1"
182.250.241.20 - - [17/Sep/2018:16:40:54 +0900] "GET /sp/img/h_bg.gif HTTP/1.1" 200 481 "http://www.nishifuna-seitai.com/sp/" "Mozilla/5.0 (iPhone; CPU iPhone OS 10_3_3 like Mac OS X) AppleWebKit/603.3.8 (KHTML, like Gecko) Version/10.0 Mobile/14G60 Safari/602.1"
182.250.241.20 - - [17/Sep/2018:16:40:54 +0900] "GET /sp/img/nav_bg.gif HTTP/1.1" 200 890 "http://www.nishifuna-seitai.com/sp/" "Mozilla/5.0 (iPhone; CPU iPhone OS 10_3_3 like Mac OS X) AppleWebKit/603.3.8 (KHTML, like Gecko) Version/10.0 Mobile/14G60 Safari/602.1"
182.250.241.20 - - [17/Sep/2018:16:40:55 +0900] "GET /sp/img/h_bg_gray.gif HTTP/1.1" 200 80 "http://www.nishifuna-seitai.com/sp/" "Mozilla/5.0 (iPhone; CPU iPhone OS 10_3_3 like Mac OS X) AppleWebKit/603.3.8 (KHTML, like Gecko) Version/10.0 Mobile/14G60 Safari/602.1"
182.250.241.20 - - [17/Sep/2018:16:41:13 +0900] "GET /sp/price.html HTTP/1.1" 200 4912 "http://www.nishifuna-seitai.com/sp/" "Mozilla/5.0 (iPhone; CPU iPhone OS 10_3_3 like Mac OS X) AppleWebKit/603.3.8 (KHTML, like Gecko) Version/10.0 Mobile/14G60 Safari/602.1"
182.250.241.20 - - [17/Sep/2018:16:41:14 +0900] "GET /sp/img/logo.gif HTTP/1.1" 200 8495 "http://www.nishifuna-seitai.com/sp/price.html" "Mozilla/5.0 (iPhone; CPU iPhone OS 10_3_3 like Mac OS X) AppleWebKit/603.3.8 (KHTML, like Gecko) Version/10.0 Mobile/14G60 Safari/602.1"
182.250.241.20 - - [17/Sep/2018:16:41:14 +0900] "GET /sp/img/header_price.png HTTP/1.1" 200 44237 "http://www.nishifuna-seitai.com/sp/price.html" "Mozilla/5.0 (iPhone; CPU iPhone OS 10_3_3 like Mac OS X) AppleWebKit/603.3.8 (KHTML, like Gecko) Version/10.0 Mobile/14G60 Safari/602.1"
182.250.241.20 - - [17/Sep/2018:16:41:14 +0900] "GET /sp/img/coupon.jpg HTTP/1.1" 200 109242 "http://www.nishifuna-seitai.com/sp/price.html" "Mozilla/5.0 (iPhone; CPU iPhone OS 10_3_3 like Mac OS X) AppleWebKit/603.3.8 (KHTML, like Gecko) Version/10.0 Mobile/14G60 Safari/602.1"
219.94.203.142 - - [17/Sep/2018:16:41:27 +0900] "POST /blog/wp-cron.php?doing_wp_cron=1537170087.2998440265655517578125 HTTP/1.0" 502 226 "-" "WordPress/3.5.1; http://www.nishifuna-seitai.com/blog"
182.250.242.33 - - [17/Sep/2018:16:41:27 +0900] "GET /blog/%E6%9C%AA%E5%88%86%E9%A1%9E/kiji1357/ HTTP/1.1" 200 17313 "https://www.google.co.jp/" "Mozilla/5.0 (Linux; Android 8.0.0; SCV38 Build/R16NW) AppleWebKit/537.36 (KHTML, like Gecko) SamsungBrowser/7.4 Chrome/59.0.3071.125 Mobile Safari/537.36"
182.250.242.33 - - [17/Sep/2018:16:41:28 +0900] "GET /blog/wp-content/plugins/contact-form-7/includes/css/styles.css?ver=3.3.3 HTTP/1.1" 200 887 "http://www.nishifuna-seitai.com/blog/%E6%9C%AA%E5%88%86%E9%A1%9E/kiji1357/" "Mozilla/5.0 (Linux; Android 8.0.0; SCV38 Build/R16NW) AppleWebKit/537.36 (KHTML, like Gecko) SamsungBrowser/7.4 Chrome/59.0.3071.125 Mobile Safari/537.36"
182.250.242.33 - - [17/Sep/2018:16:41:28 +0900] "GET /blog/wp-content/themes/twentytwelve/style.css?ver=3.5.1 HTTP/1.1" 200 35292 "http://www.nishifuna-seitai.com/blog/%E6%9C%AA%E5%88%86%E9%A1%9E/kiji1357/" "Mozilla/5.0 (Linux; Android 8.0.0; SCV38 Build/R16NW) AppleWebKit/537.36 (KHTML, like Gecko) SamsungBrowser/7.4 Chrome/59.0.3071.125 Mobile Safari/537.36"
182.250.242.33 - - [17/Sep/2018:16:41:28 +0900] "GET /blog/wp-includes/js/jquery/jquery.js?ver=1.8.3 HTTP/1.1" 200 93658 "http://www.nishifuna-seitai.com/blog/%E6%9C%AA%E5%88%86%E9%A1%9E/kiji1357/" "Mozilla/5.0 (Linux; Android 8.0.0; SCV38 Build/R16NW) AppleWebKit/537.36 (KHTML, like Gecko) SamsungBrowser/7.4 Chrome/59.0.3071.125 Mobile Safari/537.36"
182.250.242.33 - - [17/Sep/2018:16:41:28 +0900] "GET /blog/wp-content/plugins/contact-form-7/includes/js/jquery.form.min.js?ver=3.25.0-2013.01.18 HTTP/1.1" 200 15158 "http://www.nishifuna-seitai.com/blog/%E6%9C%AA%E5%88%86%E9%A1%9E/kiji1357/" "Mozilla/5.0 (Linux; Android 8.0.0; SCV38 Build/R16NW) AppleWebKit/537.36 (KHTML, like Gecko) SamsungBrowser/7.4 Chrome/59.0.3071.125 Mobile Safari/537.36"
182.250.242.33 - - [17/Sep/2018:16:41:28 +0900] "GET /blog/wp-content/plugins/contact-form-7/includes/js/scripts.js?ver=3.3.3 HTTP/1.1" 200 6933 "http://www.nishifuna-seitai.com/blog/%E6%9C%AA%E5%88%86%E9%A1%9E/kiji1357/" "Mozilla/5.0 (Linux; Android 8.0.0; SCV38 Build/R16NW) AppleWebKit/537.36 (KHTML, like Gecko) SamsungBrowser/7.4 Chrome/59.0.3071.125 Mobile Safari/537.36"
182.250.242.33 - - [17/Sep/2018:16:41:28 +0900] "GET /blog/wp-content/themes/twentytwelve/js/navigation.js?ver=1.0 HTTP/1.1" 200 863 "http://www.nishifuna-seitai.com/blog/%E6%9C%AA%E5%88%86%E9%A1%9E/kiji1357/" "Mozilla/5.0 (Linux; Android 8.0.0; SCV38 Build/R16NW) AppleWebKit/537.36 (KHTML, like Gecko) SamsungBrowser/7.4 Chrome/59.0.3071.125 Mobile Safari/537.36"
182.250.242.33 - - [17/Sep/2018:16:41:28 +0900] "GET /blog/wp-content/uploads/2012/12/h2_index2.png HTTP/1.1" 200 394553 "http://www.nishifuna-seitai.com/blog/%E6%9C%AA%E5%88%86%E9%A1%9E/kiji1357/" "Mozilla/5.0 (Linux; Android 8.0.0; SCV38 Build/R16NW) AppleWebKit/537.36 (KHTML, like Gecko) SamsungBrowser/7.4 Chrome/59.0.3071.125 Mobile Safari/537.36"
182.250.242.33 - - [17/Sep/2018:16:41:28 +0900] "GET /blog/wp-content/uploads/2014/12/IMG_0209.jpg HTTP/1.1" 200 1519328 "http://www.nishifuna-seitai.com/blog/%E6%9C%AA%E5%88%86%E9%A1%9E/kiji1357/" "Mozilla/5.0 (Linux; Android 8.0.0; SCV38 Build/R16NW) AppleWebKit/537.36 (KHTML, like Gecko) SamsungBrowser/7.4 Chrome/59.0.3071.125 Mobile Safari/537.36"
182.250.242.33 - - [17/Sep/2018:16:41:29 +0900] "GET /favicon.ico HTTP/1.1" 302 219 "http://www.nishifuna-seitai.com/blog/%E6%9C%AA%E5%88%86%E9%A1%9E/kiji1357/" "Mozilla/5.0 (Linux; Android 8.0.0; SCV38 Build/R16NW) AppleWebKit/537.36 (KHTML, like Gecko) SamsungBrowser/7.4 Chrome/59.0.3071.125 Mobile Safari/537.36"
182.250.242.33 - - [17/Sep/2018:16:41:29 +0900] "GET /sp/ HTTP/1.1" 200 7496 "http://www.nishifuna-seitai.com/blog/%E6%9C%AA%E5%88%86%E9%A1%9E/kiji1357/" "Mozilla/5.0 (Linux; Android 8.0.0; SCV38 Build/R16NW) AppleWebKit/537.36 (KHTML, like Gecko) SamsungBrowser/7.4 Chrome/59.0.3071.125 Mobile Safari/537.36"
182.250.241.20 - - [17/Sep/2018:16:41:38 +0900] "GET /sp/service.html HTTP/1.1" 200 4219 "http://www.nishifuna-seitai.com/sp/" "Mozilla/5.0 (iPhone; CPU iPhone OS 10_3_3 like Mac OS X) AppleWebKit/603.3.8 (KHTML, like Gecko) Version/10.0 Mobile/14G60 Safari/602.1"
182.250.241.20 - - [17/Sep/2018:16:41:39 +0900] "GET /sp/img/header_service.png HTTP/1.1" 200 84620 "http://www.nishifuna-seitai.com/sp/service.html" "Mozilla/5.0 (iPhone; CPU iPhone OS 10_3_3 like Mac OS X) AppleWebKit/603.3.8 (KHTML, like Gecko) Version/10.0 Mobile/14G60 Safari/602.1"
182.250.241.20 - - [17/Sep/2018:16:41:39 +0900] "GET /sp/img/service1.png HTTP/1.1" 200 32754 "http://www.nishifuna-seitai.com/sp/service.html" "Mozilla/5.0 (iPhone; CPU iPhone OS 10_3_3 like Mac OS X) AppleWebKit/603.3.8 (KHTML, like Gecko) Version/10.0 Mobile/14G60 Safari/602.1"
182.250.241.20 - - [17/Sep/2018:16:41:39 +0900] "GET /sp/img/service3.png HTTP/1.1" 200 33752 "http://www.nishifuna-seitai.com/sp/service.html" "Mozilla/5.0 (iPhone; CPU iPhone OS 10_3_3 like Mac OS X) AppleWebKit/603.3.8 (KHTML, like Gecko) Version/10.0 Mobile/14G60 Safari/602.1"
182.250.241.20 - - [17/Sep/2018:16:41:39 +0900] "GET /sp/img/service2.png HTTP/1.1" 200 33287 "http://www.nishifuna-seitai.com/sp/service.html" "Mozilla/5.0 (iPhone; CPU iPhone OS 10_3_3 like Mac OS X) AppleWebKit/603.3.8 (KHTML, like Gecko) Version/10.0 Mobile/14G60 Safari/602.1"
182.250.241.20 - - [17/Sep/2018:16:41:39 +0900] "GET /sp/img/service4.png HTTP/1.1" 200 32253 "http://www.nishifuna-seitai.com/sp/service.html" "Mozilla/5.0 (iPhone; CPU iPhone OS 10_3_3 like Mac OS X) AppleWebKit/603.3.8 (KHTML, like Gecko) Version/10.0 Mobile/14G60 Safari/602.1"
182.250.241.20 - - [17/Sep/2018:16:41:47 +0900] "GET /sp/about.html HTTP/1.1" 200 4856 "http://www.nishifuna-seitai.com/sp/" "Mozilla/5.0 (iPhone; CPU iPhone OS 10_3_3 like Mac OS X) AppleWebKit/603.3.8 (KHTML, like Gecko) Version/10.0 Mobile/14G60 Safari/602.1"
182.250.241.20 - - [17/Sep/2018:16:41:47 +0900] "GET /sp/img/header_about.png HTTP/1.1" 200 88011 "http://www.nishifuna-seitai.com/sp/about.html" "Mozilla/5.0 (iPhone; CPU iPhone OS 10_3_3 like Mac OS X) AppleWebKit/603.3.8 (KHTML, like Gecko) Version/10.0 Mobile/14G60 Safari/602.1"
182.250.241.20 - - [17/Sep/2018:16:41:47 +0900] "GET /sp/img/about_air.jpg HTTP/1.1" 200 26551 "http://www.nishifuna-seitai.com/sp/about.html" "Mozilla/5.0 (iPhone; CPU iPhone OS 10_3_3 like Mac OS X) AppleWebKit/603.3.8 (KHTML, like Gecko) Version/10.0 Mobile/14G60 Safari/602.1"
182.250.241.20 - - [17/Sep/2018:16:41:47 +0900] "GET /sp/img/about_tekut.jpg HTTP/1.1" 200 37590 "http://www.nishifuna-seitai.com/sp/about.html" "Mozilla/5.0 (iPhone; CPU iPhone OS 10_3_3 like Mac OS X) AppleWebKit/603.3.8 (KHTML, like Gecko) Version/10.0 Mobile/14G60 Safari/602.1"
182.250.241.20 - - [17/Sep/2018:16:41:47 +0900] "GET /sp/img/about_super.jpg HTTP/1.1" 200 45188 "http://www.nishifuna-seitai.com/sp/about.html" "Mozilla/5.0 (iPhone; CPU iPhone OS 10_3_3 like Mac OS X) AppleWebKit/603.3.8 (KHTML, like Gecko) Version/10.0 Mobile/14G60 Safari/602.1"
219.94.203.142 - - [17/Sep/2018:16:48:31 +0900] "POST /blog/wp-cron.php?doing_wp_cron=1537170511.9556040763854980468750 HTTP/1.0" 502 226 "-" "WordPress/3.5.1; http://www.nishifuna-seitai.com/blog"
207.46.13.61 - - [17/Sep/2018:16:48:31 +0900] "GET /blog/%E3%82%B9%E3%82%BF%E3%83%83%E3%83%95%E3%82%88%E3%82%8A/kiji272/ HTTP/1.1" 200 17833 "-" "Mozilla/5.0 (compatible; bingbot/2.0; +http://www.bing.com/bingbot.htm)"
46.229.168.136 - - [17/Sep/2018:16:54:45 +0900] "GET /robots.txt HTTP/1.1" 404 2275 "-" "Mozilla/5.0 (compatible; SemrushBot/2~bl; +http://www.semrush.com/bot.html)"
219.94.203.142 - - [17/Sep/2018:16:54:46 +0900] "POST /blog/wp-cron.php?doing_wp_cron=1537170886.1867508888244628906250 HTTP/1.0" 502 226 "-" "WordPress/3.5.1; http://www.nishifuna-seitai.com/blog"
46.229.168.129 - - [17/Sep/2018:16:54:45 +0900] "GET /blog/%E6%9C%AA%E5%88%86%E9%A1%9E/kiji1898/ HTTP/1.1" 200 18743 "-" "Mozilla/5.0 (compatible; SemrushBot/2~bl; +http://www.semrush.com/bot.html)"
219.94.203.142 - - [17/Sep/2018:18:22:20 +0900] "POST /blog/wp-cron.php?doing_wp_cron=1537176140.6756649017333984375000 HTTP/1.0" 502 226 "-" "WordPress/3.5.1; http://www.nishifuna-seitai.com/blog"
133.232.143.76 - - [17/Sep/2018:18:22:19 +0900] "GET /blog/%E6%9C%AA%E5%88%86%E9%A1%9E/kiji1357/ HTTP/1.1" 200 17313 "https://www.google.com/" "Mozilla/5.0 (iPad; CPU OS 11_4_1 like Mac OS X) AppleWebKit/604.1.34 (KHTML, like Gecko) GSA/58.0.212077146 Mobile/15G77 Safari/604.1"
133.232.143.76 - - [17/Sep/2018:18:22:21 +0900] "GET /blog/wp-content/plugins/contact-form-7/includes/css/styles.css?ver=3.3.3 HTTP/1.1" 200 887 "http://www.nishifuna-seitai.com/blog/%E6%9C%AA%E5%88%86%E9%A1%9E/kiji1357/" "Mozilla/5.0 (iPad; CPU OS 11_4_1 like Mac OS X) AppleWebKit/604.1.34 (KHTML, like Gecko) GSA/58.0.212077146 Mobile/15G77 Safari/604.1"
133.232.143.76 - - [17/Sep/2018:18:22:21 +0900] "GET /blog/wp-content/plugins/contact-form-7/includes/js/jquery.form.min.js?ver=3.25.0-2013.01.18 HTTP/1.1" 200 15158 "http://www.nishifuna-seitai.com/blog/%E6%9C%AA%E5%88%86%E9%A1%9E/kiji1357/" "Mozilla/5.0 (iPad; CPU OS 11_4_1 like Mac OS X) AppleWebKit/604.1.34 (KHTML, like Gecko) GSA/58.0.212077146 Mobile/15G77 Safari/604.1"
133.232.143.76 - - [17/Sep/2018:18:22:21 +0900] "GET /blog/wp-content/plugins/contact-form-7/includes/js/scripts.js?ver=3.3.3 HTTP/1.1" 200 6933 "http://www.nishifuna-seitai.com/blog/%E6%9C%AA%E5%88%86%E9%A1%9E/kiji1357/" "Mozilla/5.0 (iPad; CPU OS 11_4_1 like Mac OS X) AppleWebKit/604.1.34 (KHTML, like Gecko) GSA/58.0.212077146 Mobile/15G77 Safari/604.1"
133.232.143.76 - - [17/Sep/2018:18:22:21 +0900] "GET /blog/wp-content/themes/twentytwelve/style.css?ver=3.5.1 HTTP/1.1" 200 35292 "http://www.nishifuna-seitai.com/blog/%E6%9C%AA%E5%88%86%E9%A1%9E/kiji1357/" "Mozilla/5.0 (iPad; CPU OS 11_4_1 like Mac OS X) AppleWebKit/604.1.34 (KHTML, like Gecko) GSA/58.0.212077146 Mobile/15G77 Safari/604.1"
133.232.143.76 - - [17/Sep/2018:18:22:21 +0900] "GET /blog/wp-content/themes/twentytwelve/js/navigation.js?ver=1.0 HTTP/1.1" 200 863 "http://www.nishifuna-seitai.com/blog/%E6%9C%AA%E5%88%86%E9%A1%9E/kiji1357/" "Mozilla/5.0 (iPad; CPU OS 11_4_1 like Mac OS X) AppleWebKit/604.1.34 (KHTML, like Gecko) GSA/58.0.212077146 Mobile/15G77 Safari/604.1"
133.232.143.76 - - [17/Sep/2018:18:22:21 +0900] "GET /blog/wp-includes/js/jquery/jquery.js?ver=1.8.3 HTTP/1.1" 200 93658 "http://www.nishifuna-seitai.com/blog/%E6%9C%AA%E5%88%86%E9%A1%9E/kiji1357/" "Mozilla/5.0 (iPad; CPU OS 11_4_1 like Mac OS X) AppleWebKit/604.1.34 (KHTML, like Gecko) GSA/58.0.212077146 Mobile/15G77 Safari/604.1"
133.232.143.76 - - [17/Sep/2018:18:22:21 +0900] "GET /blog/wp-content/uploads/2012/12/h2_index2.png HTTP/1.1" 200 394553 "http://www.nishifuna-seitai.com/blog/%E6%9C%AA%E5%88%86%E9%A1%9E/kiji1357/" "Mozilla/5.0 (iPad; CPU OS 11_4_1 like Mac OS X) AppleWebKit/604.1.34 (KHTML, like Gecko) GSA/58.0.212077146 Mobile/15G77 Safari/604.1"
133.232.143.76 - - [17/Sep/2018:18:22:21 +0900] "GET /blog/wp-content/uploads/2014/12/IMG_0209.jpg HTTP/1.1" 200 1519328 "http://www.nishifuna-seitai.com/blog/%E6%9C%AA%E5%88%86%E9%A1%9E/kiji1357/" "Mozilla/5.0 (iPad; CPU OS 11_4_1 like Mac OS X) AppleWebKit/604.1.34 (KHTML, like Gecko) GSA/58.0.212077146 Mobile/15G77 Safari/604.1"
46.229.168.131 - - [17/Sep/2018:18:24:13 +0900] "GET /robots.txt HTTP/1.1" 404 2275 "-" "Mozilla/5.0 (compatible; SemrushBot/2~bl; +http://www.semrush.com/bot.html)"
219.94.203.142 - - [17/Sep/2018:18:24:30 +0900] "POST /blog/wp-cron.php?doing_wp_cron=1537176269.9554250240325927734375 HTTP/1.0" 502 226 "-" "WordPress/3.5.1; http://www.nishifuna-seitai.com/blog"
46.229.168.147 - - [17/Sep/2018:18:24:29 +0900] "GET /blog/%E6%9C%AA%E5%88%86%E9%A1%9E/kiji1444/ HTTP/1.1" 200 18243 "-" "Mozilla/5.0 (compatible; SemrushBot/2~bl; +http://www.semrush.com/bot.html)"
52.53.201.78 - - [17/Sep/2018:18:24:34 +0900] "GET / HTTP/1.1" 200 16214 "-" "Mozilla/5.0 (Macintosh; Intel Mac OS X 10_12_6) AppleWebKit/537.36 (KHTML, like Gecko) Chrome/61.0.3163.100 Safari/537.36"
219.94.203.142 - - [17/Sep/2018:18:33:01 +0900] "POST /blog/wp-cron.php?doing_wp_cron=1537176781.6508069038391113281250 HTTP/1.0" 502 226 "-" "WordPress/3.5.1; http://www.nishifuna-seitai.com/blog"
60.100.102.102 - - [17/Sep/2018:18:33:02 +0900] "GET /blog/wp-content/plugins/contact-form-7/includes/css/styles.css?ver=3.3.3 HTTP/1.1" 200 887 "http://www.nishifuna-seitai.com/blog/date/2014/12/page/2/" "Mozilla/5.0 (Windows NT 6.1; Win64; x64) AppleWebKit/537.36 (KHTML, like Gecko) Chrome/68.0.3440.106 Safari/537.36"
60.100.102.102 - - [17/Sep/2018:18:33:02 +0900] "GET /blog/wp-content/themes/twentytwelve/style.css?ver=3.5.1 HTTP/1.1" 200 35292 "http://www.nishifuna-seitai.com/blog/date/2014/12/page/2/" "Mozilla/5.0 (Windows NT 6.1; Win64; x64) AppleWebKit/537.36 (KHTML, like Gecko) Chrome/68.0.3440.106 Safari/537.36"
60.100.102.102 - - [17/Sep/2018:18:33:01 +0900] "GET /blog/date/2014/12/page/2/ HTTP/1.1" 200 21480 "https://www.google.com/" "Mozilla/5.0 (Windows NT 6.1; Win64; x64) AppleWebKit/537.36 (KHTML, like Gecko) Chrome/68.0.3440.106 Safari/537.36"
60.100.102.102 - - [17/Sep/2018:18:33:02 +0900] "GET /blog/wp-includes/js/jquery/jquery.js?ver=1.8.3 HTTP/1.1" 200 93658 "http://www.nishifuna-seitai.com/blog/date/2014/12/page/2/" "Mozilla/5.0 (Windows NT 6.1; Win64; x64) AppleWebKit/537.36 (KHTML, like Gecko) Chrome/68.0.3440.106 Safari/537.36"
60.100.102.102 - - [17/Sep/2018:18:33:02 +0900] "GET /blog/wp-content/plugins/contact-form-7/includes/js/jquery.form.min.js?ver=3.25.0-2013.01.18 HTTP/1.1" 200 15158 "http://www.nishifuna-seitai.com/blog/date/2014/12/page/2/" "Mozilla/5.0 (Windows NT 6.1; Win64; x64) AppleWebKit/537.36 (KHTML, like Gecko) Chrome/68.0.3440.106 Safari/537.36"
60.100.102.102 - - [17/Sep/2018:18:33:02 +0900] "GET /blog/wp-content/themes/twentytwelve/js/navigation.js?ver=1.0 HTTP/1.1" 200 863 "http://www.nishifuna-seitai.com/blog/date/2014/12/page/2/" "Mozilla/5.0 (Windows NT 6.1; Win64; x64) AppleWebKit/537.36 (KHTML, like Gecko) Chrome/68.0.3440.106 Safari/537.36"
60.100.102.102 - - [17/Sep/2018:18:33:02 +0900] "GET /blog/wp-content/plugins/contact-form-7/includes/js/scripts.js?ver=3.3.3 HTTP/1.1" 200 6933 "http://www.nishifuna-seitai.com/blog/date/2014/12/page/2/" "Mozilla/5.0 (Windows NT 6.1; Win64; x64) AppleWebKit/537.36 (KHTML, like Gecko) Chrome/68.0.3440.106 Safari/537.36"
60.100.102.102 - - [17/Sep/2018:18:33:02 +0900] "GET /blog/wp-content/uploads/2012/12/h2_index2.png HTTP/1.1" 200 394553 "http://www.nishifuna-seitai.com/blog/date/2014/12/page/2/" "Mozilla/5.0 (Windows NT 6.1; Win64; x64) AppleWebKit/537.36 (KHTML, like Gecko) Chrome/68.0.3440.106 Safari/537.36"
60.100.102.102 - - [17/Sep/2018:18:33:02 +0900] "GET /blog/wp-content/uploads/2014/12/IMG_1018.jpg HTTP/1.1" 200 657369 "http://www.nishifuna-seitai.com/blog/date/2014/12/page/2/" "Mozilla/5.0 (Windows NT 6.1; Win64; x64) AppleWebKit/537.36 (KHTML, like Gecko) Chrome/68.0.3440.106 Safari/537.36"
60.100.102.102 - - [17/Sep/2018:18:33:02 +0900] "GET /blog/wp-content/uploads/2014/12/IMG_0213.jpg HTTP/1.1" 200 987962 "http://www.nishifuna-seitai.com/blog/date/2014/12/page/2/" "Mozilla/5.0 (Windows NT 6.1; Win64; x64) AppleWebKit/537.36 (KHTML, like Gecko) Chrome/68.0.3440.106 Safari/537.36"
60.100.102.102 - - [17/Sep/2018:18:33:02 +0900] "GET /favicon.ico HTTP/1.1" 200 1150 "http://www.nishifuna-seitai.com/blog/date/2014/12/page/2/" "Mozilla/5.0 (Windows NT 6.1; Win64; x64) AppleWebKit/537.36 (KHTML, like Gecko) Chrome/68.0.3440.106 Safari/537.36"
185.63.254.15 - - [17/Sep/2018:18:49:02 +0900] "GET /cms/ HTTP/1.1" 404 2275 "-" "Mozilla/5.0 (Windows NT 10.0; Win64; x64; rv:58.0) Gecko/20100101 Firefox/58.0"
185.63.254.15 - - [17/Sep/2018:18:49:03 +0900] "GET /demo/ HTTP/1.1" 404 2275 "-" "Mozilla/5.0 (Windows NT 10.0; Win64; x64; rv:58.0) Gecko/20100101 Firefox/58.0"
219.94.203.142 - - [17/Sep/2018:18:52:39 +0900] "POST /blog/wp-cron.php?doing_wp_cron=1537177959.4394919872283935546875 HTTP/1.0" 502 226 "-" "WordPress/3.5.1; http://www.nishifuna-seitai.com/blog"
46.229.168.145 - - [17/Sep/2018:18:52:38 +0900] "GET /blog/%E6%9C%AA%E5%88%86%E9%A1%9E/kiji1444/ HTTP/1.1" 200 18243 "-" "Mozilla/5.0 (compatible; SemrushBot/2~bl; +http://www.semrush.com/bot.html)"
66.249.79.57 - - [17/Sep/2018:18:58:47 +0900] "GET / HTTP/1.1" 302 219 "-" "Mozilla/5.0 (Linux; Android 6.0.1; Nexus 5X Build/MMB29P) AppleWebKit/537.36 (KHTML, like Gecko) Chrome/41.0.2272.96 Mobile Safari/537.36 (compatible; Googlebot/2.1; +http://www.google.com/bot.html)"
66.249.79.60 - - [17/Sep/2018:18:58:48 +0900] "GET /sp/ HTTP/1.1" 200 7496 "-" "Mozilla/5.0 (Linux; Android 6.0.1; Nexus 5X Build/MMB29P) AppleWebKit/537.36 (KHTML, like Gecko) Chrome/41.0.2272.96 Mobile Safari/537.36 (compatible; Googlebot/2.1; +http://www.google.com/bot.html)"
219.94.203.142 - - [17/Sep/2018:19:12:44 +0900] "POST /blog/wp-cron.php?doing_wp_cron=1537179164.9499530792236328125000 HTTP/1.0" 502 226 "-" "WordPress/3.5.1; http://www.nishifuna-seitai.com/blog"
46.229.168.129 - - [17/Sep/2018:19:12:44 +0900] "GET /blog/%E6%9C%AA%E5%88%86%E9%A1%9E/kiji1507/ HTTP/1.1" 200 18456 "-" "Mozilla/5.0 (compatible; SemrushBot/2~bl; +http://www.semrush.com/bot.html)"
46.229.168.133 - - [17/Sep/2018:19:16:24 +0900] "GET /blog/%E6%9C%AA%E5%88%86%E9%A1%9E/kiji1797/ HTTP/1.1" 200 18199 "-" "Mozilla/5.0 (compatible; SemrushBot/2~bl; +http://www.semrush.com/bot.html)"
219.94.203.142 - - [17/Sep/2018:19:16:25 +0900] "POST /blog/wp-cron.php?doing_wp_cron=1537179385.1048479080200195312500 HTTP/1.0" 502 226 "-" "WordPress/3.5.1; http://www.nishifuna-seitai.com/blog"
94.130.18.77 - - [17/Sep/2018:19:59:55 +0900] "GET /robots.txt HTTP/1.1" 301 250 "-" "Mozilla/5.0 (compatible; BLEXBot/1.0; +http://webmeup-crawler.com/)"
94.130.18.77 - - [17/Sep/2018:19:59:55 +0900] "GET /robots.txt HTTP/1.1" 404 2275 "-" "Mozilla/5.0 (compatible; BLEXBot/1.0; +http://webmeup-crawler.com/)"
94.130.18.77 - - [17/Sep/2018:19:59:56 +0900] "GET /robots.txt HTTP/1.1" 404 2275 "-" "Mozilla/5.0 (compatible; BLEXBot/1.0; +http://webmeup-crawler.com/)"
219.94.203.142 - - [17/Sep/2018:19:59:57 +0900] "POST /blog/wp-cron.php?doing_wp_cron=1537181996.9901139736175537109375 HTTP/1.0" 502 226 "-" "WordPress/3.5.1; http://www.nishifuna-seitai.com/blog"
94.130.18.77 - - [17/Sep/2018:19:59:56 +0900] "GET /blog/date/2013/12/ HTTP/1.1" 200 22962 "-" "Mozilla/5.0 (compatible; BLEXBot/1.0; +http://webmeup-crawler.com/)"
94.130.18.77 - - [17/Sep/2018:20:00:10 +0900] "GET /blog/date/2014/01/ HTTP/1.1" 200 25173 "-" "Mozilla/5.0 (compatible; BLEXBot/1.0; +http://webmeup-crawler.com/)"
94.130.18.77 - - [17/Sep/2018:20:00:15 +0900] "GET /blog/date/2014/02/ HTTP/1.1" 200 25878 "-" "Mozilla/5.0 (compatible; BLEXBot/1.0; +http://webmeup-crawler.com/)"
94.130.18.77 - - [17/Sep/2018:20:00:24 +0900] "GET /blog/date/2014/03/ HTTP/1.1" 200 24595 "-" "Mozilla/5.0 (compatible; BLEXBot/1.0; +http://webmeup-crawler.com/)"
94.130.18.77 - - [17/Sep/2018:20:00:43 +0900] "GET /blog/date/2014/04/ HTTP/1.1" 200 19856 "-" "Mozilla/5.0 (compatible; BLEXBot/1.0; +http://webmeup-crawler.com/)"
94.130.18.77 - - [17/Sep/2018:20:00:55 +0900] "GET /blog/date/2014/05/ HTTP/1.1" 200 20914 "-" "Mozilla/5.0 (compatible; BLEXBot/1.0; +http://webmeup-crawler.com/)"
219.94.203.142 - - [17/Sep/2018:20:01:02 +0900] "POST /blog/wp-cron.php?doing_wp_cron=1537182062.1631889343261718750000 HTTP/1.0" 502 226 "-" "WordPress/3.5.1; http://www.nishifuna-seitai.com/blog"
94.130.18.77 - - [17/Sep/2018:20:01:01 +0900] "GET /blog/date/2014/06/ HTTP/1.1" 200 25418 "-" "Mozilla/5.0 (compatible; BLEXBot/1.0; +http://webmeup-crawler.com/)"
94.130.18.77 - - [17/Sep/2018:20:01:08 +0900] "GET /blog/date/2014/07/ HTTP/1.1" 200 25406 "-" "Mozilla/5.0 (compatible; BLEXBot/1.0; +http://webmeup-crawler.com/)"
94.130.18.77 - - [17/Sep/2018:20:01:13 +0900] "GET /blog/date/2014/08/ HTTP/1.1" 200 24807 "-" "Mozilla/5.0 (compatible; BLEXBot/1.0; +http://webmeup-crawler.com/)"
94.130.18.77 - - [17/Sep/2018:20:01:18 +0900] "GET /blog/date/2014/09/ HTTP/1.1" 200 25024 "-" "Mozilla/5.0 (compatible; BLEXBot/1.0; +http://webmeup-crawler.com/)"
94.130.18.77 - - [17/Sep/2018:20:01:24 +0900] "GET /blog/date/2014/10/ HTTP/1.1" 200 26048 "-" "Mozilla/5.0 (compatible; BLEXBot/1.0; +http://webmeup-crawler.com/)"
94.130.18.77 - - [17/Sep/2018:20:01:30 +0900] "GET /blog/date/2014/11/ HTTP/1.1" 200 25304 "-" "Mozilla/5.0 (compatible; BLEXBot/1.0; +http://webmeup-crawler.com/)"
94.130.18.77 - - [17/Sep/2018:20:01:36 +0900] "GET /blog/date/2014/12/ HTTP/1.1" 200 25605 "-" "Mozilla/5.0 (compatible; BLEXBot/1.0; +http://webmeup-crawler.com/)"
94.130.18.77 - - [17/Sep/2018:20:01:41 +0900] "GET /blog/date/2015/01/ HTTP/1.1" 200 27313 "-" "Mozilla/5.0 (compatible; BLEXBot/1.0; +http://webmeup-crawler.com/)"
94.130.18.77 - - [17/Sep/2018:20:01:53 +0900] "GET /blog/date/2015/02/ HTTP/1.1" 200 31544 "-" "Mozilla/5.0 (compatible; BLEXBot/1.0; +http://webmeup-crawler.com/)"
94.130.18.77 - - [17/Sep/2018:20:02:06 +0900] "GET /blog/date/2015/03/ HTTP/1.1" 200 30882 "-" "Mozilla/5.0 (compatible; BLEXBot/1.0; +http://webmeup-crawler.com/)"
94.130.18.77 - - [17/Sep/2018:20:02:24 +0900] "GET /blog/date/2015/04/ HTTP/1.1" 200 30934 "-" "Mozilla/5.0 (compatible; BLEXBot/1.0; +http://webmeup-crawler.com/)"
94.130.18.77 - - [17/Sep/2018:20:02:30 +0900] "GET /blog/date/2015/05/ HTTP/1.1" 200 29315 "-" "Mozilla/5.0 (compatible; BLEXBot/1.0; +http://webmeup-crawler.com/)"
94.130.18.77 - - [17/Sep/2018:20:02:35 +0900] "GET /blog/date/2015/06/ HTTP/1.1" 200 26457 "-" "Mozilla/5.0 (compatible; BLEXBot/1.0; +http://webmeup-crawler.com/)"
219.94.203.142 - - [17/Sep/2018:20:02:48 +0900] "POST /blog/wp-cron.php?doing_wp_cron=1537182168.8576009273529052734375 HTTP/1.0" 502 226 "-" "WordPress/3.5.1; http://www.nishifuna-seitai.com/blog"
94.130.18.77 - - [17/Sep/2018:20:02:48 +0900] "GET /blog/date/2015/07/ HTTP/1.1" 200 18911 "-" "Mozilla/5.0 (compatible; BLEXBot/1.0; +http://webmeup-crawler.com/)"
94.130.18.77 - - [17/Sep/2018:20:02:55 +0900] "GET /blog/date/2015/08/ HTTP/1.1" 200 26040 "-" "Mozilla/5.0 (compatible; BLEXBot/1.0; +http://webmeup-crawler.com/)"
94.130.18.77 - - [17/Sep/2018:20:03:00 +0900] "GET /blog/date/2015/09/ HTTP/1.1" 200 26934 "-" "Mozilla/5.0 (compatible; BLEXBot/1.0; +http://webmeup-crawler.com/)"
94.130.18.77 - - [17/Sep/2018:20:03:07 +0900] "GET /blog/date/2015/11/ HTTP/1.1" 200 16186 "-" "Mozilla/5.0 (compatible; BLEXBot/1.0; +http://webmeup-crawler.com/)"
94.130.18.77 - - [17/Sep/2018:20:03:18 +0900] "GET /blog/date/2015/12/ HTTP/1.1" 200 15751 "-" "Mozilla/5.0 (compatible; BLEXBot/1.0; +http://webmeup-crawler.com/)"
94.130.18.77 - - [17/Sep/2018:20:03:24 +0900] "GET /blog/date/2016/01/ HTTP/1.1" 200 15732 "-" "Mozilla/5.0 (compatible; BLEXBot/1.0; +http://webmeup-crawler.com/)"
94.130.18.77 - - [17/Sep/2018:20:03:30 +0900] "GET /blog/date/2016/02/ HTTP/1.1" 200 17283 "-" "Mozilla/5.0 (compatible; BLEXBot/1.0; +http://webmeup-crawler.com/)"
94.130.18.77 - - [17/Sep/2018:20:03:35 +0900] "GET /blog/date/2016/12/ HTTP/1.1" 200 15589 "-" "Mozilla/5.0 (compatible; BLEXBot/1.0; +http://webmeup-crawler.com/)"
94.130.18.77 - - [17/Sep/2018:20:03:40 +0900] "GET /blog/date/2017/03/ HTTP/1.1" 200 17448 "-" "Mozilla/5.0 (compatible; BLEXBot/1.0; +http://webmeup-crawler.com/)"
94.130.18.77 - - [17/Sep/2018:20:03:50 +0900] "GET /blog/date/2017/04/ HTTP/1.1" 200 20199 "-" "Mozilla/5.0 (compatible; BLEXBot/1.0; +http://webmeup-crawler.com/)"
94.130.18.77 - - [17/Sep/2018:20:04:02 +0900] "GET /blog/date/2017/05/ HTTP/1.1" 200 23666 "-" "Mozilla/5.0 (compatible; BLEXBot/1.0; +http://webmeup-crawler.com/)"
216.244.66.226 - - [17/Sep/2018:20:04:07 +0900] "GET /robots.txt HTTP/1.1" 404 2275 "-" "Mozilla/5.0 (compatible; DotBot/1.1; http://www.opensiteexplorer.org/dotbot, help@moz.com)"
94.130.18.77 - - [17/Sep/2018:20:04:08 +0900] "GET /blog/date/2017/06/ HTTP/1.1" 200 30650 "-" "Mozilla/5.0 (compatible; BLEXBot/1.0; +http://webmeup-crawler.com/)"
94.130.18.77 - - [17/Sep/2018:20:04:13 +0900] "GET /blog/date/2017/07/ HTTP/1.1" 200 20791 "-" "Mozilla/5.0 (compatible; BLEXBot/1.0; +http://webmeup-crawler.com/)"
94.130.18.77 - - [17/Sep/2018:20:04:18 +0900] "GET /blog/date/2017/09/ HTTP/1.1" 200 17341 "-" "Mozilla/5.0 (compatible; BLEXBot/1.0; +http://webmeup-crawler.com/)"
94.130.18.77 - - [17/Sep/2018:20:04:27 +0900] "GET /blog/date/2017/11/ HTTP/1.1" 200 16315 "-" "Mozilla/5.0 (compatible; BLEXBot/1.0; +http://webmeup-crawler.com/)"
94.130.18.77 - - [17/Sep/2018:20:04:32 +0900] "GET /blog/date/2018/03/ HTTP/1.1" 200 29253 "-" "Mozilla/5.0 (compatible; BLEXBot/1.0; +http://webmeup-crawler.com/)"
219.94.203.142 - - [17/Sep/2018:20:04:41 +0900] "POST /blog/wp-cron.php?doing_wp_cron=1537182281.3761088848114013671875 HTTP/1.0" 502 226 "-" "WordPress/3.5.1; http://www.nishifuna-seitai.com/blog"
94.130.18.77 - - [17/Sep/2018:20:04:41 +0900] "GET /blog/date/2018/04/ HTTP/1.1" 200 24679 "-" "Mozilla/5.0 (compatible; BLEXBot/1.0; +http://webmeup-crawler.com/)"
94.130.18.77 - - [17/Sep/2018:20:04:48 +0900] "GET /blog/date/2018/05/ HTTP/1.1" 200 23957 "-" "Mozilla/5.0 (compatible; BLEXBot/1.0; +http://webmeup-crawler.com/)"
94.130.18.77 - - [17/Sep/2018:20:04:58 +0900] "GET /blog/page/2/ HTTP/1.1" 200 28224 "-" "Mozilla/5.0 (compatible; BLEXBot/1.0; +http://webmeup-crawler.com/)"
94.130.18.77 - - [17/Sep/2018:20:05:04 +0900] "GET /blog/sample-page/ HTTP/1.1" 200 15842 "-" "Mozilla/5.0 (compatible; BLEXBot/1.0; +http://webmeup-crawler.com/)"
94.130.18.77 - - [17/Sep/2018:20:05:09 +0900] "GET /news/access/ HTTP/1.1" 404 2275 "-" "Mozilla/5.0 (compatible; BLEXBot/1.0; +http://webmeup-crawler.com/)"
94.130.18.77 - - [17/Sep/2018:20:05:13 +0900] "GET /news/contact/privacy.html HTTP/1.1" 404 2275 "-" "Mozilla/5.0 (compatible; BLEXBot/1.0; +http://webmeup-crawler.com/)"
94.130.18.77 - - [17/Sep/2018:20:05:18 +0900] "GET /news/coupon/ HTTP/1.1" 404 2275 "-" "Mozilla/5.0 (compatible; BLEXBot/1.0; +http://webmeup-crawler.com/)"
94.130.18.77 - - [17/Sep/2018:20:05:22 +0900] "GET /news/sitemap.html HTTP/1.1" 404 2275 "-" "Mozilla/5.0 (compatible; BLEXBot/1.0; +http://webmeup-crawler.com/)"
94.130.18.77 - - [17/Sep/2018:20:05:26 +0900] "GET /news/treatment/ HTTP/1.1" 404 2275 "-" "Mozilla/5.0 (compatible; BLEXBot/1.0; +http://webmeup-crawler.com/)"
46.229.168.129 - - [17/Sep/2018:20:12:37 +0900] "GET /robots.txt HTTP/1.1" 404 2275 "-" "Mozilla/5.0 (compatible; SemrushBot/2~bl; +http://www.semrush.com/bot.html)"
46.229.168.138 - - [17/Sep/2018:20:12:37 +0900] "GET /flow HTTP/1.1" 301 245 "-" "Mozilla/5.0 (compatible; SemrushBot/2~bl; +http://www.semrush.com/bot.html)"
46.229.168.144 - - [17/Sep/2018:20:12:40 +0900] "GET /flow/ HTTP/1.1" 200 10203 "-" "Mozilla/5.0 (compatible; SemrushBot/2~bl; +http://www.semrush.com/bot.html)"
40.77.167.127 - - [17/Sep/2018:20:19:15 +0900] "GET /access/ HTTP/1.1" 200 8628 "-" "Mozilla/5.0 (compatible; bingbot/2.0; +http://www.bing.com/bingbot.htm)"
219.94.203.142 - - [17/Sep/2018:20:24:46 +0900] "POST /blog/wp-cron.php?doing_wp_cron=1537183486.1666030883789062500000 HTTP/1.0" 502 226 "-" "WordPress/3.5.1; http://www.nishifuna-seitai.com/blog"
182.251.245.35 - - [17/Sep/2018:20:24:45 +0900] "GET /blog/%E6%9C%AA%E5%88%86%E9%A1%9E/kiji1357/ HTTP/1.1" 200 17313 "http://www.google.com/" "Mozilla/5.0 (Linux; Android 5.1; KYV34 Build/104.1.2940) AppleWebKit/537.36 (KHTML, like Gecko) Chrome/58.0.3029.83 Mobile Safari/537.36"
182.251.245.35 - - [17/Sep/2018:20:24:46 +0900] "GET /blog/wp-content/plugins/contact-form-7/includes/css/styles.css?ver=3.3.3 HTTP/1.1" 200 887 "http://www.nishifuna-seitai.com/blog/%E6%9C%AA%E5%88%86%E9%A1%9E/kiji1357/" "Mozilla/5.0 (Linux; Android 5.1; KYV34 Build/104.1.2940) AppleWebKit/537.36 (KHTML, like Gecko) Chrome/58.0.3029.83 Mobile Safari/537.36"
182.251.245.35 - - [17/Sep/2018:20:24:46 +0900] "GET /blog/wp-content/themes/twentytwelve/style.css?ver=3.5.1 HTTP/1.1" 200 35292 "http://www.nishifuna-seitai.com/blog/%E6%9C%AA%E5%88%86%E9%A1%9E/kiji1357/" "Mozilla/5.0 (Linux; Android 5.1; KYV34 Build/104.1.2940) AppleWebKit/537.36 (KHTML, like Gecko) Chrome/58.0.3029.83 Mobile Safari/537.36"
182.251.245.35 - - [17/Sep/2018:20:24:46 +0900] "GET /blog/wp-includes/js/jquery/jquery.js?ver=1.8.3 HTTP/1.1" 200 93658 "http://www.nishifuna-seitai.com/blog/%E6%9C%AA%E5%88%86%E9%A1%9E/kiji1357/" "Mozilla/5.0 (Linux; Android 5.1; KYV34 Build/104.1.2940) AppleWebKit/537.36 (KHTML, like Gecko) Chrome/58.0.3029.83 Mobile Safari/537.36"
182.251.245.35 - - [17/Sep/2018:20:24:47 +0900] "GET /blog/wp-content/plugins/contact-form-7/includes/js/jquery.form.min.js?ver=3.25.0-2013.01.18 HTTP/1.1" 200 15158 "http://www.nishifuna-seitai.com/blog/%E6%9C%AA%E5%88%86%E9%A1%9E/kiji1357/" "Mozilla/5.0 (Linux; Android 5.1; KYV34 Build/104.1.2940) AppleWebKit/537.36 (KHTML, like Gecko) Chrome/58.0.3029.83 Mobile Safari/537.36"
182.251.245.35 - - [17/Sep/2018:20:24:47 +0900] "GET /blog/wp-content/plugins/contact-form-7/includes/js/scripts.js?ver=3.3.3 HTTP/1.1" 200 6933 "http://www.nishifuna-seitai.com/blog/%E6%9C%AA%E5%88%86%E9%A1%9E/kiji1357/" "Mozilla/5.0 (Linux; Android 5.1; KYV34 Build/104.1.2940) AppleWebKit/537.36 (KHTML, like Gecko) Chrome/58.0.3029.83 Mobile Safari/537.36"
182.251.245.35 - - [17/Sep/2018:20:24:47 +0900] "GET /blog/wp-content/themes/twentytwelve/js/navigation.js?ver=1.0 HTTP/1.1" 200 863 "http://www.nishifuna-seitai.com/blog/%E6%9C%AA%E5%88%86%E9%A1%9E/kiji1357/" "Mozilla/5.0 (Linux; Android 5.1; KYV34 Build/104.1.2940) AppleWebKit/537.36 (KHTML, like Gecko) Chrome/58.0.3029.83 Mobile Safari/537.36"
182.251.245.35 - - [17/Sep/2018:20:24:47 +0900] "GET /blog/wp-content/uploads/2012/12/h2_index2.png HTTP/1.1" 200 394553 "http://www.nishifuna-seitai.com/blog/%E6%9C%AA%E5%88%86%E9%A1%9E/kiji1357/" "Mozilla/5.0 (Linux; Android 5.1; KYV34 Build/104.1.2940) AppleWebKit/537.36 (KHTML, like Gecko) Chrome/58.0.3029.83 Mobile Safari/537.36"
182.251.245.35 - - [17/Sep/2018:20:24:47 +0900] "GET /blog/wp-content/uploads/2014/12/IMG_0209.jpg HTTP/1.1" 200 1519328 "http://www.nishifuna-seitai.com/blog/%E6%9C%AA%E5%88%86%E9%A1%9E/kiji1357/" "Mozilla/5.0 (Linux; Android 5.1; KYV34 Build/104.1.2940) AppleWebKit/537.36 (KHTML, like Gecko) Chrome/58.0.3029.83 Mobile Safari/537.36"
182.251.245.35 - - [17/Sep/2018:20:24:48 +0900] "GET /favicon.ico HTTP/1.1" 302 219 "http://www.nishifuna-seitai.com/blog/%E6%9C%AA%E5%88%86%E9%A1%9E/kiji1357/" "Mozilla/5.0 (Linux; Android 5.1; KYV34 Build/104.1.2940) AppleWebKit/537.36 (KHTML, like Gecko) Chrome/58.0.3029.83 Mobile Safari/537.36"
182.251.245.35 - - [17/Sep/2018:20:24:48 +0900] "GET /sp/ HTTP/1.1" 200 7496 "http://www.nishifuna-seitai.com/blog/%E6%9C%AA%E5%88%86%E9%A1%9E/kiji1357/" "Mozilla/5.0 (Linux; Android 5.1; KYV34 Build/104.1.2940) AppleWebKit/537.36 (KHTML, like Gecko) Chrome/58.0.3029.83 Mobile Safari/537.36"
219.94.203.142 - - [17/Sep/2018:20:27:00 +0900] "POST /blog/wp-cron.php?doing_wp_cron=1537183620.9577078819274902343750 HTTP/1.0" 502 226 "-" "WordPress/3.5.1; http://www.nishifuna-seitai.com/blog"
46.229.168.139 - - [17/Sep/2018:20:27:00 +0900] "GET /blog/date/2018/03/page/2/ HTTP/1.1" 200 17374 "-" "Mozilla/5.0 (compatible; SemrushBot/2~bl; +http://www.semrush.com/bot.html)"
219.94.203.142 - - [17/Sep/2018:20:43:42 +0900] "POST /blog/wp-cron.php?doing_wp_cron=1537184622.8215000629425048828125 HTTP/1.0" 502 226 "-" "WordPress/3.5.1; http://www.nishifuna-seitai.com/blog"
182.251.252.33 - - [17/Sep/2018:20:43:42 +0900] "GET /blog/%E6%9C%AA%E5%88%86%E9%A1%9E/kiji1357/ HTTP/1.1" 200 17313 "http://www.google.com/" "Mozilla/5.0 (Linux; Android 7.0; SOV32 Build/32.3.C.0.403) AppleWebKit/537.36 (KHTML, like Gecko) Chrome/69.0.3497.91 Mobile Safari/537.36"
182.251.252.33 - - [17/Sep/2018:20:43:43 +0900] "GET /blog/wp-content/plugins/contact-form-7/includes/css/styles.css?ver=3.3.3 HTTP/1.1" 200 887 "http://www.nishifuna-seitai.com/blog/%E6%9C%AA%E5%88%86%E9%A1%9E/kiji1357/" "Mozilla/5.0 (Linux; Android 7.0; SOV32 Build/32.3.C.0.403) AppleWebKit/537.36 (KHTML, like Gecko) Chrome/69.0.3497.91 Mobile Safari/537.36"
182.251.252.33 - - [17/Sep/2018:20:43:43 +0900] "GET /blog/wp-content/themes/twentytwelve/style.css?ver=3.5.1 HTTP/1.1" 200 35292 "http://www.nishifuna-seitai.com/blog/%E6%9C%AA%E5%88%86%E9%A1%9E/kiji1357/" "Mozilla/5.0 (Linux; Android 7.0; SOV32 Build/32.3.C.0.403) AppleWebKit/537.36 (KHTML, like Gecko) Chrome/69.0.3497.91 Mobile Safari/537.36"
182.251.252.33 - - [17/Sep/2018:20:43:43 +0900] "GET /blog/wp-includes/js/jquery/jquery.js?ver=1.8.3 HTTP/1.1" 200 93658 "http://www.nishifuna-seitai.com/blog/%E6%9C%AA%E5%88%86%E9%A1%9E/kiji1357/" "Mozilla/5.0 (Linux; Android 7.0; SOV32 Build/32.3.C.0.403) AppleWebKit/537.36 (KHTML, like Gecko) Chrome/69.0.3497.91 Mobile Safari/537.36"
182.251.252.33 - - [17/Sep/2018:20:43:43 +0900] "GET /blog/wp-content/uploads/2012/12/h2_index2.png HTTP/1.1" 200 394553 "http://www.nishifuna-seitai.com/blog/%E6%9C%AA%E5%88%86%E9%A1%9E/kiji1357/" "Mozilla/5.0 (Linux; Android 7.0; SOV32 Build/32.3.C.0.403) AppleWebKit/537.36 (KHTML, like Gecko) Chrome/69.0.3497.91 Mobile Safari/537.36"
182.251.252.33 - - [17/Sep/2018:20:43:43 +0900] "GET /blog/wp-content/plugins/contact-form-7/includes/js/jquery.form.min.js?ver=3.25.0-2013.01.18 HTTP/1.1" 200 15158 "http://www.nishifuna-seitai.com/blog/%E6%9C%AA%E5%88%86%E9%A1%9E/kiji1357/" "Mozilla/5.0 (Linux; Android 7.0; SOV32 Build/32.3.C.0.403) AppleWebKit/537.36 (KHTML, like Gecko) Chrome/69.0.3497.91 Mobile Safari/537.36"
182.251.252.33 - - [17/Sep/2018:20:43:43 +0900] "GET /blog/wp-content/plugins/contact-form-7/includes/js/scripts.js?ver=3.3.3 HTTP/1.1" 200 6933 "http://www.nishifuna-seitai.com/blog/%E6%9C%AA%E5%88%86%E9%A1%9E/kiji1357/" "Mozilla/5.0 (Linux; Android 7.0; SOV32 Build/32.3.C.0.403) AppleWebKit/537.36 (KHTML, like Gecko) Chrome/69.0.3497.91 Mobile Safari/537.36"
182.251.252.33 - - [17/Sep/2018:20:43:43 +0900] "GET /blog/wp-content/themes/twentytwelve/js/navigation.js?ver=1.0 HTTP/1.1" 200 863 "http://www.nishifuna-seitai.com/blog/%E6%9C%AA%E5%88%86%E9%A1%9E/kiji1357/" "Mozilla/5.0 (Linux; Android 7.0; SOV32 Build/32.3.C.0.403) AppleWebKit/537.36 (KHTML, like Gecko) Chrome/69.0.3497.91 Mobile Safari/537.36"
182.251.252.33 - - [17/Sep/2018:20:43:43 +0900] "GET /blog/wp-content/uploads/2014/12/IMG_0209.jpg HTTP/1.1" 200 1519328 "http://www.nishifuna-seitai.com/blog/%E6%9C%AA%E5%88%86%E9%A1%9E/kiji1357/" "Mozilla/5.0 (Linux; Android 7.0; SOV32 Build/32.3.C.0.403) AppleWebKit/537.36 (KHTML, like Gecko) Chrome/69.0.3497.91 Mobile Safari/537.36"
182.251.252.33 - - [17/Sep/2018:20:43:44 +0900] "GET /favicon.ico HTTP/1.1" 302 219 "http://www.nishifuna-seitai.com/blog/%E6%9C%AA%E5%88%86%E9%A1%9E/kiji1357/" "Mozilla/5.0 (Linux; Android 7.0; SOV32 Build/32.3.C.0.403) AppleWebKit/537.36 (KHTML, like Gecko) Chrome/69.0.3497.91 Mobile Safari/537.36"
182.251.252.33 - - [17/Sep/2018:20:43:44 +0900] "GET /sp/ HTTP/1.1" 200 7496 "http://www.nishifuna-seitai.com/blog/%E6%9C%AA%E5%88%86%E9%A1%9E/kiji1357/" "Mozilla/5.0 (Linux; Android 7.0; SOV32 Build/32.3.C.0.403) AppleWebKit/537.36 (KHTML, like Gecko) Chrome/69.0.3497.91 Mobile Safari/537.36"
216.244.66.226 - - [17/Sep/2018:20:46:38 +0900] "GET /robots.txt HTTP/1.1" 404 2275 "-" "Mozilla/5.0 (compatible; DotBot/1.1; http://www.opensiteexplorer.org/dotbot, help@moz.com)"
219.94.203.142 - - [17/Sep/2018:20:46:52 +0900] "POST /blog/wp-cron.php?doing_wp_cron=1537184812.3276851177215576171875 HTTP/1.0" 502 226 "-" "WordPress/3.5.1; http://www.nishifuna-seitai.com/blog"
46.229.168.134 - - [17/Sep/2018:20:46:52 +0900] "GET /blog/%E3%82%B9%E3%82%BF%E3%83%83%E3%83%95%E3%82%88%E3%82%8A/kiji1064/ HTTP/1.1" 200 17435 "-" "Mozilla/5.0 (compatible; SemrushBot/2~bl; +http://www.semrush.com/bot.html)"
46.229.168.146 - - [17/Sep/2018:21:24:10 +0900] "GET /robots.txt HTTP/1.1" 404 2275 "-" "Mozilla/5.0 (compatible; SemrushBot/2~bl; +http://www.semrush.com/bot.html)"
219.94.203.142 - - [17/Sep/2018:21:24:10 +0900] "POST /blog/wp-cron.php?doing_wp_cron=1537187050.9617960453033447265625 HTTP/1.0" 502 226 "-" "WordPress/3.5.1; http://www.nishifuna-seitai.com/blog"
46.229.168.129 - - [17/Sep/2018:21:24:10 +0900] "GET /blog/%E6%9C%AA%E5%88%86%E9%A1%9E/kiji1708/ HTTP/1.1" 200 16855 "-" "Mozilla/5.0 (compatible; SemrushBot/2~bl; +http://www.semrush.com/bot.html)"
216.244.66.226 - - [17/Sep/2018:21:29:34 +0900] "GET /robots.txt HTTP/1.1" 404 2275 "-" "Mozilla/5.0 (compatible; DotBot/1.1; http://www.opensiteexplorer.org/dotbot, help@moz.com)"
118.83.152.247 - - [17/Sep/2018:21:30:18 +0900] "GET /sp/ HTTP/1.1" 200 7496 "https://search.yahoo.co.jp/" "Mozilla/5.0 (Linux; Android 8.0.0; SOV36 Build/47.1.C.9.34) AppleWebKit/537.36 (KHTML, like Gecko) Chrome/69.0.3497.91 Mobile Safari/537.36"
118.83.152.247 - - [17/Sep/2018:21:30:18 +0900] "GET /sp/style.css HTTP/1.1" 200 4421 "http://www.nishifuna-seitai.com/sp/" "Mozilla/5.0 (Linux; Android 8.0.0; SOV36 Build/47.1.C.9.34) AppleWebKit/537.36 (KHTML, like Gecko) Chrome/69.0.3497.91 Mobile Safari/537.36"
118.83.152.247 - - [17/Sep/2018:21:30:18 +0900] "GET /sp/img/logo2.gif HTTP/1.1" 200 8343 "http://www.nishifuna-seitai.com/sp/" "Mozilla/5.0 (Linux; Android 8.0.0; SOV36 Build/47.1.C.9.34) AppleWebKit/537.36 (KHTML, like Gecko) Chrome/69.0.3497.91 Mobile Safari/537.36"
118.83.152.247 - - [17/Sep/2018:21:30:19 +0900] "GET /sp/img/h_bg.gif HTTP/1.1" 200 481 "http://www.nishifuna-seitai.com/sp/style.css" "Mozilla/5.0 (Linux; Android 8.0.0; SOV36 Build/47.1.C.9.34) AppleWebKit/537.36 (KHTML, like Gecko) Chrome/69.0.3497.91 Mobile Safari/537.36"
118.83.152.247 - - [17/Sep/2018:21:30:19 +0900] "GET /sp/img/photo01.jpg HTTP/1.1" 200 7915 "http://www.nishifuna-seitai.com/sp/" "Mozilla/5.0 (Linux; Android 8.0.0; SOV36 Build/47.1.C.9.34) AppleWebKit/537.36 (KHTML, like Gecko) Chrome/69.0.3497.91 Mobile Safari/537.36"
118.83.152.247 - - [17/Sep/2018:21:30:19 +0900] "GET /sp/img/bnr_para.png HTTP/1.1" 200 12686 "http://www.nishifuna-seitai.com/sp/" "Mozilla/5.0 (Linux; Android 8.0.0; SOV36 Build/47.1.C.9.34) AppleWebKit/537.36 (KHTML, like Gecko) Chrome/69.0.3497.91 Mobile Safari/537.36"
118.83.152.247 - - [17/Sep/2018:21:30:19 +0900] "GET /sp/img/bnr_mix.png HTTP/1.1" 200 5115 "http://www.nishifuna-seitai.com/sp/" "Mozilla/5.0 (Linux; Android 8.0.0; SOV36 Build/47.1.C.9.34) AppleWebKit/537.36 (KHTML, like Gecko) Chrome/69.0.3497.91 Mobile Safari/537.36"
118.83.152.247 - - [17/Sep/2018:21:30:19 +0900] "GET /sp/img/about02.png HTTP/1.1" 200 42549 "http://www.nishifuna-seitai.com/sp/" "Mozilla/5.0 (Linux; Android 8.0.0; SOV36 Build/47.1.C.9.34) AppleWebKit/537.36 (KHTML, like Gecko) Chrome/69.0.3497.91 Mobile Safari/537.36"
118.83.152.247 - - [17/Sep/2018:21:30:19 +0900] "GET /sp/img/nav_bg.gif HTTP/1.1" 200 890 "http://www.nishifuna-seitai.com/sp/style.css" "Mozilla/5.0 (Linux; Android 8.0.0; SOV36 Build/47.1.C.9.34) AppleWebKit/537.36 (KHTML, like Gecko) Chrome/69.0.3497.91 Mobile Safari/537.36"
118.83.152.247 - - [17/Sep/2018:21:30:19 +0900] "GET /sp/img/blogbanner2.jpg HTTP/1.1" 200 24556 "http://www.nishifuna-seitai.com/sp/" "Mozilla/5.0 (Linux; Android 8.0.0; SOV36 Build/47.1.C.9.34) AppleWebKit/537.36 (KHTML, like Gecko) Chrome/69.0.3497.91 Mobile Safari/537.36"
118.83.152.247 - - [17/Sep/2018:21:30:19 +0900] "GET /sp/img/h_bg_gray.gif HTTP/1.1" 200 80 "http://www.nishifuna-seitai.com/sp/style.css" "Mozilla/5.0 (Linux; Android 8.0.0; SOV36 Build/47.1.C.9.34) AppleWebKit/537.36 (KHTML, like Gecko) Chrome/69.0.3497.91 Mobile Safari/537.36"
118.83.152.247 - - [17/Sep/2018:21:30:19 +0900] "GET /sp/img/living.png HTTP/1.1" 200 157323 "http://www.nishifuna-seitai.com/sp/" "Mozilla/5.0 (Linux; Android 8.0.0; SOV36 Build/47.1.C.9.34) AppleWebKit/537.36 (KHTML, like Gecko) Chrome/69.0.3497.91 Mobile Safari/537.36"
118.83.152.247 - - [17/Sep/2018:21:30:18 +0900] "GET /sp/img/header.png HTTP/1.1" 200 187164 "http://www.nishifuna-seitai.com/sp/" "Mozilla/5.0 (Linux; Android 8.0.0; SOV36 Build/47.1.C.9.34) AppleWebKit/537.36 (KHTML, like Gecko) Chrome/69.0.3497.91 Mobile Safari/537.36"
118.83.152.247 - - [17/Sep/2018:21:30:19 +0900] "GET /favicon.ico HTTP/1.1" 302 219 "http://www.nishifuna-seitai.com/sp/" "Mozilla/5.0 (Linux; Android 8.0.0; SOV36 Build/47.1.C.9.34) AppleWebKit/537.36 (KHTML, like Gecko) Chrome/69.0.3497.91 Mobile Safari/537.36"
118.83.152.247 - - [17/Sep/2018:21:30:41 +0900] "GET /sp/price.html HTTP/1.1" 200 4912 "http://www.nishifuna-seitai.com/sp/" "Mozilla/5.0 (Linux; Android 8.0.0; SOV36 Build/47.1.C.9.34) AppleWebKit/537.36 (KHTML, like Gecko) Chrome/69.0.3497.91 Mobile Safari/537.36"
118.83.152.247 - - [17/Sep/2018:21:30:41 +0900] "GET /sp/img/nav_bg_hover.gif HTTP/1.1" 200 705 "http://www.nishifuna-seitai.com/sp/style.css" "Mozilla/5.0 (Linux; Android 8.0.0; SOV36 Build/47.1.C.9.34) AppleWebKit/537.36 (KHTML, like Gecko) Chrome/69.0.3497.91 Mobile Safari/537.36"
118.83.152.247 - - [17/Sep/2018:21:30:41 +0900] "GET /sp/img/logo.gif HTTP/1.1" 200 8495 "http://www.nishifuna-seitai.com/sp/price.html" "Mozilla/5.0 (Linux; Android 8.0.0; SOV36 Build/47.1.C.9.34) AppleWebKit/537.36 (KHTML, like Gecko) Chrome/69.0.3497.91 Mobile Safari/537.36"
118.83.152.247 - - [17/Sep/2018:21:30:41 +0900] "GET /sp/img/header_price.png HTTP/1.1" 200 44237 "http://www.nishifuna-seitai.com/sp/price.html" "Mozilla/5.0 (Linux; Android 8.0.0; SOV36 Build/47.1.C.9.34) AppleWebKit/537.36 (KHTML, like Gecko) Chrome/69.0.3497.91 Mobile Safari/537.36"
118.83.152.247 - - [17/Sep/2018:21:30:42 +0900] "GET /sp/img/coupon.jpg HTTP/1.1" 200 109242 "http://www.nishifuna-seitai.com/sp/price.html" "Mozilla/5.0 (Linux; Android 8.0.0; SOV36 Build/47.1.C.9.34) AppleWebKit/537.36 (KHTML, like Gecko) Chrome/69.0.3497.91 Mobile Safari/537.36"
118.83.152.247 - - [17/Sep/2018:21:30:42 +0900] "GET /favicon.ico HTTP/1.1" 302 219 "http://www.nishifuna-seitai.com/sp/price.html" "Mozilla/5.0 (Linux; Android 8.0.0; SOV36 Build/47.1.C.9.34) AppleWebKit/537.36 (KHTML, like Gecko) Chrome/69.0.3497.91 Mobile Safari/537.36"
118.83.152.247 - - [17/Sep/2018:21:31:11 +0900] "GET /favicon.ico HTTP/1.1" 302 219 "http://www.nishifuna-seitai.com/sp/" "Mozilla/5.0 (Linux; Android 8.0.0; SOV36 Build/47.1.C.9.34) AppleWebKit/537.36 (KHTML, like Gecko) Chrome/69.0.3497.91 Mobile Safari/537.36"
5.9.155.226 - - [17/Sep/2018:21:58:48 +0900] "GET /robots.txt HTTP/1.1" 404 2275 "-" "Mozilla/5.0 (compatible; MJ12bot/v1.4.8; http://mj12bot.com/)"
219.94.203.142 - - [17/Sep/2018:21:58:50 +0900] "POST /blog/wp-cron.php?doing_wp_cron=1537189130.3498110771179199218750 HTTP/1.0" 502 226 "-" "WordPress/3.5.1; http://www.nishifuna-seitai.com/blog"
5.9.155.226 - - [17/Sep/2018:21:58:50 +0900] "GET /blog/category/%E6%9C%AA%E5%88%86%E9%A1%9E/x-apple-data-detectors:/0/0/page/11/x-apple-data-detectors:/0/0/page/12/x-apple-data-detectors:/0/0/page/32/ HTTP/1.1" 200 25708 "-" "Mozilla/5.0 (compatible; MJ12bot/v1.4.8; http://mj12bot.com/)"
5.9.155.226 - - [17/Sep/2018:21:58:53 +0900] "GET /blog/category/%E6%9C%AA%E5%88%86%E9%A1%9E/x-apple-data-detectors:/0/0/page/11/x-apple-data-detectors:/0/0/page/12/x-apple-data-detectors:/0/0/page/33/ HTTP/1.1" 200 25148 "-" "Mozilla/5.0 (compatible; MJ12bot/v1.4.8; http://mj12bot.com/)"
5.9.155.226 - - [17/Sep/2018:21:58:56 +0900] "GET /blog/category/%E6%9C%AA%E5%88%86%E9%A1%9E/x-apple-data-detectors:/0/0/page/11/x-apple-data-detectors:/0/0/page/12/x-apple-data-detectors:/0/0/page/34/ HTTP/1.1" 200 26148 "-" "Mozilla/5.0 (compatible; MJ12bot/v1.4.8; http://mj12bot.com/)"
5.9.155.226 - - [17/Sep/2018:21:58:59 +0900] "GET /blog/category/%E6%9C%AA%E5%88%86%E9%A1%9E/x-apple-data-detectors:/0/0/page/11/x-apple-data-detectors:/0/0/page/12/x-apple-data-detectors:/0/0/page/36/ HTTP/1.1" 200 26138 "-" "Mozilla/5.0 (compatible; MJ12bot/v1.4.8; http://mj12bot.com/)"
5.9.155.226 - - [17/Sep/2018:21:59:02 +0900] "GET /blog/category/%E6%9C%AA%E5%88%86%E9%A1%9E/x-apple-data-detectors:/0/0/page/11/x-apple-data-detectors:/0/0/page/12/x-apple-data-detectors:/0/0/page/38/ HTTP/1.1" 200 26305 "-" "Mozilla/5.0 (compatible; MJ12bot/v1.4.8; http://mj12bot.com/)"
5.9.155.226 - - [17/Sep/2018:21:59:05 +0900] "GET /blog/category/%E6%9C%AA%E5%88%86%E9%A1%9E/x-apple-data-detectors:/0/0/page/11/x-apple-data-detectors:/0/0/page/12/x-apple-data-detectors:/0/0/page/4/ HTTP/1.1" 200 31922 "-" "Mozilla/5.0 (compatible; MJ12bot/v1.4.8; http://mj12bot.com/)"
5.9.155.226 - - [17/Sep/2018:21:59:08 +0900] "GET /blog/category/%E6%9C%AA%E5%88%86%E9%A1%9E/x-apple-data-detectors:/0/0/page/11/x-apple-data-detectors:/0/0/page/12/x-apple-data-detectors:/0/0/page/41/ HTTP/1.1" 200 26296 "-" "Mozilla/5.0 (compatible; MJ12bot/v1.4.8; http://mj12bot.com/)"
5.9.155.226 - - [17/Sep/2018:21:59:12 +0900] "GET /blog/category/%E6%9C%AA%E5%88%86%E9%A1%9E/x-apple-data-detectors:/0/0/page/11/x-apple-data-detectors:/0/0/page/12/x-apple-data-detectors:/0/0/page/42/ HTTP/1.1" 200 26858 "-" "Mozilla/5.0 (compatible; MJ12bot/v1.4.8; http://mj12bot.com/)"
5.9.155.226 - - [17/Sep/2018:21:59:15 +0900] "GET /blog/category/%E6%9C%AA%E5%88%86%E9%A1%9E/x-apple-data-detectors:/0/0/page/11/x-apple-data-detectors:/0/0/page/12/x-apple-data-detectors:/0/0/page/43/ HTTP/1.1" 200 25500 "-" "Mozilla/5.0 (compatible; MJ12bot/v1.4.8; http://mj12bot.com/)"
5.9.155.226 - - [17/Sep/2018:21:59:18 +0900] "GET /blog/category/%E6%9C%AA%E5%88%86%E9%A1%9E/x-apple-data-detectors:/0/0/page/11/x-apple-data-detectors:/0/0/page/12/x-apple-data-detectors:/0/0/page/44/ HTTP/1.1" 200 26461 "-" "Mozilla/5.0 (compatible; MJ12bot/v1.4.8; http://mj12bot.com/)"
