216.244.66.226 - - [16/Sep/2018:10:49:52 +0900] "GET /blog/%E6%9C%AA%E5%88%86%E9%A1%9E/kiji1120/feed/ HTTP/1.1" 200 1054 "-" "Mozilla/5.0 (compatible; DotBot/1.1; http://www.opensiteexplorer.org/dotbot, help@moz.com)"
219.94.203.142 - - [16/Sep/2018:10:49:57 +0900] "POST /blog/wp-cron.php?doing_wp_cron=1537062597.2353301048278808593750 HTTP/1.0" 502 226 "-" "WordPress/3.5.1; http://www.nishifuna-seitai.com/blog"
219.94.203.142 - - [16/Sep/2018:10:52:33 +0900] "POST /blog/wp-cron.php?doing_wp_cron=1537062753.6934320926666259765625 HTTP/1.0" 502 226 "-" "WordPress/3.5.1; http://www.nishifuna-seitai.com/blog"
54.36.149.79 - - [16/Sep/2018:10:52:33 +0900] "GET /blog/author/admin/page/53/ HTTP/1.1" 200 27976 "-" "Mozilla/5.0 (compatible; AhrefsBot/5.2; +http://ahrefs.com/robot/)"
219.94.203.142 - - [16/Sep/2018:10:56:46 +0900] "POST /blog/wp-cron.php?doing_wp_cron=1537063006.2991099357604980468750 HTTP/1.0" 502 226 "-" "WordPress/3.5.1; http://www.nishifuna-seitai.com/blog"
54.36.149.57 - - [16/Sep/2018:10:56:46 +0900] "GET /blog/%E6%9C%AA%E5%88%86%E9%A1%9E/kiji1139/feed/ HTTP/1.1" 200 1048 "-" "Mozilla/5.0 (compatible; AhrefsBot/5.2; +http://ahrefs.com/robot/)"
66.249.79.63 - - [16/Sep/2018:10:57:12 +0900] "GET /blog/%E6%9C%AA%E5%88%86%E9%A1%9E/kiji1142/feed/ HTTP/1.1" 200 1039 "-" "Mozilla/5.0 (compatible; Googlebot/2.1; +http://www.google.com/bot.html)"
216.244.66.226 - - [16/Sep/2018:10:57:26 +0900] "GET /robots.txt HTTP/1.1" 404 2275 "-" "Mozilla/5.0 (compatible; DotBot/1.1; http://www.opensiteexplorer.org/dotbot, help@moz.com)"
219.94.203.142 - - [16/Sep/2018:11:00:26 +0900] "POST /blog/wp-cron.php?doing_wp_cron=1537063226.3735520839691162109375 HTTP/1.0" 502 226 "-" "WordPress/3.5.1; http://www.nishifuna-seitai.com/blog"
66.249.79.60 - - [16/Sep/2018:11:00:26 +0900] "GET /blog/author/admin/page/13/ HTTP/1.1" 200 27573 "-" "Mozilla/5.0 (compatible; Googlebot/2.1; +http://www.google.com/bot.html)"
37.9.113.194 - - [16/Sep/2018:11:10:58 +0900] "GET /robots.txt HTTP/1.1" 301 250 "-" "Mozilla/5.0 (compatible; YandexBot/3.0; +http://yandex.com/bots)"
141.8.183.33 - - [16/Sep/2018:11:10:58 +0900] "GET /robots.txt HTTP/1.1" 404 2275 "-" "Mozilla/5.0 (compatible; YandexBot/3.0; +http://yandex.com/bots)"
37.9.113.194 - - [16/Sep/2018:11:11:02 +0900] "GET / HTTP/1.1" 301 240 "-" "Mozilla/5.0 (compatible; YandexBot/3.0; +http://yandex.com/bots)"
141.8.183.33 - - [16/Sep/2018:11:11:02 +0900] "GET / HTTP/1.1" 200 16214 "-" "Mozilla/5.0 (compatible; YandexBot/3.0; +http://yandex.com/bots)"
195.154.226.17 - - [16/Sep/2018:11:11:58 +0900] "GET /robots.txt HTTP/1.1" 301 250 "-" "Mozilla/5.0 (Windows NT 10.0; WOW64) AppleWebKit/537.36 (KHTML, like Gecko) Chrome/49.0.2623.75 Safari/537.36 OPR/36.0.2130.32"
195.154.226.17 - - [16/Sep/2018:11:11:58 +0900] "GET / HTTP/1.1" 301 240 "-" "Mozilla/5.0 (Windows NT 10.0; WOW64) AppleWebKit/537.36 (KHTML, like Gecko) Chrome/49.0.2623.75 Safari/537.36 OPR/36.0.2130.32"
195.154.226.17 - - [16/Sep/2018:11:11:59 +0900] "GET /xmlrpc.php?rsd HTTP/1.1" 403 2309 "-" "Mozilla/5.0 (Windows NT 10.0; WOW64) AppleWebKit/537.36 (KHTML, like Gecko) Chrome/49.0.2623.75 Safari/537.36 OPR/36.0.2130.32"
219.94.203.142 - - [16/Sep/2018:11:11:59 +0900] "POST /blog/wp-cron.php?doing_wp_cron=1537063919.6379048824310302734375 HTTP/1.0" 502 226 "-" "WordPress/3.5.1; http://www.nishifuna-seitai.com/blog"
195.154.226.17 - - [16/Sep/2018:11:11:59 +0900] "GET /blog/robots.txt HTTP/1.1" 301 - "-" "Mozilla/5.0 (Windows NT 10.0; WOW64) AppleWebKit/537.36 (KHTML, like Gecko) Chrome/49.0.2623.75 Safari/537.36 OPR/36.0.2130.32"
195.154.226.17 - - [16/Sep/2018:11:12:00 +0900] "GET /blog/ HTTP/1.1" 301 - "-" "Mozilla/5.0 (Windows NT 10.0; WOW64) AppleWebKit/537.36 (KHTML, like Gecko) Chrome/49.0.2623.75 Safari/537.36 OPR/36.0.2130.32"
195.154.226.17 - - [16/Sep/2018:11:12:00 +0900] "GET /wordpress/ HTTP/1.1" 301 250 "-" "Mozilla/5.0 (Windows NT 10.0; WOW64) AppleWebKit/537.36 (KHTML, like Gecko) Chrome/49.0.2623.75 Safari/537.36 OPR/36.0.2130.32"
195.154.226.17 - - [16/Sep/2018:11:12:01 +0900] "GET /wp/ HTTP/1.1" 301 243 "-" "Mozilla/5.0 (Windows NT 10.0; WOW64) AppleWebKit/537.36 (KHTML, like Gecko) Chrome/49.0.2623.75 Safari/537.36 OPR/36.0.2130.32"
195.154.226.17 - - [16/Sep/2018:11:12:01 +0900] "GET /robots.txt HTTP/1.1" 301 250 "-" "Mozilla/5.0 (Windows NT 10.0; WOW64) AppleWebKit/537.36 (KHTML, like Gecko) Chrome/49.0.2623.75 Safari/537.36 OPR/36.0.2130.32"
195.154.226.17 - - [16/Sep/2018:11:12:01 +0900] "GET /administrator/index.php HTTP/1.1" 301 263 "-" "Mozilla/5.0 (Windows NT 10.0; WOW64) AppleWebKit/537.36 (KHTML, like Gecko) Chrome/49.0.2623.75 Safari/537.36 OPR/36.0.2130.32"
195.154.226.17 - - [16/Sep/2018:11:12:02 +0900] "GET /blog/robots.txt HTTP/1.1" 301 - "-" "Mozilla/5.0 (Windows NT 10.0; WOW64) AppleWebKit/537.36 (KHTML, like Gecko) Chrome/49.0.2623.75 Safari/537.36 OPR/36.0.2130.32"
195.154.226.17 - - [16/Sep/2018:11:12:02 +0900] "GET /blog/administrator/index.php HTTP/1.1" 301 - "-" "Mozilla/5.0 (Windows NT 10.0; WOW64) AppleWebKit/537.36 (KHTML, like Gecko) Chrome/49.0.2623.75 Safari/537.36 OPR/36.0.2130.32"
195.154.226.17 - - [16/Sep/2018:11:12:03 +0900] "GET /joomla/robots.txt HTTP/1.1" 301 257 "-" "Mozilla/5.0 (Windows NT 10.0; WOW64) AppleWebKit/537.36 (KHTML, like Gecko) Chrome/49.0.2623.75 Safari/537.36 OPR/36.0.2130.32"
195.154.226.17 - - [16/Sep/2018:11:12:03 +0900] "GET /joomla/administrator/index.php HTTP/1.1" 301 270 "-" "Mozilla/5.0 (Windows NT 10.0; WOW64) AppleWebKit/537.36 (KHTML, like Gecko) Chrome/49.0.2623.75 Safari/537.36 OPR/36.0.2130.32"
195.154.226.17 - - [16/Sep/2018:11:12:04 +0900] "GET /index.php?option=com_myblog&task=ajaxupload HTTP/1.1" 301 287 "-" "Mozilla/5.0 (Windows NT 10.0; WOW64) AppleWebKit/537.36 (KHTML, like Gecko) Chrome/49.0.2623.75 Safari/537.36 OPR/36.0.2130.32"
195.154.226.17 - - [16/Sep/2018:11:12:04 +0900] "GET /index.php?option=com_adsmanager&task=upload&tmpl=component HTTP/1.1" 301 306 "-" "Mozilla/5.0 (Windows NT 10.0; WOW64) AppleWebKit/537.36 (KHTML, like Gecko) Chrome/49.0.2623.75 Safari/537.36 OPR/36.0.2130.32"
219.94.203.142 - - [16/Sep/2018:11:14:26 +0900] "POST /blog/wp-cron.php?doing_wp_cron=1537064066.1862781047821044921875 HTTP/1.0" 502 226 "-" "WordPress/3.5.1; http://www.nishifuna-seitai.com/blog"
46.229.168.130 - - [16/Sep/2018:11:14:25 +0900] "GET /blog/%E6%9C%AA%E5%88%86%E9%A1%9E/kiji1123/ HTTP/1.1" 200 17071 "-" "Mozilla/5.0 (compatible; SemrushBot/2~bl; +http://www.semrush.com/bot.html)"
219.94.203.142 - - [16/Sep/2018:11:31:48 +0900] "POST /blog/wp-cron.php?doing_wp_cron=1537065108.2651491165161132812500 HTTP/1.0" 502 226 "-" "WordPress/3.5.1; http://www.nishifuna-seitai.com/blog"
216.244.66.226 - - [16/Sep/2018:11:31:48 +0900] "GET /blog/category/%E6%9C%AA%E5%88%86%E9%A1%9E/page/37/ HTTP/1.1" 200 26027 "-" "Mozilla/5.0 (compatible; DotBot/1.1; http://www.opensiteexplorer.org/dotbot, help@moz.com)"
219.94.203.142 - - [16/Sep/2018:11:35:29 +0900] "POST /blog/wp-cron.php?doing_wp_cron=1537065329.8465890884399414062500 HTTP/1.0" 502 226 "-" "WordPress/3.5.1; http://www.nishifuna-seitai.com/blog"
216.244.66.226 - - [16/Sep/2018:11:35:29 +0900] "GET /blog/category/%E6%9C%AA%E5%88%86%E9%A1%9E/page/8/ HTTP/1.1" 200 27380 "-" "Mozilla/5.0 (compatible; DotBot/1.1; http://www.opensiteexplorer.org/dotbot, help@moz.com)"
216.244.66.226 - - [16/Sep/2018:11:41:13 +0900] "GET /robots.txt HTTP/1.1" 404 2275 "-" "Mozilla/5.0 (compatible; DotBot/1.1; http://www.opensiteexplorer.org/dotbot, help@moz.com)"
219.94.203.142 - - [16/Sep/2018:11:54:24 +0900] "POST /blog/wp-cron.php?doing_wp_cron=1537066464.0417211055755615234375 HTTP/1.0" 502 226 "-" "WordPress/3.5.1; http://www.nishifuna-seitai.com/blog"
54.36.149.96 - - [16/Sep/2018:11:54:23 +0900] "GET /blog/%E6%9C%AA%E5%88%86%E9%A1%9E/kiji1522/feed/ HTTP/1.1" 200 1042 "-" "Mozilla/5.0 (compatible; AhrefsBot/5.2; +http://ahrefs.com/robot/)"
42.124.254.76 - - [16/Sep/2018:11:56:56 +0900] "GET /blog/wp-content/uploads/2012/12/h2_index2.png HTTP/1.1" 200 394553 "https://www.google.com/" "Mozilla/5.0 (Windows NT 10.0; Win64; x64) AppleWebKit/537.36 (KHTML, like Gecko) Chrome/68.0.3440.106 Safari/537.36"
219.94.203.142 - - [16/Sep/2018:12:01:11 +0900] "POST /blog/wp-cron.php?doing_wp_cron=1537066871.7756729125976562500000 HTTP/1.0" 502 226 "-" "WordPress/3.5.1; http://www.nishifuna-seitai.com/blog"
54.36.148.102 - - [16/Sep/2018:12:01:11 +0900] "GET /blog/%E6%9C%AA%E5%88%86%E9%A1%9E/kiji1199/feed/ HTTP/1.1" 200 1045 "-" "Mozilla/5.0 (compatible; AhrefsBot/5.2; +http://ahrefs.com/robot/)"
219.94.203.142 - - [16/Sep/2018:12:34:36 +0900] "POST /blog/wp-cron.php?doing_wp_cron=1537068876.3664979934692382812500 HTTP/1.0" 502 226 "-" "WordPress/3.5.1; http://www.nishifuna-seitai.com/blog"
125.215.75.89 - - [16/Sep/2018:12:34:36 +0900] "GET /blog/%E6%9C%AA%E5%88%86%E9%A1%9E/kiji1357/ HTTP/1.1" 200 17313 "https://www.google.co.jp/" "Mozilla/5.0 (iPhone; CPU iPhone OS 11_4_1 like Mac OS X) AppleWebKit/605.1.15 (KHTML, like Gecko) Version/11.0 Mobile/15E148 Safari/604.1"
125.215.75.89 - - [16/Sep/2018:12:34:37 +0900] "GET /blog/wp-content/plugins/contact-form-7/includes/css/styles.css?ver=3.3.3 HTTP/1.1" 200 887 "http://www.nishifuna-seitai.com/blog/%E6%9C%AA%E5%88%86%E9%A1%9E/kiji1357/" "Mozilla/5.0 (iPhone; CPU iPhone OS 11_4_1 like Mac OS X) AppleWebKit/605.1.15 (KHTML, like Gecko) Version/11.0 Mobile/15E148 Safari/604.1"
125.215.75.89 - - [16/Sep/2018:12:34:37 +0900] "GET /blog/wp-content/plugins/contact-form-7/includes/js/scripts.js?ver=3.3.3 HTTP/1.1" 200 6933 "http://www.nishifuna-seitai.com/blog/%E6%9C%AA%E5%88%86%E9%A1%9E/kiji1357/" "Mozilla/5.0 (iPhone; CPU iPhone OS 11_4_1 like Mac OS X) AppleWebKit/605.1.15 (KHTML, like Gecko) Version/11.0 Mobile/15E148 Safari/604.1"
125.215.75.89 - - [16/Sep/2018:12:34:37 +0900] "GET /blog/wp-content/plugins/contact-form-7/includes/js/jquery.form.min.js?ver=3.25.0-2013.01.18 HTTP/1.1" 200 15158 "http://www.nishifuna-seitai.com/blog/%E6%9C%AA%E5%88%86%E9%A1%9E/kiji1357/" "Mozilla/5.0 (iPhone; CPU iPhone OS 11_4_1 like Mac OS X) AppleWebKit/605.1.15 (KHTML, like Gecko) Version/11.0 Mobile/15E148 Safari/604.1"
125.215.75.89 - - [16/Sep/2018:12:34:37 +0900] "GET /blog/wp-content/themes/twentytwelve/style.css?ver=3.5.1 HTTP/1.1" 200 35292 "http://www.nishifuna-seitai.com/blog/%E6%9C%AA%E5%88%86%E9%A1%9E/kiji1357/" "Mozilla/5.0 (iPhone; CPU iPhone OS 11_4_1 like Mac OS X) AppleWebKit/605.1.15 (KHTML, like Gecko) Version/11.0 Mobile/15E148 Safari/604.1"
125.215.75.89 - - [16/Sep/2018:12:34:37 +0900] "GET /blog/wp-content/themes/twentytwelve/js/navigation.js?ver=1.0 HTTP/1.1" 200 863 "http://www.nishifuna-seitai.com/blog/%E6%9C%AA%E5%88%86%E9%A1%9E/kiji1357/" "Mozilla/5.0 (iPhone; CPU iPhone OS 11_4_1 like Mac OS X) AppleWebKit/605.1.15 (KHTML, like Gecko) Version/11.0 Mobile/15E148 Safari/604.1"
125.215.75.89 - - [16/Sep/2018:12:34:37 +0900] "GET /blog/wp-includes/js/jquery/jquery.js?ver=1.8.3 HTTP/1.1" 200 93658 "http://www.nishifuna-seitai.com/blog/%E6%9C%AA%E5%88%86%E9%A1%9E/kiji1357/" "Mozilla/5.0 (iPhone; CPU iPhone OS 11_4_1 like Mac OS X) AppleWebKit/605.1.15 (KHTML, like Gecko) Version/11.0 Mobile/15E148 Safari/604.1"
125.215.75.89 - - [16/Sep/2018:12:34:37 +0900] "GET /blog/wp-content/uploads/2012/12/h2_index2.png HTTP/1.1" 200 394553 "http://www.nishifuna-seitai.com/blog/%E6%9C%AA%E5%88%86%E9%A1%9E/kiji1357/" "Mozilla/5.0 (iPhone; CPU iPhone OS 11_4_1 like Mac OS X) AppleWebKit/605.1.15 (KHTML, like Gecko) Version/11.0 Mobile/15E148 Safari/604.1"
125.215.75.89 - - [16/Sep/2018:12:34:37 +0900] "GET /blog/wp-content/uploads/2014/12/IMG_0209.jpg HTTP/1.1" 200 1519328 "http://www.nishifuna-seitai.com/blog/%E6%9C%AA%E5%88%86%E9%A1%9E/kiji1357/" "Mozilla/5.0 (iPhone; CPU iPhone OS 11_4_1 like Mac OS X) AppleWebKit/605.1.15 (KHTML, like Gecko) Version/11.0 Mobile/15E148 Safari/604.1"
125.215.75.89 - - [16/Sep/2018:12:34:47 +0900] "GET /blog/%e6%9c%aa%e5%88%86%e9%a1%9e/kiji1360/ HTTP/1.1" 200 17133 "http://www.nishifuna-seitai.com/blog/%E6%9C%AA%E5%88%86%E9%A1%9E/kiji1357/" "Mozilla/5.0 (iPhone; CPU iPhone OS 11_4_1 like Mac OS X) AppleWebKit/605.1.15 (KHTML, like Gecko) Version/11.0 Mobile/15E148 Safari/604.1"
46.229.168.130 - - [16/Sep/2018:12:37:30 +0900] "GET /robots.txt HTTP/1.1" 404 2275 "-" "Mozilla/5.0 (compatible; SemrushBot/2~bl; +http://www.semrush.com/bot.html)"
219.94.203.142 - - [16/Sep/2018:12:37:32 +0900] "POST /blog/wp-cron.php?doing_wp_cron=1537069052.3026111125946044921875 HTTP/1.0" 502 226 "-" "WordPress/3.5.1; http://www.nishifuna-seitai.com/blog"
46.229.168.145 - - [16/Sep/2018:12:37:31 +0900] "GET /blog/%E6%9C%AA%E5%88%86%E9%A1%9E/kiji1421/ HTTP/1.1" 200 17630 "-" "Mozilla/5.0 (compatible; SemrushBot/2~bl; +http://www.semrush.com/bot.html)"
121.107.1.194 - - [16/Sep/2018:12:38:05 +0900] "GET /sp/price.html HTTP/1.1" 200 4912 "-" "Mozilla/5.0 (Macintosh; Intel Mac OS X 10_11_1) AppleWebKit/601.2.4 (KHTML, like Gecko) Version/9.0.1 Safari/601.2.4 facebookexternalhit/1.1 Facebot Twitterbot/1.0"
121.107.1.194 - - [16/Sep/2018:12:38:05 +0900] "GET /apple-touch-icon-precomposed.png HTTP/1.1" 404 2275 "-" "Mozilla/5.0 (Macintosh; Intel Mac OS X 10_11_1) AppleWebKit/601.2.4 (KHTML, like Gecko) Version/9.0.1 Safari/601.2.4 facebookexternalhit/1.1 Facebot Twitterbot/1.0"
121.107.1.194 - - [16/Sep/2018:12:38:05 +0900] "GET /apple-touch-icon.png HTTP/1.1" 404 2275 "-" "Mozilla/5.0 (Macintosh; Intel Mac OS X 10_11_1) AppleWebKit/601.2.4 (KHTML, like Gecko) Version/9.0.1 Safari/601.2.4 facebookexternalhit/1.1 Facebot Twitterbot/1.0"
121.107.1.194 - - [16/Sep/2018:12:38:06 +0900] "GET /favicon.ico HTTP/1.1" 200 1150 "-" "Mozilla/5.0 (Macintosh; Intel Mac OS X 10_11_1) AppleWebKit/601.2.4 (KHTML, like Gecko) Version/9.0.1 Safari/601.2.4 facebookexternalhit/1.1 Facebot Twitterbot/1.0"
133.130.113.127 - - [16/Sep/2018:12:45:39 +0900] "GET /robots.txt HTTP/1.1" 404 2275 "-" "Mozilla/5.0 (compatible; Mappy/1.0; +http://mappydata.net/bot/)"
219.94.203.142 - - [16/Sep/2018:12:45:42 +0900] "POST /blog/wp-cron.php?doing_wp_cron=1537069542.8749330043792724609375 HTTP/1.0" 502 226 "-" "WordPress/3.5.1; http://www.nishifuna-seitai.com/blog"
133.130.113.127 - - [16/Sep/2018:12:45:43 +0900] "GET /blog/wp-content/plugins/contact-form-7/includes/css/styles.css?ver=3.3.3 HTTP/1.1" 200 887 "http://www.nishifuna-seitai.com/blog/%E6%9C%AA%E5%88%86%E9%A1%9E/kiji1264/" "Mozilla/5.0 (compatible; Mappy/1.0; +http://mappydata.net/bot/)"
133.130.113.127 - - [16/Sep/2018:12:45:43 +0900] "GET /blog/wp-content/themes/twentytwelve/style.css?ver=3.5.1 HTTP/1.1" 200 35292 "http://www.nishifuna-seitai.com/blog/%E6%9C%AA%E5%88%86%E9%A1%9E/kiji1264/" "Mozilla/5.0 (compatible; Mappy/1.0; +http://mappydata.net/bot/)"
133.130.113.127 - - [16/Sep/2018:12:45:43 +0900] "GET /blog/wp-includes/js/jquery/jquery.js?ver=1.8.3 HTTP/1.1" 200 93658 "http://www.nishifuna-seitai.com/blog/%E6%9C%AA%E5%88%86%E9%A1%9E/kiji1264/" "Mozilla/5.0 (compatible; Mappy/1.0; +http://mappydata.net/bot/)"
133.130.113.127 - - [16/Sep/2018:12:45:42 +0900] "GET /blog/%E6%9C%AA%E5%88%86%E9%A1%9E/kiji1264/ HTTP/1.1" 200 16983 "-" "Mozilla/5.0 (compatible; Mappy/1.0; +http://mappydata.net/bot/)"
133.130.113.127 - - [16/Sep/2018:12:45:43 +0900] "GET /blog/wp-content/plugins/contact-form-7/includes/js/scripts.js?ver=3.3.3 HTTP/1.1" 200 6933 "http://www.nishifuna-seitai.com/blog/%E6%9C%AA%E5%88%86%E9%A1%9E/kiji1264/" "Mozilla/5.0 (compatible; Mappy/1.0; +http://mappydata.net/bot/)"
133.130.113.127 - - [16/Sep/2018:12:45:43 +0900] "GET /blog/wp-content/themes/twentytwelve/js/navigation.js?ver=1.0 HTTP/1.1" 200 863 "http://www.nishifuna-seitai.com/blog/%E6%9C%AA%E5%88%86%E9%A1%9E/kiji1264/" "Mozilla/5.0 (compatible; Mappy/1.0; +http://mappydata.net/bot/)"
133.130.113.127 - - [16/Sep/2018:12:45:43 +0900] "GET /blog/wp-content/plugins/contact-form-7/includes/js/jquery.form.min.js?ver=3.25.0-2013.01.18 HTTP/1.1" 200 15158 "http://www.nishifuna-seitai.com/blog/%E6%9C%AA%E5%88%86%E9%A1%9E/kiji1264/" "Mozilla/5.0 (compatible; Mappy/1.0; +http://mappydata.net/bot/)"
133.130.113.127 - - [16/Sep/2018:12:45:43 +0900] "GET /blog/wp-content/uploads/2012/12/h2_index2.png HTTP/1.1" 200 394553 "http://www.nishifuna-seitai.com/blog/%E6%9C%AA%E5%88%86%E9%A1%9E/kiji1264/" "Mozilla/5.0 (compatible; Mappy/1.0; +http://mappydata.net/bot/)"
216.244.66.226 - - [16/Sep/2018:13:07:12 +0900] "GET /robots.txt HTTP/1.1" 404 2275 "-" "Mozilla/5.0 (compatible; DotBot/1.1; http://www.opensiteexplorer.org/dotbot, help@moz.com)"
219.94.203.142 - - [16/Sep/2018:13:10:25 +0900] "POST /blog/wp-cron.php?doing_wp_cron=1537071025.0587949752807617187500 HTTP/1.0" 502 226 "-" "WordPress/3.5.1; http://www.nishifuna-seitai.com/blog"
118.19.34.45 - - [16/Sep/2018:13:10:25 +0900] "GET /blog/wp-content/plugins/contact-form-7/includes/css/styles.css?ver=3.3.3 HTTP/1.1" 200 887 "http://www.nishifuna-seitai.com/blog/%E6%9C%AA%E5%88%86%E9%A1%9E/kiji1357/" "Mozilla/5.0 (Windows NT 10.0; WOW64; Trident/7.0; rv:11.0) like Gecko"
118.19.34.45 - - [16/Sep/2018:13:10:24 +0900] "GET /blog/%E6%9C%AA%E5%88%86%E9%A1%9E/kiji1357/ HTTP/1.1" 200 17313 "http://search.yahoo.co.jp/" "Mozilla/5.0 (Windows NT 10.0; WOW64; Trident/7.0; rv:11.0) like Gecko"
118.19.34.45 - - [16/Sep/2018:13:10:25 +0900] "GET /blog/wp-content/plugins/contact-form-7/includes/js/jquery.form.min.js?ver=3.25.0-2013.01.18 HTTP/1.1" 200 15158 "http://www.nishifuna-seitai.com/blog/%E6%9C%AA%E5%88%86%E9%A1%9E/kiji1357/" "Mozilla/5.0 (Windows NT 10.0; WOW64; Trident/7.0; rv:11.0) like Gecko"
118.19.34.45 - - [16/Sep/2018:13:10:25 +0900] "GET /blog/wp-content/plugins/contact-form-7/includes/js/scripts.js?ver=3.3.3 HTTP/1.1" 200 6933 "http://www.nishifuna-seitai.com/blog/%E6%9C%AA%E5%88%86%E9%A1%9E/kiji1357/" "Mozilla/5.0 (Windows NT 10.0; WOW64; Trident/7.0; rv:11.0) like Gecko"
118.19.34.45 - - [16/Sep/2018:13:10:25 +0900] "GET /blog/wp-content/themes/twentytwelve/style.css?ver=3.5.1 HTTP/1.1" 200 35292 "http://www.nishifuna-seitai.com/blog/%E6%9C%AA%E5%88%86%E9%A1%9E/kiji1357/" "Mozilla/5.0 (Windows NT 10.0; WOW64; Trident/7.0; rv:11.0) like Gecko"
118.19.34.45 - - [16/Sep/2018:13:10:25 +0900] "GET /blog/wp-content/themes/twentytwelve/js/navigation.js?ver=1.0 HTTP/1.1" 200 863 "http://www.nishifuna-seitai.com/blog/%E6%9C%AA%E5%88%86%E9%A1%9E/kiji1357/" "Mozilla/5.0 (Windows NT 10.0; WOW64; Trident/7.0; rv:11.0) like Gecko"
118.19.34.45 - - [16/Sep/2018:13:10:25 +0900] "GET /blog/wp-includes/js/jquery/jquery.js?ver=1.8.3 HTTP/1.1" 200 93658 "http://www.nishifuna-seitai.com/blog/%E6%9C%AA%E5%88%86%E9%A1%9E/kiji1357/" "Mozilla/5.0 (Windows NT 10.0; WOW64; Trident/7.0; rv:11.0) like Gecko"
118.19.34.45 - - [16/Sep/2018:13:10:25 +0900] "GET /blog/wp-content/uploads/2012/12/h2_index2.png HTTP/1.1" 200 394553 "http://www.nishifuna-seitai.com/blog/%E6%9C%AA%E5%88%86%E9%A1%9E/kiji1357/" "Mozilla/5.0 (Windows NT 10.0; WOW64; Trident/7.0; rv:11.0) like Gecko"
118.19.34.45 - - [16/Sep/2018:13:10:25 +0900] "GET /blog/wp-content/uploads/2014/12/IMG_0209.jpg HTTP/1.1" 200 1519328 "http://www.nishifuna-seitai.com/blog/%E6%9C%AA%E5%88%86%E9%A1%9E/kiji1357/" "Mozilla/5.0 (Windows NT 10.0; WOW64; Trident/7.0; rv:11.0) like Gecko"
118.19.34.45 - - [16/Sep/2018:13:10:26 +0900] "GET /favicon.ico HTTP/1.1" 200 1150 "-" "Mozilla/5.0 (Windows NT 10.0; Win64; x64; Trident/7.0; rv:11.0) like Gecko"
219.94.203.142 - - [16/Sep/2018:13:18:41 +0900] "POST /blog/wp-cron.php?doing_wp_cron=1537071521.6982328891754150390625 HTTP/1.0" 502 226 "-" "WordPress/3.5.1; http://www.nishifuna-seitai.com/blog"
54.36.149.23 - - [16/Sep/2018:13:18:41 +0900] "GET /blog/%E3%82%B9%E3%82%BF%E3%83%83%E3%83%95%E3%82%88%E3%82%8A/kiji1063/feed/ HTTP/1.1" 200 1087 "-" "Mozilla/5.0 (compatible; AhrefsBot/5.2; +http://ahrefs.com/robot/)"
219.94.203.142 - - [16/Sep/2018:13:21:43 +0900] "POST /blog/wp-cron.php?doing_wp_cron=1537071703.6264040470123291015625 HTTP/1.0" 502 226 "-" "WordPress/3.5.1; http://www.nishifuna-seitai.com/blog"
222.228.213.233 - - [16/Sep/2018:13:21:43 +0900] "GET /blog/%E6%9C%AA%E5%88%86%E9%A1%9E/kiji1357/ HTTP/1.1" 200 17313 "https://www.google.co.jp/" "Mozilla/5.0 (Linux; Android 8.0.0; SOV34 Build/41.3.C.1.120) AppleWebKit/537.36 (KHTML, like Gecko) Chrome/69.0.3497.91 Mobile Safari/537.36"
222.228.213.233 - - [16/Sep/2018:13:21:44 +0900] "GET /blog/wp-content/plugins/contact-form-7/includes/css/styles.css?ver=3.3.3 HTTP/1.1" 200 887 "http://www.nishifuna-seitai.com/blog/%E6%9C%AA%E5%88%86%E9%A1%9E/kiji1357/" "Mozilla/5.0 (Linux; Android 8.0.0; SOV34 Build/41.3.C.1.120) AppleWebKit/537.36 (KHTML, like Gecko) Chrome/69.0.3497.91 Mobile Safari/537.36"
222.228.213.233 - - [16/Sep/2018:13:21:44 +0900] "GET /blog/wp-content/themes/twentytwelve/style.css?ver=3.5.1 HTTP/1.1" 200 35292 "http://www.nishifuna-seitai.com/blog/%E6%9C%AA%E5%88%86%E9%A1%9E/kiji1357/" "Mozilla/5.0 (Linux; Android 8.0.0; SOV34 Build/41.3.C.1.120) AppleWebKit/537.36 (KHTML, like Gecko) Chrome/69.0.3497.91 Mobile Safari/537.36"
222.228.213.233 - - [16/Sep/2018:13:21:44 +0900] "GET /blog/wp-includes/js/jquery/jquery.js?ver=1.8.3 HTTP/1.1" 200 93658 "http://www.nishifuna-seitai.com/blog/%E6%9C%AA%E5%88%86%E9%A1%9E/kiji1357/" "Mozilla/5.0 (Linux; Android 8.0.0; SOV34 Build/41.3.C.1.120) AppleWebKit/537.36 (KHTML, like Gecko) Chrome/69.0.3497.91 Mobile Safari/537.36"
222.228.213.233 - - [16/Sep/2018:13:21:44 +0900] "GET /blog/wp-content/plugins/contact-form-7/includes/js/jquery.form.min.js?ver=3.25.0-2013.01.18 HTTP/1.1" 200 15158 "http://www.nishifuna-seitai.com/blog/%E6%9C%AA%E5%88%86%E9%A1%9E/kiji1357/" "Mozilla/5.0 (Linux; Android 8.0.0; SOV34 Build/41.3.C.1.120) AppleWebKit/537.36 (KHTML, like Gecko) Chrome/69.0.3497.91 Mobile Safari/537.36"
222.228.213.233 - - [16/Sep/2018:13:21:44 +0900] "GET /blog/wp-content/plugins/contact-form-7/includes/js/scripts.js?ver=3.3.3 HTTP/1.1" 200 6933 "http://www.nishifuna-seitai.com/blog/%E6%9C%AA%E5%88%86%E9%A1%9E/kiji1357/" "Mozilla/5.0 (Linux; Android 8.0.0; SOV34 Build/41.3.C.1.120) AppleWebKit/537.36 (KHTML, like Gecko) Chrome/69.0.3497.91 Mobile Safari/537.36"
222.228.213.233 - - [16/Sep/2018:13:21:44 +0900] "GET /blog/wp-content/themes/twentytwelve/js/navigation.js?ver=1.0 HTTP/1.1" 200 863 "http://www.nishifuna-seitai.com/blog/%E6%9C%AA%E5%88%86%E9%A1%9E/kiji1357/" "Mozilla/5.0 (Linux; Android 8.0.0; SOV34 Build/41.3.C.1.120) AppleWebKit/537.36 (KHTML, like Gecko) Chrome/69.0.3497.91 Mobile Safari/537.36"
222.228.213.233 - - [16/Sep/2018:13:21:44 +0900] "GET /blog/wp-content/uploads/2012/12/h2_index2.png HTTP/1.1" 200 394553 "http://www.nishifuna-seitai.com/blog/%E6%9C%AA%E5%88%86%E9%A1%9E/kiji1357/" "Mozilla/5.0 (Linux; Android 8.0.0; SOV34 Build/41.3.C.1.120) AppleWebKit/537.36 (KHTML, like Gecko) Chrome/69.0.3497.91 Mobile Safari/537.36"
222.228.213.233 - - [16/Sep/2018:13:21:44 +0900] "GET /blog/wp-content/uploads/2014/12/IMG_0209.jpg HTTP/1.1" 200 1519328 "http://www.nishifuna-seitai.com/blog/%E6%9C%AA%E5%88%86%E9%A1%9E/kiji1357/" "Mozilla/5.0 (Linux; Android 8.0.0; SOV34 Build/41.3.C.1.120) AppleWebKit/537.36 (KHTML, like Gecko) Chrome/69.0.3497.91 Mobile Safari/537.36"
207.46.13.48 - - [16/Sep/2018:13:21:54 +0900] "GET /blog/date/2018/03/ HTTP/1.1" 200 29253 "-" "Mozilla/5.0 (compatible; bingbot/2.0; +http://www.bing.com/bingbot.htm)"
222.228.213.233 - - [16/Sep/2018:13:21:55 +0900] "GET /favicon.ico HTTP/1.1" 302 219 "http://www.nishifuna-seitai.com/blog/%E6%9C%AA%E5%88%86%E9%A1%9E/kiji1357/" "Mozilla/5.0 (Linux; Android 8.0.0; SOV34 Build/41.3.C.1.120) AppleWebKit/537.36 (KHTML, like Gecko) Chrome/69.0.3497.91 Mobile Safari/537.36"
222.228.213.233 - - [16/Sep/2018:13:21:55 +0900] "GET /sp/ HTTP/1.1" 200 7496 "http://www.nishifuna-seitai.com/blog/%E6%9C%AA%E5%88%86%E9%A1%9E/kiji1357/" "Mozilla/5.0 (Linux; Android 8.0.0; SOV34 Build/41.3.C.1.120) AppleWebKit/537.36 (KHTML, like Gecko) Chrome/69.0.3497.91 Mobile Safari/537.36"
40.77.167.185 - - [16/Sep/2018:13:38:17 +0900] "GET /images/nishifuna-para.jpg HTTP/1.1" 200 71547 "-" "Mozilla/5.0 (compatible; bingbot/2.0; +http://www.bing.com/bingbot.htm)"
219.94.203.142 - - [16/Sep/2018:13:44:17 +0900] "POST /blog/wp-cron.php?doing_wp_cron=1537073057.7786970138549804687500 HTTP/1.0" 502 226 "-" "WordPress/3.5.1; http://www.nishifuna-seitai.com/blog"
54.36.148.22 - - [16/Sep/2018:13:44:17 +0900] "GET /blog/%E6%9C%AA%E5%88%86%E9%A1%9E/kiji1977/feed/ HTTP/1.1" 200 1045 "-" "Mozilla/5.0 (compatible; AhrefsBot/5.2; +http://ahrefs.com/robot/)"
219.94.203.142 - - [16/Sep/2018:13:59:03 +0900] "POST /blog/wp-cron.php?doing_wp_cron=1537073943.6124460697174072265625 HTTP/1.0" 502 226 "-" "WordPress/3.5.1; http://www.nishifuna-seitai.com/blog"
125.203.109.245 - - [16/Sep/2018:13:59:03 +0900] "GET /blog/date/2014/12/page/2/ HTTP/1.1" 200 5157 "https://search.yahoo.co.jp/" "Mozilla/5.0 (Linux; Android 6.0.1; SC-04F Build/MMB29M; wv) AppleWebKit/537.36 (KHTML, like Gecko) Version/4.0 Chrome/69.0.3497.91 Mobile Safari/537.36 YJApp-ANDROID jp.co.yahoo.android.yjtop/3.28.0"
46.229.168.129 - - [16/Sep/2018:14:26:02 +0900] "GET /robots.txt HTTP/1.1" 404 2275 "-" "Mozilla/5.0 (compatible; SemrushBot/2~bl; +http://www.semrush.com/bot.html)"
46.229.168.140 - - [16/Sep/2018:14:26:02 +0900] "GET /flow/ HTTP/1.1" 200 10203 "-" "Mozilla/5.0 (compatible; SemrushBot/2~bl; +http://www.semrush.com/bot.html)"
216.244.66.226 - - [16/Sep/2018:14:32:58 +0900] "GET /robots.txt HTTP/1.1" 404 2275 "-" "Mozilla/5.0 (compatible; DotBot/1.1; http://www.opensiteexplorer.org/dotbot, help@moz.com)"
219.94.203.142 - - [16/Sep/2018:14:36:03 +0900] "POST /blog/wp-cron.php?doing_wp_cron=1537076163.2245929241180419921875 HTTP/1.0" 502 226 "-" "WordPress/3.5.1; http://www.nishifuna-seitai.com/blog"
126.5.63.201 - - [16/Sep/2018:14:36:02 +0900] "GET /blog/%E6%9C%AA%E5%88%86%E9%A1%9E/kiji1342/ HTTP/1.1" 200 17412 "https://www.google.co.jp/" "Mozilla/5.0 (iPhone; CPU iPhone OS 11_3 like Mac OS X) AppleWebKit/604.1.34 (KHTML, like Gecko) CriOS/69.0.3497.91 Mobile/15E148 Safari/604.1"
126.5.63.201 - - [16/Sep/2018:14:36:03 +0900] "GET /blog/wp-content/plugins/contact-form-7/includes/css/styles.css?ver=3.3.3 HTTP/1.1" 200 887 "http://www.nishifuna-seitai.com/blog/%E6%9C%AA%E5%88%86%E9%A1%9E/kiji1342/" "Mozilla/5.0 (iPhone; CPU iPhone OS 11_3 like Mac OS X) AppleWebKit/604.1.34 (KHTML, like Gecko) CriOS/69.0.3497.91 Mobile/15E148 Safari/604.1"
126.5.63.201 - - [16/Sep/2018:14:36:03 +0900] "GET /blog/wp-content/plugins/contact-form-7/includes/js/jquery.form.min.js?ver=3.25.0-2013.01.18 HTTP/1.1" 200 15158 "http://www.nishifuna-seitai.com/blog/%E6%9C%AA%E5%88%86%E9%A1%9E/kiji1342/" "Mozilla/5.0 (iPhone; CPU iPhone OS 11_3 like Mac OS X) AppleWebKit/604.1.34 (KHTML, like Gecko) CriOS/69.0.3497.91 Mobile/15E148 Safari/604.1"
126.5.63.201 - - [16/Sep/2018:14:36:04 +0900] "GET /blog/wp-content/plugins/contact-form-7/includes/js/scripts.js?ver=3.3.3 HTTP/1.1" 200 6933 "http://www.nishifuna-seitai.com/blog/%E6%9C%AA%E5%88%86%E9%A1%9E/kiji1342/" "Mozilla/5.0 (iPhone; CPU iPhone OS 11_3 like Mac OS X) AppleWebKit/604.1.34 (KHTML, like Gecko) CriOS/69.0.3497.91 Mobile/15E148 Safari/604.1"
126.5.63.201 - - [16/Sep/2018:14:36:04 +0900] "GET /blog/wp-content/themes/twentytwelve/js/navigation.js?ver=1.0 HTTP/1.1" 200 863 "http://www.nishifuna-seitai.com/blog/%E6%9C%AA%E5%88%86%E9%A1%9E/kiji1342/" "Mozilla/5.0 (iPhone; CPU iPhone OS 11_3 like Mac OS X) AppleWebKit/604.1.34 (KHTML, like Gecko) CriOS/69.0.3497.91 Mobile/15E148 Safari/604.1"
126.5.63.201 - - [16/Sep/2018:14:36:03 +0900] "GET /blog/wp-includes/js/jquery/jquery.js?ver=1.8.3 HTTP/1.1" 200 93658 "http://www.nishifuna-seitai.com/blog/%E6%9C%AA%E5%88%86%E9%A1%9E/kiji1342/" "Mozilla/5.0 (iPhone; CPU iPhone OS 11_3 like Mac OS X) AppleWebKit/604.1.34 (KHTML, like Gecko) CriOS/69.0.3497.91 Mobile/15E148 Safari/604.1"
126.5.63.201 - - [16/Sep/2018:14:36:03 +0900] "GET /blog/wp-content/themes/twentytwelve/style.css?ver=3.5.1 HTTP/1.1" 200 35292 "http://www.nishifuna-seitai.com/blog/%E6%9C%AA%E5%88%86%E9%A1%9E/kiji1342/" "Mozilla/5.0 (iPhone; CPU iPhone OS 11_3 like Mac OS X) AppleWebKit/604.1.34 (KHTML, like Gecko) CriOS/69.0.3497.91 Mobile/15E148 Safari/604.1"
126.5.63.201 - - [16/Sep/2018:14:36:03 +0900] "GET /blog/wp-content/uploads/2012/12/h2_index2.png HTTP/1.1" 200 394553 "http://www.nishifuna-seitai.com/blog/%E6%9C%AA%E5%88%86%E9%A1%9E/kiji1342/" "Mozilla/5.0 (iPhone; CPU iPhone OS 11_3 like Mac OS X) AppleWebKit/604.1.34 (KHTML, like Gecko) CriOS/69.0.3497.91 Mobile/15E148 Safari/604.1"
126.5.63.201 - - [16/Sep/2018:14:36:04 +0900] "GET /blog/wp-content/uploads/2014/12/IMG_1018.jpg HTTP/1.1" 200 657369 "http://www.nishifuna-seitai.com/blog/%E6%9C%AA%E5%88%86%E9%A1%9E/kiji1342/" "Mozilla/5.0 (iPhone; CPU iPhone OS 11_3 like Mac OS X) AppleWebKit/604.1.34 (KHTML, like Gecko) CriOS/69.0.3497.91 Mobile/15E148 Safari/604.1"
126.5.63.201 - - [16/Sep/2018:14:36:06 +0900] "GET /favicon.ico HTTP/1.1" 302 219 "-" "Mozilla/5.0 (iPhone; CPU iPhone OS 11_3 like Mac OS X) AppleWebKit/604.1.34 (KHTML, like Gecko) CriOS/69.0.3497.91 Mobile/15E148 Safari/604.1"
126.5.63.201 - - [16/Sep/2018:14:36:06 +0900] "GET /sp/ HTTP/1.1" 200 7496 "-" "Mozilla/5.0 (iPhone; CPU iPhone OS 11_3 like Mac OS X) AppleWebKit/604.1.34 (KHTML, like Gecko) CriOS/69.0.3497.91 Mobile/15E148 Safari/604.1"
219.94.203.142 - - [16/Sep/2018:14:39:00 +0900] "POST /blog/wp-cron.php?doing_wp_cron=1537076340.9512400627136230468750 HTTP/1.0" 502 226 "-" "WordPress/3.5.1; http://www.nishifuna-seitai.com/blog"
46.229.168.143 - - [16/Sep/2018:14:39:00 +0900] "GET /blog/%E6%9C%AA%E5%88%86%E9%A1%9E/kiji1556/ HTTP/1.1" 200 17220 "-" "Mozilla/5.0 (compatible; SemrushBot/2~bl; +http://www.semrush.com/bot.html)"
219.94.203.142 - - [16/Sep/2018:14:41:08 +0900] "POST /blog/wp-cron.php?doing_wp_cron=1537076468.4838070869445800781250 HTTP/1.0" 502 226 "-" "WordPress/3.5.1; http://www.nishifuna-seitai.com/blog"
54.36.148.192 - - [16/Sep/2018:14:41:08 +0900] "GET /blog/date/2014/01/ HTTP/1.1" 200 25173 "-" "Mozilla/5.0 (compatible; AhrefsBot/5.2; +http://ahrefs.com/robot/)"
219.94.203.142 - - [16/Sep/2018:14:42:42 +0900] "POST /blog/wp-cron.php?doing_wp_cron=1537076562.1267778873443603515625 HTTP/1.0" 502 226 "-" "WordPress/3.5.1; http://www.nishifuna-seitai.com/blog"
126.243.121.8 - - [16/Sep/2018:14:42:41 +0900] "GET /blog/%E6%9C%AA%E5%88%86%E9%A1%9E/kiji1469/ HTTP/1.1" 200 18208 "https://search.yahoo.co.jp/" "Mozilla/5.0 (Linux; Android 8.0.0; 605SH Build/S1004; wv) AppleWebKit/537.36 (KHTML, like Gecko) Version/4.0 Chrome/68.0.3440.91 Mobile Safari/537.36 YJApp-ANDROID jp.co.yahoo.android.yjtop/3.28.0"
126.243.121.8 - - [16/Sep/2018:14:42:42 +0900] "GET /blog/wp-content/plugins/contact-form-7/includes/css/styles.css?ver=3.3.3 HTTP/1.1" 200 887 "http://www.nishifuna-seitai.com/blog/%E6%9C%AA%E5%88%86%E9%A1%9E/kiji1469/" "Mozilla/5.0 (Linux; Android 8.0.0; 605SH Build/S1004; wv) AppleWebKit/537.36 (KHTML, like Gecko) Version/4.0 Chrome/68.0.3440.91 Mobile Safari/537.36 YJApp-ANDROID jp.co.yahoo.android.yjtop/3.28.0"
126.243.121.8 - - [16/Sep/2018:14:42:42 +0900] "GET /blog/wp-content/themes/twentytwelve/style.css?ver=3.5.1 HTTP/1.1" 200 35292 "http://www.nishifuna-seitai.com/blog/%E6%9C%AA%E5%88%86%E9%A1%9E/kiji1469/" "Mozilla/5.0 (Linux; Android 8.0.0; 605SH Build/S1004; wv) AppleWebKit/537.36 (KHTML, like Gecko) Version/4.0 Chrome/68.0.3440.91 Mobile Safari/537.36 YJApp-ANDROID jp.co.yahoo.android.yjtop/3.28.0"
126.243.121.8 - - [16/Sep/2018:14:42:42 +0900] "GET /blog/wp-includes/js/jquery/jquery.js?ver=1.8.3 HTTP/1.1" 200 93658 "http://www.nishifuna-seitai.com/blog/%E6%9C%AA%E5%88%86%E9%A1%9E/kiji1469/" "Mozilla/5.0 (Linux; Android 8.0.0; 605SH Build/S1004; wv) AppleWebKit/537.36 (KHTML, like Gecko) Version/4.0 Chrome/68.0.3440.91 Mobile Safari/537.36 YJApp-ANDROID jp.co.yahoo.android.yjtop/3.28.0"
126.243.121.8 - - [16/Sep/2018:14:42:43 +0900] "GET /blog/wp-content/plugins/contact-form-7/includes/js/jquery.form.min.js?ver=3.25.0-2013.01.18 HTTP/1.1" 200 15158 "http://www.nishifuna-seitai.com/blog/%E6%9C%AA%E5%88%86%E9%A1%9E/kiji1469/" "Mozilla/5.0 (Linux; Android 8.0.0; 605SH Build/S1004; wv) AppleWebKit/537.36 (KHTML, like Gecko) Version/4.0 Chrome/68.0.3440.91 Mobile Safari/537.36 YJApp-ANDROID jp.co.yahoo.android.yjtop/3.28.0"
126.243.121.8 - - [16/Sep/2018:14:42:43 +0900] "GET /blog/wp-content/plugins/contact-form-7/includes/js/scripts.js?ver=3.3.3 HTTP/1.1" 200 6933 "http://www.nishifuna-seitai.com/blog/%E6%9C%AA%E5%88%86%E9%A1%9E/kiji1469/" "Mozilla/5.0 (Linux; Android 8.0.0; 605SH Build/S1004; wv) AppleWebKit/537.36 (KHTML, like Gecko) Version/4.0 Chrome/68.0.3440.91 Mobile Safari/537.36 YJApp-ANDROID jp.co.yahoo.android.yjtop/3.28.0"
126.243.121.8 - - [16/Sep/2018:14:42:43 +0900] "GET /blog/wp-content/themes/twentytwelve/js/navigation.js?ver=1.0 HTTP/1.1" 200 863 "http://www.nishifuna-seitai.com/blog/%E6%9C%AA%E5%88%86%E9%A1%9E/kiji1469/" "Mozilla/5.0 (Linux; Android 8.0.0; 605SH Build/S1004; wv) AppleWebKit/537.36 (KHTML, like Gecko) Version/4.0 Chrome/68.0.3440.91 Mobile Safari/537.36 YJApp-ANDROID jp.co.yahoo.android.yjtop/3.28.0"
126.243.121.8 - - [16/Sep/2018:14:42:43 +0900] "GET /blog/wp-content/uploads/2012/12/h2_index2.png HTTP/1.1" 200 394553 "http://www.nishifuna-seitai.com/blog/%E6%9C%AA%E5%88%86%E9%A1%9E/kiji1469/" "Mozilla/5.0 (Linux; Android 8.0.0; 605SH Build/S1004; wv) AppleWebKit/537.36 (KHTML, like Gecko) Version/4.0 Chrome/68.0.3440.91 Mobile Safari/537.36 YJApp-ANDROID jp.co.yahoo.android.yjtop/3.28.0"
126.243.121.8 - - [16/Sep/2018:14:42:43 +0900] "GET /blog/wp-content/uploads/2015/03/IMG_0016.jpg HTTP/1.1" 200 767664 "http://www.nishifuna-seitai.com/blog/%E6%9C%AA%E5%88%86%E9%A1%9E/kiji1469/" "Mozilla/5.0 (Linux; Android 8.0.0; 605SH Build/S1004; wv) AppleWebKit/537.36 (KHTML, like Gecko) Version/4.0 Chrome/68.0.3440.91 Mobile Safari/537.36 YJApp-ANDROID jp.co.yahoo.android.yjtop/3.28.0"
126.243.121.8 - - [16/Sep/2018:14:42:43 +0900] "GET /favicon.ico HTTP/1.1" 302 219 "http://www.nishifuna-seitai.com/blog/%E6%9C%AA%E5%88%86%E9%A1%9E/kiji1469/" "Mozilla/5.0 (Linux; Android 8.0.0; 605SH Build/S1004; wv) AppleWebKit/537.36 (KHTML, like Gecko) Version/4.0 Chrome/68.0.3440.91 Mobile Safari/537.36 YJApp-ANDROID jp.co.yahoo.android.yjtop/3.28.0"
219.94.203.142 - - [16/Sep/2018:14:46:31 +0900] "POST /blog/wp-cron.php?doing_wp_cron=1537076791.1336638927459716796875 HTTP/1.0" 502 226 "-" "WordPress/3.5.1; http://www.nishifuna-seitai.com/blog"
46.229.168.139 - - [16/Sep/2018:14:46:30 +0900] "GET /blog/date/2016/02/ HTTP/1.1" 200 17283 "-" "Mozilla/5.0 (compatible; SemrushBot/2~bl; +http://www.semrush.com/bot.html)"
219.94.203.142 - - [16/Sep/2018:15:15:06 +0900] "POST /blog/wp-cron.php?doing_wp_cron=1537078505.9531168937683105468750 HTTP/1.0" 502 226 "-" "WordPress/3.5.1; http://www.nishifuna-seitai.com/blog"
46.229.168.132 - - [16/Sep/2018:15:15:05 +0900] "GET /blog/%E6%9C%AA%E5%88%86%E9%A1%9E/kiji1289/ HTTP/1.1" 200 17257 "-" "Mozilla/5.0 (compatible; SemrushBot/2~bl; +http://www.semrush.com/bot.html)"
219.94.203.142 - - [16/Sep/2018:15:26:22 +0900] "POST /blog/wp-cron.php?doing_wp_cron=1537079182.4249761104583740234375 HTTP/1.0" 502 226 "-" "WordPress/3.5.1; http://www.nishifuna-seitai.com/blog"
54.36.149.25 - - [16/Sep/2018:15:26:22 +0900] "GET /blog/%E6%9C%AA%E5%88%86%E9%A1%9E/kiji1211/feed/ HTTP/1.1" 200 1036 "-" "Mozilla/5.0 (compatible; AhrefsBot/5.2; +http://ahrefs.com/robot/)"
219.94.203.142 - - [16/Sep/2018:16:04:00 +0900] "POST /blog/wp-cron.php?doing_wp_cron=1537081440.3412890434265136718750 HTTP/1.0" 502 226 "-" "WordPress/3.5.1; http://www.nishifuna-seitai.com/blog"
207.46.13.61 - - [16/Sep/2018:16:04:00 +0900] "GET /blog/%E3%82%B9%E3%82%BF%E3%83%83%E3%83%95%E3%82%88%E3%82%8A/kiji272/ HTTP/1.1" 200 17833 "-" "Mozilla/5.0 (compatible; bingbot/2.0; +http://www.bing.com/bingbot.htm)"
66.249.79.57 - - [16/Sep/2018:16:06:07 +0900] "GET /robots.txt HTTP/1.1" 404 2275 "-" "Mozilla/5.0 (compatible; Googlebot/2.1; +http://www.google.com/bot.html)"
66.249.79.63 - - [16/Sep/2018:16:06:09 +0900] "GET / HTTP/1.1" 200 16214 "-" "Mozilla/5.0 (compatible; Googlebot/2.1; +http://www.google.com/bot.html)"
180.56.196.159 - - [16/Sep/2018:16:08:21 +0900] "GET /treatment/leg/ HTTP/1.1" 200 10766 "https://www.google.co.jp/" "Mozilla/5.0 (Windows NT 10.0; Win64; x64) AppleWebKit/537.36 (KHTML, like Gecko) Chrome/68.0.3440.106 Safari/537.36"
180.56.196.159 - - [16/Sep/2018:16:08:21 +0900] "GET /css/sub_common.css HTTP/1.1" 200 11125 "http://www.nishifuna-seitai.com/treatment/leg/" "Mozilla/5.0 (Windows NT 10.0; Win64; x64) AppleWebKit/537.36 (KHTML, like Gecko) Chrome/68.0.3440.106 Safari/537.36"
180.56.196.159 - - [16/Sep/2018:16:08:21 +0900] "GET /treatment/images/nishifuna-para.jpg HTTP/1.1" 404 2275 "http://www.nishifuna-seitai.com/treatment/leg/" "Mozilla/5.0 (Windows NT 10.0; Win64; x64) AppleWebKit/537.36 (KHTML, like Gecko) Chrome/68.0.3440.106 Safari/537.36"
180.56.196.159 - - [16/Sep/2018:16:08:21 +0900] "GET /css/common.css HTTP/1.1" 200 3235 "http://www.nishifuna-seitai.com/treatment/leg/" "Mozilla/5.0 (Windows NT 10.0; Win64; x64) AppleWebKit/537.36 (KHTML, like Gecko) Chrome/68.0.3440.106 Safari/537.36"
180.56.196.159 - - [16/Sep/2018:16:08:21 +0900] "GET /js/top.js HTTP/1.1" 200 594 "http://www.nishifuna-seitai.com/treatment/leg/" "Mozilla/5.0 (Windows NT 10.0; Win64; x64) AppleWebKit/537.36 (KHTML, like Gecko) Chrome/68.0.3440.106 Safari/537.36"
180.56.196.159 - - [16/Sep/2018:16:08:21 +0900] "GET /css/treatment.css HTTP/1.1" 200 14781 "http://www.nishifuna-seitai.com/treatment/leg/" "Mozilla/5.0 (Windows NT 10.0; Win64; x64) AppleWebKit/537.36 (KHTML, like Gecko) Chrome/68.0.3440.106 Safari/537.36"
180.56.196.159 - - [16/Sep/2018:16:08:22 +0900] "GET /images/footer_info_bg.gif HTTP/1.1" 200 1104 "http://www.nishifuna-seitai.com/css/sub_common.css" "Mozilla/5.0 (Windows NT 10.0; Win64; x64) AppleWebKit/537.36 (KHTML, like Gecko) Chrome/68.0.3440.106 Safari/537.36"
180.56.196.159 - - [16/Sep/2018:16:08:22 +0900] "GET /images/footer_info_title.gif HTTP/1.1" 200 493 "http://www.nishifuna-seitai.com/css/sub_common.css" "Mozilla/5.0 (Windows NT 10.0; Win64; x64) AppleWebKit/537.36 (KHTML, like Gecko) Chrome/68.0.3440.106 Safari/537.36"
180.56.196.159 - - [16/Sep/2018:16:08:22 +0900] "GET /images/design.jpg HTTP/1.1" 200 2965 "http://www.nishifuna-seitai.com/css/sub_common.css" "Mozilla/5.0 (Windows NT 10.0; Win64; x64) AppleWebKit/537.36 (KHTML, like Gecko) Chrome/68.0.3440.106 Safari/537.36"
180.56.196.159 - - [16/Sep/2018:16:08:22 +0900] "GET /images/header_bg.jpg HTTP/1.1" 200 719 "http://www.nishifuna-seitai.com/css/common.css" "Mozilla/5.0 (Windows NT 10.0; Win64; x64) AppleWebKit/537.36 (KHTML, like Gecko) Chrome/68.0.3440.106 Safari/537.36"
180.56.196.159 - - [16/Sep/2018:16:08:22 +0900] "GET /images/coupon_banner.gif HTTP/1.1" 200 8549 "http://www.nishifuna-seitai.com/css/sub_common.css" "Mozilla/5.0 (Windows NT 10.0; Win64; x64) AppleWebKit/537.36 (KHTML, like Gecko) Chrome/68.0.3440.106 Safari/537.36"
180.56.196.159 - - [16/Sep/2018:16:08:22 +0900] "GET /images/url.jpg HTTP/1.1" 200 3667 "http://www.nishifuna-seitai.com/css/sub_common.css" "Mozilla/5.0 (Windows NT 10.0; Win64; x64) AppleWebKit/537.36 (KHTML, like Gecko) Chrome/68.0.3440.106 Safari/537.36"
180.56.196.159 - - [16/Sep/2018:16:08:22 +0900] "GET /images/mobile_title.jpg HTTP/1.1" 200 12500 "http://www.nishifuna-seitai.com/css/sub_common.css" "Mozilla/5.0 (Windows NT 10.0; Win64; x64) AppleWebKit/537.36 (KHTML, like Gecko) Chrome/68.0.3440.106 Safari/537.36"
180.56.196.159 - - [16/Sep/2018:16:08:22 +0900] "GET /images/mobile_bg.jpg HTTP/1.1" 200 17491 "http://www.nishifuna-seitai.com/css/sub_common.css" "Mozilla/5.0 (Windows NT 10.0; Win64; x64) AppleWebKit/537.36 (KHTML, like Gecko) Chrome/68.0.3440.106 Safari/537.36"
180.56.196.159 - - [16/Sep/2018:16:08:22 +0900] "GET /images/staff.gif HTTP/1.1" 200 14075 "http://www.nishifuna-seitai.com/css/sub_common.css" "Mozilla/5.0 (Windows NT 10.0; Win64; x64) AppleWebKit/537.36 (KHTML, like Gecko) Chrome/68.0.3440.106 Safari/537.36"
180.56.196.159 - - [16/Sep/2018:16:08:22 +0900] "GET /images/tel2.gif HTTP/1.1" 200 6092 "http://www.nishifuna-seitai.com/css/sub_common.css" "Mozilla/5.0 (Windows NT 10.0; Win64; x64) AppleWebKit/537.36 (KHTML, like Gecko) Chrome/68.0.3440.106 Safari/537.36"
180.56.196.159 - - [16/Sep/2018:16:08:22 +0900] "GET /images/inquiry.jpg HTTP/1.1" 200 15317 "http://www.nishifuna-seitai.com/css/sub_common.css" "Mozilla/5.0 (Windows NT 10.0; Win64; x64) AppleWebKit/537.36 (KHTML, like Gecko) Chrome/68.0.3440.106 Safari/537.36"
180.56.196.159 - - [16/Sep/2018:16:08:22 +0900] "GET /images/arrow01.gif HTTP/1.1" 200 296 "http://www.nishifuna-seitai.com/css/sub_common.css" "Mozilla/5.0 (Windows NT 10.0; Win64; x64) AppleWebKit/537.36 (KHTML, like Gecko) Chrome/68.0.3440.106 Safari/537.36"
180.56.196.159 - - [16/Sep/2018:16:08:22 +0900] "GET /images/inquiry_title2.jpg HTTP/1.1" 200 16437 "http://www.nishifuna-seitai.com/css/sub_common.css" "Mozilla/5.0 (Windows NT 10.0; Win64; x64) AppleWebKit/537.36 (KHTML, like Gecko) Chrome/68.0.3440.106 Safari/537.36"
180.56.196.159 - - [16/Sep/2018:16:08:22 +0900] "GET /images/pagetop.jpg HTTP/1.1" 200 4311 "http://www.nishifuna-seitai.com/css/sub_common.css" "Mozilla/5.0 (Windows NT 10.0; Win64; x64) AppleWebKit/537.36 (KHTML, like Gecko) Chrome/68.0.3440.106 Safari/537.36"
180.56.196.159 - - [16/Sep/2018:16:08:22 +0900] "GET /images/o_charge_title.png HTTP/1.1" 200 3478 "http://www.nishifuna-seitai.com/css/treatment.css" "Mozilla/5.0 (Windows NT 10.0; Win64; x64) AppleWebKit/537.36 (KHTML, like Gecko) Chrome/68.0.3440.106 Safari/537.36"
180.56.196.159 - - [16/Sep/2018:16:08:22 +0900] "GET /images/bg_sub.jpg HTTP/1.1" 200 313153 "http://www.nishifuna-seitai.com/css/sub_common.css" "Mozilla/5.0 (Windows NT 10.0; Win64; x64) AppleWebKit/537.36 (KHTML, like Gecko) Chrome/68.0.3440.106 Safari/537.36"
180.56.196.159 - - [16/Sep/2018:16:08:22 +0900] "GET /images/nishifunablog.jpg HTTP/1.1" 200 68684 "http://www.nishifuna-seitai.com/css/common.css" "Mozilla/5.0 (Windows NT 10.0; Win64; x64) AppleWebKit/537.36 (KHTML, like Gecko) Chrome/68.0.3440.106 Safari/537.36"
180.56.196.159 - - [16/Sep/2018:16:08:22 +0900] "GET /images/flow_advice2.jpg HTTP/1.1" 200 44278 "http://www.nishifuna-seitai.com/css/treatment.css" "Mozilla/5.0 (Windows NT 10.0; Win64; x64) AppleWebKit/537.36 (KHTML, like Gecko) Chrome/68.0.3440.106 Safari/537.36"
180.56.196.159 - - [16/Sep/2018:16:08:22 +0900] "GET /images/flow_drop_733.jpg HTTP/1.1" 200 43346 "http://www.nishifuna-seitai.com/css/treatment.css" "Mozilla/5.0 (Windows NT 10.0; Win64; x64) AppleWebKit/537.36 (KHTML, like Gecko) Chrome/68.0.3440.106 Safari/537.36"
180.56.196.159 - - [16/Sep/2018:16:08:22 +0900] "GET /images/flow_tekut.jpg HTTP/1.1" 200 45235 "http://www.nishifuna-seitai.com/css/treatment.css" "Mozilla/5.0 (Windows NT 10.0; Win64; x64) AppleWebKit/537.36 (KHTML, like Gecko) Chrome/68.0.3440.106 Safari/537.36"
180.56.196.159 - - [16/Sep/2018:16:08:22 +0900] "GET /images/flow_air.jpg HTTP/1.1" 200 42385 "http://www.nishifuna-seitai.com/css/treatment.css" "Mozilla/5.0 (Windows NT 10.0; Win64; x64) AppleWebKit/537.36 (KHTML, like Gecko) Chrome/68.0.3440.106 Safari/537.36"
180.56.196.159 - - [16/Sep/2018:16:08:22 +0900] "GET /images/treatment_h2.jpg HTTP/1.1" 200 43769 "http://www.nishifuna-seitai.com/css/treatment.css" "Mozilla/5.0 (Windows NT 10.0; Win64; x64) AppleWebKit/537.36 (KHTML, like Gecko) Chrome/68.0.3440.106 Safari/537.36"
180.56.196.159 - - [16/Sep/2018:16:08:22 +0900] "GET /images/head_access.jpg HTTP/1.1" 200 2972 "http://www.nishifuna-seitai.com/css/sub_common.css" "Mozilla/5.0 (Windows NT 10.0; Win64; x64) AppleWebKit/537.36 (KHTML, like Gecko) Chrome/68.0.3440.106 Safari/537.36"
180.56.196.159 - - [16/Sep/2018:16:08:22 +0900] "GET /images/head_sitemap.jpg HTTP/1.1" 200 2620 "http://www.nishifuna-seitai.com/css/sub_common.css" "Mozilla/5.0 (Windows NT 10.0; Win64; x64) AppleWebKit/537.36 (KHTML, like Gecko) Chrome/68.0.3440.106 Safari/537.36"
180.56.196.159 - - [16/Sep/2018:16:08:22 +0900] "GET /images/leg_title.png HTTP/1.1" 200 2493 "http://www.nishifuna-seitai.com/css/treatment.css" "Mozilla/5.0 (Windows NT 10.0; Win64; x64) AppleWebKit/537.36 (KHTML, like Gecko) Chrome/68.0.3440.106 Safari/537.36"
180.56.196.159 - - [16/Sep/2018:16:08:22 +0900] "GET /images/hnavi.jpg HTTP/1.1" 200 19073 "http://www.nishifuna-seitai.com/css/sub_common.css" "Mozilla/5.0 (Windows NT 10.0; Win64; x64) AppleWebKit/537.36 (KHTML, like Gecko) Chrome/68.0.3440.106 Safari/537.36"
180.56.196.159 - - [16/Sep/2018:16:08:22 +0900] "GET /images/head_logo.jpg HTTP/1.1" 200 25497 "http://www.nishifuna-seitai.com/css/sub_common.css" "Mozilla/5.0 (Windows NT 10.0; Win64; x64) AppleWebKit/537.36 (KHTML, like Gecko) Chrome/68.0.3440.106 Safari/537.36"
180.56.196.159 - - [16/Sep/2018:16:08:22 +0900] "GET /images/step.gif HTTP/1.1" 200 8407 "http://www.nishifuna-seitai.com/css/treatment.css" "Mozilla/5.0 (Windows NT 10.0; Win64; x64) AppleWebKit/537.36 (KHTML, like Gecko) Chrome/68.0.3440.106 Safari/537.36"
180.56.196.159 - - [16/Sep/2018:16:08:22 +0900] "GET /images/mnavi2.jpg HTTP/1.1" 200 79634 "http://www.nishifuna-seitai.com/css/sub_common.css" "Mozilla/5.0 (Windows NT 10.0; Win64; x64) AppleWebKit/537.36 (KHTML, like Gecko) Chrome/68.0.3440.106 Safari/537.36"
180.56.196.159 - - [16/Sep/2018:16:08:22 +0900] "GET /images/flow05_727.jpg HTTP/1.1" 200 43439 "http://www.nishifuna-seitai.com/css/treatment.css" "Mozilla/5.0 (Windows NT 10.0; Win64; x64) AppleWebKit/537.36 (KHTML, like Gecko) Chrome/68.0.3440.106 Safari/537.36"
180.56.196.159 - - [16/Sep/2018:16:08:22 +0900] "GET /images/flow_title.png HTTP/1.1" 200 3107 "http://www.nishifuna-seitai.com/css/treatment.css" "Mozilla/5.0 (Windows NT 10.0; Win64; x64) AppleWebKit/537.36 (KHTML, like Gecko) Chrome/68.0.3440.106 Safari/537.36"
180.56.196.159 - - [16/Sep/2018:16:08:22 +0900] "GET /favicon.ico HTTP/1.1" 200 1150 "http://www.nishifuna-seitai.com/treatment/leg/" "Mozilla/5.0 (Windows NT 10.0; Win64; x64) AppleWebKit/537.36 (KHTML, like Gecko) Chrome/68.0.3440.106 Safari/537.36"
46.229.168.131 - - [16/Sep/2018:16:15:43 +0900] "GET /robots.txt HTTP/1.1" 404 2275 "-" "Mozilla/5.0 (compatible; SemrushBot/2~bl; +http://www.semrush.com/bot.html)"
219.94.203.142 - - [16/Sep/2018:16:15:44 +0900] "POST /blog/wp-cron.php?doing_wp_cron=1537082144.4223239421844482421875 HTTP/1.0" 502 226 "-" "WordPress/3.5.1; http://www.nishifuna-seitai.com/blog"
46.229.168.140 - - [16/Sep/2018:16:15:44 +0900] "GET /blog/%E3%82%B9%E3%82%BF%E3%83%83%E3%83%95%E3%82%88%E3%82%8A/kiji1048/ HTTP/1.1" 200 17431 "-" "Mozilla/5.0 (compatible; SemrushBot/2~bl; +http://www.semrush.com/bot.html)"
37.9.113.194 - - [16/Sep/2018:16:39:32 +0900] "GET /robots.txt HTTP/1.1" 301 250 "-" "Mozilla/5.0 (compatible; YandexBot/3.0; +http://yandex.com/bots)"
37.9.113.194 - - [16/Sep/2018:16:39:32 +0900] "GET /robots.txt HTTP/1.1" 404 2275 "-" "Mozilla/5.0 (compatible; YandexBot/3.0; +http://yandex.com/bots)"
37.9.113.194 - - [16/Sep/2018:16:39:36 +0900] "GET / HTTP/1.1" 301 240 "-" "Mozilla/5.0 (compatible; YandexBot/3.0; +http://yandex.com/bots)"
37.9.113.194 - - [16/Sep/2018:16:39:36 +0900] "GET / HTTP/1.1" 200 16214 "-" "Mozilla/5.0 (compatible; YandexBot/3.0; +http://yandex.com/bots)"
216.244.66.226 - - [16/Sep/2018:16:41:44 +0900] "GET /robots.txt HTTP/1.1" 404 2275 "-" "Mozilla/5.0 (compatible; DotBot/1.1; http://www.opensiteexplorer.org/dotbot, help@moz.com)"
54.36.148.12 - - [16/Sep/2018:16:50:13 +0900] "GET /flow/ HTTP/1.1" 200 10203 "-" "Mozilla/5.0 (compatible; AhrefsBot/5.2; +http://ahrefs.com/robot/)"
94.130.18.77 - - [16/Sep/2018:17:05:05 +0900] "GET /robots.txt HTTP/1.1" 301 250 "-" "Mozilla/5.0 (compatible; BLEXBot/1.0; +http://webmeup-crawler.com/)"
94.130.18.77 - - [16/Sep/2018:17:05:06 +0900] "GET /robots.txt HTTP/1.1" 404 2275 "-" "Mozilla/5.0 (compatible; BLEXBot/1.0; +http://webmeup-crawler.com/)"
94.130.18.77 - - [16/Sep/2018:17:05:07 +0900] "GET /robots.txt HTTP/1.1" 404 2275 "-" "Mozilla/5.0 (compatible; BLEXBot/1.0; +http://webmeup-crawler.com/)"
94.130.18.77 - - [16/Sep/2018:17:05:07 +0900] "GET /sitemap.xml HTTP/1.1" 301 251 "-" "Mozilla/5.0 (compatible; BLEXBot/1.0; +http://webmeup-crawler.com/)"
94.130.18.77 - - [16/Sep/2018:17:05:07 +0900] "GET /sitemap.xml HTTP/1.1" 200 3628 "-" "Mozilla/5.0 (compatible; BLEXBot/1.0; +http://webmeup-crawler.com/)"
94.130.18.77 - - [16/Sep/2018:17:05:17 +0900] "GET /sitemap.xml HTTP/1.1" 200 3628 "-" "Mozilla/5.0 (compatible; BLEXBot/1.0; +http://webmeup-crawler.com/)"
94.130.18.77 - - [16/Sep/2018:17:05:27 +0900] "GET /about/ HTTP/1.1" 200 10210 "-" "Mozilla/5.0 (compatible; BLEXBot/1.0; +http://webmeup-crawler.com/)"
94.130.18.77 - - [16/Sep/2018:17:05:45 +0900] "GET /access/ HTTP/1.1" 200 8628 "-" "Mozilla/5.0 (compatible; BLEXBot/1.0; +http://webmeup-crawler.com/)"
219.94.203.142 - - [16/Sep/2018:17:05:56 +0900] "POST /blog/wp-cron.php?doing_wp_cron=1537085156.3977439403533935546875 HTTP/1.0" 502 226 "-" "WordPress/3.5.1; http://www.nishifuna-seitai.com/blog"
94.130.18.77 - - [16/Sep/2018:17:05:56 +0900] "GET /blog/ HTTP/1.1" 200 26829 "-" "Mozilla/5.0 (compatible; BLEXBot/1.0; +http://webmeup-crawler.com/)"
94.130.18.77 - - [16/Sep/2018:17:06:12 +0900] "GET /contact/ HTTP/1.1" 200 10667 "-" "Mozilla/5.0 (compatible; BLEXBot/1.0; +http://webmeup-crawler.com/)"
94.130.18.77 - - [16/Sep/2018:17:06:22 +0900] "GET /contact/privacy.html HTTP/1.1" 200 9855 "-" "Mozilla/5.0 (compatible; BLEXBot/1.0; +http://webmeup-crawler.com/)"
94.130.18.77 - - [16/Sep/2018:17:06:27 +0900] "GET /coupon/ HTTP/1.1" 200 8193 "-" "Mozilla/5.0 (compatible; BLEXBot/1.0; +http://webmeup-crawler.com/)"
94.130.18.77 - - [16/Sep/2018:17:06:34 +0900] "GET /faq/ HTTP/1.1" 200 12171 "-" "Mozilla/5.0 (compatible; BLEXBot/1.0; +http://webmeup-crawler.com/)"
94.130.18.77 - - [16/Sep/2018:17:06:49 +0900] "GET /flow/ HTTP/1.1" 200 10203 "-" "Mozilla/5.0 (compatible; BLEXBot/1.0; +http://webmeup-crawler.com/)"
