94.130.18.77 - - [16/Sep/2018:17:07:00 +0900] "GET /introduction/ HTTP/1.1" 200 9038 "-" "Mozilla/5.0 (compatible; BLEXBot/1.0; +http://webmeup-crawler.com/)"
94.130.18.77 - - [16/Sep/2018:17:07:11 +0900] "GET /link/ HTTP/1.1" 200 7882 "-" "Mozilla/5.0 (compatible; BLEXBot/1.0; +http://webmeup-crawler.com/)"
94.130.18.77 - - [16/Sep/2018:17:07:24 +0900] "GET /news/ HTTP/1.1" 200 8477 "-" "Mozilla/5.0 (compatible; BLEXBot/1.0; +http://webmeup-crawler.com/)"
94.130.18.77 - - [16/Sep/2018:17:07:33 +0900] "GET /price/ HTTP/1.1" 200 9116 "-" "Mozilla/5.0 (compatible; BLEXBot/1.0; +http://webmeup-crawler.com/)"
94.130.18.77 - - [16/Sep/2018:17:07:39 +0900] "GET /sitemap.html HTTP/1.1" 200 10476 "-" "Mozilla/5.0 (compatible; BLEXBot/1.0; +http://webmeup-crawler.com/)"
94.130.18.77 - - [16/Sep/2018:17:07:49 +0900] "GET /staff/ HTTP/1.1" 200 8713 "-" "Mozilla/5.0 (compatible; BLEXBot/1.0; +http://webmeup-crawler.com/)"
94.130.18.77 - - [16/Sep/2018:17:08:00 +0900] "GET /treatment/ HTTP/1.1" 200 9157 "-" "Mozilla/5.0 (compatible; BLEXBot/1.0; +http://webmeup-crawler.com/)"
94.130.18.77 - - [16/Sep/2018:17:08:09 +0900] "GET /treatment/bowleg&knock_knee/ HTTP/1.1" 200 11260 "-" "Mozilla/5.0 (compatible; BLEXBot/1.0; +http://webmeup-crawler.com/)"
94.130.18.77 - - [16/Sep/2018:17:08:19 +0900] "GET /treatment/leg/ HTTP/1.1" 200 10766 "-" "Mozilla/5.0 (compatible; BLEXBot/1.0; +http://webmeup-crawler.com/)"
94.130.18.77 - - [16/Sep/2018:17:08:24 +0900] "GET /treatment/normal/ HTTP/1.1" 200 11375 "-" "Mozilla/5.0 (compatible; BLEXBot/1.0; +http://webmeup-crawler.com/)"
94.130.18.77 - - [16/Sep/2018:17:08:34 +0900] "GET /treatment/pelvis/ HTTP/1.1" 200 10771 "-" "Mozilla/5.0 (compatible; BLEXBot/1.0; +http://webmeup-crawler.com/)"
94.130.18.77 - - [16/Sep/2018:17:08:45 +0900] "GET /voice/ HTTP/1.1" 200 10510 "-" "Mozilla/5.0 (compatible; BLEXBot/1.0; +http://webmeup-crawler.com/)"
219.94.203.142 - - [16/Sep/2018:17:09:49 +0900] "POST /blog/wp-cron.php?doing_wp_cron=1537085389.4540300369262695312500 HTTP/1.0" 502 226 "-" "WordPress/3.5.1; http://www.nishifuna-seitai.com/blog"
39.110.213.34 - - [16/Sep/2018:17:09:49 +0900] "GET /blog/%E6%9C%AA%E5%88%86%E9%A1%9E/kiji1324/ HTTP/1.1" 200 16944 "https://www.google.com/" "Mozilla/5.0 (Windows NT 6.1; rv:62.0) Gecko/20100101 Firefox/62.0"
39.110.213.34 - - [16/Sep/2018:17:09:50 +0900] "GET /blog/wp-content/plugins/contact-form-7/includes/css/styles.css?ver=3.3.3 HTTP/1.1" 200 887 "http://www.nishifuna-seitai.com/blog/%E6%9C%AA%E5%88%86%E9%A1%9E/kiji1324/" "Mozilla/5.0 (Windows NT 6.1; rv:62.0) Gecko/20100101 Firefox/62.0"
39.110.213.34 - - [16/Sep/2018:17:09:50 +0900] "GET /blog/wp-content/themes/twentytwelve/js/navigation.js?ver=1.0 HTTP/1.1" 200 863 "http://www.nishifuna-seitai.com/blog/%E6%9C%AA%E5%88%86%E9%A1%9E/kiji1324/" "Mozilla/5.0 (Windows NT 6.1; rv:62.0) Gecko/20100101 Firefox/62.0"
39.110.213.34 - - [16/Sep/2018:17:09:50 +0900] "GET /blog/wp-content/plugins/contact-form-7/includes/js/scripts.js?ver=3.3.3 HTTP/1.1" 200 6933 "http://www.nishifuna-seitai.com/blog/%E6%9C%AA%E5%88%86%E9%A1%9E/kiji1324/" "Mozilla/5.0 (Windows NT 6.1; rv:62.0) Gecko/20100101 Firefox/62.0"
39.110.213.34 - - [16/Sep/2018:17:09:50 +0900] "GET /blog/wp-content/themes/twentytwelve/style.css?ver=3.5.1 HTTP/1.1" 200 35292 "http://www.nishifuna-seitai.com/blog/%E6%9C%AA%E5%88%86%E9%A1%9E/kiji1324/" "Mozilla/5.0 (Windows NT 6.1; rv:62.0) Gecko/20100101 Firefox/62.0"
39.110.213.34 - - [16/Sep/2018:17:09:50 +0900] "GET /blog/wp-content/plugins/contact-form-7/includes/js/jquery.form.min.js?ver=3.25.0-2013.01.18 HTTP/1.1" 200 15158 "http://www.nishifuna-seitai.com/blog/%E6%9C%AA%E5%88%86%E9%A1%9E/kiji1324/" "Mozilla/5.0 (Windows NT 6.1; rv:62.0) Gecko/20100101 Firefox/62.0"
39.110.213.34 - - [16/Sep/2018:17:09:50 +0900] "GET /blog/wp-includes/js/jquery/jquery.js?ver=1.8.3 HTTP/1.1" 200 93658 "http://www.nishifuna-seitai.com/blog/%E6%9C%AA%E5%88%86%E9%A1%9E/kiji1324/" "Mozilla/5.0 (Windows NT 6.1; rv:62.0) Gecko/20100101 Firefox/62.0"
39.110.213.34 - - [16/Sep/2018:17:09:50 +0900] "GET /blog/wp-content/uploads/2012/12/h2_index2.png HTTP/1.1" 200 394553 "http://www.nishifuna-seitai.com/blog/%E6%9C%AA%E5%88%86%E9%A1%9E/kiji1324/" "Mozilla/5.0 (Windows NT 6.1; rv:62.0) Gecko/20100101 Firefox/62.0"
39.110.213.34 - - [16/Sep/2018:17:09:54 +0900] "GET /favicon.ico HTTP/1.1" 200 1150 "-" "Mozilla/5.0 (Windows NT 6.1; rv:62.0) Gecko/20100101 Firefox/62.0"
39.110.213.34 - - [16/Sep/2018:17:09:54 +0900] "GET /blog/%e6%9c%aa%e5%88%86%e9%a1%9e/kiji1327/ HTTP/1.1" 200 17210 "http://www.nishifuna-seitai.com/blog/%E6%9C%AA%E5%88%86%E9%A1%9E/kiji1324/" "Mozilla/5.0 (Windows NT 6.1; rv:62.0) Gecko/20100101 Firefox/62.0"
39.110.213.34 - - [16/Sep/2018:17:10:04 +0900] "GET /blog/%e6%9c%aa%e5%88%86%e9%a1%9e/kiji1327/ HTTP/1.1" 200 17210 "http://www.nishifuna-seitai.com/blog/%E6%9C%AA%E5%88%86%E9%A1%9E/kiji1324/" "Mozilla/5.0 (Windows NT 6.1; rv:62.0) Gecko/20100101 Firefox/62.0"
39.110.213.34 - - [16/Sep/2018:17:10:09 +0900] "GET /blog/%e6%9c%aa%e5%88%86%e9%a1%9e/kiji1333/ HTTP/1.1" 200 17354 "http://www.nishifuna-seitai.com/blog/%e6%9c%aa%e5%88%86%e9%a1%9e/kiji1327/" "Mozilla/5.0 (Windows NT 6.1; rv:62.0) Gecko/20100101 Firefox/62.0"
39.110.213.34 - - [16/Sep/2018:17:10:18 +0900] "GET /blog/%e6%9c%aa%e5%88%86%e9%a1%9e/kiji1333/ HTTP/1.1" 200 17354 "http://www.nishifuna-seitai.com/blog/%e6%9c%aa%e5%88%86%e9%a1%9e/kiji1327/" "Mozilla/5.0 (Windows NT 6.1; rv:62.0) Gecko/20100101 Firefox/62.0"
39.110.213.34 - - [16/Sep/2018:17:10:23 +0900] "GET /blog/%e6%9c%aa%e5%88%86%e9%a1%9e/kiji1338/ HTTP/1.1" 200 17116 "http://www.nishifuna-seitai.com/blog/%e6%9c%aa%e5%88%86%e9%a1%9e/kiji1333/" "Mozilla/5.0 (Windows NT 6.1; rv:62.0) Gecko/20100101 Firefox/62.0"
219.94.203.142 - - [16/Sep/2018:17:11:47 +0900] "POST /blog/wp-cron.php?doing_wp_cron=1537085507.9331750869750976562500 HTTP/1.0" 502 226 "-" "WordPress/3.5.1; http://www.nishifuna-seitai.com/blog"
60.137.0.20 - - [16/Sep/2018:17:11:48 +0900] "GET /blog/wp-content/plugins/contact-form-7/includes/css/styles.css?ver=3.3.3 HTTP/1.1" 200 887 "http://www.nishifuna-seitai.com/blog/%E6%9C%AA%E5%88%86%E9%A1%9E/kiji1150/" "Mozilla/5.0 (iPhone; CPU iPhone OS 11_4_1 like Mac OS X) AppleWebKit/605.1.15 (KHTML, like Gecko) Mobile/15G77 YJApp-IOS jp.co.yahoo.ipn.appli/4.7.10"
60.137.0.20 - - [16/Sep/2018:17:11:47 +0900] "GET /blog/%E6%9C%AA%E5%88%86%E9%A1%9E/kiji1150/ HTTP/1.1" 200 17700 "https://search.yahoo.co.jp/" "Mozilla/5.0 (iPhone; CPU iPhone OS 11_4_1 like Mac OS X) AppleWebKit/605.1.15 (KHTML, like Gecko) Mobile/15G77 YJApp-IOS jp.co.yahoo.ipn.appli/4.7.10"
60.137.0.20 - - [16/Sep/2018:17:11:48 +0900] "GET /blog/wp-content/plugins/contact-form-7/includes/js/scripts.js?ver=3.3.3 HTTP/1.1" 200 6933 "http://www.nishifuna-seitai.com/blog/%E6%9C%AA%E5%88%86%E9%A1%9E/kiji1150/" "Mozilla/5.0 (iPhone; CPU iPhone OS 11_4_1 like Mac OS X) AppleWebKit/605.1.15 (KHTML, like Gecko) Mobile/15G77 YJApp-IOS jp.co.yahoo.ipn.appli/4.7.10"
60.137.0.20 - - [16/Sep/2018:17:11:48 +0900] "GET /blog/wp-content/themes/twentytwelve/js/navigation.js?ver=1.0 HTTP/1.1" 200 863 "http://www.nishifuna-seitai.com/blog/%E6%9C%AA%E5%88%86%E9%A1%9E/kiji1150/" "Mozilla/5.0 (iPhone; CPU iPhone OS 11_4_1 like Mac OS X) AppleWebKit/605.1.15 (KHTML, like Gecko) Mobile/15G77 YJApp-IOS jp.co.yahoo.ipn.appli/4.7.10"
60.137.0.20 - - [16/Sep/2018:17:11:48 +0900] "GET /blog/wp-content/themes/twentytwelve/style.css?ver=3.5.1 HTTP/1.1" 200 35292 "http://www.nishifuna-seitai.com/blog/%E6%9C%AA%E5%88%86%E9%A1%9E/kiji1150/" "Mozilla/5.0 (iPhone; CPU iPhone OS 11_4_1 like Mac OS X) AppleWebKit/605.1.15 (KHTML, like Gecko) Mobile/15G77 YJApp-IOS jp.co.yahoo.ipn.appli/4.7.10"
60.137.0.20 - - [16/Sep/2018:17:11:48 +0900] "GET /blog/wp-content/plugins/contact-form-7/includes/js/jquery.form.min.js?ver=3.25.0-2013.01.18 HTTP/1.1" 200 15158 "http://www.nishifuna-seitai.com/blog/%E6%9C%AA%E5%88%86%E9%A1%9E/kiji1150/" "Mozilla/5.0 (iPhone; CPU iPhone OS 11_4_1 like Mac OS X) AppleWebKit/605.1.15 (KHTML, like Gecko) Mobile/15G77 YJApp-IOS jp.co.yahoo.ipn.appli/4.7.10"
60.137.0.20 - - [16/Sep/2018:17:11:48 +0900] "GET /blog/wp-content/uploads/2014/01/20140111-175146.jpg HTTP/1.1" 200 22527 "http://www.nishifuna-seitai.com/blog/%E6%9C%AA%E5%88%86%E9%A1%9E/kiji1150/" "Mozilla/5.0 (iPhone; CPU iPhone OS 11_4_1 like Mac OS X) AppleWebKit/605.1.15 (KHTML, like Gecko) Mobile/15G77 YJApp-IOS jp.co.yahoo.ipn.appli/4.7.10"
60.137.0.20 - - [16/Sep/2018:17:11:48 +0900] "GET /blog/wp-includes/js/jquery/jquery.js?ver=1.8.3 HTTP/1.1" 200 93658 "http://www.nishifuna-seitai.com/blog/%E6%9C%AA%E5%88%86%E9%A1%9E/kiji1150/" "Mozilla/5.0 (iPhone; CPU iPhone OS 11_4_1 like Mac OS X) AppleWebKit/605.1.15 (KHTML, like Gecko) Mobile/15G77 YJApp-IOS jp.co.yahoo.ipn.appli/4.7.10"
60.137.0.20 - - [16/Sep/2018:17:11:48 +0900] "GET /blog/wp-content/uploads/2012/12/h2_index2.png HTTP/1.1" 200 394553 "http://www.nishifuna-seitai.com/blog/%E6%9C%AA%E5%88%86%E9%A1%9E/kiji1150/" "Mozilla/5.0 (iPhone; CPU iPhone OS 11_4_1 like Mac OS X) AppleWebKit/605.1.15 (KHTML, like Gecko) Mobile/15G77 YJApp-IOS jp.co.yahoo.ipn.appli/4.7.10"
188.40.107.5 - - [16/Sep/2018:17:14:45 +0900] "GET /robots.txt HTTP/1.1" 301 250 "-" "Mozilla/5.0 (compatible; BLEXBot/1.0; +http://webmeup-crawler.com/)"
188.40.107.5 - - [16/Sep/2018:17:14:46 +0900] "GET /robots.txt HTTP/1.1" 404 2275 "-" "Mozilla/5.0 (compatible; BLEXBot/1.0; +http://webmeup-crawler.com/)"
188.40.107.5 - - [16/Sep/2018:17:14:46 +0900] "GET /robots.txt HTTP/1.1" 404 2275 "-" "Mozilla/5.0 (compatible; BLEXBot/1.0; +http://webmeup-crawler.com/)"
219.94.203.142 - - [16/Sep/2018:17:14:47 +0900] "POST /blog/wp-cron.php?doing_wp_cron=1537085687.4067978858947753906250 HTTP/1.0" 502 226 "-" "WordPress/3.5.1; http://www.nishifuna-seitai.com/blog"
188.40.107.5 - - [16/Sep/2018:17:14:47 +0900] "GET /blog/%E6%9C%AA%E5%88%86%E9%A1%9E/kiji1970/ HTTP/1.1" 200 17327 "-" "Mozilla/5.0 (compatible; BLEXBot/1.0; +http://webmeup-crawler.com/)"
188.40.107.5 - - [16/Sep/2018:17:14:53 +0900] "GET /blog/%E6%9C%AA%E5%88%86%E9%A1%9E/kiji1977/ HTTP/1.1" 200 17393 "-" "Mozilla/5.0 (compatible; BLEXBot/1.0; +http://webmeup-crawler.com/)"
188.40.107.5 - - [16/Sep/2018:17:15:05 +0900] "GET /blog/%E6%9C%AA%E5%88%86%E9%A1%9E/kiji1982/ HTTP/1.1" 200 17401 "-" "Mozilla/5.0 (compatible; BLEXBot/1.0; +http://webmeup-crawler.com/)"
188.40.107.5 - - [16/Sep/2018:17:15:11 +0900] "GET /blog/%E6%9C%AA%E5%88%86%E9%A1%9E/kiji1985/ HTTP/1.1" 200 17603 "-" "Mozilla/5.0 (compatible; BLEXBot/1.0; +http://webmeup-crawler.com/)"
188.40.107.5 - - [16/Sep/2018:17:15:19 +0900] "GET /blog/%E6%9C%AA%E5%88%86%E9%A1%9E/kiji1991/ HTTP/1.1" 200 17139 "-" "Mozilla/5.0 (compatible; BLEXBot/1.0; +http://webmeup-crawler.com/)"
188.40.107.5 - - [16/Sep/2018:17:15:26 +0900] "GET /blog/author/admin/ HTTP/1.1" 200 27544 "-" "Mozilla/5.0 (compatible; BLEXBot/1.0; +http://webmeup-crawler.com/)"
188.40.107.5 - - [16/Sep/2018:17:15:35 +0900] "GET /blog/category/%E3%82%B9%E3%82%BF%E3%83%83%E3%83%95%E3%82%88%E3%82%8A/ HTTP/1.1" 200 26941 "-" "Mozilla/5.0 (compatible; BLEXBot/1.0; +http://webmeup-crawler.com/)"
188.40.107.5 - - [16/Sep/2018:17:15:42 +0900] "GET /blog/category/%E6%9C%AA%E5%88%86%E9%A1%9E/ HTTP/1.1" 200 27056 "-" "Mozilla/5.0 (compatible; BLEXBot/1.0; +http://webmeup-crawler.com/)"
188.40.107.5 - - [16/Sep/2018:17:15:52 +0900] "GET /blog/date/2013/01/ HTTP/1.1" 200 26361 "-" "Mozilla/5.0 (compatible; BLEXBot/1.0; +http://webmeup-crawler.com/)"
188.40.107.5 - - [16/Sep/2018:17:16:02 +0900] "GET /blog/date/2013/02/ HTTP/1.1" 200 26860 "-" "Mozilla/5.0 (compatible; BLEXBot/1.0; +http://webmeup-crawler.com/)"
188.40.107.5 - - [16/Sep/2018:17:16:10 +0900] "GET /blog/date/2013/03/ HTTP/1.1" 200 27443 "-" "Mozilla/5.0 (compatible; BLEXBot/1.0; +http://webmeup-crawler.com/)"
188.40.107.5 - - [16/Sep/2018:17:16:19 +0900] "GET /blog/date/2013/04/ HTTP/1.1" 200 26997 "-" "Mozilla/5.0 (compatible; BLEXBot/1.0; +http://webmeup-crawler.com/)"
188.40.107.5 - - [16/Sep/2018:17:16:25 +0900] "GET /blog/date/2013/05/ HTTP/1.1" 200 26156 "-" "Mozilla/5.0 (compatible; BLEXBot/1.0; +http://webmeup-crawler.com/)"
188.40.107.5 - - [16/Sep/2018:17:16:34 +0900] "GET /blog/date/2013/06/ HTTP/1.1" 200 16271 "-" "Mozilla/5.0 (compatible; BLEXBot/1.0; +http://webmeup-crawler.com/)"
219.94.203.142 - - [16/Sep/2018:17:16:46 +0900] "POST /blog/wp-cron.php?doing_wp_cron=1537085806.2504260540008544921875 HTTP/1.0" 502 226 "-" "WordPress/3.5.1; http://www.nishifuna-seitai.com/blog"
188.40.107.5 - - [16/Sep/2018:17:16:45 +0900] "GET /blog/date/2013/07/ HTTP/1.1" 200 27164 "-" "Mozilla/5.0 (compatible; BLEXBot/1.0; +http://webmeup-crawler.com/)"
188.40.107.5 - - [16/Sep/2018:17:16:54 +0900] "GET /blog/date/2013/08/ HTTP/1.1" 200 23738 "-" "Mozilla/5.0 (compatible; BLEXBot/1.0; +http://webmeup-crawler.com/)"
188.40.107.5 - - [16/Sep/2018:17:17:01 +0900] "GET /blog/date/2013/09/ HTTP/1.1" 200 18686 "-" "Mozilla/5.0 (compatible; BLEXBot/1.0; +http://webmeup-crawler.com/)"
188.40.107.5 - - [16/Sep/2018:17:17:08 +0900] "GET /blog/date/2013/10/ HTTP/1.1" 200 25626 "-" "Mozilla/5.0 (compatible; BLEXBot/1.0; +http://webmeup-crawler.com/)"
188.40.107.5 - - [16/Sep/2018:17:17:15 +0900] "GET /blog/date/2013/11/ HTTP/1.1" 200 18122 "-" "Mozilla/5.0 (compatible; BLEXBot/1.0; +http://webmeup-crawler.com/)"
188.40.107.5 - - [16/Sep/2018:17:17:24 +0900] "GET /blog/date/2013/12/ HTTP/1.1" 200 22962 "-" "Mozilla/5.0 (compatible; BLEXBot/1.0; +http://webmeup-crawler.com/)"
188.40.107.5 - - [16/Sep/2018:17:17:30 +0900] "GET /blog/date/2014/01/ HTTP/1.1" 200 25173 "-" "Mozilla/5.0 (compatible; BLEXBot/1.0; +http://webmeup-crawler.com/)"
188.40.107.5 - - [16/Sep/2018:17:17:35 +0900] "GET /blog/date/2014/02/ HTTP/1.1" 200 25878 "-" "Mozilla/5.0 (compatible; BLEXBot/1.0; +http://webmeup-crawler.com/)"
188.40.107.5 - - [16/Sep/2018:17:17:46 +0900] "GET /blog/date/2014/03/ HTTP/1.1" 200 24595 "-" "Mozilla/5.0 (compatible; BLEXBot/1.0; +http://webmeup-crawler.com/)"
188.40.107.5 - - [16/Sep/2018:17:17:54 +0900] "GET /blog/date/2014/04/ HTTP/1.1" 200 19856 "-" "Mozilla/5.0 (compatible; BLEXBot/1.0; +http://webmeup-crawler.com/)"
188.40.107.5 - - [16/Sep/2018:17:18:01 +0900] "GET /blog/date/2014/05/ HTTP/1.1" 200 20914 "-" "Mozilla/5.0 (compatible; BLEXBot/1.0; +http://webmeup-crawler.com/)"
188.40.107.5 - - [16/Sep/2018:17:18:12 +0900] "GET /blog/date/2014/06/ HTTP/1.1" 200 25418 "-" "Mozilla/5.0 (compatible; BLEXBot/1.0; +http://webmeup-crawler.com/)"
188.40.107.5 - - [16/Sep/2018:17:18:21 +0900] "GET /blog/date/2014/07/ HTTP/1.1" 200 25406 "-" "Mozilla/5.0 (compatible; BLEXBot/1.0; +http://webmeup-crawler.com/)"
188.40.107.5 - - [16/Sep/2018:17:18:27 +0900] "GET /blog/date/2014/08/ HTTP/1.1" 200 24807 "-" "Mozilla/5.0 (compatible; BLEXBot/1.0; +http://webmeup-crawler.com/)"
188.40.107.5 - - [16/Sep/2018:17:18:35 +0900] "GET /blog/date/2014/09/ HTTP/1.1" 200 25024 "-" "Mozilla/5.0 (compatible; BLEXBot/1.0; +http://webmeup-crawler.com/)"
219.94.203.142 - - [16/Sep/2018:17:18:42 +0900] "POST /blog/wp-cron.php?doing_wp_cron=1537085922.7879719734191894531250 HTTP/1.0" 502 226 "-" "WordPress/3.5.1; http://www.nishifuna-seitai.com/blog"
188.40.107.5 - - [16/Sep/2018:17:18:42 +0900] "GET /blog/date/2014/10/ HTTP/1.1" 200 26048 "-" "Mozilla/5.0 (compatible; BLEXBot/1.0; +http://webmeup-crawler.com/)"
188.40.107.5 - - [16/Sep/2018:17:18:53 +0900] "GET /blog/date/2014/11/ HTTP/1.1" 200 25304 "-" "Mozilla/5.0 (compatible; BLEXBot/1.0; +http://webmeup-crawler.com/)"
188.40.107.5 - - [16/Sep/2018:17:19:01 +0900] "GET /blog/date/2014/12/ HTTP/1.1" 200 25605 "-" "Mozilla/5.0 (compatible; BLEXBot/1.0; +http://webmeup-crawler.com/)"
188.40.107.5 - - [16/Sep/2018:17:19:09 +0900] "GET /blog/date/2015/01/ HTTP/1.1" 200 27313 "-" "Mozilla/5.0 (compatible; BLEXBot/1.0; +http://webmeup-crawler.com/)"
188.40.107.5 - - [16/Sep/2018:17:19:16 +0900] "GET /blog/date/2015/02/ HTTP/1.1" 200 31544 "-" "Mozilla/5.0 (compatible; BLEXBot/1.0; +http://webmeup-crawler.com/)"
188.40.107.5 - - [16/Sep/2018:17:19:22 +0900] "GET /blog/date/2015/03/ HTTP/1.1" 200 30882 "-" "Mozilla/5.0 (compatible; BLEXBot/1.0; +http://webmeup-crawler.com/)"
188.40.107.5 - - [16/Sep/2018:17:19:31 +0900] "GET /blog/date/2015/04/ HTTP/1.1" 200 30934 "-" "Mozilla/5.0 (compatible; BLEXBot/1.0; +http://webmeup-crawler.com/)"
188.40.107.5 - - [16/Sep/2018:17:19:40 +0900] "GET /blog/date/2015/05/ HTTP/1.1" 200 29315 "-" "Mozilla/5.0 (compatible; BLEXBot/1.0; +http://webmeup-crawler.com/)"
188.40.107.5 - - [16/Sep/2018:17:19:51 +0900] "GET /blog/date/2015/06/ HTTP/1.1" 200 26457 "-" "Mozilla/5.0 (compatible; BLEXBot/1.0; +http://webmeup-crawler.com/)"
188.40.107.5 - - [16/Sep/2018:17:19:58 +0900] "GET /blog/date/2015/07/ HTTP/1.1" 200 18911 "-" "Mozilla/5.0 (compatible; BLEXBot/1.0; +http://webmeup-crawler.com/)"
188.40.107.5 - - [16/Sep/2018:17:20:09 +0900] "GET /blog/date/2015/08/ HTTP/1.1" 200 26040 "-" "Mozilla/5.0 (compatible; BLEXBot/1.0; +http://webmeup-crawler.com/)"
188.40.107.5 - - [16/Sep/2018:17:20:22 +0900] "GET /blog/date/2015/09/ HTTP/1.1" 200 26934 "-" "Mozilla/5.0 (compatible; BLEXBot/1.0; +http://webmeup-crawler.com/)"
188.40.107.5 - - [16/Sep/2018:17:20:31 +0900] "GET /blog/date/2015/11/ HTTP/1.1" 200 16186 "-" "Mozilla/5.0 (compatible; BLEXBot/1.0; +http://webmeup-crawler.com/)"
219.94.203.142 - - [16/Sep/2018:17:20:41 +0900] "POST /blog/wp-cron.php?doing_wp_cron=1537086041.4312899112701416015625 HTTP/1.0" 502 226 "-" "WordPress/3.5.1; http://www.nishifuna-seitai.com/blog"
188.40.107.5 - - [16/Sep/2018:17:20:41 +0900] "GET /blog/date/2015/12/ HTTP/1.1" 200 15751 "-" "Mozilla/5.0 (compatible; BLEXBot/1.0; +http://webmeup-crawler.com/)"
188.40.107.5 - - [16/Sep/2018:17:20:50 +0900] "GET /blog/date/2016/01/ HTTP/1.1" 200 15732 "-" "Mozilla/5.0 (compatible; BLEXBot/1.0; +http://webmeup-crawler.com/)"
188.40.107.5 - - [16/Sep/2018:17:20:56 +0900] "GET /blog/date/2016/02/ HTTP/1.1" 200 17283 "-" "Mozilla/5.0 (compatible; BLEXBot/1.0; +http://webmeup-crawler.com/)"
188.40.107.5 - - [16/Sep/2018:17:21:04 +0900] "GET /blog/date/2016/12/ HTTP/1.1" 200 15589 "-" "Mozilla/5.0 (compatible; BLEXBot/1.0; +http://webmeup-crawler.com/)"
188.40.107.5 - - [16/Sep/2018:17:21:14 +0900] "GET /blog/date/2017/03/ HTTP/1.1" 200 17448 "-" "Mozilla/5.0 (compatible; BLEXBot/1.0; +http://webmeup-crawler.com/)"
188.40.107.5 - - [16/Sep/2018:17:21:23 +0900] "GET /blog/date/2017/04/ HTTP/1.1" 200 20199 "-" "Mozilla/5.0 (compatible; BLEXBot/1.0; +http://webmeup-crawler.com/)"
188.40.107.5 - - [16/Sep/2018:17:21:28 +0900] "GET /blog/date/2017/05/ HTTP/1.1" 200 23666 "-" "Mozilla/5.0 (compatible; BLEXBot/1.0; +http://webmeup-crawler.com/)"
188.40.107.5 - - [16/Sep/2018:17:21:39 +0900] "GET /blog/date/2017/06/ HTTP/1.1" 200 30650 "-" "Mozilla/5.0 (compatible; BLEXBot/1.0; +http://webmeup-crawler.com/)"
188.40.107.5 - - [16/Sep/2018:17:21:47 +0900] "GET /blog/date/2017/07/ HTTP/1.1" 200 20791 "-" "Mozilla/5.0 (compatible; BLEXBot/1.0; +http://webmeup-crawler.com/)"
188.40.107.5 - - [16/Sep/2018:17:22:00 +0900] "GET /blog/date/2017/09/ HTTP/1.1" 200 17341 "-" "Mozilla/5.0 (compatible; BLEXBot/1.0; +http://webmeup-crawler.com/)"
188.40.107.5 - - [16/Sep/2018:17:22:07 +0900] "GET /blog/date/2017/11/ HTTP/1.1" 200 16315 "-" "Mozilla/5.0 (compatible; BLEXBot/1.0; +http://webmeup-crawler.com/)"
188.40.107.5 - - [16/Sep/2018:17:22:13 +0900] "GET /blog/date/2018/03/ HTTP/1.1" 200 29253 "-" "Mozilla/5.0 (compatible; BLEXBot/1.0; +http://webmeup-crawler.com/)"
188.40.107.5 - - [16/Sep/2018:17:22:21 +0900] "GET /blog/date/2018/04/ HTTP/1.1" 200 24679 "-" "Mozilla/5.0 (compatible; BLEXBot/1.0; +http://webmeup-crawler.com/)"
188.40.107.5 - - [16/Sep/2018:17:22:26 +0900] "GET /blog/date/2018/05/ HTTP/1.1" 200 23957 "-" "Mozilla/5.0 (compatible; BLEXBot/1.0; +http://webmeup-crawler.com/)"
188.40.107.5 - - [16/Sep/2018:17:22:39 +0900] "GET /blog/page/2/ HTTP/1.1" 200 28224 "-" "Mozilla/5.0 (compatible; BLEXBot/1.0; +http://webmeup-crawler.com/)"
219.94.203.142 - - [16/Sep/2018:17:22:48 +0900] "POST /blog/wp-cron.php?doing_wp_cron=1537086168.7151930332183837890625 HTTP/1.0" 502 226 "-" "WordPress/3.5.1; http://www.nishifuna-seitai.com/blog"
188.40.107.5 - - [16/Sep/2018:17:22:48 +0900] "GET /blog/sample-page/ HTTP/1.1" 200 15842 "-" "Mozilla/5.0 (compatible; BLEXBot/1.0; +http://webmeup-crawler.com/)"
188.40.107.5 - - [16/Sep/2018:17:22:56 +0900] "GET /news/access/ HTTP/1.1" 404 2275 "-" "Mozilla/5.0 (compatible; BLEXBot/1.0; +http://webmeup-crawler.com/)"
188.40.107.5 - - [16/Sep/2018:17:23:04 +0900] "GET /news/contact/privacy.html HTTP/1.1" 404 2275 "-" "Mozilla/5.0 (compatible; BLEXBot/1.0; +http://webmeup-crawler.com/)"
188.40.107.5 - - [16/Sep/2018:17:23:12 +0900] "GET /news/coupon/ HTTP/1.1" 404 2275 "-" "Mozilla/5.0 (compatible; BLEXBot/1.0; +http://webmeup-crawler.com/)"
188.40.107.5 - - [16/Sep/2018:17:23:20 +0900] "GET /news/sitemap.html HTTP/1.1" 404 2275 "-" "Mozilla/5.0 (compatible; BLEXBot/1.0; +http://webmeup-crawler.com/)"
188.40.107.5 - - [16/Sep/2018:17:23:26 +0900] "GET /news/treatment/ HTTP/1.1" 404 2275 "-" "Mozilla/5.0 (compatible; BLEXBot/1.0; +http://webmeup-crawler.com/)"
42.236.10.107 - - [16/Sep/2018:17:28:43 +0900] "GET / HTTP/1.1" 200 16214 "http://www.nishifuna-seitai.com/" "Mozilla/5.0 (Windows NT 6.1; WOW64) AppleWebKit/537.36 (KHTML, like Gecko) Chrome/50.0.2661.102 Safari/537.36; 360Spider"
219.94.203.142 - - [16/Sep/2018:17:28:43 +0900] "POST /blog/wp-cron.php?doing_wp_cron=1537086523.1686360836029052734375 HTTP/1.0" 200 - "-" "WordPress/3.5.1; http://www.nishifuna-seitai.com/blog"
219.94.203.142 - - [16/Sep/2018:17:28:43 +0900] "POST /blog/wp-cron.php?doing_wp_cron=1537086523.2049040794372558593750 HTTP/1.0" 200 - "-" "WordPress/3.5.1; http://www.nishifuna-seitai.com/blog"
42.236.10.81 - - [16/Sep/2018:17:28:43 +0900] "GET /blog/%E6%9C%AA%E5%88%86%E9%A1%9E/kiji1610/ HTTP/1.1" 200 17325 "http://www.nishifuna-seitai.com/blog/%E6%9C%AA%E5%88%86%E9%A1%9E/kiji1610/" "Mozilla/5.0 (Windows NT 6.1; WOW64) AppleWebKit/537.36 (KHTML, like Gecko) Chrome/50.4.2661.102 Safari/537.36; 360Spider"
42.236.10.109 - - [16/Sep/2018:17:28:43 +0900] "GET /blog/page/6/ HTTP/1.1" 200 30103 "http://www.nishifuna-seitai.com/blog/page/6/" "Mozilla/5.0 (Windows NT 6.1; WOW64) AppleWebKit/537.36 (KHTML, like Gecko) Chrome/50.0.2661.102 Safari/537.36; 360Spider"
219.94.203.142 - - [16/Sep/2018:17:28:43 +0900] "POST /blog/wp-cron.php?doing_wp_cron=1537086523.2461800575256347656250 HTTP/1.0" 502 226 "-" "WordPress/3.5.1; http://www.nishifuna-seitai.com/blog"
42.236.10.113 - - [16/Sep/2018:17:28:43 +0900] "GET /blog/%E6%9C%AA%E5%88%86%E9%A1%9E/kiji1970/ HTTP/1.1" 200 17327 "http://www.nishifuna-seitai.com/blog/%E6%9C%AA%E5%88%86%E9%A1%9E/kiji1970/" "Mozilla/5.0 (Windows NT 6.1; WOW64) AppleWebKit/537.36 (KHTML, like Gecko) Chrome/50.0.2661.102 Safari/537.36; 360Spider"
42.236.10.71 - - [16/Sep/2018:17:28:42 +0900] "GET /blog/%E6%9C%AA%E5%88%86%E9%A1%9E/kiji1735/ HTTP/1.1" 200 18335 "http://www.nishifuna-seitai.com/blog/%E6%9C%AA%E5%88%86%E9%A1%9E/kiji1735/" "Mozilla/5.0 (Windows NT 6.1; WOW64) AppleWebKit/537.36 (KHTML, like Gecko) Chrome/50.4.2661.102 Safari/537.36; 360Spider"
42.236.10.113 - - [16/Sep/2018:17:28:43 +0900] "GET /blog/date/2014/06/ HTTP/1.1" 200 25418 "http://www.nishifuna-seitai.com/blog/date/2014/06/" "Mozilla/5.0 (Windows NT 6.1; WOW64) AppleWebKit/537.36 (KHTML, like Gecko) Chrome/50.0.2661.102 Safari/537.36; 360Spider"
42.236.10.105 - - [16/Sep/2018:17:28:42 +0900] "GET /blog/%E6%9C%AA%E5%88%86%E9%A1%9E/kiji1292/ HTTP/1.1" 200 17427 "http://www.nishifuna-seitai.com/blog/%E6%9C%AA%E5%88%86%E9%A1%9E/kiji1292/" "Mozilla/5.0 (Windows NT 6.1; WOW64) AppleWebKit/537.36 (KHTML, like Gecko) Chrome/50.0.2661.102 Safari/537.36; 360Spider"
42.236.10.89 - - [16/Sep/2018:17:28:43 +0900] "GET /blog/date/2015/12/ HTTP/1.1" 200 15751 "http://www.nishifuna-seitai.com/blog/date/2015/12/" "Mozilla/5.0 (Windows NT 6.1; WOW64) AppleWebKit/537.36 (KHTML, like Gecko) Chrome/50.0.2661.102 Safari/537.36; 360Spider"
42.236.10.120 - - [16/Sep/2018:17:28:43 +0900] "GET /blog/%E6%9C%AA%E5%88%86%E9%A1%9E/kiji1377/ HTTP/1.1" 200 17766 "http://www.nishifuna-seitai.com/blog/%E6%9C%AA%E5%88%86%E9%A1%9E/kiji1377/" "Mozilla/5.0 (Windows NT 6.1; WOW64) AppleWebKit/537.36 (KHTML, like Gecko) Chrome/50.0.2661.102 Safari/537.36; 360Spider"
42.236.10.79 - - [16/Sep/2018:17:28:42 +0900] "GET /blog/%E6%9C%AA%E5%88%86%E9%A1%9E/kiji1223/ HTTP/1.1" 200 17064 "http://www.nishifuna-seitai.com/blog/%E6%9C%AA%E5%88%86%E9%A1%9E/kiji1223/" "Mozilla/5.0 (Windows NT 6.1; WOW64) AppleWebKit/537.36 (KHTML, like Gecko) Chrome/50.0.2661.102 Safari/537.36; 360Spider"
42.236.10.83 - - [16/Sep/2018:17:28:43 +0900] "GET /blog/%E6%9C%AA%E5%88%86%E9%A1%9E/kiji1164/ HTTP/1.1" 200 17048 "http://www.nishifuna-seitai.com/blog/%E6%9C%AA%E5%88%86%E9%A1%9E/kiji1164/" "Mozilla/5.0 (Windows NT 6.1; WOW64) AppleWebKit/537.36 (KHTML, like Gecko) Chrome/50.0.2661.102 Safari/537.36; 360Spider"
42.236.10.123 - - [16/Sep/2018:17:28:43 +0900] "GET /blog/%E3%82%B9%E3%82%BF%E3%83%83%E3%83%95%E3%82%88%E3%82%8A/kiji81/ HTTP/1.1" 200 17624 "http://www.nishifuna-seitai.com/blog/%E3%82%B9%E3%82%BF%E3%83%83%E3%83%95%E3%82%88%E3%82%8A/kiji81/" "Mozilla/5.0 (Windows NT 6.1; WOW64) AppleWebKit/537.36 (KHTML, like Gecko) Chrome/50.0.2661.102 Safari/537.36; 360Spider"
42.236.10.109 - - [16/Sep/2018:17:28:44 +0900] "GET /blog/%E3%82%B9%E3%82%BF%E3%83%83%E3%83%95%E3%82%88%E3%82%8A/kiji1095/ HTTP/1.1" 200 17426 "http://www.nishifuna-seitai.com/blog/%E3%82%B9%E3%82%BF%E3%83%83%E3%83%95%E3%82%88%E3%82%8A/kiji1095/" "Mozilla/5.0 (Windows NT 6.1; WOW64) AppleWebKit/537.36 (KHTML, like Gecko) Chrome/50.0.2661.102 Safari/537.36; 360Spider"
54.36.150.72 - - [16/Sep/2018:17:39:08 +0900] "GET /robots.txt HTTP/1.1" 404 2275 "-" "Mozilla/5.0 (compatible; AhrefsBot/5.2; +http://ahrefs.com/robot/)"
219.94.203.142 - - [16/Sep/2018:17:39:10 +0900] "POST /blog/wp-cron.php?doing_wp_cron=1537087150.1705820560455322265625 HTTP/1.0" 502 226 "-" "WordPress/3.5.1; http://www.nishifuna-seitai.com/blog"
54.36.149.107 - - [16/Sep/2018:17:39:09 +0900] "GET /blog/%E6%9C%AA%E5%88%86%E9%A1%9E/kiji1644/ HTTP/1.1" 200 17572 "-" "Mozilla/5.0 (compatible; AhrefsBot/5.2; +http://ahrefs.com/robot/)"
46.229.168.132 - - [16/Sep/2018:17:39:54 +0900] "GET /robots.txt HTTP/1.1" 404 2275 "-" "Mozilla/5.0 (compatible; SemrushBot/2~bl; +http://www.semrush.com/bot.html)"
46.229.168.133 - - [16/Sep/2018:17:39:57 +0900] "GET /blog/%E6%9C%AA%E5%88%86%E9%A1%9E/kiji1861/ HTTP/1.1" 200 18973 "-" "Mozilla/5.0 (compatible; SemrushBot/2~bl; +http://www.semrush.com/bot.html)"
219.94.203.142 - - [16/Sep/2018:17:43:00 +0900] "POST /blog/wp-cron.php?doing_wp_cron=1537087380.8240370750427246093750 HTTP/1.0" 502 226 "-" "WordPress/3.5.1; http://www.nishifuna-seitai.com/blog"
182.251.244.48 - - [16/Sep/2018:17:43:00 +0900] "GET /blog/%E6%9C%AA%E5%88%86%E9%A1%9E/kiji1357/ HTTP/1.1" 200 17313 "https://search.yahoo.co.jp/" "Mozilla/5.0 (iPhone; CPU iPhone OS 11_2_5 like Mac OS X) AppleWebKit/604.5.6 (KHTML, like Gecko) Version/11.0 Mobile/15D60 Safari/604.1"
182.251.244.48 - - [16/Sep/2018:17:43:01 +0900] "GET /blog/wp-content/plugins/contact-form-7/includes/css/styles.css?ver=3.3.3 HTTP/1.1" 200 887 "http://www.nishifuna-seitai.com/blog/%E6%9C%AA%E5%88%86%E9%A1%9E/kiji1357/" "Mozilla/5.0 (iPhone; CPU iPhone OS 11_2_5 like Mac OS X) AppleWebKit/604.5.6 (KHTML, like Gecko) Version/11.0 Mobile/15D60 Safari/604.1"
182.251.244.48 - - [16/Sep/2018:17:43:01 +0900] "GET /blog/wp-content/plugins/contact-form-7/includes/js/jquery.form.min.js?ver=3.25.0-2013.01.18 HTTP/1.1" 200 15158 "http://www.nishifuna-seitai.com/blog/%E6%9C%AA%E5%88%86%E9%A1%9E/kiji1357/" "Mozilla/5.0 (iPhone; CPU iPhone OS 11_2_5 like Mac OS X) AppleWebKit/604.5.6 (KHTML, like Gecko) Version/11.0 Mobile/15D60 Safari/604.1"
182.251.244.48 - - [16/Sep/2018:17:43:01 +0900] "GET /blog/wp-content/themes/twentytwelve/style.css?ver=3.5.1 HTTP/1.1" 200 35292 "http://www.nishifuna-seitai.com/blog/%E6%9C%AA%E5%88%86%E9%A1%9E/kiji1357/" "Mozilla/5.0 (iPhone; CPU iPhone OS 11_2_5 like Mac OS X) AppleWebKit/604.5.6 (KHTML, like Gecko) Version/11.0 Mobile/15D60 Safari/604.1"
182.251.244.48 - - [16/Sep/2018:17:43:01 +0900] "GET /blog/wp-includes/js/jquery/jquery.js?ver=1.8.3 HTTP/1.1" 200 93658 "http://www.nishifuna-seitai.com/blog/%E6%9C%AA%E5%88%86%E9%A1%9E/kiji1357/" "Mozilla/5.0 (iPhone; CPU iPhone OS 11_2_5 like Mac OS X) AppleWebKit/604.5.6 (KHTML, like Gecko) Version/11.0 Mobile/15D60 Safari/604.1"
182.251.244.48 - - [16/Sep/2018:17:43:01 +0900] "GET /blog/wp-content/themes/twentytwelve/js/navigation.js?ver=1.0 HTTP/1.1" 200 863 "http://www.nishifuna-seitai.com/blog/%E6%9C%AA%E5%88%86%E9%A1%9E/kiji1357/" "Mozilla/5.0 (iPhone; CPU iPhone OS 11_2_5 like Mac OS X) AppleWebKit/604.5.6 (KHTML, like Gecko) Version/11.0 Mobile/15D60 Safari/604.1"
182.251.244.48 - - [16/Sep/2018:17:43:01 +0900] "GET /blog/wp-content/plugins/contact-form-7/includes/js/scripts.js?ver=3.3.3 HTTP/1.1" 200 6933 "http://www.nishifuna-seitai.com/blog/%E6%9C%AA%E5%88%86%E9%A1%9E/kiji1357/" "Mozilla/5.0 (iPhone; CPU iPhone OS 11_2_5 like Mac OS X) AppleWebKit/604.5.6 (KHTML, like Gecko) Version/11.0 Mobile/15D60 Safari/604.1"
182.251.244.48 - - [16/Sep/2018:17:43:01 +0900] "GET /blog/wp-content/uploads/2012/12/h2_index2.png HTTP/1.1" 200 394553 "http://www.nishifuna-seitai.com/blog/%E6%9C%AA%E5%88%86%E9%A1%9E/kiji1357/" "Mozilla/5.0 (iPhone; CPU iPhone OS 11_2_5 like Mac OS X) AppleWebKit/604.5.6 (KHTML, like Gecko) Version/11.0 Mobile/15D60 Safari/604.1"
182.251.244.48 - - [16/Sep/2018:17:43:01 +0900] "GET /blog/wp-content/uploads/2014/12/IMG_0209.jpg HTTP/1.1" 200 1519328 "http://www.nishifuna-seitai.com/blog/%E6%9C%AA%E5%88%86%E9%A1%9E/kiji1357/" "Mozilla/5.0 (iPhone; CPU iPhone OS 11_2_5 like Mac OS X) AppleWebKit/604.5.6 (KHTML, like Gecko) Version/11.0 Mobile/15D60 Safari/604.1"
185.234.218.56 - - [16/Sep/2018:17:43:07 +0900] "GET /wp-login.php HTTP/1.1" 403 2863 "http://nishifuna-seitai.com/wp-login.php" "Mozilla/4.0 (compatible; MSIE 9.0; Windows NT 6.1; 125LA; .NET CLR 2.0.50727; .NET CLR 3.0.04506.648; .NET CLR 3.5.21022)"
185.234.218.56 - - [16/Sep/2018:17:43:07 +0900] "GET /wp-login.php HTTP/1.1" 403 2863 "http://nishifuna-seitai.com/wp-login.php" "Mozilla/4.0 (compatible; MSIE 9.0; Windows NT 6.1; 125LA; .NET CLR 2.0.50727; .NET CLR 3.0.04506.648; .NET CLR 3.5.21022)"
182.251.244.48 - - [16/Sep/2018:17:43:29 +0900] "GET /blog/%E6%9C%AA%E5%88%86%E9%A1%9E/kiji1357/ HTTP/1.1" 200 17313 "https://search.yahoo.co.jp/" "Mozilla/5.0 (iPhone; CPU iPhone OS 11_2_5 like Mac OS X) AppleWebKit/604.5.6 (KHTML, like Gecko) Version/11.0 Mobile/15D60 Safari/604.1"
118.241.10.169 - - [16/Sep/2018:17:52:16 +0900] "GET /treatment/bowleg&knock_knee/ HTTP/1.1" 200 11260 "https://search.yahoo.co.jp/" "Mozilla/5.0 (Macintosh; Intel Mac OS X 10_12_6) AppleWebKit/537.36 (KHTML, like Gecko) Chrome/68.0.3440.106 Safari/537.36"
118.241.10.169 - - [16/Sep/2018:17:52:16 +0900] "GET /css/common.css HTTP/1.1" 200 3235 "http://www.nishifuna-seitai.com/treatment/bowleg&knock_knee/" "Mozilla/5.0 (Macintosh; Intel Mac OS X 10_12_6) AppleWebKit/537.36 (KHTML, like Gecko) Chrome/68.0.3440.106 Safari/537.36"
118.241.10.169 - - [16/Sep/2018:17:52:16 +0900] "GET /treatment/images/nishifuna-para.jpg HTTP/1.1" 404 2275 "http://www.nishifuna-seitai.com/treatment/bowleg&knock_knee/" "Mozilla/5.0 (Macintosh; Intel Mac OS X 10_12_6) AppleWebKit/537.36 (KHTML, like Gecko) Chrome/68.0.3440.106 Safari/537.36"
118.241.10.169 - - [16/Sep/2018:17:52:16 +0900] "GET /js/top.js HTTP/1.1" 200 594 "http://www.nishifuna-seitai.com/treatment/bowleg&knock_knee/" "Mozilla/5.0 (Macintosh; Intel Mac OS X 10_12_6) AppleWebKit/537.36 (KHTML, like Gecko) Chrome/68.0.3440.106 Safari/537.36"
118.241.10.169 - - [16/Sep/2018:17:52:16 +0900] "GET /css/sub_common.css HTTP/1.1" 200 11125 "http://www.nishifuna-seitai.com/treatment/bowleg&knock_knee/" "Mozilla/5.0 (Macintosh; Intel Mac OS X 10_12_6) AppleWebKit/537.36 (KHTML, like Gecko) Chrome/68.0.3440.106 Safari/537.36"
118.241.10.169 - - [16/Sep/2018:17:52:16 +0900] "GET /css/treatment.css HTTP/1.1" 200 14781 "http://www.nishifuna-seitai.com/treatment/bowleg&knock_knee/" "Mozilla/5.0 (Macintosh; Intel Mac OS X 10_12_6) AppleWebKit/537.36 (KHTML, like Gecko) Chrome/68.0.3440.106 Safari/537.36"
118.241.10.169 - - [16/Sep/2018:17:52:16 +0900] "GET /images/header_bg.jpg HTTP/1.1" 200 719 "http://www.nishifuna-seitai.com/css/common.css" "Mozilla/5.0 (Macintosh; Intel Mac OS X 10_12_6) AppleWebKit/537.36 (KHTML, like Gecko) Chrome/68.0.3440.106 Safari/537.36"
118.241.10.169 - - [16/Sep/2018:17:52:16 +0900] "GET /images/design.jpg HTTP/1.1" 200 2965 "http://www.nishifuna-seitai.com/css/sub_common.css" "Mozilla/5.0 (Macintosh; Intel Mac OS X 10_12_6) AppleWebKit/537.36 (KHTML, like Gecko) Chrome/68.0.3440.106 Safari/537.36"
118.241.10.169 - - [16/Sep/2018:17:52:16 +0900] "GET /images/footer_info_bg.gif HTTP/1.1" 200 1104 "http://www.nishifuna-seitai.com/css/sub_common.css" "Mozilla/5.0 (Macintosh; Intel Mac OS X 10_12_6) AppleWebKit/537.36 (KHTML, like Gecko) Chrome/68.0.3440.106 Safari/537.36"
118.241.10.169 - - [16/Sep/2018:17:52:16 +0900] "GET /images/footer_info_title.gif HTTP/1.1" 200 493 "http://www.nishifuna-seitai.com/css/sub_common.css" "Mozilla/5.0 (Macintosh; Intel Mac OS X 10_12_6) AppleWebKit/537.36 (KHTML, like Gecko) Chrome/68.0.3440.106 Safari/537.36"
118.241.10.169 - - [16/Sep/2018:17:52:16 +0900] "GET /images/coupon_banner.gif HTTP/1.1" 200 8549 "http://www.nishifuna-seitai.com/css/sub_common.css" "Mozilla/5.0 (Macintosh; Intel Mac OS X 10_12_6) AppleWebKit/537.36 (KHTML, like Gecko) Chrome/68.0.3440.106 Safari/537.36"
118.241.10.169 - - [16/Sep/2018:17:52:16 +0900] "GET /images/staff.gif HTTP/1.1" 200 14075 "http://www.nishifuna-seitai.com/css/sub_common.css" "Mozilla/5.0 (Macintosh; Intel Mac OS X 10_12_6) AppleWebKit/537.36 (KHTML, like Gecko) Chrome/68.0.3440.106 Safari/537.36"
118.241.10.169 - - [16/Sep/2018:17:52:16 +0900] "GET /images/url.jpg HTTP/1.1" 200 3667 "http://www.nishifuna-seitai.com/css/sub_common.css" "Mozilla/5.0 (Macintosh; Intel Mac OS X 10_12_6) AppleWebKit/537.36 (KHTML, like Gecko) Chrome/68.0.3440.106 Safari/537.36"
118.241.10.169 - - [16/Sep/2018:17:52:16 +0900] "GET /images/inquiry.jpg HTTP/1.1" 200 15317 "http://www.nishifuna-seitai.com/css/sub_common.css" "Mozilla/5.0 (Macintosh; Intel Mac OS X 10_12_6) AppleWebKit/537.36 (KHTML, like Gecko) Chrome/68.0.3440.106 Safari/537.36"
118.241.10.169 - - [16/Sep/2018:17:52:16 +0900] "GET /images/mobile_bg.jpg HTTP/1.1" 200 17491 "http://www.nishifuna-seitai.com/css/sub_common.css" "Mozilla/5.0 (Macintosh; Intel Mac OS X 10_12_6) AppleWebKit/537.36 (KHTML, like Gecko) Chrome/68.0.3440.106 Safari/537.36"
118.241.10.169 - - [16/Sep/2018:17:52:16 +0900] "GET /images/arrow01.gif HTTP/1.1" 200 296 "http://www.nishifuna-seitai.com/css/sub_common.css" "Mozilla/5.0 (Macintosh; Intel Mac OS X 10_12_6) AppleWebKit/537.36 (KHTML, like Gecko) Chrome/68.0.3440.106 Safari/537.36"
118.241.10.169 - - [16/Sep/2018:17:52:16 +0900] "GET /images/tel2.gif HTTP/1.1" 200 6092 "http://www.nishifuna-seitai.com/css/sub_common.css" "Mozilla/5.0 (Macintosh; Intel Mac OS X 10_12_6) AppleWebKit/537.36 (KHTML, like Gecko) Chrome/68.0.3440.106 Safari/537.36"
118.241.10.169 - - [16/Sep/2018:17:52:16 +0900] "GET /images/mobile_title.jpg HTTP/1.1" 200 12500 "http://www.nishifuna-seitai.com/css/sub_common.css" "Mozilla/5.0 (Macintosh; Intel Mac OS X 10_12_6) AppleWebKit/537.36 (KHTML, like Gecko) Chrome/68.0.3440.106 Safari/537.36"
118.241.10.169 - - [16/Sep/2018:17:52:16 +0900] "GET /images/pagetop.jpg HTTP/1.1" 200 4311 "http://www.nishifuna-seitai.com/css/sub_common.css" "Mozilla/5.0 (Macintosh; Intel Mac OS X 10_12_6) AppleWebKit/537.36 (KHTML, like Gecko) Chrome/68.0.3440.106 Safari/537.36"
118.241.10.169 - - [16/Sep/2018:17:52:16 +0900] "GET /images/o_charge_title.png HTTP/1.1" 200 3478 "http://www.nishifuna-seitai.com/css/treatment.css" "Mozilla/5.0 (Macintosh; Intel Mac OS X 10_12_6) AppleWebKit/537.36 (KHTML, like Gecko) Chrome/68.0.3440.106 Safari/537.36"
118.241.10.169 - - [16/Sep/2018:17:52:16 +0900] "GET /images/inquiry_title2.jpg HTTP/1.1" 200 16437 "http://www.nishifuna-seitai.com/css/sub_common.css" "Mozilla/5.0 (Macintosh; Intel Mac OS X 10_12_6) AppleWebKit/537.36 (KHTML, like Gecko) Chrome/68.0.3440.106 Safari/537.36"
118.241.10.169 - - [16/Sep/2018:17:52:16 +0900] "GET /images/nishifunablog.jpg HTTP/1.1" 200 68684 "http://www.nishifuna-seitai.com/css/common.css" "Mozilla/5.0 (Macintosh; Intel Mac OS X 10_12_6) AppleWebKit/537.36 (KHTML, like Gecko) Chrome/68.0.3440.106 Safari/537.36"
118.241.10.169 - - [16/Sep/2018:17:52:16 +0900] "GET /images/exam_title.png HTTP/1.1" 200 2902 "http://www.nishifuna-seitai.com/css/treatment.css" "Mozilla/5.0 (Macintosh; Intel Mac OS X 10_12_6) AppleWebKit/537.36 (KHTML, like Gecko) Chrome/68.0.3440.106 Safari/537.36"
118.241.10.169 - - [16/Sep/2018:17:52:16 +0900] "GET /images/exam_bg.jpg HTTP/1.1" 200 74770 "http://www.nishifuna-seitai.com/css/treatment.css" "Mozilla/5.0 (Macintosh; Intel Mac OS X 10_12_6) AppleWebKit/537.36 (KHTML, like Gecko) Chrome/68.0.3440.106 Safari/537.36"
118.241.10.169 - - [16/Sep/2018:17:52:16 +0900] "GET /images/bowleg&knock_knee_title.png HTTP/1.1" 200 3804 "http://www.nishifuna-seitai.com/css/treatment.css" "Mozilla/5.0 (Macintosh; Intel Mac OS X 10_12_6) AppleWebKit/537.36 (KHTML, like Gecko) Chrome/68.0.3440.106 Safari/537.36"
118.241.10.169 - - [16/Sep/2018:17:52:16 +0900] "GET /images/flow_tekut.jpg HTTP/1.1" 200 45235 "http://www.nishifuna-seitai.com/css/treatment.css" "Mozilla/5.0 (Macintosh; Intel Mac OS X 10_12_6) AppleWebKit/537.36 (KHTML, like Gecko) Chrome/68.0.3440.106 Safari/537.36"
118.241.10.169 - - [16/Sep/2018:17:52:16 +0900] "GET /images/flow_advice2.jpg HTTP/1.1" 200 44278 "http://www.nishifuna-seitai.com/css/treatment.css" "Mozilla/5.0 (Macintosh; Intel Mac OS X 10_12_6) AppleWebKit/537.36 (KHTML, like Gecko) Chrome/68.0.3440.106 Safari/537.36"
118.241.10.169 - - [16/Sep/2018:17:52:16 +0900] "GET /images/head_sitemap.jpg HTTP/1.1" 200 2620 "http://www.nishifuna-seitai.com/css/sub_common.css" "Mozilla/5.0 (Macintosh; Intel Mac OS X 10_12_6) AppleWebKit/537.36 (KHTML, like Gecko) Chrome/68.0.3440.106 Safari/537.36"
118.241.10.169 - - [16/Sep/2018:17:52:16 +0900] "GET /images/treatment_h2.jpg HTTP/1.1" 200 43769 "http://www.nishifuna-seitai.com/css/treatment.css" "Mozilla/5.0 (Macintosh; Intel Mac OS X 10_12_6) AppleWebKit/537.36 (KHTML, like Gecko) Chrome/68.0.3440.106 Safari/537.36"
118.241.10.169 - - [16/Sep/2018:17:52:16 +0900] "GET /images/bg_sub.jpg HTTP/1.1" 200 313153 "http://www.nishifuna-seitai.com/css/sub_common.css" "Mozilla/5.0 (Macintosh; Intel Mac OS X 10_12_6) AppleWebKit/537.36 (KHTML, like Gecko) Chrome/68.0.3440.106 Safari/537.36"
118.241.10.169 - - [16/Sep/2018:17:52:16 +0900] "GET /images/mnavi2.jpg HTTP/1.1" 200 79634 "http://www.nishifuna-seitai.com/css/sub_common.css" "Mozilla/5.0 (Macintosh; Intel Mac OS X 10_12_6) AppleWebKit/537.36 (KHTML, like Gecko) Chrome/68.0.3440.106 Safari/537.36"
118.241.10.169 - - [16/Sep/2018:17:52:16 +0900] "GET /images/head_access.jpg HTTP/1.1" 200 2972 "http://www.nishifuna-seitai.com/css/sub_common.css" "Mozilla/5.0 (Macintosh; Intel Mac OS X 10_12_6) AppleWebKit/537.36 (KHTML, like Gecko) Chrome/68.0.3440.106 Safari/537.36"
118.241.10.169 - - [16/Sep/2018:17:52:16 +0900] "GET /images/head_logo.jpg HTTP/1.1" 200 25497 "http://www.nishifuna-seitai.com/css/sub_common.css" "Mozilla/5.0 (Macintosh; Intel Mac OS X 10_12_6) AppleWebKit/537.36 (KHTML, like Gecko) Chrome/68.0.3440.106 Safari/537.36"
118.241.10.169 - - [16/Sep/2018:17:52:16 +0900] "GET /images/hnavi.jpg HTTP/1.1" 200 19073 "http://www.nishifuna-seitai.com/css/sub_common.css" "Mozilla/5.0 (Macintosh; Intel Mac OS X 10_12_6) AppleWebKit/537.36 (KHTML, like Gecko) Chrome/68.0.3440.106 Safari/537.36"
118.241.10.169 - - [16/Sep/2018:17:52:16 +0900] "GET /images/flow_air.jpg HTTP/1.1" 200 42385 "http://www.nishifuna-seitai.com/css/treatment.css" "Mozilla/5.0 (Macintosh; Intel Mac OS X 10_12_6) AppleWebKit/537.36 (KHTML, like Gecko) Chrome/68.0.3440.106 Safari/537.36"
118.241.10.169 - - [16/Sep/2018:17:52:16 +0900] "GET /images/flow_drop_126.jpg HTTP/1.1" 200 43360 "http://www.nishifuna-seitai.com/css/treatment.css" "Mozilla/5.0 (Macintosh; Intel Mac OS X 10_12_6) AppleWebKit/537.36 (KHTML, like Gecko) Chrome/68.0.3440.106 Safari/537.36"
118.241.10.169 - - [16/Sep/2018:17:52:16 +0900] "GET /images/flow05_119.jpg HTTP/1.1" 200 43003 "http://www.nishifuna-seitai.com/css/treatment.css" "Mozilla/5.0 (Macintosh; Intel Mac OS X 10_12_6) AppleWebKit/537.36 (KHTML, like Gecko) Chrome/68.0.3440.106 Safari/537.36"
118.241.10.169 - - [16/Sep/2018:17:52:16 +0900] "GET /images/step.gif HTTP/1.1" 200 8407 "http://www.nishifuna-seitai.com/css/treatment.css" "Mozilla/5.0 (Macintosh; Intel Mac OS X 10_12_6) AppleWebKit/537.36 (KHTML, like Gecko) Chrome/68.0.3440.106 Safari/537.36"
118.241.10.169 - - [16/Sep/2018:17:52:16 +0900] "GET /images/flow_title.png HTTP/1.1" 200 3107 "http://www.nishifuna-seitai.com/css/treatment.css" "Mozilla/5.0 (Macintosh; Intel Mac OS X 10_12_6) AppleWebKit/537.36 (KHTML, like Gecko) Chrome/68.0.3440.106 Safari/537.36"
118.241.10.169 - - [16/Sep/2018:17:52:17 +0900] "GET /favicon.ico HTTP/1.1" 200 1150 "http://www.nishifuna-seitai.com/treatment/bowleg&knock_knee/" "Mozilla/5.0 (Macintosh; Intel Mac OS X 10_12_6) AppleWebKit/537.36 (KHTML, like Gecko) Chrome/68.0.3440.106 Safari/537.36"
188.40.106.108 - - [16/Sep/2018:17:53:47 +0900] "GET / HTTP/1.1" 200 16214 "-" "Mozilla/5.0 (compatible; BLEXBot/1.0; +http://webmeup-crawler.com/)"
219.94.203.142 - - [16/Sep/2018:17:56:52 +0900] "POST /blog/wp-cron.php?doing_wp_cron=1537088212.5650761127471923828125 HTTP/1.0" 502 226 "-" "WordPress/3.5.1; http://www.nishifuna-seitai.com/blog"
54.36.149.27 - - [16/Sep/2018:17:56:52 +0900] "GET /blog/%E6%9C%AA%E5%88%86%E9%A1%9E/kiji1579/feed/ HTTP/1.1" 200 1036 "-" "Mozilla/5.0 (compatible; AhrefsBot/5.2; +http://ahrefs.com/robot/)"
182.251.244.48 - - [16/Sep/2018:17:58:03 +0900] "GET /blog/%E6%9C%AA%E5%88%86%E9%A1%9E/kiji1357/ HTTP/1.1" 200 17313 "https://search.yahoo.co.jp/" "Mozilla/5.0 (iPhone; CPU iPhone OS 11_2_5 like Mac OS X) AppleWebKit/604.5.6 (KHTML, like Gecko) Version/11.0 Mobile/15D60 Safari/604.1"
182.251.244.48 - - [16/Sep/2018:17:58:24 +0900] "GET /blog/%e6%9c%aa%e5%88%86%e9%a1%9e/kiji1360/ HTTP/1.1" 200 17133 "http://www.nishifuna-seitai.com/blog/%E6%9C%AA%E5%88%86%E9%A1%9E/kiji1357/" "Mozilla/5.0 (iPhone; CPU iPhone OS 11_2_5 like Mac OS X) AppleWebKit/604.5.6 (KHTML, like Gecko) Version/11.0 Mobile/15D60 Safari/604.1"
207.46.13.61 - - [16/Sep/2018:17:58:19 +0900] "GET /blog/date/2013/07/ HTTP/1.1" 200 27164 "-" "Mozilla/5.0 (compatible; bingbot/2.0; +http://www.bing.com/bingbot.htm)"
207.46.13.185 - - [16/Sep/2018:17:58:39 +0900] "GET /blog/wp-content/plugins/contact-form-7/includes/css/styles.css?ver=3.3.3 HTTP/1.1" 200 887 "-" "Mozilla/5.0 (compatible; bingbot/2.0; +http://www.bing.com/bingbot.htm)"
207.46.13.185 - - [16/Sep/2018:17:58:39 +0900] "GET /blog/wp-content/themes/twentytwelve/style.css?ver=3.5.1 HTTP/1.1" 200 35292 "-" "Mozilla/5.0 (compatible; bingbot/2.0; +http://www.bing.com/bingbot.htm)"
207.46.13.185 - - [16/Sep/2018:17:58:40 +0900] "GET /blog/wp-content/plugins/contact-form-7/includes/js/scripts.js?ver=3.3.3 HTTP/1.1" 200 6933 "-" "Mozilla/5.0 (compatible; bingbot/2.0; +http://www.bing.com/bingbot.htm)"
219.94.203.142 - - [16/Sep/2018:17:58:46 +0900] "POST /blog/wp-cron.php?doing_wp_cron=1537088326.0590989589691162109375 HTTP/1.0" 502 226 "-" "WordPress/3.5.1; http://www.nishifuna-seitai.com/blog"
182.251.244.48 - - [16/Sep/2018:17:58:45 +0900] "GET /blog/%e6%9c%aa%e5%88%86%e9%a1%9e/kiji1361/ HTTP/1.1" 200 17262 "http://www.nishifuna-seitai.com/blog/%e6%9c%aa%e5%88%86%e9%a1%9e/kiji1360/" "Mozilla/5.0 (iPhone; CPU iPhone OS 11_2_5 like Mac OS X) AppleWebKit/604.5.6 (KHTML, like Gecko) Version/11.0 Mobile/15D60 Safari/604.1"
182.251.244.48 - - [16/Sep/2018:17:58:58 +0900] "GET /blog/%E6%9C%AA%E5%88%86%E9%A1%9E/kiji1357/ HTTP/1.1" 200 17313 "https://search.yahoo.co.jp/" "Mozilla/5.0 (iPhone; CPU iPhone OS 11_2_5 like Mac OS X) AppleWebKit/604.5.6 (KHTML, like Gecko) Version/11.0 Mobile/15D60 Safari/604.1"
219.94.203.142 - - [16/Sep/2018:18:10:39 +0900] "POST /blog/wp-cron.php?doing_wp_cron=1537089039.5946888923645019531250 HTTP/1.0" 502 226 "-" "WordPress/3.5.1; http://www.nishifuna-seitai.com/blog"
66.249.79.63 - - [16/Sep/2018:18:10:39 +0900] "GET /blog/%E3%82%B9%E3%82%BF%E3%83%83%E3%83%95%E3%82%88%E3%82%8A/kiji1054/ HTTP/1.1" 200 17619 "-" "Mozilla/5.0 (compatible; Googlebot/2.1; +http://www.google.com/bot.html)"
219.94.203.142 - - [16/Sep/2018:18:12:54 +0900] "POST /blog/wp-cron.php?doing_wp_cron=1537089174.6514770984649658203125 HTTP/1.0" 502 226 "-" "WordPress/3.5.1; http://www.nishifuna-seitai.com/blog"
54.36.148.154 - - [16/Sep/2018:18:12:54 +0900] "GET /blog/%E6%9C%AA%E5%88%86%E9%A1%9E/kiji1396/feed/ HTTP/1.1" 200 1054 "-" "Mozilla/5.0 (compatible; AhrefsBot/5.2; +http://ahrefs.com/robot/)"
219.94.203.142 - - [16/Sep/2018:18:17:17 +0900] "POST /blog/wp-cron.php?doing_wp_cron=1537089437.2238891124725341796875 HTTP/1.0" 502 226 "-" "WordPress/3.5.1; http://www.nishifuna-seitai.com/blog"
46.229.168.137 - - [16/Sep/2018:18:17:16 +0900] "GET /blog/%E6%9C%AA%E5%88%86%E9%A1%9E/kiji1540/ HTTP/1.1" 200 17279 "-" "Mozilla/5.0 (compatible; SemrushBot/2~bl; +http://www.semrush.com/bot.html)"
219.94.203.142 - - [16/Sep/2018:18:19:24 +0900] "POST /blog/wp-cron.php?doing_wp_cron=1537089564.5146169662475585937500 HTTP/1.0" 502 226 "-" "WordPress/3.5.1; http://www.nishifuna-seitai.com/blog"
54.36.148.107 - - [16/Sep/2018:18:19:24 +0900] "GET /blog/%E3%82%B9%E3%82%BF%E3%83%83%E3%83%95%E3%82%88%E3%82%8A/kiji1692/feed/ HTTP/1.1" 200 1099 "-" "Mozilla/5.0 (compatible; AhrefsBot/5.2; +http://ahrefs.com/robot/)"
219.94.203.142 - - [16/Sep/2018:18:22:17 +0900] "POST /blog/wp-cron.php?doing_wp_cron=1537089737.1268010139465332031250 HTTP/1.0" 502 226 "-" "WordPress/3.5.1; http://www.nishifuna-seitai.com/blog"
126.123.120.212 - - [16/Sep/2018:18:22:16 +0900] "GET /blog/%E6%9C%AA%E5%88%86%E9%A1%9E/kiji1357/ HTTP/1.1" 200 17313 "https://search.yahoo.co.jp/" "Mozilla/5.0 (iPhone; CPU iPhone OS 11_4_1 like Mac OS X) AppleWebKit/605.1.15 (KHTML, like Gecko) Version/11.0 Mobile/15E148 Safari/604.1"
126.123.120.212 - - [16/Sep/2018:18:22:17 +0900] "GET /blog/wp-content/plugins/contact-form-7/includes/css/styles.css?ver=3.3.3 HTTP/1.1" 200 887 "http://www.nishifuna-seitai.com/blog/%E6%9C%AA%E5%88%86%E9%A1%9E/kiji1357/" "Mozilla/5.0 (iPhone; CPU iPhone OS 11_4_1 like Mac OS X) AppleWebKit/605.1.15 (KHTML, like Gecko) Version/11.0 Mobile/15E148 Safari/604.1"
126.123.120.212 - - [16/Sep/2018:18:22:17 +0900] "GET /blog/wp-content/plugins/contact-form-7/includes/js/jquery.form.min.js?ver=3.25.0-2013.01.18 HTTP/1.1" 200 15158 "http://www.nishifuna-seitai.com/blog/%E6%9C%AA%E5%88%86%E9%A1%9E/kiji1357/" "Mozilla/5.0 (iPhone; CPU iPhone OS 11_4_1 like Mac OS X) AppleWebKit/605.1.15 (KHTML, like Gecko) Version/11.0 Mobile/15E148 Safari/604.1"
126.123.120.212 - - [16/Sep/2018:18:22:17 +0900] "GET /blog/wp-content/plugins/contact-form-7/includes/js/scripts.js?ver=3.3.3 HTTP/1.1" 200 6933 "http://www.nishifuna-seitai.com/blog/%E6%9C%AA%E5%88%86%E9%A1%9E/kiji1357/" "Mozilla/5.0 (iPhone; CPU iPhone OS 11_4_1 like Mac OS X) AppleWebKit/605.1.15 (KHTML, like Gecko) Version/11.0 Mobile/15E148 Safari/604.1"
126.123.120.212 - - [16/Sep/2018:18:22:17 +0900] "GET /blog/wp-content/themes/twentytwelve/style.css?ver=3.5.1 HTTP/1.1" 200 35292 "http://www.nishifuna-seitai.com/blog/%E6%9C%AA%E5%88%86%E9%A1%9E/kiji1357/" "Mozilla/5.0 (iPhone; CPU iPhone OS 11_4_1 like Mac OS X) AppleWebKit/605.1.15 (KHTML, like Gecko) Version/11.0 Mobile/15E148 Safari/604.1"
126.123.120.212 - - [16/Sep/2018:18:22:17 +0900] "GET /blog/wp-content/themes/twentytwelve/js/navigation.js?ver=1.0 HTTP/1.1" 200 863 "http://www.nishifuna-seitai.com/blog/%E6%9C%AA%E5%88%86%E9%A1%9E/kiji1357/" "Mozilla/5.0 (iPhone; CPU iPhone OS 11_4_1 like Mac OS X) AppleWebKit/605.1.15 (KHTML, like Gecko) Version/11.0 Mobile/15E148 Safari/604.1"
126.123.120.212 - - [16/Sep/2018:18:22:17 +0900] "GET /blog/wp-includes/js/jquery/jquery.js?ver=1.8.3 HTTP/1.1" 200 93658 "http://www.nishifuna-seitai.com/blog/%E6%9C%AA%E5%88%86%E9%A1%9E/kiji1357/" "Mozilla/5.0 (iPhone; CPU iPhone OS 11_4_1 like Mac OS X) AppleWebKit/605.1.15 (KHTML, like Gecko) Version/11.0 Mobile/15E148 Safari/604.1"
126.123.120.212 - - [16/Sep/2018:18:22:17 +0900] "GET /blog/wp-content/uploads/2012/12/h2_index2.png HTTP/1.1" 200 394553 "http://www.nishifuna-seitai.com/blog/%E6%9C%AA%E5%88%86%E9%A1%9E/kiji1357/" "Mozilla/5.0 (iPhone; CPU iPhone OS 11_4_1 like Mac OS X) AppleWebKit/605.1.15 (KHTML, like Gecko) Version/11.0 Mobile/15E148 Safari/604.1"
126.123.120.212 - - [16/Sep/2018:18:22:17 +0900] "GET /blog/wp-content/uploads/2014/12/IMG_0209.jpg HTTP/1.1" 200 1519328 "http://www.nishifuna-seitai.com/blog/%E6%9C%AA%E5%88%86%E9%A1%9E/kiji1357/" "Mozilla/5.0 (iPhone; CPU iPhone OS 11_4_1 like Mac OS X) AppleWebKit/605.1.15 (KHTML, like Gecko) Version/11.0 Mobile/15E148 Safari/604.1"
219.94.203.142 - - [16/Sep/2018:18:39:37 +0900] "POST /blog/wp-cron.php?doing_wp_cron=1537090777.9298720359802246093750 HTTP/1.0" 502 226 "-" "WordPress/3.5.1; http://www.nishifuna-seitai.com/blog"
46.229.168.135 - - [16/Sep/2018:18:39:37 +0900] "GET /blog/%E6%9C%AA%E5%88%86%E9%A1%9E/kiji1226/ HTTP/1.1" 200 17393 "-" "Mozilla/5.0 (compatible; SemrushBot/2~bl; +http://www.semrush.com/bot.html)"
216.244.66.226 - - [16/Sep/2018:18:43:19 +0900] "GET /robots.txt HTTP/1.1" 404 2275 "-" "Mozilla/5.0 (compatible; DotBot/1.1; http://www.opensiteexplorer.org/dotbot, help@moz.com)"
