150.31.4.248 - - [09/Sep/2018:12:13:02 +0900] "GET /blog/%E6%9C%AA%E5%88%86%E9%A1%9E/kiji1123/ HTTP/1.1" 200 17071 "https://www.google.co.jp/" "Mozilla/5.0 (iPhone; CPU iPhone OS 11_4_1 like Mac OS X) AppleWebKit/605.1.15 (KHTML, like Gecko) Version/11.0 Mobile/15E148 Safari/604.1"
150.31.4.248 - - [09/Sep/2018:12:13:03 +0900] "GET /blog/wp-content/plugins/contact-form-7/includes/css/styles.css?ver=3.3.3 HTTP/1.1" 200 887 "http://www.nishifuna-seitai.com/blog/%E6%9C%AA%E5%88%86%E9%A1%9E/kiji1123/" "Mozilla/5.0 (iPhone; CPU iPhone OS 11_4_1 like Mac OS X) AppleWebKit/605.1.15 (KHTML, like Gecko) Version/11.0 Mobile/15E148 Safari/604.1"
150.31.4.248 - - [09/Sep/2018:12:13:03 +0900] "GET /blog/wp-content/plugins/contact-form-7/includes/js/jquery.form.min.js?ver=3.25.0-2013.01.18 HTTP/1.1" 200 15158 "http://www.nishifuna-seitai.com/blog/%E6%9C%AA%E5%88%86%E9%A1%9E/kiji1123/" "Mozilla/5.0 (iPhone; CPU iPhone OS 11_4_1 like Mac OS X) AppleWebKit/605.1.15 (KHTML, like Gecko) Version/11.0 Mobile/15E148 Safari/604.1"
150.31.4.248 - - [09/Sep/2018:12:13:03 +0900] "GET /blog/wp-content/themes/twentytwelve/style.css?ver=3.5.1 HTTP/1.1" 200 35292 "http://www.nishifuna-seitai.com/blog/%E6%9C%AA%E5%88%86%E9%A1%9E/kiji1123/" "Mozilla/5.0 (iPhone; CPU iPhone OS 11_4_1 like Mac OS X) AppleWebKit/605.1.15 (KHTML, like Gecko) Version/11.0 Mobile/15E148 Safari/604.1"
150.31.4.248 - - [09/Sep/2018:12:13:03 +0900] "GET /blog/wp-content/plugins/contact-form-7/includes/js/scripts.js?ver=3.3.3 HTTP/1.1" 200 6933 "http://www.nishifuna-seitai.com/blog/%E6%9C%AA%E5%88%86%E9%A1%9E/kiji1123/" "Mozilla/5.0 (iPhone; CPU iPhone OS 11_4_1 like Mac OS X) AppleWebKit/605.1.15 (KHTML, like Gecko) Version/11.0 Mobile/15E148 Safari/604.1"
150.31.4.248 - - [09/Sep/2018:12:13:03 +0900] "GET /blog/wp-includes/js/jquery/jquery.js?ver=1.8.3 HTTP/1.1" 200 93658 "http://www.nishifuna-seitai.com/blog/%E6%9C%AA%E5%88%86%E9%A1%9E/kiji1123/" "Mozilla/5.0 (iPhone; CPU iPhone OS 11_4_1 like Mac OS X) AppleWebKit/605.1.15 (KHTML, like Gecko) Version/11.0 Mobile/15E148 Safari/604.1"
150.31.4.248 - - [09/Sep/2018:12:13:03 +0900] "GET /blog/wp-content/themes/twentytwelve/js/navigation.js?ver=1.0 HTTP/1.1" 200 863 "http://www.nishifuna-seitai.com/blog/%E6%9C%AA%E5%88%86%E9%A1%9E/kiji1123/" "Mozilla/5.0 (iPhone; CPU iPhone OS 11_4_1 like Mac OS X) AppleWebKit/605.1.15 (KHTML, like Gecko) Version/11.0 Mobile/15E148 Safari/604.1"
150.31.4.248 - - [09/Sep/2018:12:13:03 +0900] "GET /blog/wp-content/uploads/2012/12/h2_index2.png HTTP/1.1" 200 394553 "http://www.nishifuna-seitai.com/blog/%E6%9C%AA%E5%88%86%E9%A1%9E/kiji1123/" "Mozilla/5.0 (iPhone; CPU iPhone OS 11_4_1 like Mac OS X) AppleWebKit/605.1.15 (KHTML, like Gecko) Version/11.0 Mobile/15E148 Safari/604.1"
104.46.117.103 - - [09/Sep/2018:12:25:56 +0900] "GET //admin/images/cal_date_over.gif HTTP/1.1" 404 2275 "-" "python-requests/2.19.1"
104.46.117.103 - - [09/Sep/2018:12:25:57 +0900] "GET //admin/login.php HTTP/1.1" 404 2275 "-" "python-requests/2.19.1"
104.46.117.103 - - [09/Sep/2018:12:25:58 +0900] "GET //templates/system/css/system.css HTTP/1.1" 404 2275 "-" "python-requests/2.19.1"
104.46.117.103 - - [09/Sep/2018:12:25:58 +0900] "GET / HTTP/1.1" 200 16214 "-" "python-requests/2.19.1"
104.46.117.103 - - [09/Sep/2018:12:25:59 +0900] "GET //fckeditor/editor/filemanager/connectors/php/upload.php?Type=Media HTTP/1.1" 404 2275 "-" "python-requests/2.19.1"
114.182.199.242 - - [09/Sep/2018:12:27:37 +0900] "GET / HTTP/1.1" 302 219 "https://search.smt.docomo.ne.jp/result?MT=%E6%95%B4%E9%AA%A8%E9%99%A2+%E8%A5%BF%E8%88%B9%E6%A9%8B&SID=000&IND=000&TPLID=&UNIT=&URANK=&SPAGE=&PAGE=1" "Mozilla/5.0 (iPhone; CPU iPhone OS 11_4_1 like Mac OS X) AppleWebKit/605.1.15 (KHTML, like Gecko) Version/11.0 Mobile/15E148 Safari/604.1"
114.182.199.242 - - [09/Sep/2018:12:27:37 +0900] "GET /sp/ HTTP/1.1" 200 7496 "https://search.smt.docomo.ne.jp/result?MT=%E6%95%B4%E9%AA%A8%E9%99%A2+%E8%A5%BF%E8%88%B9%E6%A9%8B&SID=000&IND=000&TPLID=&UNIT=&URANK=&SPAGE=&PAGE=1" "Mozilla/5.0 (iPhone; CPU iPhone OS 11_4_1 like Mac OS X) AppleWebKit/605.1.15 (KHTML, like Gecko) Version/11.0 Mobile/15E148 Safari/604.1"
114.182.199.242 - - [09/Sep/2018:12:27:37 +0900] "GET /sp/img/photo01.jpg HTTP/1.1" 200 7915 "http://www.nishifuna-seitai.com/sp/" "Mozilla/5.0 (iPhone; CPU iPhone OS 11_4_1 like Mac OS X) AppleWebKit/605.1.15 (KHTML, like Gecko) Version/11.0 Mobile/15E148 Safari/604.1"
114.182.199.242 - - [09/Sep/2018:12:27:37 +0900] "GET /sp/style.css HTTP/1.1" 200 4421 "http://www.nishifuna-seitai.com/sp/" "Mozilla/5.0 (iPhone; CPU iPhone OS 11_4_1 like Mac OS X) AppleWebKit/605.1.15 (KHTML, like Gecko) Version/11.0 Mobile/15E148 Safari/604.1"
114.182.199.242 - - [09/Sep/2018:12:27:37 +0900] "GET /sp/img/logo2.gif HTTP/1.1" 200 8343 "http://www.nishifuna-seitai.com/sp/" "Mozilla/5.0 (iPhone; CPU iPhone OS 11_4_1 like Mac OS X) AppleWebKit/605.1.15 (KHTML, like Gecko) Version/11.0 Mobile/15E148 Safari/604.1"
114.182.199.242 - - [09/Sep/2018:12:27:37 +0900] "GET /sp/img/bnr_para.png HTTP/1.1" 200 12686 "http://www.nishifuna-seitai.com/sp/" "Mozilla/5.0 (iPhone; CPU iPhone OS 11_4_1 like Mac OS X) AppleWebKit/605.1.15 (KHTML, like Gecko) Version/11.0 Mobile/15E148 Safari/604.1"
114.182.199.242 - - [09/Sep/2018:12:27:37 +0900] "GET /sp/img/bnr_mix.png HTTP/1.1" 200 5115 "http://www.nishifuna-seitai.com/sp/" "Mozilla/5.0 (iPhone; CPU iPhone OS 11_4_1 like Mac OS X) AppleWebKit/605.1.15 (KHTML, like Gecko) Version/11.0 Mobile/15E148 Safari/604.1"
114.182.199.242 - - [09/Sep/2018:12:27:37 +0900] "GET /sp/img/about02.png HTTP/1.1" 200 42549 "http://www.nishifuna-seitai.com/sp/" "Mozilla/5.0 (iPhone; CPU iPhone OS 11_4_1 like Mac OS X) AppleWebKit/605.1.15 (KHTML, like Gecko) Version/11.0 Mobile/15E148 Safari/604.1"
114.182.199.242 - - [09/Sep/2018:12:27:37 +0900] "GET /sp/img/header.png HTTP/1.1" 200 187164 "http://www.nishifuna-seitai.com/sp/" "Mozilla/5.0 (iPhone; CPU iPhone OS 11_4_1 like Mac OS X) AppleWebKit/605.1.15 (KHTML, like Gecko) Version/11.0 Mobile/15E148 Safari/604.1"
114.182.199.242 - - [09/Sep/2018:12:27:37 +0900] "GET /sp/img/h_bg.gif HTTP/1.1" 200 481 "http://www.nishifuna-seitai.com/sp/" "Mozilla/5.0 (iPhone; CPU iPhone OS 11_4_1 like Mac OS X) AppleWebKit/605.1.15 (KHTML, like Gecko) Version/11.0 Mobile/15E148 Safari/604.1"
114.182.199.242 - - [09/Sep/2018:12:27:38 +0900] "GET /sp/img/nav_bg.gif HTTP/1.1" 200 890 "http://www.nishifuna-seitai.com/sp/" "Mozilla/5.0 (iPhone; CPU iPhone OS 11_4_1 like Mac OS X) AppleWebKit/605.1.15 (KHTML, like Gecko) Version/11.0 Mobile/15E148 Safari/604.1"
114.182.199.242 - - [09/Sep/2018:12:27:37 +0900] "GET /sp/img/living.png HTTP/1.1" 200 157323 "http://www.nishifuna-seitai.com/sp/" "Mozilla/5.0 (iPhone; CPU iPhone OS 11_4_1 like Mac OS X) AppleWebKit/605.1.15 (KHTML, like Gecko) Version/11.0 Mobile/15E148 Safari/604.1"
114.182.199.242 - - [09/Sep/2018:12:27:37 +0900] "GET /sp/img/blogbanner2.jpg HTTP/1.1" 200 24556 "http://www.nishifuna-seitai.com/sp/" "Mozilla/5.0 (iPhone; CPU iPhone OS 11_4_1 like Mac OS X) AppleWebKit/605.1.15 (KHTML, like Gecko) Version/11.0 Mobile/15E148 Safari/604.1"
114.182.199.242 - - [09/Sep/2018:12:27:38 +0900] "GET /sp/img/h_bg_gray.gif HTTP/1.1" 200 80 "http://www.nishifuna-seitai.com/sp/" "Mozilla/5.0 (iPhone; CPU iPhone OS 11_4_1 like Mac OS X) AppleWebKit/605.1.15 (KHTML, like Gecko) Version/11.0 Mobile/15E148 Safari/604.1"
114.182.199.242 - - [09/Sep/2018:12:27:51 +0900] "GET /sp/price.html HTTP/1.1" 200 4912 "http://www.nishifuna-seitai.com/sp/" "Mozilla/5.0 (iPhone; CPU iPhone OS 11_4_1 like Mac OS X) AppleWebKit/605.1.15 (KHTML, like Gecko) Version/11.0 Mobile/15E148 Safari/604.1"
114.182.199.242 - - [09/Sep/2018:12:27:51 +0900] "GET /sp/img/logo.gif HTTP/1.1" 200 8495 "http://www.nishifuna-seitai.com/sp/price.html" "Mozilla/5.0 (iPhone; CPU iPhone OS 11_4_1 like Mac OS X) AppleWebKit/605.1.15 (KHTML, like Gecko) Version/11.0 Mobile/15E148 Safari/604.1"
114.182.199.242 - - [09/Sep/2018:12:27:51 +0900] "GET /sp/img/header_price.png HTTP/1.1" 200 44237 "http://www.nishifuna-seitai.com/sp/price.html" "Mozilla/5.0 (iPhone; CPU iPhone OS 11_4_1 like Mac OS X) AppleWebKit/605.1.15 (KHTML, like Gecko) Version/11.0 Mobile/15E148 Safari/604.1"
114.182.199.242 - - [09/Sep/2018:12:27:51 +0900] "GET /sp/img/coupon.jpg HTTP/1.1" 200 109242 "http://www.nishifuna-seitai.com/sp/price.html" "Mozilla/5.0 (iPhone; CPU iPhone OS 11_4_1 like Mac OS X) AppleWebKit/605.1.15 (KHTML, like Gecko) Version/11.0 Mobile/15E148 Safari/604.1"
207.46.13.95 - - [09/Sep/2018:12:43:38 +0900] "GET / HTTP/1.1" 200 16214 "-" "Mozilla/5.0 (compatible; bingbot/2.0; +http://www.bing.com/bingbot.htm)"
37.9.113.194 - - [09/Sep/2018:12:45:48 +0900] "GET /robots.txt HTTP/1.1" 404 2275 "-" "Mozilla/5.0 (compatible; YandexBot/3.0; +http://yandex.com/bots)"
37.9.113.194 - - [09/Sep/2018:12:45:52 +0900] "GET /favicon.ico HTTP/1.1" 200 1150 "-" "Mozilla/5.0 (compatible; YandexBot/3.0; +http://yandex.com/bots)"
46.229.168.66 - - [09/Sep/2018:12:46:57 +0900] "GET /robots.txt HTTP/1.1" 404 2275 "-" "Mozilla/5.0 (compatible; SemrushBot/2~bl; +http://www.semrush.com/bot.html)"
219.94.203.142 - - [09/Sep/2018:12:46:59 +0900] "POST /blog/wp-cron.php?doing_wp_cron=1536464819.0039410591125488281250 HTTP/1.0" 502 226 "-" "WordPress/3.5.1; http://www.nishifuna-seitai.com/blog"
46.229.168.71 - - [09/Sep/2018:12:46:58 +0900] "GET /blog/%E6%9C%AA%E5%88%86%E9%A1%9E/kiji1386/ HTTP/1.1" 200 17648 "-" "Mozilla/5.0 (compatible; SemrushBot/2~bl; +http://www.semrush.com/bot.html)"
46.229.168.81 - - [09/Sep/2018:12:48:18 +0900] "GET /blog/%E6%9C%AA%E5%88%86%E9%A1%9E/kiji1143/ HTTP/1.1" 200 17091 "-" "Mozilla/5.0 (compatible; SemrushBot/2~bl; +http://www.semrush.com/bot.html)"
66.249.79.60 - - [09/Sep/2018:12:49:00 +0900] "GET / HTTP/1.1" 200 16214 "-" "Mozilla/5.0 (compatible; Googlebot/2.1; +http://www.google.com/bot.html)"
216.244.66.226 - - [09/Sep/2018:13:03:28 +0900] "GET /robots.txt HTTP/1.1" 404 2275 "-" "Mozilla/5.0 (compatible; DotBot/1.1; http://www.opensiteexplorer.org/dotbot, help@moz.com)"
219.94.203.142 - - [09/Sep/2018:13:12:34 +0900] "POST /blog/wp-cron.php?doing_wp_cron=1536466354.2620689868927001953125 HTTP/1.0" 502 226 "-" "WordPress/3.5.1; http://www.nishifuna-seitai.com/blog"
46.229.168.70 - - [09/Sep/2018:13:12:33 +0900] "GET /blog/%E6%9C%AA%E5%88%86%E9%A1%9E/kiji1878/ HTTP/1.1" 200 18387 "-" "Mozilla/5.0 (compatible; SemrushBot/2~bl; +http://www.semrush.com/bot.html)"
219.94.203.142 - - [09/Sep/2018:13:14:46 +0900] "POST /blog/wp-cron.php?doing_wp_cron=1536466486.4376649856567382812500 HTTP/1.0" 502 226 "-" "WordPress/3.5.1; http://www.nishifuna-seitai.com/blog"
216.244.66.226 - - [09/Sep/2018:13:14:46 +0900] "GET /blog/date/2014/02/ HTTP/1.1" 200 25878 "-" "Mozilla/5.0 (compatible; DotBot/1.1; http://www.opensiteexplorer.org/dotbot, help@moz.com)"
183.79.92.111 - - [09/Sep/2018:13:40:44 +0900] "GET /blog/wp-content/uploads/2014/12/IMG_1018.jpg HTTP/1.1" 200 657369 "-" "Mozilla/5.0 (Linux; Android 7.1.1; F-03H Build/V13R049B; wv) AppleWebKit/537.36 (KHTML, like Gecko) Version/4.0 Chrome/68.0.3440.91 Mobile Safari/537.36"
219.94.203.142 - - [09/Sep/2018:13:41:10 +0900] "POST /blog/wp-cron.php?doing_wp_cron=1536468070.2319440841674804687500 HTTP/1.0" 502 226 "-" "WordPress/3.5.1; http://www.nishifuna-seitai.com/blog"
202.17.145.62 - - [09/Sep/2018:13:41:09 +0900] "GET /blog/%E6%9C%AA%E5%88%86%E9%A1%9E/kiji1342/ HTTP/1.1" 200 17412 "https://search.yahoo.co.jp/" "Mozilla/5.0 (Linux; Android 7.1.1; F-03H Build/V13R049B; wv) AppleWebKit/537.36 (KHTML, like Gecko) Version/4.0 Chrome/68.0.3440.91 Mobile Safari/537.36"
202.17.145.62 - - [09/Sep/2018:13:41:10 +0900] "GET /blog/wp-content/plugins/contact-form-7/includes/css/styles.css?ver=3.3.3 HTTP/1.1" 200 887 "http://www.nishifuna-seitai.com/blog/%E6%9C%AA%E5%88%86%E9%A1%9E/kiji1342/" "Mozilla/5.0 (Linux; Android 7.1.1; F-03H Build/V13R049B; wv) AppleWebKit/537.36 (KHTML, like Gecko) Version/4.0 Chrome/68.0.3440.91 Mobile Safari/537.36"
202.17.145.62 - - [09/Sep/2018:13:41:10 +0900] "GET /blog/wp-content/themes/twentytwelve/style.css?ver=3.5.1 HTTP/1.1" 200 35292 "http://www.nishifuna-seitai.com/blog/%E6%9C%AA%E5%88%86%E9%A1%9E/kiji1342/" "Mozilla/5.0 (Linux; Android 7.1.1; F-03H Build/V13R049B; wv) AppleWebKit/537.36 (KHTML, like Gecko) Version/4.0 Chrome/68.0.3440.91 Mobile Safari/537.36"
202.17.145.62 - - [09/Sep/2018:13:41:11 +0900] "GET /blog/wp-content/plugins/contact-form-7/includes/js/jquery.form.min.js?ver=3.25.0-2013.01.18 HTTP/1.1" 200 15158 "http://www.nishifuna-seitai.com/blog/%E6%9C%AA%E5%88%86%E9%A1%9E/kiji1342/" "Mozilla/5.0 (Linux; Android 7.1.1; F-03H Build/V13R049B; wv) AppleWebKit/537.36 (KHTML, like Gecko) Version/4.0 Chrome/68.0.3440.91 Mobile Safari/537.36"
202.17.145.62 - - [09/Sep/2018:13:41:10 +0900] "GET /blog/wp-includes/js/jquery/jquery.js?ver=1.8.3 HTTP/1.1" 200 93658 "http://www.nishifuna-seitai.com/blog/%E6%9C%AA%E5%88%86%E9%A1%9E/kiji1342/" "Mozilla/5.0 (Linux; Android 7.1.1; F-03H Build/V13R049B; wv) AppleWebKit/537.36 (KHTML, like Gecko) Version/4.0 Chrome/68.0.3440.91 Mobile Safari/537.36"
202.17.145.62 - - [09/Sep/2018:13:41:11 +0900] "GET /blog/wp-content/plugins/contact-form-7/includes/js/scripts.js?ver=3.3.3 HTTP/1.1" 200 6933 "http://www.nishifuna-seitai.com/blog/%E6%9C%AA%E5%88%86%E9%A1%9E/kiji1342/" "Mozilla/5.0 (Linux; Android 7.1.1; F-03H Build/V13R049B; wv) AppleWebKit/537.36 (KHTML, like Gecko) Version/4.0 Chrome/68.0.3440.91 Mobile Safari/537.36"
202.17.145.62 - - [09/Sep/2018:13:41:11 +0900] "GET /blog/wp-content/themes/twentytwelve/js/navigation.js?ver=1.0 HTTP/1.1" 200 863 "http://www.nishifuna-seitai.com/blog/%E6%9C%AA%E5%88%86%E9%A1%9E/kiji1342/" "Mozilla/5.0 (Linux; Android 7.1.1; F-03H Build/V13R049B; wv) AppleWebKit/537.36 (KHTML, like Gecko) Version/4.0 Chrome/68.0.3440.91 Mobile Safari/537.36"
202.17.145.62 - - [09/Sep/2018:13:41:11 +0900] "GET /blog/wp-content/uploads/2012/12/h2_index2.png HTTP/1.1" 200 394553 "http://www.nishifuna-seitai.com/blog/%E6%9C%AA%E5%88%86%E9%A1%9E/kiji1342/" "Mozilla/5.0 (Linux; Android 7.1.1; F-03H Build/V13R049B; wv) AppleWebKit/537.36 (KHTML, like Gecko) Version/4.0 Chrome/68.0.3440.91 Mobile Safari/537.36"
202.17.145.62 - - [09/Sep/2018:13:41:11 +0900] "GET /blog/wp-content/uploads/2014/12/IMG_1018.jpg HTTP/1.1" 200 657369 "http://www.nishifuna-seitai.com/blog/%E6%9C%AA%E5%88%86%E9%A1%9E/kiji1342/" "Mozilla/5.0 (Linux; Android 7.1.1; F-03H Build/V13R049B; wv) AppleWebKit/537.36 (KHTML, like Gecko) Version/4.0 Chrome/68.0.3440.91 Mobile Safari/537.36"
202.17.145.62 - - [09/Sep/2018:13:41:12 +0900] "GET /favicon.ico HTTP/1.1" 302 219 "http://www.nishifuna-seitai.com/blog/%E6%9C%AA%E5%88%86%E9%A1%9E/kiji1342/" "Mozilla/5.0 (Linux; Android 7.1.1; F-03H Build/V13R049B; wv) AppleWebKit/537.36 (KHTML, like Gecko) Version/4.0 Chrome/68.0.3440.91 Mobile Safari/537.36"
202.17.145.62 - - [09/Sep/2018:13:41:12 +0900] "GET /sp/ HTTP/1.1" 200 7496 "http://www.nishifuna-seitai.com/blog/%E6%9C%AA%E5%88%86%E9%A1%9E/kiji1342/" "Mozilla/5.0 (Linux; Android 7.1.1; F-03H Build/V13R049B; wv) AppleWebKit/537.36 (KHTML, like Gecko) Version/4.0 Chrome/68.0.3440.91 Mobile Safari/537.36"
46.229.168.85 - - [09/Sep/2018:14:02:14 +0900] "GET /robots.txt HTTP/1.1" 404 2275 "-" "Mozilla/5.0 (compatible; SemrushBot/2~bl; +http://www.semrush.com/bot.html)"
219.94.203.142 - - [09/Sep/2018:14:02:21 +0900] "POST /blog/wp-cron.php?doing_wp_cron=1536469341.3705470561981201171875 HTTP/1.0" 502 226 "-" "WordPress/3.5.1; http://www.nishifuna-seitai.com/blog"
46.229.168.77 - - [09/Sep/2018:14:02:21 +0900] "GET /blog/%E6%9C%AA%E5%88%86%E9%A1%9E/kiji1712/ HTTP/1.1" 200 16820 "-" "Mozilla/5.0 (compatible; SemrushBot/2~bl; +http://www.semrush.com/bot.html)"
125.209.235.171 - - [09/Sep/2018:14:08:51 +0900] "GET /cgi-bin/daycount/daycount.cgi?gif HTTP/1.1" 500 2553 "http://www.nishifuna-seitai.com/" "Mozilla/5.0 (compatible; Yeti/1.1; +http://naver.me/spd)"
40.77.190.36 - - [09/Sep/2018:14:17:34 +0900] "GET /css/common.css HTTP/1.1" 200 3235 "-" "Mozilla/5.0 (Windows NT 6.1; WOW64) AppleWebKit/534+ (KHTML, like Gecko) BingPreview/1.0b"
40.77.190.70 - - [09/Sep/2018:14:17:34 +0900] "GET /css/index.css HTTP/1.1" 200 17509 "-" "Mozilla/5.0 (Windows NT 6.1; WOW64) AppleWebKit/534+ (KHTML, like Gecko) BingPreview/1.0b"
40.77.189.193 - - [09/Sep/2018:14:17:35 +0900] "GET /Scripts/jquery.quicksilver.js HTTP/1.1" 200 3873 "-" "Mozilla/5.0 (Windows NT 6.1; WOW64) AppleWebKit/534+ (KHTML, like Gecko) BingPreview/1.0b"
40.77.188.26 - - [09/Sep/2018:14:17:36 +0900] "GET /Scripts/jquery-1.3.2.min.js HTTP/1.1" 200 57254 "-" "Mozilla/5.0 (Windows NT 6.1; WOW64) AppleWebKit/534+ (KHTML, like Gecko) BingPreview/1.0b"
40.77.189.56 - - [09/Sep/2018:14:17:37 +0900] "GET /Scripts/jquery.simpleFAQ-0.7.min.js HTTP/1.1" 200 4623 "-" "Mozilla/5.0 (Windows NT 6.1; WOW64) AppleWebKit/534+ (KHTML, like Gecko) BingPreview/1.0b"
40.77.188.81 - - [09/Sep/2018:14:17:38 +0900] "GET /Scripts/core.js HTTP/1.1" 200 9865 "-" "Mozilla/5.0 (Windows NT 6.1; WOW64) AppleWebKit/534+ (KHTML, like Gecko) BingPreview/1.0b"
40.77.188.81 - - [09/Sep/2018:14:17:40 +0900] "GET /images/welcome2.jpg HTTP/1.1" 200 22355 "-" "Mozilla/5.0 (Windows NT 6.1; WOW64) AppleWebKit/534+ (KHTML, like Gecko) BingPreview/1.0b"
40.77.189.198 - - [09/Sep/2018:14:17:41 +0900] "GET /images/about03.png HTTP/1.1" 200 563309 "-" "Mozilla/5.0 (Windows NT 6.1; WOW64) AppleWebKit/534+ (KHTML, like Gecko) BingPreview/1.0b"
40.77.167.207 - - [09/Sep/2018:14:17:44 +0900] "GET /robots.txt HTTP/1.1" 404 2275 "-" "Mozilla/5.0 (compatible; bingbot/2.0; +http://www.bing.com/bingbot.htm)"
40.77.167.207 - - [09/Sep/2018:14:17:44 +0900] "GET /robots.txt HTTP/1.1" 404 2275 "-" "Mozilla/5.0 (compatible; bingbot/2.0; +http://www.bing.com/bingbot.htm)"
40.77.190.114 - - [09/Sep/2018:14:17:44 +0900] "GET /images/living.png HTTP/1.1" 200 156481 "-" "Mozilla/5.0 (Windows NT 6.1; WOW64) AppleWebKit/534+ (KHTML, like Gecko) BingPreview/1.0b"
40.77.189.52 - - [09/Sep/2018:14:17:48 +0900] "GET /images/nayami.png HTTP/1.1" 200 10042 "-" "Mozilla/5.0 (Windows NT 6.1; WOW64) AppleWebKit/534+ (KHTML, like Gecko) BingPreview/1.0b"
40.77.188.49 - - [09/Sep/2018:14:17:45 +0900] "GET /images/living2.png HTTP/1.1" 200 161547 "-" "Mozilla/5.0 (Windows NT 6.1; WOW64) AppleWebKit/534+ (KHTML, like Gecko) BingPreview/1.0b"
40.77.188.21 - - [09/Sep/2018:14:17:49 +0900] "GET /images/nayami01.jpg HTTP/1.1" 200 26267 "-" "Mozilla/5.0 (Windows NT 6.1; WOW64) AppleWebKit/534+ (KHTML, like Gecko) BingPreview/1.0b"
40.77.189.81 - - [09/Sep/2018:14:17:50 +0900] "GET /images/nayami02.jpg HTTP/1.1" 200 25880 "-" "Mozilla/5.0 (Windows NT 6.1; WOW64) AppleWebKit/534+ (KHTML, like Gecko) BingPreview/1.0b"
40.77.188.21 - - [09/Sep/2018:14:17:51 +0900] "GET /images/nayami03.jpg HTTP/1.1" 200 26025 "-" "Mozilla/5.0 (Windows NT 6.1; WOW64) AppleWebKit/534+ (KHTML, like Gecko) BingPreview/1.0b"
40.77.188.21 - - [09/Sep/2018:14:17:52 +0900] "GET /images/nayami04.jpg HTTP/1.1" 200 26069 "-" "Mozilla/5.0 (Windows NT 6.1; WOW64) AppleWebKit/534+ (KHTML, like Gecko) BingPreview/1.0b"
40.77.189.198 - - [09/Sep/2018:14:17:52 +0900] "GET /images/nayami05.jpg HTTP/1.1" 200 26112 "-" "Mozilla/5.0 (Windows NT 6.1; WOW64) AppleWebKit/534+ (KHTML, like Gecko) BingPreview/1.0b"
40.77.188.36 - - [09/Sep/2018:14:17:53 +0900] "GET /images/nayami06.jpg HTTP/1.1" 200 26091 "-" "Mozilla/5.0 (Windows NT 6.1; WOW64) AppleWebKit/534+ (KHTML, like Gecko) BingPreview/1.0b"
40.77.189.193 - - [09/Sep/2018:14:17:54 +0900] "GET /images/nayami07.jpg HTTP/1.1" 200 26356 "-" "Mozilla/5.0 (Windows NT 6.1; WOW64) AppleWebKit/534+ (KHTML, like Gecko) BingPreview/1.0b"
40.77.188.129 - - [09/Sep/2018:14:17:55 +0900] "GET /images/nayami08.jpg HTTP/1.1" 200 26211 "-" "Mozilla/5.0 (Windows NT 6.1; WOW64) AppleWebKit/534+ (KHTML, like Gecko) BingPreview/1.0b"
40.77.190.36 - - [09/Sep/2018:14:17:56 +0900] "GET /images/nayami09.jpg HTTP/1.1" 200 26281 "-" "Mozilla/5.0 (Windows NT 6.1; WOW64) AppleWebKit/534+ (KHTML, like Gecko) BingPreview/1.0b"
40.77.188.21 - - [09/Sep/2018:14:17:57 +0900] "GET /images/blogbanner2.jpg HTTP/1.1" 200 24556 "-" "Mozilla/5.0 (Windows NT 6.1; WOW64) AppleWebKit/534+ (KHTML, like Gecko) BingPreview/1.0b"
40.77.189.81 - - [09/Sep/2018:14:17:58 +0900] "GET /images/nishifuna-para.jpg HTTP/1.1" 200 71547 "-" "Mozilla/5.0 (Windows NT 6.1; WOW64) AppleWebKit/534+ (KHTML, like Gecko) BingPreview/1.0b"
40.77.189.168 - - [09/Sep/2018:14:17:59 +0900] "GET /cgi-bin/daycount/daycount.cgi?gif HTTP/1.1" 500 2553 "-" "Mozilla/5.0 (Windows NT 6.1; WOW64) AppleWebKit/534+ (KHTML, like Gecko) BingPreview/1.0b"
40.77.189.140 - - [09/Sep/2018:14:18:00 +0900] "GET /images/bn_twitter.png HTTP/1.1" 200 12841 "-" "Mozilla/5.0 (Windows NT 6.1; WOW64) AppleWebKit/534+ (KHTML, like Gecko) BingPreview/1.0b"
40.77.188.54 - - [09/Sep/2018:14:18:01 +0900] "GET /images/bn_facebook.png HTTP/1.1" 200 9905 "-" "Mozilla/5.0 (Windows NT 6.1; WOW64) AppleWebKit/534+ (KHTML, like Gecko) BingPreview/1.0b"
40.77.189.198 - - [09/Sep/2018:14:18:04 +0900] "GET /images/header_bg.jpg HTTP/1.1" 200 719 "-" "Mozilla/5.0 (Windows NT 6.1; WOW64) AppleWebKit/534+ (KHTML, like Gecko) BingPreview/1.0b"
40.77.188.241 - - [09/Sep/2018:14:18:04 +0900] "GET /images/head_index.jpg HTTP/1.1" 200 47751 "-" "Mozilla/5.0 (Windows NT 6.1; WOW64) AppleWebKit/534+ (KHTML, like Gecko) BingPreview/1.0b"
40.77.189.56 - - [09/Sep/2018:14:18:05 +0900] "GET /images/hnavi.jpg HTTP/1.1" 200 19073 "-" "Mozilla/5.0 (Windows NT 6.1; WOW64) AppleWebKit/534+ (KHTML, like Gecko) BingPreview/1.0b"
40.77.189.53 - - [09/Sep/2018:14:18:06 +0900] "GET /images/head_logo.jpg HTTP/1.1" 200 25497 "-" "Mozilla/5.0 (Windows NT 6.1; WOW64) AppleWebKit/534+ (KHTML, like Gecko) BingPreview/1.0b"
40.77.189.168 - - [09/Sep/2018:14:18:07 +0900] "GET /images/head_sitemap.jpg HTTP/1.1" 200 2620 "-" "Mozilla/5.0 (Windows NT 6.1; WOW64) AppleWebKit/534+ (KHTML, like Gecko) BingPreview/1.0b"
40.77.189.215 - - [09/Sep/2018:14:18:07 +0900] "GET /images/head_access.jpg HTTP/1.1" 200 2972 "-" "Mozilla/5.0 (Windows NT 6.1; WOW64) AppleWebKit/534+ (KHTML, like Gecko) BingPreview/1.0b"
40.77.188.36 - - [09/Sep/2018:14:18:08 +0900] "GET /images/bg_index.jpg HTTP/1.1" 200 352486 "-" "Mozilla/5.0 (Windows NT 6.1; WOW64) AppleWebKit/534+ (KHTML, like Gecko) BingPreview/1.0b"
40.77.189.215 - - [09/Sep/2018:14:18:09 +0900] "GET /images/h2_index.jpg HTTP/1.1" 200 168504 "-" "Mozilla/5.0 (Windows NT 6.1; WOW64) AppleWebKit/534+ (KHTML, like Gecko) BingPreview/1.0b"
40.77.189.118 - - [09/Sep/2018:14:18:13 +0900] "GET /images/welcome.jpg HTTP/1.1" 200 11086 "-" "Mozilla/5.0 (Windows NT 6.1; WOW64) AppleWebKit/534+ (KHTML, like Gecko) BingPreview/1.0b"
40.77.189.53 - - [09/Sep/2018:14:18:12 +0900] "GET /images/mnavi.jpg HTTP/1.1" 200 74152 "-" "Mozilla/5.0 (Windows NT 6.1; WOW64) AppleWebKit/534+ (KHTML, like Gecko) BingPreview/1.0b"
40.77.189.140 - - [09/Sep/2018:14:18:14 +0900] "GET /images/arrow01.gif HTTP/1.1" 200 296 "-" "Mozilla/5.0 (Windows NT 6.1; WOW64) AppleWebKit/534+ (KHTML, like Gecko) BingPreview/1.0b"
40.77.190.102 - - [09/Sep/2018:14:18:14 +0900] "GET /images/staff_img.png HTTP/1.1" 200 51569 "-" "Mozilla/5.0 (Windows NT 6.1; WOW64) AppleWebKit/534+ (KHTML, like Gecko) BingPreview/1.0b"
40.77.189.168 - - [09/Sep/2018:14:18:16 +0900] "GET /images/medical_bg.gif HTTP/1.1" 200 921 "-" "Mozilla/5.0 (Windows NT 6.1; WOW64) AppleWebKit/534+ (KHTML, like Gecko) BingPreview/1.0b"
40.77.189.56 - - [09/Sep/2018:14:18:16 +0900] "GET /images/medical_title.gif HTTP/1.1" 200 1779 "-" "Mozilla/5.0 (Windows NT 6.1; WOW64) AppleWebKit/534+ (KHTML, like Gecko) BingPreview/1.0b"
40.77.189.215 - - [09/Sep/2018:14:18:17 +0900] "GET /images/info_bg.gif HTTP/1.1" 200 1266 "-" "Mozilla/5.0 (Windows NT 6.1; WOW64) AppleWebKit/534+ (KHTML, like Gecko) BingPreview/1.0b"
40.77.189.193 - - [09/Sep/2018:14:18:17 +0900] "GET /images/info_title.gif HTTP/1.1" 200 4422 "-" "Mozilla/5.0 (Windows NT 6.1; WOW64) AppleWebKit/534+ (KHTML, like Gecko) BingPreview/1.0b"
40.77.190.65 - - [09/Sep/2018:14:18:16 +0900] "GET /images/medical_navi.jpg HTTP/1.1" 200 49483 "-" "Mozilla/5.0 (Windows NT 6.1; WOW64) AppleWebKit/534+ (KHTML, like Gecko) BingPreview/1.0b"
40.77.189.215 - - [09/Sep/2018:14:18:18 +0900] "GET /images/coupon.gif HTTP/1.1" 200 17120 "-" "Mozilla/5.0 (Windows NT 6.1; WOW64) AppleWebKit/534+ (KHTML, like Gecko) BingPreview/1.0b"
40.77.188.54 - - [09/Sep/2018:14:18:19 +0900] "GET /images/inquiry_title.jpg HTTP/1.1" 200 15058 "-" "Mozilla/5.0 (Windows NT 6.1; WOW64) AppleWebKit/534+ (KHTML, like Gecko) BingPreview/1.0b"
40.77.190.80 - - [09/Sep/2018:14:18:19 +0900] "GET /images/tel.gif HTTP/1.1" 200 621 "-" "Mozilla/5.0 (Windows NT 6.1; WOW64) AppleWebKit/534+ (KHTML, like Gecko) BingPreview/1.0b"
40.77.189.193 - - [09/Sep/2018:14:18:20 +0900] "GET /images/inquiry.jpg HTTP/1.1" 200 15317 "-" "Mozilla/5.0 (Windows NT 6.1; WOW64) AppleWebKit/534+ (KHTML, like Gecko) BingPreview/1.0b"
40.77.188.129 - - [09/Sep/2018:14:18:21 +0900] "GET /images/mobile_title.jpg HTTP/1.1" 200 12500 "-" "Mozilla/5.0 (Windows NT 6.1; WOW64) AppleWebKit/534+ (KHTML, like Gecko) BingPreview/1.0b"
40.77.189.43 - - [09/Sep/2018:14:18:22 +0900] "GET /images/mobile_bg.jpg HTTP/1.1" 200 17491 "-" "Mozilla/5.0 (Windows NT 6.1; WOW64) AppleWebKit/534+ (KHTML, like Gecko) BingPreview/1.0b"
40.77.188.54 - - [09/Sep/2018:14:18:23 +0900] "GET /images/url.jpg HTTP/1.1" 200 3667 "-" "Mozilla/5.0 (Windows NT 6.1; WOW64) AppleWebKit/534+ (KHTML, like Gecko) BingPreview/1.0b"
40.77.188.108 - - [09/Sep/2018:14:18:23 +0900] "GET /images/staff.gif HTTP/1.1" 200 14075 "-" "Mozilla/5.0 (Windows NT 6.1; WOW64) AppleWebKit/534+ (KHTML, like Gecko) BingPreview/1.0b"
40.77.189.168 - - [09/Sep/2018:14:18:24 +0900] "GET /images/footer_info_bg.gif HTTP/1.1" 200 1104 "-" "Mozilla/5.0 (Windows NT 6.1; WOW64) AppleWebKit/534+ (KHTML, like Gecko) BingPreview/1.0b"
40.77.189.56 - - [09/Sep/2018:14:18:24 +0900] "GET /images/design.jpg HTTP/1.1" 200 2965 "-" "Mozilla/5.0 (Windows NT 6.1; WOW64) AppleWebKit/534+ (KHTML, like Gecko) BingPreview/1.0b"
219.94.203.142 - - [09/Sep/2018:14:27:36 +0900] "POST /blog/wp-cron.php?doing_wp_cron=1536470855.8525819778442382812500 HTTP/1.0" 502 226 "-" "WordPress/3.5.1; http://www.nishifuna-seitai.com/blog"
46.229.168.85 - - [09/Sep/2018:14:27:35 +0900] "GET /blog/%E6%9C%AA%E5%88%86%E9%A1%9E/kiji1385/ HTTP/1.1" 200 17486 "-" "Mozilla/5.0 (compatible; SemrushBot/2~bl; +http://www.semrush.com/bot.html)"
219.94.203.142 - - [09/Sep/2018:14:29:49 +0900] "POST /blog/wp-cron.php?doing_wp_cron=1536470989.0854279994964599609375 HTTP/1.0" 502 226 "-" "WordPress/3.5.1; http://www.nishifuna-seitai.com/blog"
46.229.168.80 - - [09/Sep/2018:14:29:48 +0900] "GET /blog/date/2014/02/ HTTP/1.1" 200 25878 "-" "Mozilla/5.0 (compatible; SemrushBot/2~bl; +http://www.semrush.com/bot.html)"
219.94.203.142 - - [09/Sep/2018:14:39:54 +0900] "POST /blog/wp-cron.php?doing_wp_cron=1536471594.7456200122833251953125 HTTP/1.0" 502 226 "-" "WordPress/3.5.1; http://www.nishifuna-seitai.com/blog"
157.55.39.46 - - [09/Sep/2018:14:39:54 +0900] "GET /blog/%e6%9c%aa%e5%88%86%e9%a1%9e/kiji1342/ HTTP/1.1" 200 17412 "-" "Mozilla/5.0 (compatible; bingbot/2.0; +http://www.bing.com/bingbot.htm)"
219.94.203.142 - - [09/Sep/2018:14:41:39 +0900] "POST /blog/wp-cron.php?doing_wp_cron=1536471699.9508240222930908203125 HTTP/1.0" 502 226 "-" "WordPress/3.5.1; http://www.nishifuna-seitai.com/blog"
40.77.167.207 - - [09/Sep/2018:14:41:39 +0900] "GET /blog/%e6%9c%aa%e5%88%86%e9%a1%9e/kiji1341/ HTTP/1.1" 200 17196 "-" "Mozilla/5.0 (compatible; bingbot/2.0; +http://www.bing.com/bingbot.htm)"
40.77.167.76 - - [09/Sep/2018:14:42:12 +0900] "GET /blog/wp-content/uploads/2012/12/h2_index2.png HTTP/1.1" 200 394553 "-" "Mozilla/5.0 (compatible; bingbot/2.0; +http://www.bing.com/bingbot.htm)"
157.55.39.46 - - [09/Sep/2018:14:42:22 +0900] "GET /blog/wp-includes/js/jquery/jquery.js?ver=1.8.3 HTTP/1.1" 200 93658 "-" "Mozilla/5.0 (compatible; bingbot/2.0; +http://www.bing.com/bingbot.htm)"
219.94.203.142 - - [09/Sep/2018:14:51:04 +0900] "POST /blog/wp-cron.php?doing_wp_cron=1536472264.5027410984039306640625 HTTP/1.0" 502 226 "-" "WordPress/3.5.1; http://www.nishifuna-seitai.com/blog"
126.237.121.11 - - [09/Sep/2018:14:51:04 +0900] "GET /blog/%E6%9C%AA%E5%88%86%E9%A1%9E/kiji1357/ HTTP/1.1" 200 17313 "https://search.yahoo.co.jp/" "Mozilla/5.0 (Linux; Android 5.1.1; 501SO Build/32.0.C.0.380) AppleWebKit/537.36 (KHTML, like Gecko) Chrome/44.0.2403.133 Mobile Safari/537.36"
126.237.121.11 - - [09/Sep/2018:14:51:05 +0900] "GET /blog/wp-content/plugins/contact-form-7/includes/css/styles.css?ver=3.3.3 HTTP/1.1" 200 887 "http://www.nishifuna-seitai.com/blog/%E6%9C%AA%E5%88%86%E9%A1%9E/kiji1357/" "Mozilla/5.0 (Linux; Android 5.1.1; 501SO Build/32.0.C.0.380) AppleWebKit/537.36 (KHTML, like Gecko) Chrome/44.0.2403.133 Mobile Safari/537.36"
126.237.121.11 - - [09/Sep/2018:14:51:05 +0900] "GET /blog/wp-content/plugins/contact-form-7/includes/js/scripts.js?ver=3.3.3 HTTP/1.1" 200 6933 "http://www.nishifuna-seitai.com/blog/%E6%9C%AA%E5%88%86%E9%A1%9E/kiji1357/" "Mozilla/5.0 (Linux; Android 5.1.1; 501SO Build/32.0.C.0.380) AppleWebKit/537.36 (KHTML, like Gecko) Chrome/44.0.2403.133 Mobile Safari/537.36"
126.237.121.11 - - [09/Sep/2018:14:51:05 +0900] "GET /blog/wp-content/themes/twentytwelve/js/navigation.js?ver=1.0 HTTP/1.1" 200 863 "http://www.nishifuna-seitai.com/blog/%E6%9C%AA%E5%88%86%E9%A1%9E/kiji1357/" "Mozilla/5.0 (Linux; Android 5.1.1; 501SO Build/32.0.C.0.380) AppleWebKit/537.36 (KHTML, like Gecko) Chrome/44.0.2403.133 Mobile Safari/537.36"
126.237.121.11 - - [09/Sep/2018:14:51:05 +0900] "GET /blog/wp-content/themes/twentytwelve/style.css?ver=3.5.1 HTTP/1.1" 200 35292 "http://www.nishifuna-seitai.com/blog/%E6%9C%AA%E5%88%86%E9%A1%9E/kiji1357/" "Mozilla/5.0 (Linux; Android 5.1.1; 501SO Build/32.0.C.0.380) AppleWebKit/537.36 (KHTML, like Gecko) Chrome/44.0.2403.133 Mobile Safari/537.36"
126.237.121.11 - - [09/Sep/2018:14:51:05 +0900] "GET /blog/wp-content/plugins/contact-form-7/includes/js/jquery.form.min.js?ver=3.25.0-2013.01.18 HTTP/1.1" 200 15158 "http://www.nishifuna-seitai.com/blog/%E6%9C%AA%E5%88%86%E9%A1%9E/kiji1357/" "Mozilla/5.0 (Linux; Android 5.1.1; 501SO Build/32.0.C.0.380) AppleWebKit/537.36 (KHTML, like Gecko) Chrome/44.0.2403.133 Mobile Safari/537.36"
126.237.121.11 - - [09/Sep/2018:14:51:05 +0900] "GET /blog/wp-includes/js/jquery/jquery.js?ver=1.8.3 HTTP/1.1" 200 93658 "http://www.nishifuna-seitai.com/blog/%E6%9C%AA%E5%88%86%E9%A1%9E/kiji1357/" "Mozilla/5.0 (Linux; Android 5.1.1; 501SO Build/32.0.C.0.380) AppleWebKit/537.36 (KHTML, like Gecko) Chrome/44.0.2403.133 Mobile Safari/537.36"
126.237.121.11 - - [09/Sep/2018:14:51:05 +0900] "GET /blog/wp-content/uploads/2012/12/h2_index2.png HTTP/1.1" 200 394553 "http://www.nishifuna-seitai.com/blog/%E6%9C%AA%E5%88%86%E9%A1%9E/kiji1357/" "Mozilla/5.0 (Linux; Android 5.1.1; 501SO Build/32.0.C.0.380) AppleWebKit/537.36 (KHTML, like Gecko) Chrome/44.0.2403.133 Mobile Safari/537.36"
126.237.121.11 - - [09/Sep/2018:14:51:06 +0900] "GET /blog/wp-content/uploads/2014/12/IMG_0209.jpg HTTP/1.1" 200 1519328 "http://www.nishifuna-seitai.com/blog/%E6%9C%AA%E5%88%86%E9%A1%9E/kiji1357/" "Mozilla/5.0 (Linux; Android 5.1.1; 501SO Build/32.0.C.0.380) AppleWebKit/537.36 (KHTML, like Gecko) Chrome/44.0.2403.133 Mobile Safari/537.36"
126.237.121.11 - - [09/Sep/2018:14:51:08 +0900] "GET /favicon.ico HTTP/1.1" 302 219 "http://www.nishifuna-seitai.com/blog/%E6%9C%AA%E5%88%86%E9%A1%9E/kiji1357/" "Mozilla/5.0 (Linux; Android 5.1.1; 501SO Build/32.0.C.0.380) AppleWebKit/537.36 (KHTML, like Gecko) Chrome/44.0.2403.133 Mobile Safari/537.36"
126.237.121.11 - - [09/Sep/2018:14:51:08 +0900] "GET /sp/ HTTP/1.1" 200 7496 "http://www.nishifuna-seitai.com/blog/%E6%9C%AA%E5%88%86%E9%A1%9E/kiji1357/" "Mozilla/5.0 (Linux; Android 5.1.1; 501SO Build/32.0.C.0.380) AppleWebKit/537.36 (KHTML, like Gecko) Chrome/44.0.2403.133 Mobile Safari/537.36"
126.237.121.11 - - [09/Sep/2018:14:53:33 +0900] "GET /favicon.ico HTTP/1.1" 302 219 "http://www.nishifuna-seitai.com/blog/wp-content/uploads/2014/12/IMG_0209.jpg" "Mozilla/5.0 (Linux; Android 5.1.1; 501SO Build/32.0.C.0.380) AppleWebKit/537.36 (KHTML, like Gecko) Chrome/44.0.2403.133 Mobile Safari/537.36"
126.237.121.11 - - [09/Sep/2018:14:53:37 +0900] "GET /favicon.ico HTTP/1.1" 302 219 "http://www.nishifuna-seitai.com/blog/%E6%9C%AA%E5%88%86%E9%A1%9E/kiji1357/" "Mozilla/5.0 (Linux; Android 5.1.1; 501SO Build/32.0.C.0.380) AppleWebKit/537.36 (KHTML, like Gecko) Chrome/44.0.2403.133 Mobile Safari/537.36"
46.229.168.70 - - [09/Sep/2018:15:11:02 +0900] "GET /robots.txt HTTP/1.1" 404 2275 "-" "Mozilla/5.0 (compatible; SemrushBot/2~bl; +http://www.semrush.com/bot.html)"
219.94.203.142 - - [09/Sep/2018:15:11:06 +0900] "POST /blog/wp-cron.php?doing_wp_cron=1536473466.0413110256195068359375 HTTP/1.0" 502 226 "-" "WordPress/3.5.1; http://www.nishifuna-seitai.com/blog"
46.229.168.85 - - [09/Sep/2018:15:11:05 +0900] "GET /blog/%E6%9C%AA%E5%88%86%E9%A1%9E/kiji1223/ HTTP/1.1" 200 17064 "-" "Mozilla/5.0 (compatible; SemrushBot/2~bl; +http://www.semrush.com/bot.html)"
66.249.79.60 - - [09/Sep/2018:15:36:03 +0900] "GET /robots.txt HTTP/1.1" 404 2275 "-" "Mozilla/5.0 (compatible; Googlebot/2.1; +http://www.google.com/bot.html)"
66.249.79.60 - - [09/Sep/2018:15:36:03 +0900] "GET /news/coupon/ HTTP/1.1" 404 2275 "-" "Mozilla/5.0 (compatible; Googlebot/2.1; +http://www.google.com/bot.html)"
219.94.203.142 - - [09/Sep/2018:15:40:16 +0900] "POST /blog/wp-cron.php?doing_wp_cron=1536475216.5624399185180664062500 HTTP/1.0" 502 226 "-" "WordPress/3.5.1; http://www.nishifuna-seitai.com/blog"
46.229.168.74 - - [09/Sep/2018:15:40:16 +0900] "GET /blog/%E6%9C%AA%E5%88%86%E9%A1%9E/kiji1307/ HTTP/1.1" 200 17539 "-" "Mozilla/5.0 (compatible; SemrushBot/2~bl; +http://www.semrush.com/bot.html)"
157.55.39.48 - - [09/Sep/2018:15:48:58 +0900] "GET /robots.txt HTTP/1.1" 404 2275 "-" "Mozilla/5.0 (compatible; bingbot/2.0; +http://www.bing.com/bingbot.htm)"
219.94.203.142 - - [09/Sep/2018:15:50:36 +0900] "POST /blog/wp-cron.php?doing_wp_cron=1536475836.8755409717559814453125 HTTP/1.0" 502 226 "-" "WordPress/3.5.1; http://www.nishifuna-seitai.com/blog"
207.46.13.48 - - [09/Sep/2018:15:50:36 +0900] "GET /blog/page/16/ HTTP/1.1" 200 31125 "-" "Mozilla/5.0 (compatible; bingbot/2.0; +http://www.bing.com/bingbot.htm)"
111.239.59.136 - - [09/Sep/2018:15:51:26 +0900] "GET /sp/ HTTP/1.1" 200 7496 "https://www.google.co.jp/" "Mozilla/5.0 (Linux; Android 7.0; SO-02J Build/34.2.B.0.211) AppleWebKit/537.36 (KHTML, like Gecko) Chrome/68.0.3440.91 Mobile Safari/537.36"
111.239.59.136 - - [09/Sep/2018:15:51:27 +0900] "GET /sp/style.css HTTP/1.1" 200 4421 "http://www.nishifuna-seitai.com/sp/" "Mozilla/5.0 (Linux; Android 7.0; SO-02J Build/34.2.B.0.211) AppleWebKit/537.36 (KHTML, like Gecko) Chrome/68.0.3440.91 Mobile Safari/537.36"
111.239.59.136 - - [09/Sep/2018:15:51:27 +0900] "GET /sp/img/logo2.gif HTTP/1.1" 200 8343 "http://www.nishifuna-seitai.com/sp/" "Mozilla/5.0 (Linux; Android 7.0; SO-02J Build/34.2.B.0.211) AppleWebKit/537.36 (KHTML, like Gecko) Chrome/68.0.3440.91 Mobile Safari/537.36"
111.239.59.136 - - [09/Sep/2018:15:51:27 +0900] "GET /sp/img/photo01.jpg HTTP/1.1" 200 7915 "http://www.nishifuna-seitai.com/sp/" "Mozilla/5.0 (Linux; Android 7.0; SO-02J Build/34.2.B.0.211) AppleWebKit/537.36 (KHTML, like Gecko) Chrome/68.0.3440.91 Mobile Safari/537.36"
111.239.59.136 - - [09/Sep/2018:15:51:27 +0900] "GET /sp/img/h_bg.gif HTTP/1.1" 200 481 "http://www.nishifuna-seitai.com/sp/style.css" "Mozilla/5.0 (Linux; Android 7.0; SO-02J Build/34.2.B.0.211) AppleWebKit/537.36 (KHTML, like Gecko) Chrome/68.0.3440.91 Mobile Safari/537.36"
111.239.59.136 - - [09/Sep/2018:15:51:27 +0900] "GET /sp/img/bnr_para.png HTTP/1.1" 200 12686 "http://www.nishifuna-seitai.com/sp/" "Mozilla/5.0 (Linux; Android 7.0; SO-02J Build/34.2.B.0.211) AppleWebKit/537.36 (KHTML, like Gecko) Chrome/68.0.3440.91 Mobile Safari/537.36"
111.239.59.136 - - [09/Sep/2018:15:51:27 +0900] "GET /sp/img/bnr_mix.png HTTP/1.1" 200 5115 "http://www.nishifuna-seitai.com/sp/" "Mozilla/5.0 (Linux; Android 7.0; SO-02J Build/34.2.B.0.211) AppleWebKit/537.36 (KHTML, like Gecko) Chrome/68.0.3440.91 Mobile Safari/537.36"
111.239.59.136 - - [09/Sep/2018:15:51:27 +0900] "GET /sp/img/header.png HTTP/1.1" 200 187164 "http://www.nishifuna-seitai.com/sp/" "Mozilla/5.0 (Linux; Android 7.0; SO-02J Build/34.2.B.0.211) AppleWebKit/537.36 (KHTML, like Gecko) Chrome/68.0.3440.91 Mobile Safari/537.36"
111.239.59.136 - - [09/Sep/2018:15:51:27 +0900] "GET /sp/img/nav_bg.gif HTTP/1.1" 200 890 "http://www.nishifuna-seitai.com/sp/style.css" "Mozilla/5.0 (Linux; Android 7.0; SO-02J Build/34.2.B.0.211) AppleWebKit/537.36 (KHTML, like Gecko) Chrome/68.0.3440.91 Mobile Safari/537.36"
111.239.59.136 - - [09/Sep/2018:15:51:27 +0900] "GET /sp/img/about02.png HTTP/1.1" 200 42549 "http://www.nishifuna-seitai.com/sp/" "Mozilla/5.0 (Linux; Android 7.0; SO-02J Build/34.2.B.0.211) AppleWebKit/537.36 (KHTML, like Gecko) Chrome/68.0.3440.91 Mobile Safari/537.36"
111.239.59.136 - - [09/Sep/2018:15:51:27 +0900] "GET /sp/img/h_bg_gray.gif HTTP/1.1" 200 80 "http://www.nishifuna-seitai.com/sp/style.css" "Mozilla/5.0 (Linux; Android 7.0; SO-02J Build/34.2.B.0.211) AppleWebKit/537.36 (KHTML, like Gecko) Chrome/68.0.3440.91 Mobile Safari/537.36"
111.239.59.136 - - [09/Sep/2018:15:51:27 +0900] "GET /sp/img/blogbanner2.jpg HTTP/1.1" 200 24556 "http://www.nishifuna-seitai.com/sp/" "Mozilla/5.0 (Linux; Android 7.0; SO-02J Build/34.2.B.0.211) AppleWebKit/537.36 (KHTML, like Gecko) Chrome/68.0.3440.91 Mobile Safari/537.36"
111.239.59.136 - - [09/Sep/2018:15:51:27 +0900] "GET /sp/img/living.png HTTP/1.1" 200 157323 "http://www.nishifuna-seitai.com/sp/" "Mozilla/5.0 (Linux; Android 7.0; SO-02J Build/34.2.B.0.211) AppleWebKit/537.36 (KHTML, like Gecko) Chrome/68.0.3440.91 Mobile Safari/537.36"
111.239.59.136 - - [09/Sep/2018:15:51:27 +0900] "GET /favicon.ico HTTP/1.1" 302 219 "http://www.nishifuna-seitai.com/sp/" "Mozilla/5.0 (Linux; Android 7.0; SO-02J Build/34.2.B.0.211) AppleWebKit/537.36 (KHTML, like Gecko) Chrome/68.0.3440.91 Mobile Safari/537.36"
49.98.137.162 - - [09/Sep/2018:15:59:29 +0900] "GET /sp/ HTTP/1.1" 200 7496 "https://www.google.co.jp/" "Mozilla/5.0 (iPhone; CPU iPhone OS 11_4_1 like Mac OS X) AppleWebKit/605.1.15 (KHTML, like Gecko) Version/11.0 Mobile/15E148 Safari/604.1"
49.98.137.162 - - [09/Sep/2018:15:59:29 +0900] "GET /sp/style.css HTTP/1.1" 200 4421 "http://www.nishifuna-seitai.com/sp/" "Mozilla/5.0 (iPhone; CPU iPhone OS 11_4_1 like Mac OS X) AppleWebKit/605.1.15 (KHTML, like Gecko) Version/11.0 Mobile/15E148 Safari/604.1"
49.98.137.162 - - [09/Sep/2018:15:59:29 +0900] "GET /sp/img/logo2.gif HTTP/1.1" 200 8343 "http://www.nishifuna-seitai.com/sp/" "Mozilla/5.0 (iPhone; CPU iPhone OS 11_4_1 like Mac OS X) AppleWebKit/605.1.15 (KHTML, like Gecko) Version/11.0 Mobile/15E148 Safari/604.1"
49.98.137.162 - - [09/Sep/2018:15:59:29 +0900] "GET /sp/img/photo01.jpg HTTP/1.1" 200 7915 "http://www.nishifuna-seitai.com/sp/" "Mozilla/5.0 (iPhone; CPU iPhone OS 11_4_1 like Mac OS X) AppleWebKit/605.1.15 (KHTML, like Gecko) Version/11.0 Mobile/15E148 Safari/604.1"
49.98.137.162 - - [09/Sep/2018:15:59:29 +0900] "GET /sp/img/about02.png HTTP/1.1" 200 42549 "http://www.nishifuna-seitai.com/sp/" "Mozilla/5.0 (iPhone; CPU iPhone OS 11_4_1 like Mac OS X) AppleWebKit/605.1.15 (KHTML, like Gecko) Version/11.0 Mobile/15E148 Safari/604.1"
49.98.137.162 - - [09/Sep/2018:15:59:29 +0900] "GET /sp/img/header.png HTTP/1.1" 200 187164 "http://www.nishifuna-seitai.com/sp/" "Mozilla/5.0 (iPhone; CPU iPhone OS 11_4_1 like Mac OS X) AppleWebKit/605.1.15 (KHTML, like Gecko) Version/11.0 Mobile/15E148 Safari/604.1"
49.98.137.162 - - [09/Sep/2018:15:59:29 +0900] "GET /sp/img/living.png HTTP/1.1" 200 157323 "http://www.nishifuna-seitai.com/sp/" "Mozilla/5.0 (iPhone; CPU iPhone OS 11_4_1 like Mac OS X) AppleWebKit/605.1.15 (KHTML, like Gecko) Version/11.0 Mobile/15E148 Safari/604.1"
49.98.137.162 - - [09/Sep/2018:15:59:30 +0900] "GET /sp/img/bnr_para.png HTTP/1.1" 200 12686 "http://www.nishifuna-seitai.com/sp/" "Mozilla/5.0 (iPhone; CPU iPhone OS 11_4_1 like Mac OS X) AppleWebKit/605.1.15 (KHTML, like Gecko) Version/11.0 Mobile/15E148 Safari/604.1"
49.98.137.162 - - [09/Sep/2018:15:59:30 +0900] "GET /sp/img/bnr_mix.png HTTP/1.1" 200 5115 "http://www.nishifuna-seitai.com/sp/" "Mozilla/5.0 (iPhone; CPU iPhone OS 11_4_1 like Mac OS X) AppleWebKit/605.1.15 (KHTML, like Gecko) Version/11.0 Mobile/15E148 Safari/604.1"
49.98.137.162 - - [09/Sep/2018:15:59:30 +0900] "GET /sp/img/blogbanner2.jpg HTTP/1.1" 200 24556 "http://www.nishifuna-seitai.com/sp/" "Mozilla/5.0 (iPhone; CPU iPhone OS 11_4_1 like Mac OS X) AppleWebKit/605.1.15 (KHTML, like Gecko) Version/11.0 Mobile/15E148 Safari/604.1"
49.98.137.162 - - [09/Sep/2018:15:59:30 +0900] "GET /sp/img/h_bg.gif HTTP/1.1" 200 481 "http://www.nishifuna-seitai.com/sp/" "Mozilla/5.0 (iPhone; CPU iPhone OS 11_4_1 like Mac OS X) AppleWebKit/605.1.15 (KHTML, like Gecko) Version/11.0 Mobile/15E148 Safari/604.1"
49.98.137.162 - - [09/Sep/2018:15:59:30 +0900] "GET /sp/img/nav_bg.gif HTTP/1.1" 200 890 "http://www.nishifuna-seitai.com/sp/" "Mozilla/5.0 (iPhone; CPU iPhone OS 11_4_1 like Mac OS X) AppleWebKit/605.1.15 (KHTML, like Gecko) Version/11.0 Mobile/15E148 Safari/604.1"
49.98.137.162 - - [09/Sep/2018:15:59:30 +0900] "GET /sp/img/h_bg_gray.gif HTTP/1.1" 200 80 "http://www.nishifuna-seitai.com/sp/" "Mozilla/5.0 (iPhone; CPU iPhone OS 11_4_1 like Mac OS X) AppleWebKit/605.1.15 (KHTML, like Gecko) Version/11.0 Mobile/15E148 Safari/604.1"
49.98.137.162 - - [09/Sep/2018:16:00:15 +0900] "GET /sp/price.html HTTP/1.1" 200 4912 "http://www.nishifuna-seitai.com/sp/" "Mozilla/5.0 (iPhone; CPU iPhone OS 11_4_1 like Mac OS X) AppleWebKit/605.1.15 (KHTML, like Gecko) Version/11.0 Mobile/15E148 Safari/604.1"
49.98.137.162 - - [09/Sep/2018:16:00:15 +0900] "GET /sp/img/logo.gif HTTP/1.1" 200 8495 "http://www.nishifuna-seitai.com/sp/price.html" "Mozilla/5.0 (iPhone; CPU iPhone OS 11_4_1 like Mac OS X) AppleWebKit/605.1.15 (KHTML, like Gecko) Version/11.0 Mobile/15E148 Safari/604.1"
49.98.137.162 - - [09/Sep/2018:16:00:16 +0900] "GET /sp/img/header_price.png HTTP/1.1" 200 44237 "http://www.nishifuna-seitai.com/sp/price.html" "Mozilla/5.0 (iPhone; CPU iPhone OS 11_4_1 like Mac OS X) AppleWebKit/605.1.15 (KHTML, like Gecko) Version/11.0 Mobile/15E148 Safari/604.1"
49.98.137.162 - - [09/Sep/2018:16:00:16 +0900] "GET /sp/img/coupon.jpg HTTP/1.1" 200 109242 "http://www.nishifuna-seitai.com/sp/price.html" "Mozilla/5.0 (iPhone; CPU iPhone OS 11_4_1 like Mac OS X) AppleWebKit/605.1.15 (KHTML, like Gecko) Version/11.0 Mobile/15E148 Safari/604.1"
219.94.203.142 - - [09/Sep/2018:16:00:30 +0900] "POST /blog/wp-cron.php?doing_wp_cron=1536476430.6128580570220947265625 HTTP/1.0" 502 226 "-" "WordPress/3.5.1; http://www.nishifuna-seitai.com/blog"
207.46.13.48 - - [09/Sep/2018:16:00:30 +0900] "GET /blog/%e3%82%b9%e3%82%bf%e3%83%83%e3%83%95%e3%82%88%e3%82%8a/kiji1074/ HTTP/1.1" 200 17812 "-" "Mozilla/5.0 (compatible; bingbot/2.0; +http://www.bing.com/bingbot.htm)"
46.229.168.85 - - [09/Sep/2018:16:01:24 +0900] "GET /blog/%E3%82%B9%E3%82%BF%E3%83%83%E3%83%95%E3%82%88%E3%82%8A/kiji1072/ HTTP/1.1" 200 17787 "-" "Mozilla/5.0 (compatible; SemrushBot/2~bl; +http://www.semrush.com/bot.html)"
219.94.203.142 - - [09/Sep/2018:16:13:18 +0900] "POST /blog/wp-cron.php?doing_wp_cron=1536477197.8138449192047119140625 HTTP/1.0" 502 226 "-" "WordPress/3.5.1; http://www.nishifuna-seitai.com/blog"
124.159.79.125 - - [09/Sep/2018:16:13:17 +0900] "GET /blog/%E6%9C%AA%E5%88%86%E9%A1%9E/kiji1357/ HTTP/1.1" 200 17313 "https://www.google.co.jp/" "Mozilla/5.0 (iPhone; CPU iPhone OS 11_4_1 like Mac OS X) AppleWebKit/605.1.15 (KHTML, like Gecko) Version/11.0 Mobile/15E148 Safari/604.1"
124.159.79.125 - - [09/Sep/2018:16:13:19 +0900] "GET /blog/wp-content/plugins/contact-form-7/includes/css/styles.css?ver=3.3.3 HTTP/1.1" 200 887 "http://www.nishifuna-seitai.com/blog/%E6%9C%AA%E5%88%86%E9%A1%9E/kiji1357/" "Mozilla/5.0 (iPhone; CPU iPhone OS 11_4_1 like Mac OS X) AppleWebKit/605.1.15 (KHTML, like Gecko) Version/11.0 Mobile/15E148 Safari/604.1"
124.159.79.125 - - [09/Sep/2018:16:13:19 +0900] "GET /blog/wp-content/plugins/contact-form-7/includes/js/jquery.form.min.js?ver=3.25.0-2013.01.18 HTTP/1.1" 200 15158 "http://www.nishifuna-seitai.com/blog/%E6%9C%AA%E5%88%86%E9%A1%9E/kiji1357/" "Mozilla/5.0 (iPhone; CPU iPhone OS 11_4_1 like Mac OS X) AppleWebKit/605.1.15 (KHTML, like Gecko) Version/11.0 Mobile/15E148 Safari/604.1"
124.159.79.125 - - [09/Sep/2018:16:13:19 +0900] "GET /blog/wp-content/themes/twentytwelve/style.css?ver=3.5.1 HTTP/1.1" 200 35292 "http://www.nishifuna-seitai.com/blog/%E6%9C%AA%E5%88%86%E9%A1%9E/kiji1357/" "Mozilla/5.0 (iPhone; CPU iPhone OS 11_4_1 like Mac OS X) AppleWebKit/605.1.15 (KHTML, like Gecko) Version/11.0 Mobile/15E148 Safari/604.1"
124.159.79.125 - - [09/Sep/2018:16:13:19 +0900] "GET /blog/wp-content/plugins/contact-form-7/includes/js/scripts.js?ver=3.3.3 HTTP/1.1" 200 6933 "http://www.nishifuna-seitai.com/blog/%E6%9C%AA%E5%88%86%E9%A1%9E/kiji1357/" "Mozilla/5.0 (iPhone; CPU iPhone OS 11_4_1 like Mac OS X) AppleWebKit/605.1.15 (KHTML, like Gecko) Version/11.0 Mobile/15E148 Safari/604.1"
124.159.79.125 - - [09/Sep/2018:16:13:19 +0900] "GET /blog/wp-content/themes/twentytwelve/js/navigation.js?ver=1.0 HTTP/1.1" 200 863 "http://www.nishifuna-seitai.com/blog/%E6%9C%AA%E5%88%86%E9%A1%9E/kiji1357/" "Mozilla/5.0 (iPhone; CPU iPhone OS 11_4_1 like Mac OS X) AppleWebKit/605.1.15 (KHTML, like Gecko) Version/11.0 Mobile/15E148 Safari/604.1"
124.159.79.125 - - [09/Sep/2018:16:13:19 +0900] "GET /blog/wp-content/uploads/2012/12/h2_index2.png HTTP/1.1" 200 394553 "http://www.nishifuna-seitai.com/blog/%E6%9C%AA%E5%88%86%E9%A1%9E/kiji1357/" "Mozilla/5.0 (iPhone; CPU iPhone OS 11_4_1 like Mac OS X) AppleWebKit/605.1.15 (KHTML, like Gecko) Version/11.0 Mobile/15E148 Safari/604.1"
124.159.79.125 - - [09/Sep/2018:16:13:19 +0900] "GET /blog/wp-includes/js/jquery/jquery.js?ver=1.8.3 HTTP/1.1" 200 93658 "http://www.nishifuna-seitai.com/blog/%E6%9C%AA%E5%88%86%E9%A1%9E/kiji1357/" "Mozilla/5.0 (iPhone; CPU iPhone OS 11_4_1 like Mac OS X) AppleWebKit/605.1.15 (KHTML, like Gecko) Version/11.0 Mobile/15E148 Safari/604.1"
124.159.79.125 - - [09/Sep/2018:16:13:19 +0900] "GET /blog/wp-content/uploads/2014/12/IMG_0209.jpg HTTP/1.1" 200 1519328 "http://www.nishifuna-seitai.com/blog/%E6%9C%AA%E5%88%86%E9%A1%9E/kiji1357/" "Mozilla/5.0 (iPhone; CPU iPhone OS 11_4_1 like Mac OS X) AppleWebKit/605.1.15 (KHTML, like Gecko) Version/11.0 Mobile/15E148 Safari/604.1"
66.249.79.63 - - [09/Sep/2018:16:18:00 +0900] "GET /sp/ HTTP/1.1" 200 7496 "-" "Mozilla/5.0 (compatible; Googlebot/2.1; +http://www.google.com/bot.html)"
66.249.79.60 - - [09/Sep/2018:16:18:05 +0900] "GET /sp/style.css HTTP/1.1" 200 4421 "http://www.nishifuna-seitai.com/sp/" "Mozilla/5.0 AppleWebKit/537.36 (KHTML, like Gecko; compatible; Googlebot/2.1; +http://www.google.com/bot.html) Safari/537.36"
17.58.97.174 - - [09/Sep/2018:16:24:31 +0900] "GET /robots.txt HTTP/1.1" 404 2275 "-" "Mozilla/5.0 (Macintosh; Intel Mac OS X 10_10_1) AppleWebKit/600.2.5 (KHTML, like Gecko) Version/8.0.2 Safari/600.2.5 (Applebot/0.1; +http://www.apple.com/go/applebot)"
17.58.97.174 - - [09/Sep/2018:16:24:32 +0900] "GET /contact/ HTTP/1.1" 200 10667 "-" "Mozilla/5.0 (Macintosh; Intel Mac OS X 10_10_1) AppleWebKit/600.2.5 (KHTML, like Gecko) Version/8.0.2 Safari/600.2.5 (Applebot/0.1; +http://www.apple.com/go/applebot)"
219.94.203.142 - - [09/Sep/2018:16:48:39 +0900] "POST /blog/wp-cron.php?doing_wp_cron=1536479319.1551420688629150390625 HTTP/1.0" 502 226 "-" "WordPress/3.5.1; http://www.nishifuna-seitai.com/blog"
114.160.193.85 - - [09/Sep/2018:16:48:39 +0900] "GET /blog/wp-content/plugins/contact-form-7/includes/css/styles.css?ver=3.3.3 HTTP/1.1" 200 887 "http://www.nishifuna-seitai.com/blog/%E6%9C%AA%E5%88%86%E9%A1%9E/kiji1342/" "Mozilla/5.0 (Windows NT 6.1; Trident/7.0; rv:11.0) like Gecko"
114.160.193.85 - - [09/Sep/2018:16:48:38 +0900] "GET /blog/%E6%9C%AA%E5%88%86%E9%A1%9E/kiji1342/ HTTP/1.1" 200 17412 "http://search.yahoo.co.jp/r/FOR=T5niGX9V3iiM9Cbqydd2KYjLZ6EXXeRuKwo9u026ldvJrXnTs1k5Ag46SkHSmIaejMPYf2Llww.b49ZPxDNCvNhMnZZAooRa7mOICO6DaIpVzPLarcSLLiVRaGx_.1BMyfm3V.EBRLG9Y.NJRZkirX05rDICdsv6ZqSAIMhB1iUH3DvyZLl0eL4tTTewRzkuZlisK8hU42WE48stTOU043Te6ols.XjsyGv2C7.a_5V2.eVovSG8jlKVcioVLWiIn8nqpq3QvDZSv_rx_L05i8BbNZh6Ja4-/_ylt=A2RCCOxQ0JRbx1UAGxSDTwx.;_ylu=X3oDMTBtdTY1Z3BjBHBvcwMyBHNlYwNzcgRzbGsDdGl0bGU-/SIG=13gh82s0s/EXP=1536580112/**http%3A//www.nishifuna-seitai.com/blog/%25E6%259C%25AA%25E5%2588%2586%25E9%25A1%259E/kiji1342/" "Mozilla/5.0 (Windows NT 6.1; Trident/7.0; rv:11.0) like Gecko"
114.160.193.85 - - [09/Sep/2018:16:48:39 +0900] "GET /blog/wp-content/plugins/contact-form-7/includes/js/scripts.js?ver=3.3.3 HTTP/1.1" 200 6933 "http://www.nishifuna-seitai.com/blog/%E6%9C%AA%E5%88%86%E9%A1%9E/kiji1342/" "Mozilla/5.0 (Windows NT 6.1; Trident/7.0; rv:11.0) like Gecko"
114.160.193.85 - - [09/Sep/2018:16:48:39 +0900] "GET /blog/wp-content/themes/twentytwelve/js/navigation.js?ver=1.0 HTTP/1.1" 200 863 "http://www.nishifuna-seitai.com/blog/%E6%9C%AA%E5%88%86%E9%A1%9E/kiji1342/" "Mozilla/5.0 (Windows NT 6.1; Trident/7.0; rv:11.0) like Gecko"
114.160.193.85 - - [09/Sep/2018:16:48:39 +0900] "GET /blog/wp-content/themes/twentytwelve/style.css?ver=3.5.1 HTTP/1.1" 200 35292 "http://www.nishifuna-seitai.com/blog/%E6%9C%AA%E5%88%86%E9%A1%9E/kiji1342/" "Mozilla/5.0 (Windows NT 6.1; Trident/7.0; rv:11.0) like Gecko"
114.160.193.85 - - [09/Sep/2018:16:48:39 +0900] "GET /blog/wp-content/plugins/contact-form-7/includes/js/jquery.form.min.js?ver=3.25.0-2013.01.18 HTTP/1.1" 200 15158 "http://www.nishifuna-seitai.com/blog/%E6%9C%AA%E5%88%86%E9%A1%9E/kiji1342/" "Mozilla/5.0 (Windows NT 6.1; Trident/7.0; rv:11.0) like Gecko"
