180.15.198.77 - - [10/Sep/2018:21:05:34 +0900] "GET /Scripts/jquery.simpleFAQ-0.7.min.js HTTP/1.1" 200 4623 "http://www.nishifuna-seitai.com/" "Mozilla/4.0 (compatible; MSIE 8.0; Windows NT 5.1; Trident/4.0; SLCC2; .NET CLR 2.0.50727; .NET CLR 3.0.30729; .NET CLR 3.5.30729; .NET4.0C; .NET4.0E;)"
180.15.198.77 - - [10/Sep/2018:21:05:34 +0900] "GET /Scripts/core.js HTTP/1.1" 200 9865 "http://www.nishifuna-seitai.com/" "Mozilla/4.0 (compatible; MSIE 8.0; Windows NT 5.1; Trident/4.0; SLCC2; .NET CLR 2.0.50727; .NET CLR 3.0.30729; .NET CLR 3.5.30729; .NET4.0C; .NET4.0E;)"
180.15.198.77 - - [10/Sep/2018:21:05:34 +0900] "GET /images/welcome2.jpg HTTP/1.1" 200 22355 "http://www.nishifuna-seitai.com/" "Mozilla/4.0 (compatible; MSIE 8.0; Windows NT 5.1; Trident/4.0; SLCC2; .NET CLR 2.0.50727; .NET CLR 3.0.30729; .NET CLR 3.5.30729; .NET4.0C; .NET4.0E;)"
180.15.198.77 - - [10/Sep/2018:21:05:35 +0900] "GET /css/common.css HTTP/1.1" 200 3235 "http://www.nishifuna-seitai.com/" "Mozilla/4.0 (compatible; MSIE 8.0; Windows NT 5.1; Trident/4.0; SLCC2; .NET CLR 2.0.50727; .NET CLR 3.0.30729; .NET CLR 3.5.30729; .NET4.0C; .NET4.0E;)"
180.15.198.77 - - [10/Sep/2018:21:05:35 +0900] "GET /css/index.css HTTP/1.1" 200 17509 "http://www.nishifuna-seitai.com/" "Mozilla/4.0 (compatible; MSIE 8.0; Windows NT 5.1; Trident/4.0; SLCC2; .NET CLR 2.0.50727; .NET CLR 3.0.30729; .NET CLR 3.5.30729; .NET4.0C; .NET4.0E;)"
180.15.198.77 - - [10/Sep/2018:21:05:35 +0900] "GET /images/about03.png HTTP/1.1" 200 563309 "http://www.nishifuna-seitai.com/" "Mozilla/4.0 (compatible; MSIE 8.0; Windows NT 5.1; Trident/4.0; SLCC2; .NET CLR 2.0.50727; .NET CLR 3.0.30729; .NET CLR 3.5.30729; .NET4.0C; .NET4.0E;)"
180.15.198.77 - - [10/Sep/2018:21:05:36 +0900] "GET /images/living.png HTTP/1.1" 200 156481 "http://www.nishifuna-seitai.com/" "Mozilla/4.0 (compatible; MSIE 8.0; Windows NT 5.1; Trident/4.0; SLCC2; .NET CLR 2.0.50727; .NET CLR 3.0.30729; .NET CLR 3.5.30729; .NET4.0C; .NET4.0E;)"
180.15.198.77 - - [10/Sep/2018:21:05:36 +0900] "GET /images/living2.png HTTP/1.1" 200 161547 "http://www.nishifuna-seitai.com/" "Mozilla/4.0 (compatible; MSIE 8.0; Windows NT 5.1; Trident/4.0; SLCC2; .NET CLR 2.0.50727; .NET CLR 3.0.30729; .NET CLR 3.5.30729; .NET4.0C; .NET4.0E;)"
180.15.198.77 - - [10/Sep/2018:21:05:37 +0900] "GET /images/nayami.png HTTP/1.1" 200 10042 "http://www.nishifuna-seitai.com/" "Mozilla/4.0 (compatible; MSIE 8.0; Windows NT 5.1; Trident/4.0; SLCC2; .NET CLR 2.0.50727; .NET CLR 3.0.30729; .NET CLR 3.5.30729; .NET4.0C; .NET4.0E;)"
180.15.198.77 - - [10/Sep/2018:21:05:37 +0900] "GET /images/nayami01.jpg HTTP/1.1" 200 26267 "http://www.nishifuna-seitai.com/" "Mozilla/4.0 (compatible; MSIE 8.0; Windows NT 5.1; Trident/4.0; SLCC2; .NET CLR 2.0.50727; .NET CLR 3.0.30729; .NET CLR 3.5.30729; .NET4.0C; .NET4.0E;)"
180.15.198.77 - - [10/Sep/2018:21:05:37 +0900] "GET /images/nayami02.jpg HTTP/1.1" 200 25880 "http://www.nishifuna-seitai.com/" "Mozilla/4.0 (compatible; MSIE 8.0; Windows NT 5.1; Trident/4.0; SLCC2; .NET CLR 2.0.50727; .NET CLR 3.0.30729; .NET CLR 3.5.30729; .NET4.0C; .NET4.0E;)"
180.15.198.77 - - [10/Sep/2018:21:05:37 +0900] "GET /images/nayami03.jpg HTTP/1.1" 200 26025 "http://www.nishifuna-seitai.com/" "Mozilla/4.0 (compatible; MSIE 8.0; Windows NT 5.1; Trident/4.0; SLCC2; .NET CLR 2.0.50727; .NET CLR 3.0.30729; .NET CLR 3.5.30729; .NET4.0C; .NET4.0E;)"
180.15.198.77 - - [10/Sep/2018:21:05:37 +0900] "GET /images/nayami04.jpg HTTP/1.1" 200 26069 "http://www.nishifuna-seitai.com/" "Mozilla/4.0 (compatible; MSIE 8.0; Windows NT 5.1; Trident/4.0; SLCC2; .NET CLR 2.0.50727; .NET CLR 3.0.30729; .NET CLR 3.5.30729; .NET4.0C; .NET4.0E;)"
180.15.198.77 - - [10/Sep/2018:21:05:37 +0900] "GET /images/nayami05.jpg HTTP/1.1" 200 26112 "http://www.nishifuna-seitai.com/" "Mozilla/4.0 (compatible; MSIE 8.0; Windows NT 5.1; Trident/4.0; SLCC2; .NET CLR 2.0.50727; .NET CLR 3.0.30729; .NET CLR 3.5.30729; .NET4.0C; .NET4.0E;)"
180.15.198.77 - - [10/Sep/2018:21:05:37 +0900] "GET /images/nayami06.jpg HTTP/1.1" 200 26091 "http://www.nishifuna-seitai.com/" "Mozilla/4.0 (compatible; MSIE 8.0; Windows NT 5.1; Trident/4.0; SLCC2; .NET CLR 2.0.50727; .NET CLR 3.0.30729; .NET CLR 3.5.30729; .NET4.0C; .NET4.0E;)"
180.15.198.77 - - [10/Sep/2018:21:05:37 +0900] "GET /images/nayami07.jpg HTTP/1.1" 200 26356 "http://www.nishifuna-seitai.com/" "Mozilla/4.0 (compatible; MSIE 8.0; Windows NT 5.1; Trident/4.0; SLCC2; .NET CLR 2.0.50727; .NET CLR 3.0.30729; .NET CLR 3.5.30729; .NET4.0C; .NET4.0E;)"
180.15.198.77 - - [10/Sep/2018:21:05:38 +0900] "GET /images/nayami08.jpg HTTP/1.1" 200 26211 "http://www.nishifuna-seitai.com/" "Mozilla/4.0 (compatible; MSIE 8.0; Windows NT 5.1; Trident/4.0; SLCC2; .NET CLR 2.0.50727; .NET CLR 3.0.30729; .NET CLR 3.5.30729; .NET4.0C; .NET4.0E;)"
180.15.198.77 - - [10/Sep/2018:21:05:38 +0900] "GET /images/nayami09.jpg HTTP/1.1" 200 26281 "http://www.nishifuna-seitai.com/" "Mozilla/4.0 (compatible; MSIE 8.0; Windows NT 5.1; Trident/4.0; SLCC2; .NET CLR 2.0.50727; .NET CLR 3.0.30729; .NET CLR 3.5.30729; .NET4.0C; .NET4.0E;)"
180.15.198.77 - - [10/Sep/2018:21:05:38 +0900] "GET /images/blogbanner2.jpg HTTP/1.1" 200 24556 "http://www.nishifuna-seitai.com/" "Mozilla/4.0 (compatible; MSIE 8.0; Windows NT 5.1; Trident/4.0; SLCC2; .NET CLR 2.0.50727; .NET CLR 3.0.30729; .NET CLR 3.5.30729; .NET4.0C; .NET4.0E;)"
180.15.198.77 - - [10/Sep/2018:21:05:38 +0900] "GET /images/nishifuna-para.jpg HTTP/1.1" 200 71547 "http://www.nishifuna-seitai.com/" "Mozilla/4.0 (compatible; MSIE 8.0; Windows NT 5.1; Trident/4.0; SLCC2; .NET CLR 2.0.50727; .NET CLR 3.0.30729; .NET CLR 3.5.30729; .NET4.0C; .NET4.0E;)"
180.15.198.77 - - [10/Sep/2018:21:05:39 +0900] "GET /cgi-bin/daycount/daycount.cgi?gif HTTP/1.1" 500 2553 "http://www.nishifuna-seitai.com/" "Mozilla/4.0 (compatible; MSIE 8.0; Windows NT 5.1; Trident/4.0; SLCC2; .NET CLR 2.0.50727; .NET CLR 3.0.30729; .NET CLR 3.5.30729; .NET4.0C; .NET4.0E;)"
180.15.198.77 - - [10/Sep/2018:21:05:39 +0900] "GET /images/bn_twitter.png HTTP/1.1" 200 12841 "http://www.nishifuna-seitai.com/" "Mozilla/4.0 (compatible; MSIE 8.0; Windows NT 5.1; Trident/4.0; SLCC2; .NET CLR 2.0.50727; .NET CLR 3.0.30729; .NET CLR 3.5.30729; .NET4.0C; .NET4.0E;)"
180.15.198.77 - - [10/Sep/2018:21:05:39 +0900] "GET /images/bn_facebook.png HTTP/1.1" 200 9905 "http://www.nishifuna-seitai.com/" "Mozilla/4.0 (compatible; MSIE 8.0; Windows NT 5.1; Trident/4.0; SLCC2; .NET CLR 2.0.50727; .NET CLR 3.0.30729; .NET CLR 3.5.30729; .NET4.0C; .NET4.0E;)"
180.189.236.179 - - [10/Sep/2018:21:08:56 +0900] "GET /sp/ HTTP/1.1" 200 7496 "https://search.yahoo.co.jp/" "Mozilla/5.0 (Linux; Android 7.0; SC-04J Build/NRD90M; wv) AppleWebKit/537.36 (KHTML, like Gecko) Version/4.0 Chrome/68.0.3440.91 Mobile Safari/537.36 YJApp-ANDROID jp.co.yahoo.android.yjtop/3.28.0"
180.189.236.179 - - [10/Sep/2018:21:08:56 +0900] "GET /sp/style.css HTTP/1.1" 200 4421 "http://www.nishifuna-seitai.com/sp/" "Mozilla/5.0 (Linux; Android 7.0; SC-04J Build/NRD90M; wv) AppleWebKit/537.36 (KHTML, like Gecko) Version/4.0 Chrome/68.0.3440.91 Mobile Safari/537.36 YJApp-ANDROID jp.co.yahoo.android.yjtop/3.28.0"
180.189.236.179 - - [10/Sep/2018:21:08:57 +0900] "GET /sp/img/logo2.gif HTTP/1.1" 200 8343 "http://www.nishifuna-seitai.com/sp/" "Mozilla/5.0 (Linux; Android 7.0; SC-04J Build/NRD90M; wv) AppleWebKit/537.36 (KHTML, like Gecko) Version/4.0 Chrome/68.0.3440.91 Mobile Safari/537.36 YJApp-ANDROID jp.co.yahoo.android.yjtop/3.28.0"
180.189.236.179 - - [10/Sep/2018:21:08:57 +0900] "GET /sp/img/photo01.jpg HTTP/1.1" 200 7915 "http://www.nishifuna-seitai.com/sp/" "Mozilla/5.0 (Linux; Android 7.0; SC-04J Build/NRD90M; wv) AppleWebKit/537.36 (KHTML, like Gecko) Version/4.0 Chrome/68.0.3440.91 Mobile Safari/537.36 YJApp-ANDROID jp.co.yahoo.android.yjtop/3.28.0"
180.189.236.179 - - [10/Sep/2018:21:08:57 +0900] "GET /sp/img/bnr_para.png HTTP/1.1" 200 12686 "http://www.nishifuna-seitai.com/sp/" "Mozilla/5.0 (Linux; Android 7.0; SC-04J Build/NRD90M; wv) AppleWebKit/537.36 (KHTML, like Gecko) Version/4.0 Chrome/68.0.3440.91 Mobile Safari/537.36 YJApp-ANDROID jp.co.yahoo.android.yjtop/3.28.0"
180.189.236.179 - - [10/Sep/2018:21:08:57 +0900] "GET /sp/img/bnr_mix.png HTTP/1.1" 200 5115 "http://www.nishifuna-seitai.com/sp/" "Mozilla/5.0 (Linux; Android 7.0; SC-04J Build/NRD90M; wv) AppleWebKit/537.36 (KHTML, like Gecko) Version/4.0 Chrome/68.0.3440.91 Mobile Safari/537.36 YJApp-ANDROID jp.co.yahoo.android.yjtop/3.28.0"
180.189.236.179 - - [10/Sep/2018:21:08:57 +0900] "GET /sp/img/h_bg.gif HTTP/1.1" 200 481 "http://www.nishifuna-seitai.com/sp/style.css" "Mozilla/5.0 (Linux; Android 7.0; SC-04J Build/NRD90M; wv) AppleWebKit/537.36 (KHTML, like Gecko) Version/4.0 Chrome/68.0.3440.91 Mobile Safari/537.36 YJApp-ANDROID jp.co.yahoo.android.yjtop/3.28.0"
180.189.236.179 - - [10/Sep/2018:21:08:57 +0900] "GET /sp/img/nav_bg.gif HTTP/1.1" 200 890 "http://www.nishifuna-seitai.com/sp/style.css" "Mozilla/5.0 (Linux; Android 7.0; SC-04J Build/NRD90M; wv) AppleWebKit/537.36 (KHTML, like Gecko) Version/4.0 Chrome/68.0.3440.91 Mobile Safari/537.36 YJApp-ANDROID jp.co.yahoo.android.yjtop/3.28.0"
180.189.236.179 - - [10/Sep/2018:21:08:57 +0900] "GET /sp/img/h_bg_gray.gif HTTP/1.1" 200 80 "http://www.nishifuna-seitai.com/sp/style.css" "Mozilla/5.0 (Linux; Android 7.0; SC-04J Build/NRD90M; wv) AppleWebKit/537.36 (KHTML, like Gecko) Version/4.0 Chrome/68.0.3440.91 Mobile Safari/537.36 YJApp-ANDROID jp.co.yahoo.android.yjtop/3.28.0"
180.189.236.179 - - [10/Sep/2018:21:08:57 +0900] "GET /sp/img/blogbanner2.jpg HTTP/1.1" 200 24556 "http://www.nishifuna-seitai.com/sp/" "Mozilla/5.0 (Linux; Android 7.0; SC-04J Build/NRD90M; wv) AppleWebKit/537.36 (KHTML, like Gecko) Version/4.0 Chrome/68.0.3440.91 Mobile Safari/537.36 YJApp-ANDROID jp.co.yahoo.android.yjtop/3.28.0"
180.189.236.179 - - [10/Sep/2018:21:08:57 +0900] "GET /sp/img/about02.png HTTP/1.1" 200 42549 "http://www.nishifuna-seitai.com/sp/" "Mozilla/5.0 (Linux; Android 7.0; SC-04J Build/NRD90M; wv) AppleWebKit/537.36 (KHTML, like Gecko) Version/4.0 Chrome/68.0.3440.91 Mobile Safari/537.36 YJApp-ANDROID jp.co.yahoo.android.yjtop/3.28.0"
180.189.236.179 - - [10/Sep/2018:21:08:57 +0900] "GET /sp/img/living.png HTTP/1.1" 200 157323 "http://www.nishifuna-seitai.com/sp/" "Mozilla/5.0 (Linux; Android 7.0; SC-04J Build/NRD90M; wv) AppleWebKit/537.36 (KHTML, like Gecko) Version/4.0 Chrome/68.0.3440.91 Mobile Safari/537.36 YJApp-ANDROID jp.co.yahoo.android.yjtop/3.28.0"
180.189.236.179 - - [10/Sep/2018:21:08:57 +0900] "GET /sp/img/header.png HTTP/1.1" 200 187164 "http://www.nishifuna-seitai.com/sp/" "Mozilla/5.0 (Linux; Android 7.0; SC-04J Build/NRD90M; wv) AppleWebKit/537.36 (KHTML, like Gecko) Version/4.0 Chrome/68.0.3440.91 Mobile Safari/537.36 YJApp-ANDROID jp.co.yahoo.android.yjtop/3.28.0"
180.189.236.179 - - [10/Sep/2018:21:08:58 +0900] "GET /favicon.ico HTTP/1.1" 302 219 "http://www.nishifuna-seitai.com/sp/" "Mozilla/5.0 (Linux; Android 7.0; SC-04J Build/NRD90M; wv) AppleWebKit/537.36 (KHTML, like Gecko) Version/4.0 Chrome/68.0.3440.91 Mobile Safari/537.36 YJApp-ANDROID jp.co.yahoo.android.yjtop/3.28.0"
219.94.203.142 - - [10/Sep/2018:21:10:34 +0900] "POST /blog/wp-cron.php?doing_wp_cron=1536581434.0163779258728027343750 HTTP/1.0" 502 226 "-" "WordPress/3.5.1; http://www.nishifuna-seitai.com/blog"
151.80.31.153 - - [10/Sep/2018:21:10:33 +0900] "GET /blog/date/2016/12/ HTTP/1.1" 200 15589 "-" "Mozilla/5.0 (compatible; AhrefsBot/5.2; +http://ahrefs.com/robot/)"
219.94.203.142 - - [10/Sep/2018:21:25:24 +0900] "POST /blog/wp-cron.php?doing_wp_cron=1536582324.2436749935150146484375 HTTP/1.0" 502 226 "-" "WordPress/3.5.1; http://www.nishifuna-seitai.com/blog"
66.249.79.57 - - [10/Sep/2018:21:25:23 +0900] "GET /blog/%E6%9C%AA%E5%88%86%E9%A1%9E/kiji1254/feed/ HTTP/1.1" 200 1057 "-" "Mozilla/5.0 (compatible; Googlebot/2.1; +http://www.google.com/bot.html)"
219.94.203.142 - - [10/Sep/2018:21:28:19 +0900] "POST /blog/wp-cron.php?doing_wp_cron=1536582499.2497820854187011718750 HTTP/1.0" 502 226 "-" "WordPress/3.5.1; http://www.nishifuna-seitai.com/blog"
54.36.149.81 - - [10/Sep/2018:21:28:18 +0900] "GET /blog/%E3%82%B9%E3%82%BF%E3%83%83%E3%83%95%E3%82%88%E3%82%8A/kiji1704/ HTTP/1.1" 200 17849 "-" "Mozilla/5.0 (compatible; AhrefsBot/5.2; +http://ahrefs.com/robot/)"
54.36.148.240 - - [10/Sep/2018:21:30:14 +0900] "GET /staff/ HTTP/1.1" 200 8713 "-" "Mozilla/5.0 (compatible; AhrefsBot/5.2; +http://ahrefs.com/robot/)"
219.94.203.142 - - [10/Sep/2018:21:36:36 +0900] "POST /blog/wp-cron.php?doing_wp_cron=1536582996.5621778964996337890625 HTTP/1.0" 502 226 "-" "WordPress/3.5.1; http://www.nishifuna-seitai.com/blog"
54.36.149.20 - - [10/Sep/2018:21:36:36 +0900] "GET /blog/%E6%9C%AA%E5%88%86%E9%A1%9E/kiji1421/feed/ HTTP/1.1" 200 1051 "-" "Mozilla/5.0 (compatible; AhrefsBot/5.2; +http://ahrefs.com/robot/)"
207.46.13.99 - - [10/Sep/2018:21:37:27 +0900] "GET /images/introduction_img.jpg HTTP/1.1" 200 81724 "-" "Mozilla/5.0 (compatible; bingbot/2.0; +http://www.bing.com/bingbot.htm)"
219.94.203.142 - - [10/Sep/2018:21:43:37 +0900] "POST /blog/wp-cron.php?doing_wp_cron=1536583417.2422509193420410156250 HTTP/1.0" 502 226 "-" "WordPress/3.5.1; http://www.nishifuna-seitai.com/blog"
151.80.31.151 - - [10/Sep/2018:21:43:33 +0900] "GET /blog/%E6%9C%AA%E5%88%86%E9%A1%9E/kiji1507/feed/ HTTP/1.1" 200 1048 "-" "Mozilla/5.0 (compatible; AhrefsBot/5.2; +http://ahrefs.com/robot/)"
219.94.203.142 - - [10/Sep/2018:21:55:47 +0900] "POST /blog/wp-cron.php?doing_wp_cron=1536584147.1124329566955566406250 HTTP/1.0" 502 226 "-" "WordPress/3.5.1; http://www.nishifuna-seitai.com/blog"
54.36.148.71 - - [10/Sep/2018:21:55:46 +0900] "GET /blog/%E6%9C%AA%E5%88%86%E9%A1%9E/kiji1341/ HTTP/1.1" 200 17196 "-" "Mozilla/5.0 (compatible; AhrefsBot/5.2; +http://ahrefs.com/robot/)"
219.94.203.142 - - [10/Sep/2018:22:05:09 +0900] "POST /blog/wp-cron.php?doing_wp_cron=1536584709.7829699516296386718750 HTTP/1.0" 502 226 "-" "WordPress/3.5.1; http://www.nishifuna-seitai.com/blog"
157.55.39.92 - - [10/Sep/2018:22:05:09 +0900] "GET /blog/%e6%9c%aa%e5%88%86%e9%a1%9e/kiji1725/ HTTP/1.1" 200 17944 "-" "Mozilla/5.0 (compatible; bingbot/2.0; +http://www.bing.com/bingbot.htm)"
219.94.203.142 - - [10/Sep/2018:22:07:45 +0900] "POST /blog/wp-cron.php?doing_wp_cron=1536584865.7553319931030273437500 HTTP/1.0" 502 226 "-" "WordPress/3.5.1; http://www.nishifuna-seitai.com/blog"
66.249.79.63 - - [10/Sep/2018:22:07:45 +0900] "GET /blog/%E6%9C%AA%E5%88%86%E9%A1%9E/kiji1878/feed/ HTTP/1.1" 200 1039 "-" "Mozilla/5.0 (Linux; Android 6.0.1; Nexus 5X Build/MMB29P) AppleWebKit/537.36 (KHTML, like Gecko) Chrome/41.0.2272.96 Mobile Safari/537.36 (compatible; Googlebot/2.1; +http://www.google.com/bot.html)"
219.94.203.142 - - [10/Sep/2018:22:13:52 +0900] "POST /blog/wp-cron.php?doing_wp_cron=1536585231.8417301177978515625000 HTTP/1.0" 502 226 "-" "WordPress/3.5.1; http://www.nishifuna-seitai.com/blog"
111.171.161.252 - - [10/Sep/2018:22:13:51 +0900] "GET /blog/%E6%9C%AA%E5%88%86%E9%A1%9E/kiji1357/ HTTP/1.1" 200 17313 "https://search.yahoo.co.jp/" "Mozilla/5.0 (iPhone; CPU iPhone OS 11_4_1 like Mac OS X) AppleWebKit/605.1.15 (KHTML, like Gecko) Mobile/15G77 YJApp-IOS jp.co.yahoo.ipn.appli/4.11.4"
111.171.161.252 - - [10/Sep/2018:22:13:52 +0900] "GET /blog/wp-content/plugins/contact-form-7/includes/css/styles.css?ver=3.3.3 HTTP/1.1" 200 887 "http://www.nishifuna-seitai.com/blog/%E6%9C%AA%E5%88%86%E9%A1%9E/kiji1357/" "Mozilla/5.0 (iPhone; CPU iPhone OS 11_4_1 like Mac OS X) AppleWebKit/605.1.15 (KHTML, like Gecko) Mobile/15G77 YJApp-IOS jp.co.yahoo.ipn.appli/4.11.4"
111.171.161.252 - - [10/Sep/2018:22:13:52 +0900] "GET /blog/wp-content/plugins/contact-form-7/includes/js/jquery.form.min.js?ver=3.25.0-2013.01.18 HTTP/1.1" 200 15158 "http://www.nishifuna-seitai.com/blog/%E6%9C%AA%E5%88%86%E9%A1%9E/kiji1357/" "Mozilla/5.0 (iPhone; CPU iPhone OS 11_4_1 like Mac OS X) AppleWebKit/605.1.15 (KHTML, like Gecko) Mobile/15G77 YJApp-IOS jp.co.yahoo.ipn.appli/4.11.4"
111.171.161.252 - - [10/Sep/2018:22:13:52 +0900] "GET /blog/wp-content/plugins/contact-form-7/includes/js/scripts.js?ver=3.3.3 HTTP/1.1" 200 6933 "http://www.nishifuna-seitai.com/blog/%E6%9C%AA%E5%88%86%E9%A1%9E/kiji1357/" "Mozilla/5.0 (iPhone; CPU iPhone OS 11_4_1 like Mac OS X) AppleWebKit/605.1.15 (KHTML, like Gecko) Mobile/15G77 YJApp-IOS jp.co.yahoo.ipn.appli/4.11.4"
111.171.161.252 - - [10/Sep/2018:22:13:52 +0900] "GET /blog/wp-content/themes/twentytwelve/style.css?ver=3.5.1 HTTP/1.1" 200 35292 "http://www.nishifuna-seitai.com/blog/%E6%9C%AA%E5%88%86%E9%A1%9E/kiji1357/" "Mozilla/5.0 (iPhone; CPU iPhone OS 11_4_1 like Mac OS X) AppleWebKit/605.1.15 (KHTML, like Gecko) Mobile/15G77 YJApp-IOS jp.co.yahoo.ipn.appli/4.11.4"
111.171.161.252 - - [10/Sep/2018:22:13:52 +0900] "GET /blog/wp-includes/js/jquery/jquery.js?ver=1.8.3 HTTP/1.1" 200 93658 "http://www.nishifuna-seitai.com/blog/%E6%9C%AA%E5%88%86%E9%A1%9E/kiji1357/" "Mozilla/5.0 (iPhone; CPU iPhone OS 11_4_1 like Mac OS X) AppleWebKit/605.1.15 (KHTML, like Gecko) Mobile/15G77 YJApp-IOS jp.co.yahoo.ipn.appli/4.11.4"
111.171.161.252 - - [10/Sep/2018:22:13:52 +0900] "GET /blog/wp-content/uploads/2012/12/h2_index2.png HTTP/1.1" 200 394553 "http://www.nishifuna-seitai.com/blog/%E6%9C%AA%E5%88%86%E9%A1%9E/kiji1357/" "Mozilla/5.0 (iPhone; CPU iPhone OS 11_4_1 like Mac OS X) AppleWebKit/605.1.15 (KHTML, like Gecko) Mobile/15G77 YJApp-IOS jp.co.yahoo.ipn.appli/4.11.4"
111.171.161.252 - - [10/Sep/2018:22:13:53 +0900] "GET /blog/wp-content/themes/twentytwelve/js/navigation.js?ver=1.0 HTTP/1.1" 200 863 "http://www.nishifuna-seitai.com/blog/%E6%9C%AA%E5%88%86%E9%A1%9E/kiji1357/" "Mozilla/5.0 (iPhone; CPU iPhone OS 11_4_1 like Mac OS X) AppleWebKit/605.1.15 (KHTML, like Gecko) Mobile/15G77 YJApp-IOS jp.co.yahoo.ipn.appli/4.11.4"
111.171.161.252 - - [10/Sep/2018:22:13:53 +0900] "GET /blog/wp-content/uploads/2014/12/IMG_0209.jpg HTTP/1.1" 200 1519328 "http://www.nishifuna-seitai.com/blog/%E6%9C%AA%E5%88%86%E9%A1%9E/kiji1357/" "Mozilla/5.0 (iPhone; CPU iPhone OS 11_4_1 like Mac OS X) AppleWebKit/605.1.15 (KHTML, like Gecko) Mobile/15G77 YJApp-IOS jp.co.yahoo.ipn.appli/4.11.4"
111.171.161.252 - - [10/Sep/2018:22:14:17 +0900] "GET /blog/ HTTP/1.1" 200 26829 "http://www.nishifuna-seitai.com/blog/%E6%9C%AA%E5%88%86%E9%A1%9E/kiji1357/" "Mozilla/5.0 (iPhone; CPU iPhone OS 11_4_1 like Mac OS X) AppleWebKit/605.1.15 (KHTML, like Gecko) Mobile/15G77 YJApp-IOS jp.co.yahoo.ipn.appli/4.11.4"
111.171.161.252 - - [10/Sep/2018:22:14:23 +0900] "GET /blog/ HTTP/1.1" 200 26829 "http://www.nishifuna-seitai.com/blog/" "Mozilla/5.0 (iPhone; CPU iPhone OS 11_4_1 like Mac OS X) AppleWebKit/605.1.15 (KHTML, like Gecko) Mobile/15G77 YJApp-IOS jp.co.yahoo.ipn.appli/4.11.4"
111.171.161.252 - - [10/Sep/2018:22:14:37 +0900] "GET /blog/%E6%9C%AA%E5%88%86%E9%A1%9E/kiji1357/ HTTP/1.1" 200 17313 "https://search.yahoo.co.jp/" "Mozilla/5.0 (iPhone; CPU iPhone OS 11_4_1 like Mac OS X) AppleWebKit/605.1.15 (KHTML, like Gecko) Mobile/15G77 YJApp-IOS jp.co.yahoo.ipn.appli/4.11.4"
111.171.161.252 - - [10/Sep/2018:22:14:40 +0900] "GET /blog/ HTTP/1.1" 200 26829 "http://www.nishifuna-seitai.com/blog/%E6%9C%AA%E5%88%86%E9%A1%9E/kiji1357/" "Mozilla/5.0 (iPhone; CPU iPhone OS 11_4_1 like Mac OS X) AppleWebKit/605.1.15 (KHTML, like Gecko) Mobile/15G77 YJApp-IOS jp.co.yahoo.ipn.appli/4.11.4"
111.171.161.252 - - [10/Sep/2018:22:14:53 +0900] "GET / HTTP/1.1" 302 219 "-" "Mozilla/5.0 (iPhone; CPU iPhone OS 11_4_1 like Mac OS X) AppleWebKit/605.1.15 (KHTML, like Gecko) Mobile/15G77 YJApp-IOS jp.co.yahoo.ipn.appli/4.11.4"
111.171.161.252 - - [10/Sep/2018:22:14:53 +0900] "GET /sp/ HTTP/1.1" 200 7496 "-" "Mozilla/5.0 (iPhone; CPU iPhone OS 11_4_1 like Mac OS X) AppleWebKit/605.1.15 (KHTML, like Gecko) Mobile/15G77 YJApp-IOS jp.co.yahoo.ipn.appli/4.11.4"
111.171.161.252 - - [10/Sep/2018:22:14:53 +0900] "GET /sp/style.css HTTP/1.1" 200 4421 "http://www.nishifuna-seitai.com/sp/" "Mozilla/5.0 (iPhone; CPU iPhone OS 11_4_1 like Mac OS X) AppleWebKit/605.1.15 (KHTML, like Gecko) Mobile/15G77 YJApp-IOS jp.co.yahoo.ipn.appli/4.11.4"
111.171.161.252 - - [10/Sep/2018:22:14:53 +0900] "GET /sp/img/logo2.gif HTTP/1.1" 200 8343 "http://www.nishifuna-seitai.com/sp/" "Mozilla/5.0 (iPhone; CPU iPhone OS 11_4_1 like Mac OS X) AppleWebKit/605.1.15 (KHTML, like Gecko) Mobile/15G77 YJApp-IOS jp.co.yahoo.ipn.appli/4.11.4"
111.171.161.252 - - [10/Sep/2018:22:14:53 +0900] "GET /sp/img/photo01.jpg HTTP/1.1" 200 7915 "http://www.nishifuna-seitai.com/sp/" "Mozilla/5.0 (iPhone; CPU iPhone OS 11_4_1 like Mac OS X) AppleWebKit/605.1.15 (KHTML, like Gecko) Mobile/15G77 YJApp-IOS jp.co.yahoo.ipn.appli/4.11.4"
111.171.161.252 - - [10/Sep/2018:22:14:53 +0900] "GET /sp/img/bnr_para.png HTTP/1.1" 200 12686 "http://www.nishifuna-seitai.com/sp/" "Mozilla/5.0 (iPhone; CPU iPhone OS 11_4_1 like Mac OS X) AppleWebKit/605.1.15 (KHTML, like Gecko) Mobile/15G77 YJApp-IOS jp.co.yahoo.ipn.appli/4.11.4"
111.171.161.252 - - [10/Sep/2018:22:14:53 +0900] "GET /sp/img/about02.png HTTP/1.1" 200 42549 "http://www.nishifuna-seitai.com/sp/" "Mozilla/5.0 (iPhone; CPU iPhone OS 11_4_1 like Mac OS X) AppleWebKit/605.1.15 (KHTML, like Gecko) Mobile/15G77 YJApp-IOS jp.co.yahoo.ipn.appli/4.11.4"
111.171.161.252 - - [10/Sep/2018:22:14:53 +0900] "GET /sp/img/bnr_mix.png HTTP/1.1" 200 5115 "http://www.nishifuna-seitai.com/sp/" "Mozilla/5.0 (iPhone; CPU iPhone OS 11_4_1 like Mac OS X) AppleWebKit/605.1.15 (KHTML, like Gecko) Mobile/15G77 YJApp-IOS jp.co.yahoo.ipn.appli/4.11.4"
111.171.161.252 - - [10/Sep/2018:22:14:53 +0900] "GET /sp/img/blogbanner2.jpg HTTP/1.1" 200 24556 "http://www.nishifuna-seitai.com/sp/" "Mozilla/5.0 (iPhone; CPU iPhone OS 11_4_1 like Mac OS X) AppleWebKit/605.1.15 (KHTML, like Gecko) Mobile/15G77 YJApp-IOS jp.co.yahoo.ipn.appli/4.11.4"
111.171.161.252 - - [10/Sep/2018:22:14:53 +0900] "GET /sp/img/h_bg.gif HTTP/1.1" 200 481 "http://www.nishifuna-seitai.com/sp/" "Mozilla/5.0 (iPhone; CPU iPhone OS 11_4_1 like Mac OS X) AppleWebKit/605.1.15 (KHTML, like Gecko) Mobile/15G77 YJApp-IOS jp.co.yahoo.ipn.appli/4.11.4"
111.171.161.252 - - [10/Sep/2018:22:14:53 +0900] "GET /sp/img/nav_bg.gif HTTP/1.1" 200 890 "http://www.nishifuna-seitai.com/sp/" "Mozilla/5.0 (iPhone; CPU iPhone OS 11_4_1 like Mac OS X) AppleWebKit/605.1.15 (KHTML, like Gecko) Mobile/15G77 YJApp-IOS jp.co.yahoo.ipn.appli/4.11.4"
111.171.161.252 - - [10/Sep/2018:22:14:53 +0900] "GET /sp/img/h_bg_gray.gif HTTP/1.1" 200 80 "http://www.nishifuna-seitai.com/sp/" "Mozilla/5.0 (iPhone; CPU iPhone OS 11_4_1 like Mac OS X) AppleWebKit/605.1.15 (KHTML, like Gecko) Mobile/15G77 YJApp-IOS jp.co.yahoo.ipn.appli/4.11.4"
111.171.161.252 - - [10/Sep/2018:22:14:53 +0900] "GET /sp/img/header.png HTTP/1.1" 200 187164 "http://www.nishifuna-seitai.com/sp/" "Mozilla/5.0 (iPhone; CPU iPhone OS 11_4_1 like Mac OS X) AppleWebKit/605.1.15 (KHTML, like Gecko) Mobile/15G77 YJApp-IOS jp.co.yahoo.ipn.appli/4.11.4"
111.171.161.252 - - [10/Sep/2018:22:14:53 +0900] "GET /sp/img/living.png HTTP/1.1" 200 157323 "http://www.nishifuna-seitai.com/sp/" "Mozilla/5.0 (iPhone; CPU iPhone OS 11_4_1 like Mac OS X) AppleWebKit/605.1.15 (KHTML, like Gecko) Mobile/15G77 YJApp-IOS jp.co.yahoo.ipn.appli/4.11.4"
111.171.161.252 - - [10/Sep/2018:22:15:30 +0900] "GET /sp/price.html HTTP/1.1" 200 4912 "http://www.nishifuna-seitai.com/sp/" "Mozilla/5.0 (iPhone; CPU iPhone OS 11_4_1 like Mac OS X) AppleWebKit/605.1.15 (KHTML, like Gecko) Mobile/15G77 YJApp-IOS jp.co.yahoo.ipn.appli/4.11.4"
111.171.161.252 - - [10/Sep/2018:22:15:30 +0900] "GET /sp/img/logo.gif HTTP/1.1" 200 8495 "http://www.nishifuna-seitai.com/sp/price.html" "Mozilla/5.0 (iPhone; CPU iPhone OS 11_4_1 like Mac OS X) AppleWebKit/605.1.15 (KHTML, like Gecko) Mobile/15G77 YJApp-IOS jp.co.yahoo.ipn.appli/4.11.4"
111.171.161.252 - - [10/Sep/2018:22:15:30 +0900] "GET /sp/img/header_price.png HTTP/1.1" 200 44237 "http://www.nishifuna-seitai.com/sp/price.html" "Mozilla/5.0 (iPhone; CPU iPhone OS 11_4_1 like Mac OS X) AppleWebKit/605.1.15 (KHTML, like Gecko) Mobile/15G77 YJApp-IOS jp.co.yahoo.ipn.appli/4.11.4"
111.171.161.252 - - [10/Sep/2018:22:15:30 +0900] "GET /sp/img/coupon.jpg HTTP/1.1" 200 109242 "http://www.nishifuna-seitai.com/sp/price.html" "Mozilla/5.0 (iPhone; CPU iPhone OS 11_4_1 like Mac OS X) AppleWebKit/605.1.15 (KHTML, like Gecko) Mobile/15G77 YJApp-IOS jp.co.yahoo.ipn.appli/4.11.4"
111.171.161.252 - - [10/Sep/2018:22:16:00 +0900] "GET /sp/service.html HTTP/1.1" 200 4219 "http://www.nishifuna-seitai.com/sp/price.html" "Mozilla/5.0 (iPhone; CPU iPhone OS 11_4_1 like Mac OS X) AppleWebKit/605.1.15 (KHTML, like Gecko) Mobile/15G77 YJApp-IOS jp.co.yahoo.ipn.appli/4.11.4"
111.171.161.252 - - [10/Sep/2018:22:16:00 +0900] "GET /sp/img/service3.png HTTP/1.1" 200 33752 "http://www.nishifuna-seitai.com/sp/service.html" "Mozilla/5.0 (iPhone; CPU iPhone OS 11_4_1 like Mac OS X) AppleWebKit/605.1.15 (KHTML, like Gecko) Mobile/15G77 YJApp-IOS jp.co.yahoo.ipn.appli/4.11.4"
111.171.161.252 - - [10/Sep/2018:22:16:00 +0900] "GET /sp/img/service1.png HTTP/1.1" 200 32754 "http://www.nishifuna-seitai.com/sp/service.html" "Mozilla/5.0 (iPhone; CPU iPhone OS 11_4_1 like Mac OS X) AppleWebKit/605.1.15 (KHTML, like Gecko) Mobile/15G77 YJApp-IOS jp.co.yahoo.ipn.appli/4.11.4"
111.171.161.252 - - [10/Sep/2018:22:16:00 +0900] "GET /sp/img/header_service.png HTTP/1.1" 200 84620 "http://www.nishifuna-seitai.com/sp/service.html" "Mozilla/5.0 (iPhone; CPU iPhone OS 11_4_1 like Mac OS X) AppleWebKit/605.1.15 (KHTML, like Gecko) Mobile/15G77 YJApp-IOS jp.co.yahoo.ipn.appli/4.11.4"
111.171.161.252 - - [10/Sep/2018:22:16:01 +0900] "GET /sp/img/service4.png HTTP/1.1" 200 32253 "http://www.nishifuna-seitai.com/sp/service.html" "Mozilla/5.0 (iPhone; CPU iPhone OS 11_4_1 like Mac OS X) AppleWebKit/605.1.15 (KHTML, like Gecko) Mobile/15G77 YJApp-IOS jp.co.yahoo.ipn.appli/4.11.4"
111.171.161.252 - - [10/Sep/2018:22:16:00 +0900] "GET /sp/img/service2.png HTTP/1.1" 200 33287 "http://www.nishifuna-seitai.com/sp/service.html" "Mozilla/5.0 (iPhone; CPU iPhone OS 11_4_1 like Mac OS X) AppleWebKit/605.1.15 (KHTML, like Gecko) Mobile/15G77 YJApp-IOS jp.co.yahoo.ipn.appli/4.11.4"
111.171.161.252 - - [10/Sep/2018:22:16:28 +0900] "GET /sp/flow.html HTTP/1.1" 200 4543 "http://www.nishifuna-seitai.com/sp/service.html" "Mozilla/5.0 (iPhone; CPU iPhone OS 11_4_1 like Mac OS X) AppleWebKit/605.1.15 (KHTML, like Gecko) Mobile/15G77 YJApp-IOS jp.co.yahoo.ipn.appli/4.11.4"
111.171.161.252 - - [10/Sep/2018:22:16:28 +0900] "GET /sp/img/flow02.jpg HTTP/1.1" 200 11007 "http://www.nishifuna-seitai.com/sp/flow.html" "Mozilla/5.0 (iPhone; CPU iPhone OS 11_4_1 like Mac OS X) AppleWebKit/605.1.15 (KHTML, like Gecko) Mobile/15G77 YJApp-IOS jp.co.yahoo.ipn.appli/4.11.4"
111.171.161.252 - - [10/Sep/2018:22:16:28 +0900] "GET /sp/img/ya.gif HTTP/1.1" 200 659 "http://www.nishifuna-seitai.com/sp/flow.html" "Mozilla/5.0 (iPhone; CPU iPhone OS 11_4_1 like Mac OS X) AppleWebKit/605.1.15 (KHTML, like Gecko) Mobile/15G77 YJApp-IOS jp.co.yahoo.ipn.appli/4.11.4"
111.171.161.252 - - [10/Sep/2018:22:16:28 +0900] "GET /sp/img/flow01.jpg HTTP/1.1" 200 13550 "http://www.nishifuna-seitai.com/sp/flow.html" "Mozilla/5.0 (iPhone; CPU iPhone OS 11_4_1 like Mac OS X) AppleWebKit/605.1.15 (KHTML, like Gecko) Mobile/15G77 YJApp-IOS jp.co.yahoo.ipn.appli/4.11.4"
111.171.161.252 - - [10/Sep/2018:22:16:28 +0900] "GET /sp/img/flow03.jpg HTTP/1.1" 200 11404 "http://www.nishifuna-seitai.com/sp/flow.html" "Mozilla/5.0 (iPhone; CPU iPhone OS 11_4_1 like Mac OS X) AppleWebKit/605.1.15 (KHTML, like Gecko) Mobile/15G77 YJApp-IOS jp.co.yahoo.ipn.appli/4.11.4"
111.171.161.252 - - [10/Sep/2018:22:16:28 +0900] "GET /sp/img/flow04.jpg HTTP/1.1" 200 11987 "http://www.nishifuna-seitai.com/sp/flow.html" "Mozilla/5.0 (iPhone; CPU iPhone OS 11_4_1 like Mac OS X) AppleWebKit/605.1.15 (KHTML, like Gecko) Mobile/15G77 YJApp-IOS jp.co.yahoo.ipn.appli/4.11.4"
111.171.161.252 - - [10/Sep/2018:22:16:28 +0900] "GET /sp/img/header_flow.png HTTP/1.1" 200 72451 "http://www.nishifuna-seitai.com/sp/flow.html" "Mozilla/5.0 (iPhone; CPU iPhone OS 11_4_1 like Mac OS X) AppleWebKit/605.1.15 (KHTML, like Gecko) Mobile/15G77 YJApp-IOS jp.co.yahoo.ipn.appli/4.11.4"
111.171.161.252 - - [10/Sep/2018:22:17:02 +0900] "GET /sp/about.html HTTP/1.1" 200 4856 "http://www.nishifuna-seitai.com/sp/flow.html" "Mozilla/5.0 (iPhone; CPU iPhone OS 11_4_1 like Mac OS X) AppleWebKit/605.1.15 (KHTML, like Gecko) Mobile/15G77 YJApp-IOS jp.co.yahoo.ipn.appli/4.11.4"
111.171.161.252 - - [10/Sep/2018:22:17:02 +0900] "GET /sp/img/about_air.jpg HTTP/1.1" 200 26551 "http://www.nishifuna-seitai.com/sp/about.html" "Mozilla/5.0 (iPhone; CPU iPhone OS 11_4_1 like Mac OS X) AppleWebKit/605.1.15 (KHTML, like Gecko) Mobile/15G77 YJApp-IOS jp.co.yahoo.ipn.appli/4.11.4"
111.171.161.252 - - [10/Sep/2018:22:17:02 +0900] "GET /sp/img/about_super.jpg HTTP/1.1" 200 45188 "http://www.nishifuna-seitai.com/sp/about.html" "Mozilla/5.0 (iPhone; CPU iPhone OS 11_4_1 like Mac OS X) AppleWebKit/605.1.15 (KHTML, like Gecko) Mobile/15G77 YJApp-IOS jp.co.yahoo.ipn.appli/4.11.4"
111.171.161.252 - - [10/Sep/2018:22:17:02 +0900] "GET /sp/img/about_tekut.jpg HTTP/1.1" 200 37590 "http://www.nishifuna-seitai.com/sp/about.html" "Mozilla/5.0 (iPhone; CPU iPhone OS 11_4_1 like Mac OS X) AppleWebKit/605.1.15 (KHTML, like Gecko) Mobile/15G77 YJApp-IOS jp.co.yahoo.ipn.appli/4.11.4"
111.171.161.252 - - [10/Sep/2018:22:17:02 +0900] "GET /sp/img/header_about.png HTTP/1.1" 200 88011 "http://www.nishifuna-seitai.com/sp/about.html" "Mozilla/5.0 (iPhone; CPU iPhone OS 11_4_1 like Mac OS X) AppleWebKit/605.1.15 (KHTML, like Gecko) Mobile/15G77 YJApp-IOS jp.co.yahoo.ipn.appli/4.11.4"
219.94.203.142 - - [10/Sep/2018:22:42:35 +0900] "POST /blog/wp-cron.php?doing_wp_cron=1536586955.8132910728454589843750 HTTP/1.0" 502 226 "-" "WordPress/3.5.1; http://www.nishifuna-seitai.com/blog"
54.36.148.220 - - [10/Sep/2018:22:42:35 +0900] "GET /blog/%E6%9C%AA%E5%88%86%E9%A1%9E/kiji1168/ HTTP/1.1" 200 17054 "-" "Mozilla/5.0 (compatible; AhrefsBot/5.2; +http://ahrefs.com/robot/)"
219.94.203.142 - - [10/Sep/2018:22:46:52 +0900] "POST /blog/wp-cron.php?doing_wp_cron=1536587212.2630269527435302734375 HTTP/1.0" 502 226 "-" "WordPress/3.5.1; http://www.nishifuna-seitai.com/blog"
182.251.248.13 - - [10/Sep/2018:22:46:51 +0900] "GET /blog/%E6%9C%AA%E5%88%86%E9%A1%9E/kiji1357/ HTTP/1.1" 200 17313 "https://www.google.co.jp/" "Mozilla/5.0 (iPhone; CPU iPhone OS 11_4 like Mac OS X) AppleWebKit/604.1.34 (KHTML, like Gecko) CriOS/68.0.3440.83 Mobile/15F79 Safari/604.1"
182.251.248.13 - - [10/Sep/2018:22:46:52 +0900] "GET /blog/wp-content/plugins/contact-form-7/includes/css/styles.css?ver=3.3.3 HTTP/1.1" 200 887 "http://www.nishifuna-seitai.com/blog/%E6%9C%AA%E5%88%86%E9%A1%9E/kiji1357/" "Mozilla/5.0 (iPhone; CPU iPhone OS 11_4 like Mac OS X) AppleWebKit/604.1.34 (KHTML, like Gecko) CriOS/68.0.3440.83 Mobile/15F79 Safari/604.1"
182.251.248.13 - - [10/Sep/2018:22:46:52 +0900] "GET /blog/wp-content/plugins/contact-form-7/includes/js/jquery.form.min.js?ver=3.25.0-2013.01.18 HTTP/1.1" 200 15158 "http://www.nishifuna-seitai.com/blog/%E6%9C%AA%E5%88%86%E9%A1%9E/kiji1357/" "Mozilla/5.0 (iPhone; CPU iPhone OS 11_4 like Mac OS X) AppleWebKit/604.1.34 (KHTML, like Gecko) CriOS/68.0.3440.83 Mobile/15F79 Safari/604.1"
182.251.248.13 - - [10/Sep/2018:22:46:52 +0900] "GET /blog/wp-content/themes/twentytwelve/style.css?ver=3.5.1 HTTP/1.1" 200 35292 "http://www.nishifuna-seitai.com/blog/%E6%9C%AA%E5%88%86%E9%A1%9E/kiji1357/" "Mozilla/5.0 (iPhone; CPU iPhone OS 11_4 like Mac OS X) AppleWebKit/604.1.34 (KHTML, like Gecko) CriOS/68.0.3440.83 Mobile/15F79 Safari/604.1"
182.251.248.13 - - [10/Sep/2018:22:46:52 +0900] "GET /blog/wp-includes/js/jquery/jquery.js?ver=1.8.3 HTTP/1.1" 200 93658 "http://www.nishifuna-seitai.com/blog/%E6%9C%AA%E5%88%86%E9%A1%9E/kiji1357/" "Mozilla/5.0 (iPhone; CPU iPhone OS 11_4 like Mac OS X) AppleWebKit/604.1.34 (KHTML, like Gecko) CriOS/68.0.3440.83 Mobile/15F79 Safari/604.1"
182.251.248.13 - - [10/Sep/2018:22:46:52 +0900] "GET /blog/wp-content/plugins/contact-form-7/includes/js/scripts.js?ver=3.3.3 HTTP/1.1" 200 6933 "http://www.nishifuna-seitai.com/blog/%E6%9C%AA%E5%88%86%E9%A1%9E/kiji1357/" "Mozilla/5.0 (iPhone; CPU iPhone OS 11_4 like Mac OS X) AppleWebKit/604.1.34 (KHTML, like Gecko) CriOS/68.0.3440.83 Mobile/15F79 Safari/604.1"
182.251.248.13 - - [10/Sep/2018:22:46:52 +0900] "GET /blog/wp-content/uploads/2012/12/h2_index2.png HTTP/1.1" 200 394553 "http://www.nishifuna-seitai.com/blog/%E6%9C%AA%E5%88%86%E9%A1%9E/kiji1357/" "Mozilla/5.0 (iPhone; CPU iPhone OS 11_4 like Mac OS X) AppleWebKit/604.1.34 (KHTML, like Gecko) CriOS/68.0.3440.83 Mobile/15F79 Safari/604.1"
182.251.248.13 - - [10/Sep/2018:22:46:53 +0900] "GET /blog/wp-content/themes/twentytwelve/js/navigation.js?ver=1.0 HTTP/1.1" 200 863 "http://www.nishifuna-seitai.com/blog/%E6%9C%AA%E5%88%86%E9%A1%9E/kiji1357/" "Mozilla/5.0 (iPhone; CPU iPhone OS 11_4 like Mac OS X) AppleWebKit/604.1.34 (KHTML, like Gecko) CriOS/68.0.3440.83 Mobile/15F79 Safari/604.1"
182.251.248.13 - - [10/Sep/2018:22:46:52 +0900] "GET /blog/wp-content/uploads/2014/12/IMG_0209.jpg HTTP/1.1" 200 1519328 "http://www.nishifuna-seitai.com/blog/%E6%9C%AA%E5%88%86%E9%A1%9E/kiji1357/" "Mozilla/5.0 (iPhone; CPU iPhone OS 11_4 like Mac OS X) AppleWebKit/604.1.34 (KHTML, like Gecko) CriOS/68.0.3440.83 Mobile/15F79 Safari/604.1"
182.251.248.13 - - [10/Sep/2018:22:46:55 +0900] "GET /favicon.ico HTTP/1.1" 302 219 "-" "Mozilla/5.0 (iPhone; CPU iPhone OS 11_4 like Mac OS X) AppleWebKit/604.1.34 (KHTML, like Gecko) CriOS/68.0.3440.83 Mobile/15F79 Safari/604.1"
182.251.248.13 - - [10/Sep/2018:22:46:55 +0900] "GET /sp/ HTTP/1.1" 200 7496 "-" "Mozilla/5.0 (iPhone; CPU iPhone OS 11_4 like Mac OS X) AppleWebKit/604.1.34 (KHTML, like Gecko) CriOS/68.0.3440.83 Mobile/15F79 Safari/604.1"
151.80.31.152 - - [10/Sep/2018:22:53:56 +0900] "GET /blog/comments/feed/ HTTP/1.1" 404 1295 "-" "Mozilla/5.0 (compatible; AhrefsBot/5.2; +http://ahrefs.com/robot/)"
219.94.203.142 - - [10/Sep/2018:22:53:57 +0900] "POST /blog/wp-cron.php?doing_wp_cron=1536587636.9437379837036132812500 HTTP/1.0" 502 226 "-" "WordPress/3.5.1; http://www.nishifuna-seitai.com/blog"
151.80.31.150 - - [10/Sep/2018:22:54:32 +0900] "GET /blog/date/2014/09/page/2/ HTTP/1.1" 200 20428 "-" "Mozilla/5.0 (compatible; AhrefsBot/5.2; +http://ahrefs.com/robot/)"
219.94.203.142 - - [10/Sep/2018:22:57:01 +0900] "POST /blog/wp-cron.php?doing_wp_cron=1536587821.9639589786529541015625 HTTP/1.0" 502 226 "-" "WordPress/3.5.1; http://www.nishifuna-seitai.com/blog"
180.6.21.167 - - [10/Sep/2018:22:57:01 +0900] "GET /blog/%E6%9C%AA%E5%88%86%E9%A1%9E/kiji1342/ HTTP/1.1" 200 17412 "https://www.google.co.jp/" "Mozilla/5.0 (iPhone; CPU iPhone OS 10_3_3 like Mac OS X) AppleWebKit/603.3.8 (KHTML, like Gecko) Version/10.0 Mobile/14G60 Safari/602.1"
180.6.21.167 - - [10/Sep/2018:22:57:02 +0900] "GET /blog/wp-content/plugins/contact-form-7/includes/css/styles.css?ver=3.3.3 HTTP/1.1" 200 887 "http://www.nishifuna-seitai.com/blog/%E6%9C%AA%E5%88%86%E9%A1%9E/kiji1342/" "Mozilla/5.0 (iPhone; CPU iPhone OS 10_3_3 like Mac OS X) AppleWebKit/603.3.8 (KHTML, like Gecko) Version/10.0 Mobile/14G60 Safari/602.1"
180.6.21.167 - - [10/Sep/2018:22:57:02 +0900] "GET /blog/wp-content/plugins/contact-form-7/includes/js/jquery.form.min.js?ver=3.25.0-2013.01.18 HTTP/1.1" 200 15158 "http://www.nishifuna-seitai.com/blog/%E6%9C%AA%E5%88%86%E9%A1%9E/kiji1342/" "Mozilla/5.0 (iPhone; CPU iPhone OS 10_3_3 like Mac OS X) AppleWebKit/603.3.8 (KHTML, like Gecko) Version/10.0 Mobile/14G60 Safari/602.1"
180.6.21.167 - - [10/Sep/2018:22:57:02 +0900] "GET /blog/wp-content/plugins/contact-form-7/includes/js/scripts.js?ver=3.3.3 HTTP/1.1" 200 6933 "http://www.nishifuna-seitai.com/blog/%E6%9C%AA%E5%88%86%E9%A1%9E/kiji1342/" "Mozilla/5.0 (iPhone; CPU iPhone OS 10_3_3 like Mac OS X) AppleWebKit/603.3.8 (KHTML, like Gecko) Version/10.0 Mobile/14G60 Safari/602.1"
180.6.21.167 - - [10/Sep/2018:22:57:02 +0900] "GET /blog/wp-content/themes/twentytwelve/style.css?ver=3.5.1 HTTP/1.1" 200 35292 "http://www.nishifuna-seitai.com/blog/%E6%9C%AA%E5%88%86%E9%A1%9E/kiji1342/" "Mozilla/5.0 (iPhone; CPU iPhone OS 10_3_3 like Mac OS X) AppleWebKit/603.3.8 (KHTML, like Gecko) Version/10.0 Mobile/14G60 Safari/602.1"
180.6.21.167 - - [10/Sep/2018:22:57:02 +0900] "GET /blog/wp-content/themes/twentytwelve/js/navigation.js?ver=1.0 HTTP/1.1" 200 863 "http://www.nishifuna-seitai.com/blog/%E6%9C%AA%E5%88%86%E9%A1%9E/kiji1342/" "Mozilla/5.0 (iPhone; CPU iPhone OS 10_3_3 like Mac OS X) AppleWebKit/603.3.8 (KHTML, like Gecko) Version/10.0 Mobile/14G60 Safari/602.1"
180.6.21.167 - - [10/Sep/2018:22:57:02 +0900] "GET /blog/wp-includes/js/jquery/jquery.js?ver=1.8.3 HTTP/1.1" 200 93658 "http://www.nishifuna-seitai.com/blog/%E6%9C%AA%E5%88%86%E9%A1%9E/kiji1342/" "Mozilla/5.0 (iPhone; CPU iPhone OS 10_3_3 like Mac OS X) AppleWebKit/603.3.8 (KHTML, like Gecko) Version/10.0 Mobile/14G60 Safari/602.1"
180.6.21.167 - - [10/Sep/2018:22:57:02 +0900] "GET /blog/wp-content/uploads/2012/12/h2_index2.png HTTP/1.1" 200 394553 "http://www.nishifuna-seitai.com/blog/%E6%9C%AA%E5%88%86%E9%A1%9E/kiji1342/" "Mozilla/5.0 (iPhone; CPU iPhone OS 10_3_3 like Mac OS X) AppleWebKit/603.3.8 (KHTML, like Gecko) Version/10.0 Mobile/14G60 Safari/602.1"
180.6.21.167 - - [10/Sep/2018:22:57:02 +0900] "GET /blog/wp-content/uploads/2014/12/IMG_1018.jpg HTTP/1.1" 200 657369 "http://www.nishifuna-seitai.com/blog/%E6%9C%AA%E5%88%86%E9%A1%9E/kiji1342/" "Mozilla/5.0 (iPhone; CPU iPhone OS 10_3_3 like Mac OS X) AppleWebKit/603.3.8 (KHTML, like Gecko) Version/10.0 Mobile/14G60 Safari/602.1"
163.172.4.153 - - [10/Sep/2018:23:02:21 +0900] "GET / HTTP/1.1" 301 240 "http://nishifuna-seitai.com/" "Mozilla/5.0 (Macintosh; Intel Mac OS X 10_11_6) AppleWebKit/537.36 (KHTML, like Gecko) Chrome/58.0.3029.110 Safari/537.36"
163.172.4.153 - - [10/Sep/2018:23:02:22 +0900] "GET / HTTP/1.1" 200 16214 "http://www.nishifuna-seitai.com/" "Mozilla/5.0 (iPad; CPU OS 10_3_1 like Mac OS X) AppleWebKit/603.1.30 (KHTML, like Gecko) Version/10.0 Mobile/14E304 Safari/602.1"
219.94.203.142 - - [10/Sep/2018:23:07:36 +0900] "POST /blog/wp-cron.php?doing_wp_cron=1536588456.1106350421905517578125 HTTP/1.0" 502 226 "-" "WordPress/3.5.1; http://www.nishifuna-seitai.com/blog"
106.174.25.173 - - [10/Sep/2018:23:07:35 +0900] "GET /blog/%E6%9C%AA%E5%88%86%E9%A1%9E/kiji1357/ HTTP/1.1" 200 17313 "https://www.google.co.jp/" "Mozilla/5.0 (iPhone; CPU iPhone OS 11_4_1 like Mac OS X) AppleWebKit/605.1.15 (KHTML, like Gecko) Version/11.0 Mobile/15E148 Safari/604.1"
106.174.25.173 - - [10/Sep/2018:23:07:36 +0900] "GET /blog/wp-content/plugins/contact-form-7/includes/css/styles.css?ver=3.3.3 HTTP/1.1" 200 887 "http://www.nishifuna-seitai.com/blog/%E6%9C%AA%E5%88%86%E9%A1%9E/kiji1357/" "Mozilla/5.0 (iPhone; CPU iPhone OS 11_4_1 like Mac OS X) AppleWebKit/605.1.15 (KHTML, like Gecko) Version/11.0 Mobile/15E148 Safari/604.1"
106.174.25.173 - - [10/Sep/2018:23:07:36 +0900] "GET /blog/wp-content/themes/twentytwelve/style.css?ver=3.5.1 HTTP/1.1" 200 35292 "http://www.nishifuna-seitai.com/blog/%E6%9C%AA%E5%88%86%E9%A1%9E/kiji1357/" "Mozilla/5.0 (iPhone; CPU iPhone OS 11_4_1 like Mac OS X) AppleWebKit/605.1.15 (KHTML, like Gecko) Version/11.0 Mobile/15E148 Safari/604.1"
106.174.25.173 - - [10/Sep/2018:23:07:37 +0900] "GET /blog/wp-content/plugins/contact-form-7/includes/js/jquery.form.min.js?ver=3.25.0-2013.01.18 HTTP/1.1" 200 15158 "http://www.nishifuna-seitai.com/blog/%E6%9C%AA%E5%88%86%E9%A1%9E/kiji1357/" "Mozilla/5.0 (iPhone; CPU iPhone OS 11_4_1 like Mac OS X) AppleWebKit/605.1.15 (KHTML, like Gecko) Version/11.0 Mobile/15E148 Safari/604.1"
106.174.25.173 - - [10/Sep/2018:23:07:37 +0900] "GET /blog/wp-content/plugins/contact-form-7/includes/js/scripts.js?ver=3.3.3 HTTP/1.1" 200 6933 "http://www.nishifuna-seitai.com/blog/%E6%9C%AA%E5%88%86%E9%A1%9E/kiji1357/" "Mozilla/5.0 (iPhone; CPU iPhone OS 11_4_1 like Mac OS X) AppleWebKit/605.1.15 (KHTML, like Gecko) Version/11.0 Mobile/15E148 Safari/604.1"
106.174.25.173 - - [10/Sep/2018:23:07:37 +0900] "GET /blog/wp-content/themes/twentytwelve/js/navigation.js?ver=1.0 HTTP/1.1" 200 863 "http://www.nishifuna-seitai.com/blog/%E6%9C%AA%E5%88%86%E9%A1%9E/kiji1357/" "Mozilla/5.0 (iPhone; CPU iPhone OS 11_4_1 like Mac OS X) AppleWebKit/605.1.15 (KHTML, like Gecko) Version/11.0 Mobile/15E148 Safari/604.1"
106.174.25.173 - - [10/Sep/2018:23:07:36 +0900] "GET /blog/wp-includes/js/jquery/jquery.js?ver=1.8.3 HTTP/1.1" 200 93658 "http://www.nishifuna-seitai.com/blog/%E6%9C%AA%E5%88%86%E9%A1%9E/kiji1357/" "Mozilla/5.0 (iPhone; CPU iPhone OS 11_4_1 like Mac OS X) AppleWebKit/605.1.15 (KHTML, like Gecko) Version/11.0 Mobile/15E148 Safari/604.1"
106.174.25.173 - - [10/Sep/2018:23:07:36 +0900] "GET /blog/wp-content/uploads/2012/12/h2_index2.png HTTP/1.1" 200 394553 "http://www.nishifuna-seitai.com/blog/%E6%9C%AA%E5%88%86%E9%A1%9E/kiji1357/" "Mozilla/5.0 (iPhone; CPU iPhone OS 11_4_1 like Mac OS X) AppleWebKit/605.1.15 (KHTML, like Gecko) Version/11.0 Mobile/15E148 Safari/604.1"
106.174.25.173 - - [10/Sep/2018:23:07:37 +0900] "GET /blog/wp-content/uploads/2014/12/IMG_0209.jpg HTTP/1.1" 200 1519328 "http://www.nishifuna-seitai.com/blog/%E6%9C%AA%E5%88%86%E9%A1%9E/kiji1357/" "Mozilla/5.0 (iPhone; CPU iPhone OS 11_4_1 like Mac OS X) AppleWebKit/605.1.15 (KHTML, like Gecko) Version/11.0 Mobile/15E148 Safari/604.1"
219.94.203.142 - - [10/Sep/2018:23:13:04 +0900] "POST /blog/wp-cron.php?doing_wp_cron=1536588784.6953539848327636718750 HTTP/1.0" 502 226 "-" "WordPress/3.5.1; http://www.nishifuna-seitai.com/blog"
153.175.73.122 - - [10/Sep/2018:23:13:04 +0900] "GET /blog/%E6%9C%AA%E5%88%86%E9%A1%9E/kiji1357/ HTTP/1.1" 200 17313 "https://www.google.com/" "Mozilla/5.0 (iPhone; CPU iPhone OS 11_4_1 like Mac OS X) AppleWebKit/604.1.34 (KHTML, like Gecko) GSA/57.0.209471814 Mobile/15G77 Safari/604.1"
153.175.73.122 - - [10/Sep/2018:23:13:05 +0900] "GET /blog/wp-content/plugins/contact-form-7/includes/css/styles.css?ver=3.3.3 HTTP/1.1" 200 887 "http://www.nishifuna-seitai.com/blog/%E6%9C%AA%E5%88%86%E9%A1%9E/kiji1357/" "Mozilla/5.0 (iPhone; CPU iPhone OS 11_4_1 like Mac OS X) AppleWebKit/604.1.34 (KHTML, like Gecko) GSA/57.0.209471814 Mobile/15G77 Safari/604.1"
153.175.73.122 - - [10/Sep/2018:23:13:05 +0900] "GET /blog/wp-content/plugins/contact-form-7/includes/js/jquery.form.min.js?ver=3.25.0-2013.01.18 HTTP/1.1" 200 15158 "http://www.nishifuna-seitai.com/blog/%E6%9C%AA%E5%88%86%E9%A1%9E/kiji1357/" "Mozilla/5.0 (iPhone; CPU iPhone OS 11_4_1 like Mac OS X) AppleWebKit/604.1.34 (KHTML, like Gecko) GSA/57.0.209471814 Mobile/15G77 Safari/604.1"
153.175.73.122 - - [10/Sep/2018:23:13:05 +0900] "GET /blog/wp-content/plugins/contact-form-7/includes/js/scripts.js?ver=3.3.3 HTTP/1.1" 200 6933 "http://www.nishifuna-seitai.com/blog/%E6%9C%AA%E5%88%86%E9%A1%9E/kiji1357/" "Mozilla/5.0 (iPhone; CPU iPhone OS 11_4_1 like Mac OS X) AppleWebKit/604.1.34 (KHTML, like Gecko) GSA/57.0.209471814 Mobile/15G77 Safari/604.1"
153.175.73.122 - - [10/Sep/2018:23:13:05 +0900] "GET /blog/wp-content/themes/twentytwelve/style.css?ver=3.5.1 HTTP/1.1" 200 35292 "http://www.nishifuna-seitai.com/blog/%E6%9C%AA%E5%88%86%E9%A1%9E/kiji1357/" "Mozilla/5.0 (iPhone; CPU iPhone OS 11_4_1 like Mac OS X) AppleWebKit/604.1.34 (KHTML, like Gecko) GSA/57.0.209471814 Mobile/15G77 Safari/604.1"
153.175.73.122 - - [10/Sep/2018:23:13:05 +0900] "GET /blog/wp-content/themes/twentytwelve/js/navigation.js?ver=1.0 HTTP/1.1" 200 863 "http://www.nishifuna-seitai.com/blog/%E6%9C%AA%E5%88%86%E9%A1%9E/kiji1357/" "Mozilla/5.0 (iPhone; CPU iPhone OS 11_4_1 like Mac OS X) AppleWebKit/604.1.34 (KHTML, like Gecko) GSA/57.0.209471814 Mobile/15G77 Safari/604.1"
153.175.73.122 - - [10/Sep/2018:23:13:05 +0900] "GET /blog/wp-includes/js/jquery/jquery.js?ver=1.8.3 HTTP/1.1" 200 93658 "http://www.nishifuna-seitai.com/blog/%E6%9C%AA%E5%88%86%E9%A1%9E/kiji1357/" "Mozilla/5.0 (iPhone; CPU iPhone OS 11_4_1 like Mac OS X) AppleWebKit/604.1.34 (KHTML, like Gecko) GSA/57.0.209471814 Mobile/15G77 Safari/604.1"
153.175.73.122 - - [10/Sep/2018:23:13:05 +0900] "GET /blog/wp-content/uploads/2012/12/h2_index2.png HTTP/1.1" 200 394553 "http://www.nishifuna-seitai.com/blog/%E6%9C%AA%E5%88%86%E9%A1%9E/kiji1357/" "Mozilla/5.0 (iPhone; CPU iPhone OS 11_4_1 like Mac OS X) AppleWebKit/604.1.34 (KHTML, like Gecko) GSA/57.0.209471814 Mobile/15G77 Safari/604.1"
153.175.73.122 - - [10/Sep/2018:23:13:05 +0900] "GET /blog/wp-content/uploads/2014/12/IMG_0209.jpg HTTP/1.1" 200 1519328 "http://www.nishifuna-seitai.com/blog/%E6%9C%AA%E5%88%86%E9%A1%9E/kiji1357/" "Mozilla/5.0 (iPhone; CPU iPhone OS 11_4_1 like Mac OS X) AppleWebKit/604.1.34 (KHTML, like Gecko) GSA/57.0.209471814 Mobile/15G77 Safari/604.1"
219.94.203.142 - - [10/Sep/2018:23:19:43 +0900] "POST /blog/wp-cron.php?doing_wp_cron=1536589183.5223290920257568359375 HTTP/1.0" 502 226 "-" "WordPress/3.5.1; http://www.nishifuna-seitai.com/blog"
54.36.148.18 - - [10/Sep/2018:23:19:43 +0900] "GET /blog/%E6%9C%AA%E5%88%86%E9%A1%9E/kiji1472/feed/ HTTP/1.1" 200 1045 "-" "Mozilla/5.0 (compatible; AhrefsBot/5.2; +http://ahrefs.com/robot/)"
219.94.203.142 - - [10/Sep/2018:23:24:23 +0900] "POST /blog/wp-cron.php?doing_wp_cron=1536589463.4720129966735839843750 HTTP/1.0" 502 226 "-" "WordPress/3.5.1; http://www.nishifuna-seitai.com/blog"
66.249.79.60 - - [10/Sep/2018:23:24:23 +0900] "GET /blog/%E6%9C%AA%E5%88%86%E9%A1%9E/kiji1519/feed/ HTTP/1.1" 200 1042 "-" "Mozilla/5.0 (compatible; Googlebot/2.1; +http://www.google.com/bot.html)"
219.94.203.142 - - [10/Sep/2018:23:25:38 +0900] "POST /blog/wp-cron.php?doing_wp_cron=1536589538.7278039455413818359375 HTTP/1.0" 502 226 "-" "WordPress/3.5.1; http://www.nishifuna-seitai.com/blog"
54.36.148.61 - - [10/Sep/2018:23:25:38 +0900] "GET /blog/%E6%9C%AA%E5%88%86%E9%A1%9E/kiji1913/feed/ HTTP/1.1" 200 1039 "-" "Mozilla/5.0 (compatible; AhrefsBot/5.2; +http://ahrefs.com/robot/)"
157.55.39.92 - - [10/Sep/2018:23:26:30 +0900] "GET /treatment/ HTTP/1.1" 200 9157 "-" "Mozilla/5.0 (compatible; bingbot/2.0; +http://www.bing.com/bingbot.htm)"
165.227.185.109 - - [10/Sep/2018:23:45:24 +0900] "GET / HTTP/1.1" 200 16214 "http://www.nishifuna-seitai.com" "Mozilla/5.0 (X11; Datanyze; Linux x86_64) AppleWebKit/537.36 (KHTML, like Gecko) Chrome/65.0.3325.181 Safari/537.36"
165.227.185.109 - - [10/Sep/2018:23:45:26 +0900] "GET /css/common.css HTTP/1.1" 200 3235 "-" "Mozilla/5.0 (X11; Datanyze; Linux x86_64) AppleWebKit/537.36 (KHTML, like Gecko) Chrome/65.0.3325.181 Safari/537.36"
165.227.185.109 - - [10/Sep/2018:23:45:26 +0900] "GET /Scripts/jquery.quicksilver.js HTTP/1.1" 200 3873 "-" "Mozilla/5.0 (X11; Datanyze; Linux x86_64) AppleWebKit/537.36 (KHTML, like Gecko) Chrome/65.0.3325.181 Safari/537.36"
165.227.185.109 - - [10/Sep/2018:23:45:26 +0900] "GET /Scripts/jquery.simpleFAQ-0.7.min.js HTTP/1.1" 200 4623 "-" "Mozilla/5.0 (X11; Datanyze; Linux x86_64) AppleWebKit/537.36 (KHTML, like Gecko) Chrome/65.0.3325.181 Safari/537.36"
165.227.185.109 - - [10/Sep/2018:23:45:26 +0900] "GET /css/index.css HTTP/1.1" 200 17509 "-" "Mozilla/5.0 (X11; Datanyze; Linux x86_64) AppleWebKit/537.36 (KHTML, like Gecko) Chrome/65.0.3325.181 Safari/537.36"
165.227.185.109 - - [10/Sep/2018:23:45:26 +0900] "GET /Scripts/jquery-1.3.2.min.js HTTP/1.1" 200 57254 "-" "Mozilla/5.0 (X11; Datanyze; Linux x86_64) AppleWebKit/537.36 (KHTML, like Gecko) Chrome/65.0.3325.181 Safari/537.36"
165.227.185.109 - - [10/Sep/2018:23:45:27 +0900] "GET /Scripts/core.js HTTP/1.1" 200 9865 "-" "Mozilla/5.0 (X11; Datanyze; Linux x86_64) AppleWebKit/537.36 (KHTML, like Gecko) Chrome/65.0.3325.181 Safari/537.36"
165.227.185.109 - - [10/Sep/2018:23:45:36 +0900] "GET /robots.txt HTTP/1.1" 404 2275 "-" "Mozilla/5.0 (compatible; MSIE 9.0; Windows NT 6.1; WOW64; Trident/5.0)"
165.227.185.109 - - [10/Sep/2018:23:45:51 +0900] "GET /sitemap.html HTTP/1.1" 200 10476 "http://www.nishifuna-seitai.com" "Mozilla/5.0 (X11; Datanyze; Linux x86_64) AppleWebKit/537.36 (KHTML, like Gecko) Chrome/65.0.3325.181 Safari/537.36"
165.227.185.109 - - [10/Sep/2018:23:45:51 +0900] "GET /about/ HTTP/1.1" 200 10210 "http://www.nishifuna-seitai.com" "Mozilla/5.0 (X11; Datanyze; Linux x86_64) AppleWebKit/537.36 (KHTML, like Gecko) Chrome/65.0.3325.181 Safari/537.36"
165.227.185.109 - - [10/Sep/2018:23:45:51 +0900] "GET /contact/ HTTP/1.1" 200 10667 "http://www.nishifuna-seitai.com" "Mozilla/5.0 (X11; Datanyze; Linux x86_64) AppleWebKit/537.36 (KHTML, like Gecko) Chrome/65.0.3325.181 Safari/537.36"
165.227.185.109 - - [10/Sep/2018:23:45:54 +0900] "GET /introduction/ HTTP/1.1" 200 9038 "http://www.nishifuna-seitai.com" "Mozilla/5.0 (X11; Datanyze; Linux x86_64) AppleWebKit/537.36 (KHTML, like Gecko) Chrome/65.0.3325.181 Safari/537.36"
165.227.185.109 - - [10/Sep/2018:23:45:54 +0900] "GET /access/ HTTP/1.1" 200 8628 "http://www.nishifuna-seitai.com" "Mozilla/5.0 (X11; Datanyze; Linux x86_64) AppleWebKit/537.36 (KHTML, like Gecko) Chrome/65.0.3325.181 Safari/537.36"
165.227.185.109 - - [10/Sep/2018:23:45:54 +0900] "GET /../css/common.css HTTP/1.1" 400 226 "-" "Mozilla/5.0 (X11; Datanyze; Linux x86_64) AppleWebKit/537.36 (KHTML, like Gecko) Chrome/65.0.3325.181 Safari/537.36"
165.227.185.109 - - [10/Sep/2018:23:45:54 +0900] "GET /../css/common.css HTTP/1.1" 400 226 "-" "Mozilla/5.0 (X11; Datanyze; Linux x86_64) AppleWebKit/537.36 (KHTML, like Gecko) Chrome/65.0.3325.181 Safari/537.36"
165.227.185.109 - - [10/Sep/2018:23:45:54 +0900] "GET /../js/top.js HTTP/1.1" 400 226 "-" "Mozilla/5.0 (X11; Datanyze; Linux x86_64) AppleWebKit/537.36 (KHTML, like Gecko) Chrome/65.0.3325.181 Safari/537.36"
165.227.185.109 - - [10/Sep/2018:23:45:54 +0900] "GET /../css/contact.css HTTP/1.1" 400 226 "-" "Mozilla/5.0 (X11; Datanyze; Linux x86_64) AppleWebKit/537.36 (KHTML, like Gecko) Chrome/65.0.3325.181 Safari/537.36"
165.227.185.109 - - [10/Sep/2018:23:45:54 +0900] "GET /../js/mailform.js HTTP/1.1" 400 226 "-" "Mozilla/5.0 (X11; Datanyze; Linux x86_64) AppleWebKit/537.36 (KHTML, like Gecko) Chrome/65.0.3325.181 Safari/537.36"
